13:59:26 | INFO | Device: cuda
13:59:26 | INFO | cuDNN benchmark enabled
13:59:29 | INFO | Skipped 21 rows with no composition data
13:59:29 | WARNING | Skipped 2 rows whose image files are missing
13:59:29 | INFO | Built 1240 compositional samples from 414 stones
13:59:29 | INFO | Excluded classes ['OTH'] → 5 classes remaining, 410 stones
13:59:29 | INFO | Test holdout: 82 stones (40 pure / 42 mixed, 246 images). Train+val pool: 328 stones (982 images).
13:59:29 | INFO |   Fold 0: train=262 stones (129 pure / 133 mixed, 785 images), val=66 stones (32 pure / 34 mixed, 197 images)
13:59:30 | INFO |   Fold 1: train=262 stones (128 pure / 134 mixed, 784 images), val=66 stones (33 pure / 33 mixed, 198 images)
13:59:30 | INFO |   Fold 2: train=262 stones (129 pure / 133 mixed, 785 images), val=66 stones (32 pure / 34 mixed, 197 images)
13:59:30 | INFO |   Fold 3: train=263 stones (129 pure / 134 mixed, 787 images), val=65 stones (32 pure / 33 mixed, 195 images)
13:59:30 | INFO |   Fold 4: train=263 stones (129 pure / 134 mixed, 787 images), val=65 stones (32 pure / 33 mixed, 195 images)
13:59:30 | INFO | Model type: simple_auxw0.5  |  checkpoints → /gpfs/home3/ddboer/umc_thesis/outputs/checkpoints/composition_auxw0.5
13:59:30 | INFO | use_weighted_kl=false — using standard (unweighted) KL divergence
13:59:30 | INFO | === Fold 0 ===
13:59:30 | INFO | Built SimpleCompositionModel: resnet18 backbone + single shared head + presence detection head (11,309,130 params total)
13:59:30 | INFO | Fold 0 — Phase 1: frozen backbone, 5 epochs
13:59:30 | INFO |   Trainable params: 132,618
14:00:21 | INFO |   [frozen] epoch 1/5 | train_total=1.3547 (comp=1.0841 aux=0.5412) | val_loss=1.0369 | val_stone_mae=0.2308 | val_stone_dom_acc=0.500 | 51s
14:01:12 | INFO |   [frozen] epoch 2/5 | train_total=1.2220 (comp=0.9808 aux=0.4824) | val_loss=0.9864 | val_stone_mae=0.2211 | val_stone_dom_acc=0.561 | 51s
14:02:02 | INFO |   [frozen] epoch 3/5 | train_total=1.1945 (comp=0.9622 aux=0.4647) | val_loss=0.9473 | val_stone_mae=0.2183 | val_stone_dom_acc=0.606 | 50s
14:02:53 | INFO |   [frozen] epoch 4/5 | train_total=1.1495 (comp=0.9253 aux=0.4484) | val_loss=0.9321 | val_stone_mae=0.2029 | val_stone_dom_acc=0.591 | 50s
14:03:43 | INFO |   [frozen] epoch 5/5 | train_total=1.1296 (comp=0.9064 aux=0.4464) | val_loss=0.9142 | val_stone_mae=0.2011 | val_stone_dom_acc=0.606 | 51s
14:03:43 | INFO | Fold 0 — Phase 2: fine-tune, 25 epochs
14:03:43 | INFO |   Trainable params: 11,309,130
14:04:34 | INFO |   [finetune] epoch 1/25 | train_total=1.1147 (comp=0.8927 aux=0.4439) | val_loss=0.8726 | val_stone_mae=0.1956 | val_stone_dom_acc=0.621 | 51s
14:05:25 | INFO |   [finetune] epoch 2/25 | train_total=1.0970 (comp=0.8809 aux=0.4322) | val_loss=0.8481 | val_stone_mae=0.1978 | val_stone_dom_acc=0.591 | 50s
14:06:15 | INFO |   [finetune] epoch 3/25 | train_total=1.0337 (comp=0.8247 aux=0.4181) | val_loss=0.8393 | val_stone_mae=0.1773 | val_stone_dom_acc=0.636 | 50s
14:07:05 | INFO |   [finetune] epoch 4/25 | train_total=0.9758 (comp=0.7760 aux=0.3996) | val_loss=0.8899 | val_stone_mae=0.1743 | val_stone_dom_acc=0.576 | 50s
14:07:56 | INFO |   [finetune] epoch 5/25 | train_total=0.9571 (comp=0.7616 aux=0.3911) | val_loss=0.8138 | val_stone_mae=0.1794 | val_stone_dom_acc=0.682 | 50s
14:08:47 | INFO |   [finetune] epoch 6/25 | train_total=0.9440 (comp=0.7471 aux=0.3939) | val_loss=0.8265 | val_stone_mae=0.1723 | val_stone_dom_acc=0.636 | 51s
14:09:38 | INFO |   [finetune] epoch 7/25 | train_total=0.9518 (comp=0.7563 aux=0.3910) | val_loss=0.7978 | val_stone_mae=0.1728 | val_stone_dom_acc=0.636 | 51s
14:10:28 | INFO |   [finetune] epoch 8/25 | train_total=0.9313 (comp=0.7415 aux=0.3796) | val_loss=0.9125 | val_stone_mae=0.1727 | val_stone_dom_acc=0.576 | 51s
14:11:20 | INFO |   [finetune] epoch 9/25 | train_total=0.9135 (comp=0.7269 aux=0.3732) | val_loss=0.7963 | val_stone_mae=0.1709 | val_stone_dom_acc=0.667 | 51s
14:12:11 | INFO |   [finetune] epoch 10/25 | train_total=0.8720 (comp=0.6912 aux=0.3616) | val_loss=0.7945 | val_stone_mae=0.1681 | val_stone_dom_acc=0.667 | 51s
14:13:02 | INFO |   [finetune] epoch 11/25 | train_total=0.8479 (comp=0.6672 aux=0.3614) | val_loss=0.7757 | val_stone_mae=0.1649 | val_stone_dom_acc=0.652 | 51s
14:13:54 | INFO |   [finetune] epoch 12/25 | train_total=0.8064 (comp=0.6309 aux=0.3511) | val_loss=0.7739 | val_stone_mae=0.1616 | val_stone_dom_acc=0.636 | 52s
14:14:45 | INFO |   [finetune] epoch 13/25 | train_total=0.8080 (comp=0.6302 aux=0.3556) | val_loss=0.7630 | val_stone_mae=0.1641 | val_stone_dom_acc=0.606 | 51s
14:15:37 | INFO |   [finetune] epoch 14/25 | train_total=0.8144 (comp=0.6421 aux=0.3446) | val_loss=0.7353 | val_stone_mae=0.1609 | val_stone_dom_acc=0.667 | 51s
14:16:28 | INFO |   [finetune] epoch 15/25 | train_total=0.7794 (comp=0.6082 aux=0.3425) | val_loss=0.7792 | val_stone_mae=0.1573 | val_stone_dom_acc=0.652 | 51s
14:17:19 | INFO |   [finetune] epoch 16/25 | train_total=0.7844 (comp=0.6093 aux=0.3501) | val_loss=0.7161 | val_stone_mae=0.1598 | val_stone_dom_acc=0.636 | 51s
14:18:09 | INFO |   [finetune] epoch 17/25 | train_total=0.7778 (comp=0.6117 aux=0.3321) | val_loss=0.7663 | val_stone_mae=0.1566 | val_stone_dom_acc=0.697 | 51s
14:19:00 | INFO |   [finetune] epoch 18/25 | train_total=0.7753 (comp=0.6057 aux=0.3393) | val_loss=0.7428 | val_stone_mae=0.1556 | val_stone_dom_acc=0.697 | 50s
14:19:50 | INFO |   [finetune] epoch 19/25 | train_total=0.7205 (comp=0.5573 aux=0.3264) | val_loss=0.7374 | val_stone_mae=0.1516 | val_stone_dom_acc=0.712 | 51s
14:20:41 | INFO |   [finetune] epoch 20/25 | train_total=0.7202 (comp=0.5578 aux=0.3249) | val_loss=0.7005 | val_stone_mae=0.1481 | val_stone_dom_acc=0.682 | 51s
14:21:32 | INFO |   [finetune] epoch 21/25 | train_total=0.7117 (comp=0.5509 aux=0.3215) | val_loss=0.7039 | val_stone_mae=0.1478 | val_stone_dom_acc=0.712 | 51s
14:22:22 | INFO |   [finetune] epoch 22/25 | train_total=0.7193 (comp=0.5572 aux=0.3242) | val_loss=0.6907 | val_stone_mae=0.1475 | val_stone_dom_acc=0.652 | 51s
14:23:13 | INFO |   [finetune] epoch 23/25 | train_total=0.7040 (comp=0.5478 aux=0.3124) | val_loss=0.6991 | val_stone_mae=0.1435 | val_stone_dom_acc=0.667 | 51s
14:24:04 | INFO |   [finetune] epoch 24/25 | train_total=0.6575 (comp=0.5038 aux=0.3073) | val_loss=0.7058 | val_stone_mae=0.1426 | val_stone_dom_acc=0.667 | 51s
14:24:54 | INFO |   [finetune] epoch 25/25 | train_total=0.6296 (comp=0.4805 aux=0.2981) | val_loss=0.6772 | val_stone_mae=0.1477 | val_stone_dom_acc=0.636 | 51s
14:24:54 | INFO | Fold 0 done. best_val_loss=0.6772 | stone_mae=0.1477 | stone_dom_acc=0.636 | stone_aitchison=10.9161
14:24:55 | INFO | === Fold 1 ===
14:24:55 | INFO | Built SimpleCompositionModel: resnet18 backbone + single shared head + presence detection head (11,309,130 params total)
14:24:55 | INFO | Fold 1 — Phase 1: frozen backbone, 5 epochs
14:24:55 | INFO |   Trainable params: 132,618
14:25:45 | INFO |   [frozen] epoch 1/5 | train_total=1.3811 (comp=1.1076 aux=0.5471) | val_loss=1.0579 | val_stone_mae=0.2334 | val_stone_dom_acc=0.500 | 50s
14:26:34 | INFO |   [frozen] epoch 2/5 | train_total=1.2624 (comp=1.0104 aux=0.5039) | val_loss=0.9741 | val_stone_mae=0.2203 | val_stone_dom_acc=0.515 | 49s
14:27:24 | INFO |   [frozen] epoch 3/5 | train_total=1.1890 (comp=0.9488 aux=0.4805) | val_loss=0.9318 | val_stone_mae=0.2025 | val_stone_dom_acc=0.545 | 49s
14:28:13 | INFO |   [frozen] epoch 4/5 | train_total=1.1594 (comp=0.9256 aux=0.4676) | val_loss=0.9626 | val_stone_mae=0.1970 | val_stone_dom_acc=0.500 | 49s
14:29:03 | INFO |   [frozen] epoch 5/5 | train_total=1.1323 (comp=0.9050 aux=0.4546) | val_loss=0.9625 | val_stone_mae=0.1903 | val_stone_dom_acc=0.515 | 50s
14:29:03 | INFO | Fold 1 — Phase 2: fine-tune, 25 epochs
14:29:03 | INFO |   Trainable params: 11,309,130
14:29:53 | INFO |   [finetune] epoch 1/25 | train_total=1.1185 (comp=0.8954 aux=0.4463) | val_loss=0.8798 | val_stone_mae=0.1893 | val_stone_dom_acc=0.545 | 50s
14:30:43 | INFO |   [finetune] epoch 2/25 | train_total=1.0788 (comp=0.8601 aux=0.4374) | val_loss=0.8737 | val_stone_mae=0.1806 | val_stone_dom_acc=0.545 | 50s
14:31:34 | INFO |   [finetune] epoch 3/25 | train_total=1.0317 (comp=0.8175 aux=0.4284) | val_loss=0.8318 | val_stone_mae=0.1764 | val_stone_dom_acc=0.576 | 50s
14:32:24 | INFO |   [finetune] epoch 4/25 | train_total=1.0091 (comp=0.8006 aux=0.4170) | val_loss=0.7914 | val_stone_mae=0.1772 | val_stone_dom_acc=0.576 | 50s
14:33:14 | INFO |   [finetune] epoch 5/25 | train_total=0.9713 (comp=0.7689 aux=0.4049) | val_loss=0.8479 | val_stone_mae=0.1765 | val_stone_dom_acc=0.561 | 50s
14:34:04 | INFO |   [finetune] epoch 6/25 | train_total=0.9659 (comp=0.7659 aux=0.4000) | val_loss=1.0065 | val_stone_mae=0.1724 | val_stone_dom_acc=0.530 | 50s
14:34:55 | INFO |   [finetune] epoch 7/25 | train_total=0.9615 (comp=0.7573 aux=0.4082) | val_loss=0.7932 | val_stone_mae=0.1728 | val_stone_dom_acc=0.636 | 50s
14:35:45 | INFO |   [finetune] epoch 8/25 | train_total=0.9208 (comp=0.7273 aux=0.3870) | val_loss=0.8258 | val_stone_mae=0.1676 | val_stone_dom_acc=0.576 | 50s
14:36:35 | INFO |   [finetune] epoch 9/25 | train_total=0.8892 (comp=0.6999 aux=0.3785) | val_loss=0.8628 | val_stone_mae=0.1688 | val_stone_dom_acc=0.591 | 50s
14:37:26 | INFO |   [finetune] epoch 10/25 | train_total=0.8511 (comp=0.6670 aux=0.3683) | val_loss=0.8919 | val_stone_mae=0.1661 | val_stone_dom_acc=0.591 | 51s
14:38:16 | INFO |   [finetune] epoch 11/25 | train_total=0.8188 (comp=0.6372 aux=0.3633) | val_loss=0.7968 | val_stone_mae=0.1655 | val_stone_dom_acc=0.636 | 50s
14:38:16 | INFO |   Early stopping (no improvement for 7 epochs)
14:38:16 | INFO | Fold 1 done. best_val_loss=0.7914 | stone_mae=0.1772 | stone_dom_acc=0.576 | stone_aitchison=11.3802
14:38:16 | INFO | === Fold 2 ===
14:38:16 | INFO | Built SimpleCompositionModel: resnet18 backbone + single shared head + presence detection head (11,309,130 params total)
14:38:16 | INFO | Fold 2 — Phase 1: frozen backbone, 5 epochs
14:38:16 | INFO |   Trainable params: 132,618
14:39:09 | INFO |   [frozen] epoch 1/5 | train_total=1.3949 (comp=1.1190 aux=0.5518) | val_loss=1.0992 | val_stone_mae=0.2530 | val_stone_dom_acc=0.500 | 53s
14:39:59 | INFO |   [frozen] epoch 2/5 | train_total=1.2351 (comp=0.9860 aux=0.4982) | val_loss=1.0154 | val_stone_mae=0.2201 | val_stone_dom_acc=0.515 | 50s
14:40:49 | INFO |   [frozen] epoch 3/5 | train_total=1.1989 (comp=0.9567 aux=0.4843) | val_loss=0.9777 | val_stone_mae=0.2181 | val_stone_dom_acc=0.515 | 50s
14:41:40 | INFO |   [frozen] epoch 4/5 | train_total=1.1690 (comp=0.9359 aux=0.4662) | val_loss=0.9977 | val_stone_mae=0.2055 | val_stone_dom_acc=0.515 | 50s
14:42:30 | INFO |   [frozen] epoch 5/5 | train_total=1.1309 (comp=0.9024 aux=0.4570) | val_loss=0.9286 | val_stone_mae=0.2099 | val_stone_dom_acc=0.545 | 50s
14:42:30 | INFO | Fold 2 — Phase 2: fine-tune, 25 epochs
14:42:30 | INFO |   Trainable params: 11,309,130
14:43:20 | INFO |   [finetune] epoch 1/25 | train_total=1.1153 (comp=0.8932 aux=0.4442) | val_loss=0.8968 | val_stone_mae=0.2059 | val_stone_dom_acc=0.561 | 50s
14:44:10 | INFO |   [finetune] epoch 2/25 | train_total=1.0674 (comp=0.8527 aux=0.4294) | val_loss=0.8592 | val_stone_mae=0.1879 | val_stone_dom_acc=0.591 | 50s
14:45:01 | INFO |   [finetune] epoch 3/25 | train_total=1.0480 (comp=0.8365 aux=0.4230) | val_loss=0.8164 | val_stone_mae=0.1835 | val_stone_dom_acc=0.606 | 50s
14:45:51 | INFO |   [finetune] epoch 4/25 | train_total=1.0064 (comp=0.7982 aux=0.4165) | val_loss=0.8535 | val_stone_mae=0.1784 | val_stone_dom_acc=0.561 | 50s
14:46:41 | INFO |   [finetune] epoch 5/25 | train_total=0.9669 (comp=0.7686 aux=0.3967) | val_loss=0.7812 | val_stone_mae=0.1788 | val_stone_dom_acc=0.621 | 50s
14:47:31 | INFO |   [finetune] epoch 6/25 | train_total=0.9244 (comp=0.7303 aux=0.3880) | val_loss=0.7628 | val_stone_mae=0.1769 | val_stone_dom_acc=0.682 | 50s
14:48:22 | INFO |   [finetune] epoch 7/25 | train_total=0.9679 (comp=0.7694 aux=0.3970) | val_loss=0.7538 | val_stone_mae=0.1690 | val_stone_dom_acc=0.697 | 50s
14:49:12 | INFO |   [finetune] epoch 8/25 | train_total=0.9260 (comp=0.7357 aux=0.3805) | val_loss=0.7609 | val_stone_mae=0.1651 | val_stone_dom_acc=0.652 | 50s
14:50:02 | INFO |   [finetune] epoch 9/25 | train_total=0.9276 (comp=0.7384 aux=0.3784) | val_loss=0.7446 | val_stone_mae=0.1719 | val_stone_dom_acc=0.636 | 51s
14:50:53 | INFO |   [finetune] epoch 10/25 | train_total=0.8839 (comp=0.6955 aux=0.3767) | val_loss=0.7099 | val_stone_mae=0.1662 | val_stone_dom_acc=0.742 | 50s
14:51:43 | INFO |   [finetune] epoch 11/25 | train_total=0.8792 (comp=0.6928 aux=0.3727) | val_loss=0.7029 | val_stone_mae=0.1646 | val_stone_dom_acc=0.727 | 50s
14:52:34 | INFO |   [finetune] epoch 12/25 | train_total=0.8568 (comp=0.6777 aux=0.3581) | val_loss=0.7011 | val_stone_mae=0.1661 | val_stone_dom_acc=0.742 | 51s
14:53:25 | INFO |   [finetune] epoch 13/25 | train_total=0.8547 (comp=0.6727 aux=0.3639) | val_loss=0.7661 | val_stone_mae=0.1584 | val_stone_dom_acc=0.667 | 51s
14:54:17 | INFO |   [finetune] epoch 14/25 | train_total=0.8502 (comp=0.6686 aux=0.3632) | val_loss=0.6951 | val_stone_mae=0.1629 | val_stone_dom_acc=0.727 | 51s
14:55:07 | INFO |   [finetune] epoch 15/25 | train_total=0.8097 (comp=0.6315 aux=0.3564) | val_loss=0.7592 | val_stone_mae=0.1523 | val_stone_dom_acc=0.652 | 51s
14:55:58 | INFO |   [finetune] epoch 16/25 | train_total=0.7987 (comp=0.6225 aux=0.3522) | val_loss=0.6914 | val_stone_mae=0.1589 | val_stone_dom_acc=0.712 | 51s
14:56:49 | INFO |   [finetune] epoch 17/25 | train_total=0.7950 (comp=0.6214 aux=0.3471) | val_loss=0.7340 | val_stone_mae=0.1478 | val_stone_dom_acc=0.712 | 51s
14:57:40 | INFO |   [finetune] epoch 18/25 | train_total=0.7649 (comp=0.5992 aux=0.3315) | val_loss=0.6918 | val_stone_mae=0.1540 | val_stone_dom_acc=0.758 | 51s
14:58:31 | INFO |   [finetune] epoch 19/25 | train_total=0.7675 (comp=0.6042 aux=0.3267) | val_loss=0.7037 | val_stone_mae=0.1489 | val_stone_dom_acc=0.727 | 51s
14:59:23 | INFO |   [finetune] epoch 20/25 | train_total=0.7391 (comp=0.5791 aux=0.3200) | val_loss=0.6845 | val_stone_mae=0.1419 | val_stone_dom_acc=0.742 | 51s
15:00:14 | INFO |   [finetune] epoch 21/25 | train_total=0.7570 (comp=0.5910 aux=0.3319) | val_loss=0.6390 | val_stone_mae=0.1530 | val_stone_dom_acc=0.712 | 51s
15:01:06 | INFO |   [finetune] epoch 22/25 | train_total=0.7445 (comp=0.5804 aux=0.3281) | val_loss=0.6561 | val_stone_mae=0.1364 | val_stone_dom_acc=0.742 | 51s
15:01:57 | INFO |   [finetune] epoch 23/25 | train_total=0.7321 (comp=0.5731 aux=0.3180) | val_loss=0.6679 | val_stone_mae=0.1477 | val_stone_dom_acc=0.758 | 51s
15:02:48 | INFO |   [finetune] epoch 24/25 | train_total=0.7221 (comp=0.5636 aux=0.3169) | val_loss=0.6631 | val_stone_mae=0.1409 | val_stone_dom_acc=0.742 | 51s
15:03:39 | INFO |   [finetune] epoch 25/25 | train_total=0.7101 (comp=0.5548 aux=0.3106) | val_loss=0.6605 | val_stone_mae=0.1389 | val_stone_dom_acc=0.758 | 51s
15:03:39 | INFO | Fold 2 done. best_val_loss=0.6390 | stone_mae=0.1530 | stone_dom_acc=0.712 | stone_aitchison=10.7686
15:03:39 | INFO | === Fold 3 ===
15:03:39 | INFO | Built SimpleCompositionModel: resnet18 backbone + single shared head + presence detection head (11,309,130 params total)
15:03:39 | INFO | Fold 3 — Phase 1: frozen backbone, 5 epochs
15:03:39 | INFO |   Trainable params: 132,618
15:04:31 | INFO |   [frozen] epoch 1/5 | train_total=1.3889 (comp=1.1159 aux=0.5461) | val_loss=0.9808 | val_stone_mae=0.2252 | val_stone_dom_acc=0.492 | 52s
15:05:22 | INFO |   [frozen] epoch 2/5 | train_total=1.2323 (comp=0.9910 aux=0.4826) | val_loss=0.9367 | val_stone_mae=0.2137 | val_stone_dom_acc=0.600 | 51s
15:06:13 | INFO |   [frozen] epoch 3/5 | train_total=1.1764 (comp=0.9406 aux=0.4716) | val_loss=0.8940 | val_stone_mae=0.1935 | val_stone_dom_acc=0.662 | 51s
15:07:04 | INFO |   [frozen] epoch 4/5 | train_total=1.1365 (comp=0.9090 aux=0.4550) | val_loss=0.8896 | val_stone_mae=0.1929 | val_stone_dom_acc=0.631 | 51s
15:07:55 | INFO |   [frozen] epoch 5/5 | train_total=1.1244 (comp=0.9029 aux=0.4430) | val_loss=0.8632 | val_stone_mae=0.1969 | val_stone_dom_acc=0.662 | 51s
15:07:55 | INFO | Fold 3 — Phase 2: fine-tune, 25 epochs
15:07:55 | INFO |   Trainable params: 11,309,130
15:08:46 | INFO |   [finetune] epoch 1/25 | train_total=1.1083 (comp=0.8859 aux=0.4449) | val_loss=0.8655 | val_stone_mae=0.1889 | val_stone_dom_acc=0.631 | 51s
15:09:37 | INFO |   [finetune] epoch 2/25 | train_total=1.0606 (comp=0.8474 aux=0.4263) | val_loss=0.8354 | val_stone_mae=0.1787 | val_stone_dom_acc=0.662 | 51s
15:10:28 | INFO |   [finetune] epoch 3/25 | train_total=1.0085 (comp=0.8008 aux=0.4155) | val_loss=0.8931 | val_stone_mae=0.1692 | val_stone_dom_acc=0.585 | 51s
15:11:19 | INFO |   [finetune] epoch 4/25 | train_total=0.9843 (comp=0.7792 aux=0.4102) | val_loss=0.8062 | val_stone_mae=0.1708 | val_stone_dom_acc=0.677 | 51s
15:12:10 | INFO |   [finetune] epoch 5/25 | train_total=0.9629 (comp=0.7631 aux=0.3995) | val_loss=0.7934 | val_stone_mae=0.1777 | val_stone_dom_acc=0.646 | 51s
15:13:01 | INFO |   [finetune] epoch 6/25 | train_total=0.9594 (comp=0.7614 aux=0.3958) | val_loss=0.8040 | val_stone_mae=0.1663 | val_stone_dom_acc=0.677 | 51s
15:13:51 | INFO |   [finetune] epoch 7/25 | train_total=0.9484 (comp=0.7547 aux=0.3873) | val_loss=0.7898 | val_stone_mae=0.1630 | val_stone_dom_acc=0.692 | 51s
15:14:42 | INFO |   [finetune] epoch 8/25 | train_total=0.9398 (comp=0.7471 aux=0.3855) | val_loss=0.8359 | val_stone_mae=0.1632 | val_stone_dom_acc=0.600 | 51s
15:15:33 | INFO |   [finetune] epoch 9/25 | train_total=0.9124 (comp=0.7262 aux=0.3725) | val_loss=0.8486 | val_stone_mae=0.1607 | val_stone_dom_acc=0.631 | 51s
15:16:24 | INFO |   [finetune] epoch 10/25 | train_total=0.8633 (comp=0.6823 aux=0.3621) | val_loss=0.7777 | val_stone_mae=0.1578 | val_stone_dom_acc=0.692 | 51s
15:17:15 | INFO |   [finetune] epoch 11/25 | train_total=0.8589 (comp=0.6757 aux=0.3663) | val_loss=0.7901 | val_stone_mae=0.1568 | val_stone_dom_acc=0.708 | 51s
15:18:06 | INFO |   [finetune] epoch 12/25 | train_total=0.8527 (comp=0.6724 aux=0.3604) | val_loss=0.8008 | val_stone_mae=0.1521 | val_stone_dom_acc=0.646 | 51s
15:18:56 | INFO |   [finetune] epoch 13/25 | train_total=0.8431 (comp=0.6641 aux=0.3580) | val_loss=0.7297 | val_stone_mae=0.1563 | val_stone_dom_acc=0.692 | 51s
15:19:48 | INFO |   [finetune] epoch 14/25 | train_total=0.8303 (comp=0.6550 aux=0.3506) | val_loss=0.7670 | val_stone_mae=0.1662 | val_stone_dom_acc=0.662 | 51s
15:20:39 | INFO |   [finetune] epoch 15/25 | train_total=0.8120 (comp=0.6386 aux=0.3467) | val_loss=0.7682 | val_stone_mae=0.1555 | val_stone_dom_acc=0.662 | 51s
15:21:29 | INFO |   [finetune] epoch 16/25 | train_total=0.7952 (comp=0.6251 aux=0.3403) | val_loss=0.7377 | val_stone_mae=0.1554 | val_stone_dom_acc=0.677 | 51s
15:22:20 | INFO |   [finetune] epoch 17/25 | train_total=0.7640 (comp=0.5968 aux=0.3342) | val_loss=0.7289 | val_stone_mae=0.1584 | val_stone_dom_acc=0.723 | 51s
15:23:11 | INFO |   [finetune] epoch 18/25 | train_total=0.7827 (comp=0.6182 aux=0.3291) | val_loss=0.6932 | val_stone_mae=0.1548 | val_stone_dom_acc=0.723 | 51s
15:24:02 | INFO |   [finetune] epoch 19/25 | train_total=0.7389 (comp=0.5777 aux=0.3225) | val_loss=0.7507 | val_stone_mae=0.1474 | val_stone_dom_acc=0.738 | 50s
15:24:52 | INFO |   [finetune] epoch 20/25 | train_total=0.7059 (comp=0.5435 aux=0.3248) | val_loss=0.6951 | val_stone_mae=0.1483 | val_stone_dom_acc=0.738 | 51s
15:25:43 | INFO |   [finetune] epoch 21/25 | train_total=0.7230 (comp=0.5627 aux=0.3205) | val_loss=0.7060 | val_stone_mae=0.1436 | val_stone_dom_acc=0.738 | 51s
15:26:33 | INFO |   [finetune] epoch 22/25 | train_total=0.6886 (comp=0.5347 aux=0.3078) | val_loss=0.7370 | val_stone_mae=0.1382 | val_stone_dom_acc=0.692 | 50s
15:27:24 | INFO |   [finetune] epoch 23/25 | train_total=0.7017 (comp=0.5523 aux=0.2988) | val_loss=0.7875 | val_stone_mae=0.1411 | val_stone_dom_acc=0.723 | 50s
15:28:14 | INFO |   [finetune] epoch 24/25 | train_total=0.6546 (comp=0.5042 aux=0.3008) | val_loss=0.7310 | val_stone_mae=0.1448 | val_stone_dom_acc=0.692 | 50s
15:29:05 | INFO |   [finetune] epoch 25/25 | train_total=0.6491 (comp=0.5031 aux=0.2921) | val_loss=0.7279 | val_stone_mae=0.1470 | val_stone_dom_acc=0.723 | 51s
15:29:05 | INFO |   Early stopping (no improvement for 7 epochs)
15:29:05 | INFO | Fold 3 done. best_val_loss=0.6932 | stone_mae=0.1548 | stone_dom_acc=0.723 | stone_aitchison=11.3764
15:29:05 | INFO | === Fold 4 ===
15:29:05 | INFO | Built SimpleCompositionModel: resnet18 backbone + single shared head + presence detection head (11,309,130 params total)
15:29:05 | INFO | Fold 4 — Phase 1: frozen backbone, 5 epochs
15:29:05 | INFO |   Trainable params: 132,618
15:29:55 | INFO |   [frozen] epoch 1/5 | train_total=1.4251 (comp=1.1525 aux=0.5452) | val_loss=1.0310 | val_stone_mae=0.2431 | val_stone_dom_acc=0.508 | 50s
15:30:45 | INFO |   [frozen] epoch 2/5 | train_total=1.2605 (comp=1.0150 aux=0.4909) | val_loss=0.9180 | val_stone_mae=0.2110 | val_stone_dom_acc=0.569 | 50s
15:31:34 | INFO |   [frozen] epoch 3/5 | train_total=1.2128 (comp=0.9781 aux=0.4695) | val_loss=0.9143 | val_stone_mae=0.2005 | val_stone_dom_acc=0.492 | 50s
15:32:24 | INFO |   [frozen] epoch 4/5 | train_total=1.1840 (comp=0.9555 aux=0.4570) | val_loss=0.8742 | val_stone_mae=0.2030 | val_stone_dom_acc=0.569 | 50s
15:33:14 | INFO |   [frozen] epoch 5/5 | train_total=1.1467 (comp=0.9220 aux=0.4495) | val_loss=0.8759 | val_stone_mae=0.1991 | val_stone_dom_acc=0.600 | 49s
15:33:14 | INFO | Fold 4 — Phase 2: fine-tune, 25 epochs
15:33:14 | INFO |   Trainable params: 11,309,130
15:34:03 | INFO |   [finetune] epoch 1/25 | train_total=1.1359 (comp=0.9143 aux=0.4434) | val_loss=0.9784 | val_stone_mae=0.1868 | val_stone_dom_acc=0.492 | 49s
15:34:53 | INFO |   [finetune] epoch 2/25 | train_total=1.1007 (comp=0.8820 aux=0.4372) | val_loss=0.8350 | val_stone_mae=0.1820 | val_stone_dom_acc=0.554 | 49s
15:35:42 | INFO |   [finetune] epoch 3/25 | train_total=1.0171 (comp=0.8123 aux=0.4096) | val_loss=0.8108 | val_stone_mae=0.1815 | val_stone_dom_acc=0.585 | 49s
15:36:32 | INFO |   [finetune] epoch 4/25 | train_total=1.0087 (comp=0.8064 aux=0.4046) | val_loss=0.8623 | val_stone_mae=0.1725 | val_stone_dom_acc=0.523 | 49s
15:37:21 | INFO |   [finetune] epoch 5/25 | train_total=0.9869 (comp=0.7870 aux=0.3997) | val_loss=0.8775 | val_stone_mae=0.1709 | val_stone_dom_acc=0.538 | 49s
15:38:11 | INFO |   [finetune] epoch 6/25 | train_total=0.9755 (comp=0.7800 aux=0.3911) | val_loss=0.8047 | val_stone_mae=0.1713 | val_stone_dom_acc=0.585 | 49s
15:39:00 | INFO |   [finetune] epoch 7/25 | train_total=0.8928 (comp=0.7041 aux=0.3775) | val_loss=0.8164 | val_stone_mae=0.1697 | val_stone_dom_acc=0.600 | 49s
15:39:50 | INFO |   [finetune] epoch 8/25 | train_total=0.9080 (comp=0.7182 aux=0.3796) | val_loss=0.7915 | val_stone_mae=0.1691 | val_stone_dom_acc=0.600 | 50s
15:40:39 | INFO |   [finetune] epoch 9/25 | train_total=0.8766 (comp=0.6912 aux=0.3709) | val_loss=0.7879 | val_stone_mae=0.1642 | val_stone_dom_acc=0.600 | 50s
15:41:29 | INFO |   [finetune] epoch 10/25 | train_total=0.8519 (comp=0.6685 aux=0.3667) | val_loss=0.8146 | val_stone_mae=0.1667 | val_stone_dom_acc=0.554 | 50s
15:42:19 | INFO |   [finetune] epoch 11/25 | train_total=0.8414 (comp=0.6634 aux=0.3561) | val_loss=0.7517 | val_stone_mae=0.1621 | val_stone_dom_acc=0.615 | 50s
15:43:09 | INFO |   [finetune] epoch 12/25 | train_total=0.8151 (comp=0.6379 aux=0.3544) | val_loss=0.8124 | val_stone_mae=0.1590 | val_stone_dom_acc=0.600 | 50s
15:43:59 | INFO |   [finetune] epoch 13/25 | train_total=0.8138 (comp=0.6378 aux=0.3519) | val_loss=0.8258 | val_stone_mae=0.1613 | val_stone_dom_acc=0.569 | 50s
15:44:49 | INFO |   [finetune] epoch 14/25 | train_total=0.8113 (comp=0.6365 aux=0.3497) | val_loss=0.7665 | val_stone_mae=0.1598 | val_stone_dom_acc=0.631 | 50s
15:45:39 | INFO |   [finetune] epoch 15/25 | train_total=0.7844 (comp=0.6164 aux=0.3360) | val_loss=0.7577 | val_stone_mae=0.1553 | val_stone_dom_acc=0.646 | 50s
15:46:29 | INFO |   [finetune] epoch 16/25 | train_total=0.7722 (comp=0.6036 aux=0.3371) | val_loss=0.8147 | val_stone_mae=0.1578 | val_stone_dom_acc=0.600 | 50s
15:47:18 | INFO |   [finetune] epoch 17/25 | train_total=0.7412 (comp=0.5800 aux=0.3223) | val_loss=0.7580 | val_stone_mae=0.1531 | val_stone_dom_acc=0.631 | 50s
15:48:08 | INFO |   [finetune] epoch 18/25 | train_total=0.7315 (comp=0.5711 aux=0.3208) | val_loss=0.7807 | val_stone_mae=0.1506 | val_stone_dom_acc=0.615 | 50s
15:48:08 | INFO |   Early stopping (no improvement for 7 epochs)
15:48:08 | INFO | Fold 4 done. best_val_loss=0.7517 | stone_mae=0.1621 | stone_dom_acc=0.615 | stone_aitchison=11.2667
15:48:08 | INFO | Cross-fold results:
15:48:08 | INFO |   best_stone_mae_overall: 0.1590 ± 0.0114
15:48:08 | INFO |   best_stone_dominant_acc: 0.6525 ± 0.0634
15:48:08 | INFO |   best_stone_aitchison: 11.1416 ± 0.2818
15:48:08 | INFO | === Held-out test set evaluation ===
15:48:09 | INFO | Built SimpleCompositionModel: resnet18 backbone + single shared head + presence detection head (11,309,130 params total)
15:48:26 | INFO |   Fold 0 test: stone_mae=0.1639 | stone_dom_acc=0.646 | stone_aitchison=11.2869
15:48:26 | INFO | Built SimpleCompositionModel: resnet18 backbone + single shared head + presence detection head (11,309,130 params total)
15:48:43 | INFO |   Fold 1 test: stone_mae=0.1880 | stone_dom_acc=0.598 | stone_aitchison=11.7395
15:48:43 | INFO | Built SimpleCompositionModel: resnet18 backbone + single shared head + presence detection head (11,309,130 params total)
15:49:00 | INFO |   Fold 2 test: stone_mae=0.1730 | stone_dom_acc=0.646 | stone_aitchison=11.4326
15:49:00 | INFO | Built SimpleCompositionModel: resnet18 backbone + single shared head + presence detection head (11,309,130 params total)
15:49:17 | INFO |   Fold 3 test: stone_mae=0.1693 | stone_dom_acc=0.622 | stone_aitchison=11.3771
15:49:17 | INFO | Built SimpleCompositionModel: resnet18 backbone + single shared head + presence detection head (11,309,130 params total)
15:49:33 | INFO |   Fold 4 test: stone_mae=0.1739 | stone_dom_acc=0.610 | stone_aitchison=11.3858
15:49:33 | INFO | Test set summary (mean ± std across folds):
15:49:33 | INFO |   stone_mae_overall: 0.1736 ± 0.0090
15:49:33 | INFO |   stone_dominant_acc: 0.6244 ± 0.0218
15:49:33 | INFO |   stone_aitchison: 11.4444 ± 0.1732
