13:57:42 | INFO | Device: cuda
13:57:42 | INFO | cuDNN benchmark enabled
13:57:44 | INFO | Skipped 21 rows with no composition data
13:57:44 | WARNING | Skipped 2 rows whose image files are missing
13:57:44 | INFO | Built 1240 compositional samples from 414 stones
13:57:44 | INFO | Excluded classes ['OTH'] → 5 classes remaining, 410 stones
13:57:45 | INFO | Test holdout: 82 stones (40 pure / 42 mixed, 246 images). Train+val pool: 328 stones (982 images).
13:57:45 | INFO |   Fold 0: train=262 stones (129 pure / 133 mixed, 785 images), val=66 stones (32 pure / 34 mixed, 197 images)
13:57:45 | INFO |   Fold 1: train=262 stones (128 pure / 134 mixed, 784 images), val=66 stones (33 pure / 33 mixed, 198 images)
13:57:45 | INFO |   Fold 2: train=262 stones (129 pure / 133 mixed, 785 images), val=66 stones (32 pure / 34 mixed, 197 images)
13:57:45 | INFO |   Fold 3: train=263 stones (129 pure / 134 mixed, 787 images), val=65 stones (32 pure / 33 mixed, 195 images)
13:57:45 | INFO |   Fold 4: train=263 stones (129 pure / 134 mixed, 787 images), val=65 stones (32 pure / 33 mixed, 195 images)
13:57:45 | INFO | Model type: simple_auxw0.1  |  checkpoints → /gpfs/home3/ddboer/umc_thesis/outputs/checkpoints/composition_auxw0.1
13:57:45 | INFO | use_weighted_kl=false — using standard (unweighted) KL divergence
13:57:45 | INFO | === Fold 0 ===
13:57:45 | INFO | Built SimpleCompositionModel: resnet18 backbone + single shared head + presence detection head (11,309,130 params total)
13:57:45 | INFO | Fold 0 — Phase 1: frozen backbone, 5 epochs
13:57:45 | INFO |   Trainable params: 132,618
13:58:36 | INFO |   [frozen] epoch 1/5 | train_total=1.1382 (comp=1.0841 aux=0.5410) | val_loss=1.0369 | val_stone_mae=0.2308 | val_stone_dom_acc=0.500 | 51s
13:59:27 | INFO |   [frozen] epoch 2/5 | train_total=1.0291 (comp=0.9808 aux=0.4836) | val_loss=0.9864 | val_stone_mae=0.2211 | val_stone_dom_acc=0.561 | 50s
14:00:18 | INFO |   [frozen] epoch 3/5 | train_total=1.0087 (comp=0.9622 aux=0.4650) | val_loss=0.9473 | val_stone_mae=0.2183 | val_stone_dom_acc=0.606 | 51s
14:01:08 | INFO |   [frozen] epoch 4/5 | train_total=0.9701 (comp=0.9253 aux=0.4476) | val_loss=0.9321 | val_stone_mae=0.2029 | val_stone_dom_acc=0.591 | 51s
14:01:59 | INFO |   [frozen] epoch 5/5 | train_total=0.9513 (comp=0.9064 aux=0.4492) | val_loss=0.9142 | val_stone_mae=0.2011 | val_stone_dom_acc=0.606 | 50s
14:01:59 | INFO | Fold 0 — Phase 2: fine-tune, 25 epochs
14:01:59 | INFO |   Trainable params: 11,309,130
14:02:49 | INFO |   [finetune] epoch 1/25 | train_total=0.9380 (comp=0.8933 aux=0.4470) | val_loss=0.8737 | val_stone_mae=0.1960 | val_stone_dom_acc=0.621 | 50s
14:03:39 | INFO |   [finetune] epoch 2/25 | train_total=0.9266 (comp=0.8830 aux=0.4357) | val_loss=0.8484 | val_stone_mae=0.1983 | val_stone_dom_acc=0.591 | 50s
14:04:29 | INFO |   [finetune] epoch 3/25 | train_total=0.8681 (comp=0.8259 aux=0.4223) | val_loss=0.8391 | val_stone_mae=0.1776 | val_stone_dom_acc=0.636 | 50s
14:05:20 | INFO |   [finetune] epoch 4/25 | train_total=0.8185 (comp=0.7777 aux=0.4073) | val_loss=0.8887 | val_stone_mae=0.1745 | val_stone_dom_acc=0.606 | 50s
14:06:09 | INFO |   [finetune] epoch 5/25 | train_total=0.8069 (comp=0.7673 aux=0.3960) | val_loss=0.8095 | val_stone_mae=0.1797 | val_stone_dom_acc=0.697 | 50s
14:06:59 | INFO |   [finetune] epoch 6/25 | train_total=0.7868 (comp=0.7470 aux=0.3980) | val_loss=0.8285 | val_stone_mae=0.1725 | val_stone_dom_acc=0.652 | 50s
14:07:49 | INFO |   [finetune] epoch 7/25 | train_total=0.8005 (comp=0.7608 aux=0.3965) | val_loss=0.7900 | val_stone_mae=0.1727 | val_stone_dom_acc=0.667 | 50s
14:08:39 | INFO |   [finetune] epoch 8/25 | train_total=0.7778 (comp=0.7389 aux=0.3895) | val_loss=0.8970 | val_stone_mae=0.1722 | val_stone_dom_acc=0.576 | 50s
14:09:29 | INFO |   [finetune] epoch 9/25 | train_total=0.7703 (comp=0.7320 aux=0.3826) | val_loss=0.8069 | val_stone_mae=0.1699 | val_stone_dom_acc=0.682 | 50s
14:10:19 | INFO |   [finetune] epoch 10/25 | train_total=0.7273 (comp=0.6899 aux=0.3736) | val_loss=0.7966 | val_stone_mae=0.1674 | val_stone_dom_acc=0.667 | 50s
14:11:10 | INFO |   [finetune] epoch 11/25 | train_total=0.7074 (comp=0.6704 aux=0.3699) | val_loss=0.7769 | val_stone_mae=0.1643 | val_stone_dom_acc=0.682 | 50s
14:12:00 | INFO |   [finetune] epoch 12/25 | train_total=0.6696 (comp=0.6333 aux=0.3631) | val_loss=0.7753 | val_stone_mae=0.1612 | val_stone_dom_acc=0.652 | 50s
14:12:50 | INFO |   [finetune] epoch 13/25 | train_total=0.6666 (comp=0.6301 aux=0.3654) | val_loss=0.7569 | val_stone_mae=0.1639 | val_stone_dom_acc=0.652 | 50s
14:13:40 | INFO |   [finetune] epoch 14/25 | train_total=0.6764 (comp=0.6408 aux=0.3567) | val_loss=0.7358 | val_stone_mae=0.1604 | val_stone_dom_acc=0.636 | 50s
14:14:30 | INFO |   [finetune] epoch 15/25 | train_total=0.6466 (comp=0.6107 aux=0.3587) | val_loss=0.7756 | val_stone_mae=0.1575 | val_stone_dom_acc=0.636 | 50s
14:15:20 | INFO |   [finetune] epoch 16/25 | train_total=0.6411 (comp=0.6051 aux=0.3594) | val_loss=0.7233 | val_stone_mae=0.1591 | val_stone_dom_acc=0.652 | 50s
14:16:11 | INFO |   [finetune] epoch 17/25 | train_total=0.6489 (comp=0.6144 aux=0.3453) | val_loss=0.7607 | val_stone_mae=0.1558 | val_stone_dom_acc=0.697 | 50s
14:17:01 | INFO |   [finetune] epoch 18/25 | train_total=0.6405 (comp=0.6050 aux=0.3553) | val_loss=0.7476 | val_stone_mae=0.1543 | val_stone_dom_acc=0.697 | 50s
14:17:51 | INFO |   [finetune] epoch 19/25 | train_total=0.5945 (comp=0.5603 aux=0.3416) | val_loss=0.7380 | val_stone_mae=0.1515 | val_stone_dom_acc=0.712 | 50s
14:18:42 | INFO |   [finetune] epoch 20/25 | train_total=0.5888 (comp=0.5546 aux=0.3417) | val_loss=0.7020 | val_stone_mae=0.1479 | val_stone_dom_acc=0.682 | 50s
14:19:32 | INFO |   [finetune] epoch 21/25 | train_total=0.5850 (comp=0.5514 aux=0.3361) | val_loss=0.7090 | val_stone_mae=0.1492 | val_stone_dom_acc=0.712 | 51s
14:20:23 | INFO |   [finetune] epoch 22/25 | train_total=0.5938 (comp=0.5595 aux=0.3431) | val_loss=0.6977 | val_stone_mae=0.1471 | val_stone_dom_acc=0.667 | 50s
14:21:13 | INFO |   [finetune] epoch 23/25 | train_total=0.5902 (comp=0.5568 aux=0.3339) | val_loss=0.6936 | val_stone_mae=0.1424 | val_stone_dom_acc=0.697 | 51s
14:22:04 | INFO |   [finetune] epoch 24/25 | train_total=0.5372 (comp=0.5045 aux=0.3275) | val_loss=0.7016 | val_stone_mae=0.1424 | val_stone_dom_acc=0.667 | 51s
14:22:55 | INFO |   [finetune] epoch 25/25 | train_total=0.5214 (comp=0.4896 aux=0.3174) | val_loss=0.6737 | val_stone_mae=0.1466 | val_stone_dom_acc=0.682 | 51s
14:22:55 | INFO | Fold 0 done. best_val_loss=0.6737 | stone_mae=0.1466 | stone_dom_acc=0.682 | stone_aitchison=10.9058
14:22:55 | INFO | === Fold 1 ===
14:22:55 | INFO | Built SimpleCompositionModel: resnet18 backbone + single shared head + presence detection head (11,309,130 params total)
14:22:55 | INFO | Fold 1 — Phase 1: frozen backbone, 5 epochs
14:22:55 | INFO |   Trainable params: 132,618
14:23:45 | INFO |   [frozen] epoch 1/5 | train_total=1.1622 (comp=1.1076 aux=0.5465) | val_loss=1.0579 | val_stone_mae=0.2334 | val_stone_dom_acc=0.500 | 50s
14:24:35 | INFO |   [frozen] epoch 2/5 | train_total=1.0610 (comp=1.0104 aux=0.5056) | val_loss=0.9741 | val_stone_mae=0.2203 | val_stone_dom_acc=0.515 | 50s
14:25:25 | INFO |   [frozen] epoch 3/5 | train_total=0.9968 (comp=0.9487 aux=0.4808) | val_loss=0.9317 | val_stone_mae=0.2025 | val_stone_dom_acc=0.545 | 50s
14:26:15 | INFO |   [frozen] epoch 4/5 | train_total=0.9725 (comp=0.9256 aux=0.4684) | val_loss=0.9620 | val_stone_mae=0.1970 | val_stone_dom_acc=0.500 | 50s
14:27:05 | INFO |   [frozen] epoch 5/5 | train_total=0.9505 (comp=0.9048 aux=0.4569) | val_loss=0.9623 | val_stone_mae=0.1902 | val_stone_dom_acc=0.515 | 50s
14:27:05 | INFO | Fold 1 — Phase 2: fine-tune, 25 epochs
14:27:05 | INFO |   Trainable params: 11,309,130
14:27:56 | INFO |   [finetune] epoch 1/25 | train_total=0.9414 (comp=0.8965 aux=0.4490) | val_loss=0.8840 | val_stone_mae=0.1888 | val_stone_dom_acc=0.545 | 50s
14:28:46 | INFO |   [finetune] epoch 2/25 | train_total=0.9065 (comp=0.8623 aux=0.4420) | val_loss=0.8722 | val_stone_mae=0.1809 | val_stone_dom_acc=0.545 | 50s
14:29:36 | INFO |   [finetune] epoch 3/25 | train_total=0.8640 (comp=0.8208 aux=0.4317) | val_loss=0.8342 | val_stone_mae=0.1768 | val_stone_dom_acc=0.576 | 50s
14:30:26 | INFO |   [finetune] epoch 4/25 | train_total=0.8407 (comp=0.7988 aux=0.4181) | val_loss=0.7919 | val_stone_mae=0.1784 | val_stone_dom_acc=0.561 | 50s
14:31:17 | INFO |   [finetune] epoch 5/25 | train_total=0.8112 (comp=0.7702 aux=0.4105) | val_loss=0.8430 | val_stone_mae=0.1760 | val_stone_dom_acc=0.545 | 50s
14:32:07 | INFO |   [finetune] epoch 6/25 | train_total=0.8049 (comp=0.7643 aux=0.4061) | val_loss=0.9938 | val_stone_mae=0.1720 | val_stone_dom_acc=0.530 | 50s
14:32:57 | INFO |   [finetune] epoch 7/25 | train_total=0.7994 (comp=0.7575 aux=0.4185) | val_loss=0.7908 | val_stone_mae=0.1730 | val_stone_dom_acc=0.621 | 50s
14:33:47 | INFO |   [finetune] epoch 8/25 | train_total=0.7661 (comp=0.7268 aux=0.3925) | val_loss=0.8287 | val_stone_mae=0.1679 | val_stone_dom_acc=0.576 | 50s
14:34:37 | INFO |   [finetune] epoch 9/25 | train_total=0.7425 (comp=0.7038 aux=0.3870) | val_loss=0.8610 | val_stone_mae=0.1699 | val_stone_dom_acc=0.591 | 50s
14:35:27 | INFO |   [finetune] epoch 10/25 | train_total=0.7146 (comp=0.6767 aux=0.3786) | val_loss=0.8696 | val_stone_mae=0.1657 | val_stone_dom_acc=0.606 | 50s
14:36:17 | INFO |   [finetune] epoch 11/25 | train_total=0.6734 (comp=0.6358 aux=0.3765) | val_loss=0.8040 | val_stone_mae=0.1669 | val_stone_dom_acc=0.636 | 50s
14:37:08 | INFO |   [finetune] epoch 12/25 | train_total=0.6786 (comp=0.6417 aux=0.3684) | val_loss=0.8828 | val_stone_mae=0.1652 | val_stone_dom_acc=0.591 | 50s
14:37:58 | INFO |   [finetune] epoch 13/25 | train_total=0.6560 (comp=0.6198 aux=0.3623) | val_loss=0.7711 | val_stone_mae=0.1605 | val_stone_dom_acc=0.682 | 50s
14:38:48 | INFO |   [finetune] epoch 14/25 | train_total=0.6456 (comp=0.6098 aux=0.3579) | val_loss=0.7792 | val_stone_mae=0.1575 | val_stone_dom_acc=0.636 | 50s
14:39:38 | INFO |   [finetune] epoch 15/25 | train_total=0.6568 (comp=0.6211 aux=0.3570) | val_loss=0.8852 | val_stone_mae=0.1639 | val_stone_dom_acc=0.606 | 50s
14:40:29 | INFO |   [finetune] epoch 16/25 | train_total=0.6371 (comp=0.6013 aux=0.3587) | val_loss=0.8277 | val_stone_mae=0.1559 | val_stone_dom_acc=0.652 | 50s
14:41:18 | INFO |   [finetune] epoch 17/25 | train_total=0.6258 (comp=0.5908 aux=0.3495) | val_loss=0.8692 | val_stone_mae=0.1600 | val_stone_dom_acc=0.606 | 50s
14:42:08 | INFO |   [finetune] epoch 18/25 | train_total=0.5877 (comp=0.5541 aux=0.3361) | val_loss=0.8692 | val_stone_mae=0.1591 | val_stone_dom_acc=0.591 | 50s
14:42:59 | INFO |   [finetune] epoch 19/25 | train_total=0.6066 (comp=0.5732 aux=0.3336) | val_loss=0.8133 | val_stone_mae=0.1552 | val_stone_dom_acc=0.636 | 50s
14:43:49 | INFO |   [finetune] epoch 20/25 | train_total=0.6018 (comp=0.5673 aux=0.3445) | val_loss=0.7634 | val_stone_mae=0.1488 | val_stone_dom_acc=0.697 | 50s
14:44:39 | INFO |   [finetune] epoch 21/25 | train_total=0.5898 (comp=0.5547 aux=0.3511) | val_loss=0.8013 | val_stone_mae=0.1550 | val_stone_dom_acc=0.636 | 50s
14:45:29 | INFO |   [finetune] epoch 22/25 | train_total=0.5790 (comp=0.5456 aux=0.3333) | val_loss=0.7655 | val_stone_mae=0.1495 | val_stone_dom_acc=0.682 | 50s
14:46:19 | INFO |   [finetune] epoch 23/25 | train_total=0.5511 (comp=0.5180 aux=0.3306) | val_loss=0.7818 | val_stone_mae=0.1451 | val_stone_dom_acc=0.727 | 50s
14:47:09 | INFO |   [finetune] epoch 24/25 | train_total=0.5910 (comp=0.5571 aux=0.3389) | val_loss=0.8797 | val_stone_mae=0.1552 | val_stone_dom_acc=0.621 | 50s
14:47:58 | INFO |   [finetune] epoch 25/25 | train_total=0.5525 (comp=0.5198 aux=0.3273) | val_loss=0.7888 | val_stone_mae=0.1449 | val_stone_dom_acc=0.712 | 50s
14:47:59 | INFO | Fold 1 done. best_val_loss=0.7634 | stone_mae=0.1488 | stone_dom_acc=0.697 | stone_aitchison=10.7387
14:47:59 | INFO | === Fold 2 ===
14:47:59 | INFO | Built SimpleCompositionModel: resnet18 backbone + single shared head + presence detection head (11,309,130 params total)
14:47:59 | INFO | Fold 2 — Phase 1: frozen backbone, 5 epochs
14:47:59 | INFO |   Trainable params: 132,618
14:48:49 | INFO |   [frozen] epoch 1/5 | train_total=1.1758 (comp=1.1214 aux=0.5440) | val_loss=1.0718 | val_stone_mae=0.2435 | val_stone_dom_acc=0.485 | 50s
14:49:39 | INFO |   [frozen] epoch 2/5 | train_total=1.0291 (comp=0.9794 aux=0.4963) | val_loss=1.0074 | val_stone_mae=0.2217 | val_stone_dom_acc=0.500 | 50s
14:50:29 | INFO |   [frozen] epoch 3/5 | train_total=0.9778 (comp=0.9299 aux=0.4789) | val_loss=0.9684 | val_stone_mae=0.2265 | val_stone_dom_acc=0.576 | 50s
14:51:19 | INFO |   [frozen] epoch 4/5 | train_total=1.0129 (comp=0.9647 aux=0.4815) | val_loss=0.9465 | val_stone_mae=0.2122 | val_stone_dom_acc=0.545 | 50s
14:52:09 | INFO |   [frozen] epoch 5/5 | train_total=0.9563 (comp=0.9103 aux=0.4600) | val_loss=0.9330 | val_stone_mae=0.2142 | val_stone_dom_acc=0.515 | 50s
14:52:09 | INFO | Fold 2 — Phase 2: fine-tune, 25 epochs
14:52:09 | INFO |   Trainable params: 11,309,130
14:52:59 | INFO |   [finetune] epoch 1/25 | train_total=0.9723 (comp=0.9267 aux=0.4566) | val_loss=0.9308 | val_stone_mae=0.2011 | val_stone_dom_acc=0.545 | 50s
14:53:49 | INFO |   [finetune] epoch 2/25 | train_total=0.9471 (comp=0.9028 aux=0.4439) | val_loss=0.8554 | val_stone_mae=0.1986 | val_stone_dom_acc=0.591 | 50s
14:54:39 | INFO |   [finetune] epoch 3/25 | train_total=0.8819 (comp=0.8392 aux=0.4266) | val_loss=0.8665 | val_stone_mae=0.1873 | val_stone_dom_acc=0.561 | 50s
14:55:28 | INFO |   [finetune] epoch 4/25 | train_total=0.8398 (comp=0.7976 aux=0.4225) | val_loss=0.8158 | val_stone_mae=0.1888 | val_stone_dom_acc=0.606 | 50s
14:56:18 | INFO |   [finetune] epoch 5/25 | train_total=0.8199 (comp=0.7785 aux=0.4138) | val_loss=0.7872 | val_stone_mae=0.1797 | val_stone_dom_acc=0.652 | 49s
14:57:07 | INFO |   [finetune] epoch 6/25 | train_total=0.8077 (comp=0.7674 aux=0.4030) | val_loss=0.8900 | val_stone_mae=0.1741 | val_stone_dom_acc=0.591 | 49s
14:57:56 | INFO |   [finetune] epoch 7/25 | train_total=0.7964 (comp=0.7561 aux=0.4027) | val_loss=0.7892 | val_stone_mae=0.1938 | val_stone_dom_acc=0.652 | 49s
14:58:46 | INFO |   [finetune] epoch 8/25 | train_total=0.7931 (comp=0.7534 aux=0.3969) | val_loss=0.7850 | val_stone_mae=0.1742 | val_stone_dom_acc=0.606 | 49s
14:59:35 | INFO |   [finetune] epoch 9/25 | train_total=0.7466 (comp=0.7078 aux=0.3874) | val_loss=0.7849 | val_stone_mae=0.1743 | val_stone_dom_acc=0.576 | 49s
15:00:25 | INFO |   [finetune] epoch 10/25 | train_total=0.7520 (comp=0.7137 aux=0.3823) | val_loss=0.7866 | val_stone_mae=0.1672 | val_stone_dom_acc=0.682 | 49s
15:01:14 | INFO |   [finetune] epoch 11/25 | train_total=0.7125 (comp=0.6744 aux=0.3807) | val_loss=0.7550 | val_stone_mae=0.1722 | val_stone_dom_acc=0.712 | 49s
15:02:04 | INFO |   [finetune] epoch 12/25 | train_total=0.7470 (comp=0.7096 aux=0.3743) | val_loss=0.7262 | val_stone_mae=0.1683 | val_stone_dom_acc=0.697 | 50s
15:02:54 | INFO |   [finetune] epoch 13/25 | train_total=0.7173 (comp=0.6803 aux=0.3702) | val_loss=0.7572 | val_stone_mae=0.1576 | val_stone_dom_acc=0.682 | 50s
15:03:43 | INFO |   [finetune] epoch 14/25 | train_total=0.7073 (comp=0.6698 aux=0.3754) | val_loss=0.7674 | val_stone_mae=0.1598 | val_stone_dom_acc=0.667 | 50s
15:04:33 | INFO |   [finetune] epoch 15/25 | train_total=0.7030 (comp=0.6655 aux=0.3750) | val_loss=0.7168 | val_stone_mae=0.1587 | val_stone_dom_acc=0.727 | 50s
15:05:23 | INFO |   [finetune] epoch 16/25 | train_total=0.6763 (comp=0.6399 aux=0.3643) | val_loss=0.7053 | val_stone_mae=0.1538 | val_stone_dom_acc=0.727 | 50s
15:06:13 | INFO |   [finetune] epoch 17/25 | train_total=0.6655 (comp=0.6298 aux=0.3573) | val_loss=0.7171 | val_stone_mae=0.1521 | val_stone_dom_acc=0.758 | 50s
15:07:02 | INFO |   [finetune] epoch 18/25 | train_total=0.6492 (comp=0.6137 aux=0.3552) | val_loss=0.7042 | val_stone_mae=0.1523 | val_stone_dom_acc=0.727 | 50s
15:07:52 | INFO |   [finetune] epoch 19/25 | train_total=0.6445 (comp=0.6093 aux=0.3524) | val_loss=0.7096 | val_stone_mae=0.1511 | val_stone_dom_acc=0.712 | 50s
15:08:42 | INFO |   [finetune] epoch 20/25 | train_total=0.6118 (comp=0.5781 aux=0.3375) | val_loss=0.6852 | val_stone_mae=0.1523 | val_stone_dom_acc=0.758 | 50s
15:09:32 | INFO |   [finetune] epoch 21/25 | train_total=0.6246 (comp=0.5908 aux=0.3385) | val_loss=0.7686 | val_stone_mae=0.1466 | val_stone_dom_acc=0.712 | 50s
15:10:22 | INFO |   [finetune] epoch 22/25 | train_total=0.6432 (comp=0.6086 aux=0.3459) | val_loss=0.6935 | val_stone_mae=0.1515 | val_stone_dom_acc=0.742 | 50s
15:11:11 | INFO |   [finetune] epoch 23/25 | train_total=0.6319 (comp=0.5958 aux=0.3602) | val_loss=0.7083 | val_stone_mae=0.1472 | val_stone_dom_acc=0.712 | 50s
15:12:01 | INFO |   [finetune] epoch 24/25 | train_total=0.5824 (comp=0.5480 aux=0.3447) | val_loss=0.7241 | val_stone_mae=0.1439 | val_stone_dom_acc=0.727 | 50s
15:12:51 | INFO |   [finetune] epoch 25/25 | train_total=0.5825 (comp=0.5489 aux=0.3360) | val_loss=0.6696 | val_stone_mae=0.1427 | val_stone_dom_acc=0.742 | 50s
15:12:51 | INFO | Fold 2 done. best_val_loss=0.6696 | stone_mae=0.1427 | stone_dom_acc=0.742 | stone_aitchison=10.6154
15:12:51 | INFO | === Fold 3 ===
15:12:51 | INFO | Built SimpleCompositionModel: resnet18 backbone + single shared head + presence detection head (11,309,130 params total)
15:12:51 | INFO | Fold 3 — Phase 1: frozen backbone, 5 epochs
15:12:51 | INFO |   Trainable params: 132,618
15:13:44 | INFO |   [frozen] epoch 1/5 | train_total=1.1588 (comp=1.1043 aux=0.5449) | val_loss=0.9626 | val_stone_mae=0.2202 | val_stone_dom_acc=0.508 | 53s
15:14:40 | INFO |   [frozen] epoch 2/5 | train_total=1.0414 (comp=0.9923 aux=0.4908) | val_loss=0.9017 | val_stone_mae=0.2069 | val_stone_dom_acc=0.615 | 56s
15:15:36 | INFO |   [frozen] epoch 3/5 | train_total=1.0001 (comp=0.9526 aux=0.4754) | val_loss=0.9179 | val_stone_mae=0.1856 | val_stone_dom_acc=0.569 | 56s
15:16:32 | INFO |   [frozen] epoch 4/5 | train_total=0.9577 (comp=0.9118 aux=0.4592) | val_loss=0.8734 | val_stone_mae=0.1847 | val_stone_dom_acc=0.631 | 56s
15:17:28 | INFO |   [frozen] epoch 5/5 | train_total=0.9501 (comp=0.9046 aux=0.4546) | val_loss=0.8865 | val_stone_mae=0.1998 | val_stone_dom_acc=0.615 | 56s
15:17:28 | INFO | Fold 3 — Phase 2: fine-tune, 25 epochs
15:17:28 | INFO |   Trainable params: 11,309,130
15:18:25 | INFO |   [finetune] epoch 1/25 | train_total=0.9426 (comp=0.8979 aux=0.4464) | val_loss=0.8926 | val_stone_mae=0.1776 | val_stone_dom_acc=0.615 | 56s
15:19:21 | INFO |   [finetune] epoch 2/25 | train_total=0.8975 (comp=0.8544 aux=0.4309) | val_loss=0.8804 | val_stone_mae=0.1742 | val_stone_dom_acc=0.538 | 56s
15:20:17 | INFO |   [finetune] epoch 3/25 | train_total=0.8934 (comp=0.8511 aux=0.4227) | val_loss=0.8021 | val_stone_mae=0.1727 | val_stone_dom_acc=0.662 | 56s
15:21:13 | INFO |   [finetune] epoch 4/25 | train_total=0.8408 (comp=0.7997 aux=0.4111) | val_loss=0.7776 | val_stone_mae=0.1720 | val_stone_dom_acc=0.692 | 56s
15:22:09 | INFO |   [finetune] epoch 5/25 | train_total=0.8253 (comp=0.7845 aux=0.4083) | val_loss=0.8197 | val_stone_mae=0.1655 | val_stone_dom_acc=0.677 | 56s
15:23:05 | INFO |   [finetune] epoch 6/25 | train_total=0.8139 (comp=0.7736 aux=0.4030) | val_loss=0.7825 | val_stone_mae=0.1646 | val_stone_dom_acc=0.692 | 56s
15:24:01 | INFO |   [finetune] epoch 7/25 | train_total=0.7855 (comp=0.7460 aux=0.3951) | val_loss=0.7905 | val_stone_mae=0.1653 | val_stone_dom_acc=0.692 | 56s
15:24:57 | INFO |   [finetune] epoch 8/25 | train_total=0.7728 (comp=0.7335 aux=0.3922) | val_loss=0.8046 | val_stone_mae=0.1576 | val_stone_dom_acc=0.662 | 56s
15:25:52 | INFO |   [finetune] epoch 9/25 | train_total=0.7323 (comp=0.6939 aux=0.3843) | val_loss=0.8154 | val_stone_mae=0.1535 | val_stone_dom_acc=0.723 | 56s
15:26:48 | INFO |   [finetune] epoch 10/25 | train_total=0.7396 (comp=0.7024 aux=0.3721) | val_loss=0.7318 | val_stone_mae=0.1565 | val_stone_dom_acc=0.723 | 56s
15:27:44 | INFO |   [finetune] epoch 11/25 | train_total=0.7004 (comp=0.6635 aux=0.3683) | val_loss=0.7178 | val_stone_mae=0.1595 | val_stone_dom_acc=0.738 | 56s
15:28:41 | INFO |   [finetune] epoch 12/25 | train_total=0.6719 (comp=0.6364 aux=0.3552) | val_loss=0.7689 | val_stone_mae=0.1497 | val_stone_dom_acc=0.662 | 56s
15:29:37 | INFO |   [finetune] epoch 13/25 | train_total=0.6889 (comp=0.6525 aux=0.3643) | val_loss=0.7032 | val_stone_mae=0.1553 | val_stone_dom_acc=0.723 | 56s
15:30:33 | INFO |   [finetune] epoch 14/25 | train_total=0.7042 (comp=0.6686 aux=0.3556) | val_loss=0.7546 | val_stone_mae=0.1520 | val_stone_dom_acc=0.723 | 56s
15:31:29 | INFO |   [finetune] epoch 15/25 | train_total=0.6692 (comp=0.6332 aux=0.3601) | val_loss=0.7801 | val_stone_mae=0.1534 | val_stone_dom_acc=0.631 | 56s
15:32:26 | INFO |   [finetune] epoch 16/25 | train_total=0.6497 (comp=0.6143 aux=0.3534) | val_loss=0.7442 | val_stone_mae=0.1591 | val_stone_dom_acc=0.677 | 56s
15:33:22 | INFO |   [finetune] epoch 17/25 | train_total=0.6473 (comp=0.6125 aux=0.3481) | val_loss=0.7576 | val_stone_mae=0.1435 | val_stone_dom_acc=0.708 | 56s
15:34:18 | INFO |   [finetune] epoch 18/25 | train_total=0.6058 (comp=0.5720 aux=0.3372) | val_loss=0.7056 | val_stone_mae=0.1546 | val_stone_dom_acc=0.723 | 56s
15:35:14 | INFO |   [finetune] epoch 19/25 | train_total=0.6134 (comp=0.5792 aux=0.3417) | val_loss=0.7505 | val_stone_mae=0.1504 | val_stone_dom_acc=0.723 | 56s
15:36:11 | INFO |   [finetune] epoch 20/25 | train_total=0.6064 (comp=0.5726 aux=0.3382) | val_loss=0.7425 | val_stone_mae=0.1451 | val_stone_dom_acc=0.708 | 56s
15:36:11 | INFO |   Early stopping (no improvement for 7 epochs)
15:36:11 | INFO | Fold 3 done. best_val_loss=0.7032 | stone_mae=0.1553 | stone_dom_acc=0.723 | stone_aitchison=11.3863
15:36:11 | INFO | === Fold 4 ===
15:36:11 | INFO | Built SimpleCompositionModel: resnet18 backbone + single shared head + presence detection head (11,309,130 params total)
15:36:11 | INFO | Fold 4 — Phase 1: frozen backbone, 5 epochs
15:36:11 | INFO |   Trainable params: 132,618
15:37:07 | INFO |   [frozen] epoch 1/5 | train_total=1.1966 (comp=1.1433 aux=0.5332) | val_loss=1.0389 | val_stone_mae=0.2432 | val_stone_dom_acc=0.446 | 56s
15:38:03 | INFO |   [frozen] epoch 2/5 | train_total=1.0610 (comp=1.0127 aux=0.4830) | val_loss=0.9164 | val_stone_mae=0.2122 | val_stone_dom_acc=0.585 | 56s
15:38:59 | INFO |   [frozen] epoch 3/5 | train_total=1.0367 (comp=0.9900 aux=0.4673) | val_loss=0.8985 | val_stone_mae=0.2052 | val_stone_dom_acc=0.554 | 56s
15:39:55 | INFO |   [frozen] epoch 4/5 | train_total=0.9768 (comp=0.9316 aux=0.4521) | val_loss=0.8959 | val_stone_mae=0.2025 | val_stone_dom_acc=0.538 | 56s
15:40:51 | INFO |   [frozen] epoch 5/5 | train_total=0.9729 (comp=0.9275 aux=0.4540) | val_loss=0.9000 | val_stone_mae=0.1942 | val_stone_dom_acc=0.523 | 56s
15:40:51 | INFO | Fold 4 — Phase 2: fine-tune, 25 epochs
15:40:51 | INFO |   Trainable params: 11,309,130
15:41:47 | INFO |   [finetune] epoch 1/25 | train_total=0.9610 (comp=0.9168 aux=0.4426) | val_loss=0.8904 | val_stone_mae=0.1882 | val_stone_dom_acc=0.523 | 56s
15:42:44 | INFO |   [finetune] epoch 2/25 | train_total=0.9109 (comp=0.8685 aux=0.4237) | val_loss=0.8239 | val_stone_mae=0.1845 | val_stone_dom_acc=0.569 | 56s
15:43:40 | INFO |   [finetune] epoch 3/25 | train_total=0.8759 (comp=0.8343 aux=0.4160) | val_loss=0.8671 | val_stone_mae=0.1733 | val_stone_dom_acc=0.569 | 56s
15:44:36 | INFO |   [finetune] epoch 4/25 | train_total=0.8758 (comp=0.8345 aux=0.4138) | val_loss=0.8576 | val_stone_mae=0.1746 | val_stone_dom_acc=0.554 | 56s
15:45:33 | INFO |   [finetune] epoch 5/25 | train_total=0.8248 (comp=0.7842 aux=0.4051) | val_loss=0.8771 | val_stone_mae=0.1742 | val_stone_dom_acc=0.554 | 57s
15:46:29 | INFO |   [finetune] epoch 6/25 | train_total=0.8013 (comp=0.7620 aux=0.3926) | val_loss=0.8052 | val_stone_mae=0.1709 | val_stone_dom_acc=0.569 | 56s
15:47:26 | INFO |   [finetune] epoch 7/25 | train_total=0.7831 (comp=0.7443 aux=0.3875) | val_loss=0.8222 | val_stone_mae=0.1698 | val_stone_dom_acc=0.585 | 56s
15:48:18 | INFO |   [finetune] epoch 8/25 | train_total=0.7675 (comp=0.7284 aux=0.3908) | val_loss=0.8505 | val_stone_mae=0.1705 | val_stone_dom_acc=0.585 | 53s
15:49:09 | INFO |   [finetune] epoch 9/25 | train_total=0.7418 (comp=0.7034 aux=0.3836) | val_loss=0.8909 | val_stone_mae=0.1662 | val_stone_dom_acc=0.585 | 51s
15:50:00 | INFO |   [finetune] epoch 10/25 | train_total=0.7240 (comp=0.6862 aux=0.3777) | val_loss=0.8448 | val_stone_mae=0.1640 | val_stone_dom_acc=0.569 | 51s
15:50:51 | INFO |   [finetune] epoch 11/25 | train_total=0.6853 (comp=0.6487 aux=0.3665) | val_loss=0.8690 | val_stone_mae=0.1673 | val_stone_dom_acc=0.569 | 51s
15:51:42 | INFO |   [finetune] epoch 12/25 | train_total=0.7055 (comp=0.6688 aux=0.3674) | val_loss=0.8412 | val_stone_mae=0.1623 | val_stone_dom_acc=0.585 | 51s
15:52:33 | INFO |   [finetune] epoch 13/25 | train_total=0.6775 (comp=0.6416 aux=0.3587) | val_loss=0.7818 | val_stone_mae=0.1646 | val_stone_dom_acc=0.631 | 51s
15:53:24 | INFO |   [finetune] epoch 14/25 | train_total=0.6422 (comp=0.6062 aux=0.3605) | val_loss=0.7891 | val_stone_mae=0.1590 | val_stone_dom_acc=0.600 | 51s
15:54:15 | INFO |   [finetune] epoch 15/25 | train_total=0.6488 (comp=0.6137 aux=0.3506) | val_loss=0.8170 | val_stone_mae=0.1617 | val_stone_dom_acc=0.600 | 51s
15:55:06 | INFO |   [finetune] epoch 16/25 | train_total=0.6422 (comp=0.6080 aux=0.3418) | val_loss=0.7523 | val_stone_mae=0.1571 | val_stone_dom_acc=0.631 | 51s
15:55:57 | INFO |   [finetune] epoch 17/25 | train_total=0.6231 (comp=0.5888 aux=0.3426) | val_loss=0.7516 | val_stone_mae=0.1512 | val_stone_dom_acc=0.662 | 51s
15:56:48 | INFO |   [finetune] epoch 18/25 | train_total=0.6111 (comp=0.5766 aux=0.3453) | val_loss=0.8488 | val_stone_mae=0.1556 | val_stone_dom_acc=0.600 | 51s
15:57:39 | INFO |   [finetune] epoch 19/25 | train_total=0.6208 (comp=0.5878 aux=0.3301) | val_loss=0.7608 | val_stone_mae=0.1499 | val_stone_dom_acc=0.600 | 51s
15:58:30 | INFO |   [finetune] epoch 20/25 | train_total=0.6143 (comp=0.5802 aux=0.3415) | val_loss=0.7383 | val_stone_mae=0.1491 | val_stone_dom_acc=0.631 | 51s
15:59:21 | INFO |   [finetune] epoch 21/25 | train_total=0.5520 (comp=0.5193 aux=0.3268) | val_loss=0.7251 | val_stone_mae=0.1480 | val_stone_dom_acc=0.631 | 51s
16:00:12 | INFO |   [finetune] epoch 22/25 | train_total=0.5901 (comp=0.5568 aux=0.3334) | val_loss=0.7978 | val_stone_mae=0.1519 | val_stone_dom_acc=0.600 | 51s
16:01:03 | INFO |   [finetune] epoch 23/25 | train_total=0.5639 (comp=0.5316 aux=0.3225) | val_loss=0.7082 | val_stone_mae=0.1472 | val_stone_dom_acc=0.677 | 51s
16:01:54 | INFO |   [finetune] epoch 24/25 | train_total=0.5461 (comp=0.5149 aux=0.3121) | val_loss=0.7755 | val_stone_mae=0.1477 | val_stone_dom_acc=0.631 | 51s
16:02:45 | INFO |   [finetune] epoch 25/25 | train_total=0.5411 (comp=0.5098 aux=0.3130) | val_loss=0.7253 | val_stone_mae=0.1469 | val_stone_dom_acc=0.662 | 51s
16:02:45 | INFO | Fold 4 done. best_val_loss=0.7082 | stone_mae=0.1472 | stone_dom_acc=0.677 | stone_aitchison=10.9755
16:02:45 | INFO | Cross-fold results:
16:02:45 | INFO |   best_stone_mae_overall: 0.1481 ± 0.0046
16:02:45 | INFO |   best_stone_dominant_acc: 0.7042 ± 0.0279
16:02:45 | INFO |   best_stone_aitchison: 10.9243 ± 0.2942
16:02:45 | INFO | === Held-out test set evaluation ===
16:02:45 | INFO | Built SimpleCompositionModel: resnet18 backbone + single shared head + presence detection head (11,309,130 params total)
16:03:02 | INFO |   Fold 0 test: stone_mae=0.1634 | stone_dom_acc=0.646 | stone_aitchison=11.2730
16:03:03 | INFO | Built SimpleCompositionModel: resnet18 backbone + single shared head + presence detection head (11,309,130 params total)
16:03:19 | INFO |   Fold 1 test: stone_mae=0.1573 | stone_dom_acc=0.646 | stone_aitchison=11.1076
16:03:20 | INFO | Built SimpleCompositionModel: resnet18 backbone + single shared head + presence detection head (11,309,130 params total)
16:03:37 | INFO |   Fold 2 test: stone_mae=0.1608 | stone_dom_acc=0.671 | stone_aitchison=11.2458
16:03:37 | INFO | Built SimpleCompositionModel: resnet18 backbone + single shared head + presence detection head (11,309,130 params total)
16:03:54 | INFO |   Fold 3 test: stone_mae=0.1711 | stone_dom_acc=0.610 | stone_aitchison=11.3638
16:03:54 | INFO | Built SimpleCompositionModel: resnet18 backbone + single shared head + presence detection head (11,309,130 params total)
16:04:10 | INFO |   Fold 4 test: stone_mae=0.1637 | stone_dom_acc=0.622 | stone_aitchison=11.1239
16:04:10 | INFO | Test set summary (mean ± std across folds):
16:04:10 | INFO |   stone_mae_overall: 0.1633 ± 0.0051
16:04:10 | INFO |   stone_dominant_acc: 0.6390 ± 0.0238
16:04:10 | INFO |   stone_aitchison: 11.2228 ± 0.1072
