13:59:26 | INFO | Device: cuda
13:59:26 | INFO | cuDNN benchmark enabled
13:59:28 | INFO | Skipped 21 rows with no composition data
13:59:28 | WARNING | Skipped 2 rows whose image files are missing
13:59:29 | INFO | Built 1240 compositional samples from 414 stones
13:59:29 | INFO | Excluded classes ['OTH'] → 5 classes remaining, 410 stones
13:59:29 | INFO | Test holdout: 82 stones (40 pure / 42 mixed, 246 images). Train+val pool: 328 stones (982 images).
13:59:29 | INFO |   Fold 0: train=262 stones (129 pure / 133 mixed, 785 images), val=66 stones (32 pure / 34 mixed, 197 images)
13:59:29 | INFO |   Fold 1: train=262 stones (128 pure / 134 mixed, 784 images), val=66 stones (33 pure / 33 mixed, 198 images)
13:59:29 | INFO |   Fold 2: train=262 stones (129 pure / 133 mixed, 785 images), val=66 stones (32 pure / 34 mixed, 197 images)
13:59:29 | INFO |   Fold 3: train=263 stones (129 pure / 134 mixed, 787 images), val=65 stones (32 pure / 33 mixed, 195 images)
13:59:29 | INFO |   Fold 4: train=263 stones (129 pure / 134 mixed, 787 images), val=65 stones (32 pure / 33 mixed, 195 images)
13:59:29 | INFO | Model type: simple_auxw1.0  |  checkpoints → /gpfs/home3/ddboer/umc_thesis/outputs/checkpoints/composition_auxw1.0
13:59:29 | INFO | use_weighted_kl=false — using standard (unweighted) KL divergence
13:59:29 | INFO | === Fold 0 ===
13:59:29 | INFO | Built SimpleCompositionModel: resnet18 backbone + single shared head + presence detection head (11,309,130 params total)
13:59:30 | INFO | Fold 0 — Phase 1: frozen backbone, 5 epochs
13:59:30 | INFO |   Trainable params: 132,618
14:00:21 | INFO |   [frozen] epoch 1/5 | train_total=1.6252 (comp=1.0841 aux=0.5411) | val_loss=1.0369 | val_stone_mae=0.2308 | val_stone_dom_acc=0.500 | 51s
14:01:12 | INFO |   [frozen] epoch 2/5 | train_total=1.4631 (comp=0.9808 aux=0.4824) | val_loss=0.9864 | val_stone_mae=0.2211 | val_stone_dom_acc=0.561 | 51s
14:02:04 | INFO |   [frozen] epoch 3/5 | train_total=1.4272 (comp=0.9622 aux=0.4651) | val_loss=0.9473 | val_stone_mae=0.2183 | val_stone_dom_acc=0.606 | 51s
14:02:55 | INFO |   [frozen] epoch 4/5 | train_total=1.3732 (comp=0.9252 aux=0.4481) | val_loss=0.9320 | val_stone_mae=0.2029 | val_stone_dom_acc=0.591 | 51s
14:03:46 | INFO |   [frozen] epoch 5/5 | train_total=1.3522 (comp=0.9061 aux=0.4461) | val_loss=0.9140 | val_stone_mae=0.2011 | val_stone_dom_acc=0.606 | 51s
14:03:46 | INFO | Fold 0 — Phase 2: fine-tune, 25 epochs
14:03:46 | INFO |   Trainable params: 11,309,130
14:04:37 | INFO |   [finetune] epoch 1/25 | train_total=1.3367 (comp=0.8936 aux=0.4431) | val_loss=0.8724 | val_stone_mae=0.1959 | val_stone_dom_acc=0.621 | 51s
14:05:27 | INFO |   [finetune] epoch 2/25 | train_total=1.3126 (comp=0.8812 aux=0.4314) | val_loss=0.8482 | val_stone_mae=0.1964 | val_stone_dom_acc=0.591 | 51s
14:06:18 | INFO |   [finetune] epoch 3/25 | train_total=1.2393 (comp=0.8215 aux=0.4178) | val_loss=0.8415 | val_stone_mae=0.1771 | val_stone_dom_acc=0.636 | 51s
14:07:09 | INFO |   [finetune] epoch 4/25 | train_total=1.1739 (comp=0.7750 aux=0.3989) | val_loss=0.8848 | val_stone_mae=0.1744 | val_stone_dom_acc=0.621 | 51s
14:08:00 | INFO |   [finetune] epoch 5/25 | train_total=1.1555 (comp=0.7641 aux=0.3914) | val_loss=0.8114 | val_stone_mae=0.1792 | val_stone_dom_acc=0.697 | 50s
14:08:51 | INFO |   [finetune] epoch 6/25 | train_total=1.1364 (comp=0.7428 aux=0.3936) | val_loss=0.8154 | val_stone_mae=0.1730 | val_stone_dom_acc=0.606 | 51s
14:09:42 | INFO |   [finetune] epoch 7/25 | train_total=1.1453 (comp=0.7559 aux=0.3894) | val_loss=0.7930 | val_stone_mae=0.1727 | val_stone_dom_acc=0.636 | 51s
14:10:32 | INFO |   [finetune] epoch 8/25 | train_total=1.1218 (comp=0.7436 aux=0.3781) | val_loss=0.9068 | val_stone_mae=0.1724 | val_stone_dom_acc=0.561 | 51s
14:11:23 | INFO |   [finetune] epoch 9/25 | train_total=1.0984 (comp=0.7258 aux=0.3726) | val_loss=0.7992 | val_stone_mae=0.1695 | val_stone_dom_acc=0.697 | 51s
14:12:14 | INFO |   [finetune] epoch 10/25 | train_total=1.0448 (comp=0.6850 aux=0.3598) | val_loss=0.7982 | val_stone_mae=0.1676 | val_stone_dom_acc=0.652 | 51s
14:13:05 | INFO |   [finetune] epoch 11/25 | train_total=1.0335 (comp=0.6745 aux=0.3591) | val_loss=0.7735 | val_stone_mae=0.1650 | val_stone_dom_acc=0.652 | 51s
14:13:57 | INFO |   [finetune] epoch 12/25 | train_total=0.9772 (comp=0.6282 aux=0.3490) | val_loss=0.7759 | val_stone_mae=0.1604 | val_stone_dom_acc=0.652 | 51s
14:14:48 | INFO |   [finetune] epoch 13/25 | train_total=0.9878 (comp=0.6328 aux=0.3550) | val_loss=0.7565 | val_stone_mae=0.1639 | val_stone_dom_acc=0.636 | 51s
14:15:40 | INFO |   [finetune] epoch 14/25 | train_total=0.9803 (comp=0.6387 aux=0.3416) | val_loss=0.7428 | val_stone_mae=0.1590 | val_stone_dom_acc=0.667 | 52s
14:16:31 | INFO |   [finetune] epoch 15/25 | train_total=0.9467 (comp=0.6060 aux=0.3406) | val_loss=0.7841 | val_stone_mae=0.1562 | val_stone_dom_acc=0.682 | 51s
14:17:23 | INFO |   [finetune] epoch 16/25 | train_total=0.9559 (comp=0.6086 aux=0.3473) | val_loss=0.7111 | val_stone_mae=0.1589 | val_stone_dom_acc=0.652 | 51s
14:18:13 | INFO |   [finetune] epoch 17/25 | train_total=0.9431 (comp=0.6125 aux=0.3306) | val_loss=0.7535 | val_stone_mae=0.1565 | val_stone_dom_acc=0.682 | 51s
14:19:04 | INFO |   [finetune] epoch 18/25 | train_total=0.9359 (comp=0.5987 aux=0.3372) | val_loss=0.7407 | val_stone_mae=0.1542 | val_stone_dom_acc=0.697 | 51s
14:19:55 | INFO |   [finetune] epoch 19/25 | train_total=0.8749 (comp=0.5551 aux=0.3198) | val_loss=0.7365 | val_stone_mae=0.1511 | val_stone_dom_acc=0.697 | 51s
14:20:46 | INFO |   [finetune] epoch 20/25 | train_total=0.8791 (comp=0.5578 aux=0.3213) | val_loss=0.6930 | val_stone_mae=0.1476 | val_stone_dom_acc=0.667 | 51s
14:21:37 | INFO |   [finetune] epoch 21/25 | train_total=0.8621 (comp=0.5475 aux=0.3146) | val_loss=0.7050 | val_stone_mae=0.1472 | val_stone_dom_acc=0.712 | 51s
14:22:28 | INFO |   [finetune] epoch 22/25 | train_total=0.8769 (comp=0.5541 aux=0.3228) | val_loss=0.7024 | val_stone_mae=0.1467 | val_stone_dom_acc=0.682 | 51s
14:23:19 | INFO |   [finetune] epoch 23/25 | train_total=0.8560 (comp=0.5462 aux=0.3097) | val_loss=0.7004 | val_stone_mae=0.1431 | val_stone_dom_acc=0.682 | 51s
14:24:09 | INFO |   [finetune] epoch 24/25 | train_total=0.8080 (comp=0.5048 aux=0.3032) | val_loss=0.6996 | val_stone_mae=0.1433 | val_stone_dom_acc=0.652 | 51s
14:25:00 | INFO |   [finetune] epoch 25/25 | train_total=0.7694 (comp=0.4780 aux=0.2915) | val_loss=0.6755 | val_stone_mae=0.1470 | val_stone_dom_acc=0.667 | 51s
14:25:00 | INFO | Fold 0 done. best_val_loss=0.6755 | stone_mae=0.1470 | stone_dom_acc=0.667 | stone_aitchison=10.9135
14:25:00 | INFO | === Fold 1 ===
14:25:01 | INFO | Built SimpleCompositionModel: resnet18 backbone + single shared head + presence detection head (11,309,130 params total)
14:25:01 | INFO | Fold 1 — Phase 1: frozen backbone, 5 epochs
14:25:01 | INFO |   Trainable params: 132,618
14:25:51 | INFO |   [frozen] epoch 1/5 | train_total=1.6542 (comp=1.1076 aux=0.5466) | val_loss=1.0579 | val_stone_mae=0.2334 | val_stone_dom_acc=0.500 | 51s
14:26:42 | INFO |   [frozen] epoch 2/5 | train_total=1.5135 (comp=1.0104 aux=0.5031) | val_loss=0.9741 | val_stone_mae=0.2203 | val_stone_dom_acc=0.515 | 50s
14:27:32 | INFO |   [frozen] epoch 3/5 | train_total=1.4284 (comp=0.9488 aux=0.4797) | val_loss=0.9318 | val_stone_mae=0.2025 | val_stone_dom_acc=0.545 | 50s
14:28:21 | INFO |   [frozen] epoch 4/5 | train_total=1.3906 (comp=0.9256 aux=0.4650) | val_loss=0.9626 | val_stone_mae=0.1970 | val_stone_dom_acc=0.500 | 50s
14:29:11 | INFO |   [frozen] epoch 5/5 | train_total=1.3579 (comp=0.9050 aux=0.4529) | val_loss=0.9625 | val_stone_mae=0.1903 | val_stone_dom_acc=0.515 | 50s
14:29:11 | INFO | Fold 1 — Phase 2: fine-tune, 25 epochs
14:29:11 | INFO |   Trainable params: 11,309,130
14:30:01 | INFO |   [finetune] epoch 1/25 | train_total=1.3408 (comp=0.8947 aux=0.4461) | val_loss=0.8801 | val_stone_mae=0.1892 | val_stone_dom_acc=0.545 | 50s
14:30:50 | INFO |   [finetune] epoch 2/25 | train_total=1.2969 (comp=0.8599 aux=0.4370) | val_loss=0.8747 | val_stone_mae=0.1803 | val_stone_dom_acc=0.561 | 50s
14:31:40 | INFO |   [finetune] epoch 3/25 | train_total=1.2445 (comp=0.8184 aux=0.4262) | val_loss=0.8329 | val_stone_mae=0.1768 | val_stone_dom_acc=0.591 | 50s
14:32:29 | INFO |   [finetune] epoch 4/25 | train_total=1.2123 (comp=0.7981 aux=0.4141) | val_loss=0.7919 | val_stone_mae=0.1775 | val_stone_dom_acc=0.545 | 49s
14:33:19 | INFO |   [finetune] epoch 5/25 | train_total=1.1710 (comp=0.7697 aux=0.4013) | val_loss=0.8568 | val_stone_mae=0.1761 | val_stone_dom_acc=0.591 | 49s
14:34:08 | INFO |   [finetune] epoch 6/25 | train_total=1.1625 (comp=0.7641 aux=0.3984) | val_loss=0.9920 | val_stone_mae=0.1722 | val_stone_dom_acc=0.530 | 49s
14:34:57 | INFO |   [finetune] epoch 7/25 | train_total=1.1543 (comp=0.7516 aux=0.4027) | val_loss=0.7858 | val_stone_mae=0.1723 | val_stone_dom_acc=0.636 | 49s
14:35:47 | INFO |   [finetune] epoch 8/25 | train_total=1.1091 (comp=0.7267 aux=0.3823) | val_loss=0.8418 | val_stone_mae=0.1679 | val_stone_dom_acc=0.545 | 50s
14:36:36 | INFO |   [finetune] epoch 9/25 | train_total=1.0750 (comp=0.6998 aux=0.3752) | val_loss=0.8499 | val_stone_mae=0.1689 | val_stone_dom_acc=0.606 | 50s
14:37:26 | INFO |   [finetune] epoch 10/25 | train_total=1.0269 (comp=0.6647 aux=0.3622) | val_loss=0.8686 | val_stone_mae=0.1644 | val_stone_dom_acc=0.621 | 50s
14:38:16 | INFO |   [finetune] epoch 11/25 | train_total=0.9882 (comp=0.6294 aux=0.3589) | val_loss=0.8014 | val_stone_mae=0.1644 | val_stone_dom_acc=0.621 | 50s
14:39:06 | INFO |   [finetune] epoch 12/25 | train_total=0.9925 (comp=0.6410 aux=0.3515) | val_loss=0.9014 | val_stone_mae=0.1665 | val_stone_dom_acc=0.561 | 50s
14:39:56 | INFO |   [finetune] epoch 13/25 | train_total=0.9574 (comp=0.6117 aux=0.3457) | val_loss=0.7830 | val_stone_mae=0.1609 | val_stone_dom_acc=0.652 | 50s
14:40:46 | INFO |   [finetune] epoch 14/25 | train_total=0.9420 (comp=0.6035 aux=0.3385) | val_loss=0.7923 | val_stone_mae=0.1562 | val_stone_dom_acc=0.606 | 50s
14:41:35 | INFO |   [finetune] epoch 15/25 | train_total=0.9533 (comp=0.6152 aux=0.3381) | val_loss=0.8659 | val_stone_mae=0.1617 | val_stone_dom_acc=0.606 | 50s
14:42:25 | INFO |   [finetune] epoch 16/25 | train_total=0.9303 (comp=0.5894 aux=0.3409) | val_loss=0.8381 | val_stone_mae=0.1567 | val_stone_dom_acc=0.636 | 50s
14:43:15 | INFO |   [finetune] epoch 17/25 | train_total=0.9108 (comp=0.5842 aux=0.3267) | val_loss=0.8848 | val_stone_mae=0.1601 | val_stone_dom_acc=0.606 | 49s
14:44:04 | INFO |   [finetune] epoch 18/25 | train_total=0.8709 (comp=0.5541 aux=0.3168) | val_loss=0.8649 | val_stone_mae=0.1591 | val_stone_dom_acc=0.606 | 50s
14:44:54 | INFO |   [finetune] epoch 19/25 | train_total=0.8796 (comp=0.5676 aux=0.3120) | val_loss=0.8186 | val_stone_mae=0.1559 | val_stone_dom_acc=0.636 | 50s
14:45:44 | INFO |   [finetune] epoch 20/25 | train_total=0.8817 (comp=0.5625 aux=0.3192) | val_loss=0.7718 | val_stone_mae=0.1490 | val_stone_dom_acc=0.697 | 49s
14:46:33 | INFO |   [finetune] epoch 21/25 | train_total=0.8645 (comp=0.5467 aux=0.3178) | val_loss=0.8103 | val_stone_mae=0.1546 | val_stone_dom_acc=0.652 | 49s
14:47:23 | INFO |   [finetune] epoch 22/25 | train_total=0.8458 (comp=0.5360 aux=0.3098) | val_loss=0.7725 | val_stone_mae=0.1501 | val_stone_dom_acc=0.682 | 49s
14:48:12 | INFO |   [finetune] epoch 23/25 | train_total=0.8201 (comp=0.5158 aux=0.3043) | val_loss=0.7873 | val_stone_mae=0.1461 | val_stone_dom_acc=0.727 | 49s
14:49:01 | INFO |   [finetune] epoch 24/25 | train_total=0.8448 (comp=0.5422 aux=0.3026) | val_loss=0.8930 | val_stone_mae=0.1563 | val_stone_dom_acc=0.621 | 49s
14:49:51 | INFO |   [finetune] epoch 25/25 | train_total=0.8045 (comp=0.5065 aux=0.2980) | val_loss=0.8007 | val_stone_mae=0.1445 | val_stone_dom_acc=0.682 | 50s
14:49:51 | INFO | Fold 1 done. best_val_loss=0.7718 | stone_mae=0.1490 | stone_dom_acc=0.697 | stone_aitchison=10.7387
14:49:51 | INFO | === Fold 2 ===
14:49:51 | INFO | Built SimpleCompositionModel: resnet18 backbone + single shared head + presence detection head (11,309,130 params total)
14:49:51 | INFO | Fold 2 — Phase 1: frozen backbone, 5 epochs
14:49:51 | INFO |   Trainable params: 132,618
14:50:41 | INFO |   [frozen] epoch 1/5 | train_total=1.6659 (comp=1.1214 aux=0.5445) | val_loss=1.0718 | val_stone_mae=0.2435 | val_stone_dom_acc=0.485 | 50s
14:51:31 | INFO |   [frozen] epoch 2/5 | train_total=1.4749 (comp=0.9794 aux=0.4955) | val_loss=1.0074 | val_stone_mae=0.2217 | val_stone_dom_acc=0.500 | 50s
14:52:21 | INFO |   [frozen] epoch 3/5 | train_total=1.4090 (comp=0.9299 aux=0.4791) | val_loss=0.9684 | val_stone_mae=0.2265 | val_stone_dom_acc=0.576 | 50s
14:53:10 | INFO |   [frozen] epoch 4/5 | train_total=1.4446 (comp=0.9647 aux=0.4799) | val_loss=0.9465 | val_stone_mae=0.2122 | val_stone_dom_acc=0.545 | 50s
14:54:00 | INFO |   [frozen] epoch 5/5 | train_total=1.3668 (comp=0.9103 aux=0.4565) | val_loss=0.9330 | val_stone_mae=0.2141 | val_stone_dom_acc=0.515 | 50s
14:54:00 | INFO | Fold 2 — Phase 2: fine-tune, 25 epochs
14:54:00 | INFO |   Trainable params: 11,309,130
14:54:50 | INFO |   [finetune] epoch 1/25 | train_total=1.3815 (comp=0.9254 aux=0.4561) | val_loss=0.9318 | val_stone_mae=0.2007 | val_stone_dom_acc=0.545 | 50s
14:55:40 | INFO |   [finetune] epoch 2/25 | train_total=1.3416 (comp=0.9008 aux=0.4408) | val_loss=0.8527 | val_stone_mae=0.1975 | val_stone_dom_acc=0.606 | 50s
14:56:30 | INFO |   [finetune] epoch 3/25 | train_total=1.2569 (comp=0.8350 aux=0.4220) | val_loss=0.8671 | val_stone_mae=0.1874 | val_stone_dom_acc=0.561 | 50s
14:57:20 | INFO |   [finetune] epoch 4/25 | train_total=1.2147 (comp=0.7961 aux=0.4186) | val_loss=0.8161 | val_stone_mae=0.1885 | val_stone_dom_acc=0.591 | 50s
14:58:10 | INFO |   [finetune] epoch 5/25 | train_total=1.1810 (comp=0.7759 aux=0.4051) | val_loss=0.7974 | val_stone_mae=0.1779 | val_stone_dom_acc=0.652 | 50s
14:59:00 | INFO |   [finetune] epoch 6/25 | train_total=1.1665 (comp=0.7691 aux=0.3974) | val_loss=0.8925 | val_stone_mae=0.1747 | val_stone_dom_acc=0.561 | 50s
14:59:50 | INFO |   [finetune] epoch 7/25 | train_total=1.1472 (comp=0.7535 aux=0.3937) | val_loss=0.7911 | val_stone_mae=0.1931 | val_stone_dom_acc=0.636 | 50s
15:00:39 | INFO |   [finetune] epoch 8/25 | train_total=1.1398 (comp=0.7525 aux=0.3873) | val_loss=0.7994 | val_stone_mae=0.1720 | val_stone_dom_acc=0.606 | 50s
15:01:29 | INFO |   [finetune] epoch 9/25 | train_total=1.0826 (comp=0.7069 aux=0.3757) | val_loss=0.7880 | val_stone_mae=0.1733 | val_stone_dom_acc=0.606 | 50s
15:02:19 | INFO |   [finetune] epoch 10/25 | train_total=1.0832 (comp=0.7103 aux=0.3730) | val_loss=0.7897 | val_stone_mae=0.1652 | val_stone_dom_acc=0.652 | 50s
15:03:09 | INFO |   [finetune] epoch 11/25 | train_total=1.0430 (comp=0.6758 aux=0.3671) | val_loss=0.7434 | val_stone_mae=0.1690 | val_stone_dom_acc=0.712 | 50s
15:03:59 | INFO |   [finetune] epoch 12/25 | train_total=1.0628 (comp=0.7016 aux=0.3612) | val_loss=0.7210 | val_stone_mae=0.1664 | val_stone_dom_acc=0.712 | 50s
15:04:49 | INFO |   [finetune] epoch 13/25 | train_total=1.0405 (comp=0.6824 aux=0.3582) | val_loss=0.7612 | val_stone_mae=0.1571 | val_stone_dom_acc=0.652 | 50s
15:05:39 | INFO |   [finetune] epoch 14/25 | train_total=1.0292 (comp=0.6710 aux=0.3582) | val_loss=0.7630 | val_stone_mae=0.1587 | val_stone_dom_acc=0.682 | 50s
15:06:30 | INFO |   [finetune] epoch 15/25 | train_total=1.0061 (comp=0.6529 aux=0.3533) | val_loss=0.7235 | val_stone_mae=0.1554 | val_stone_dom_acc=0.727 | 51s
15:07:20 | INFO |   [finetune] epoch 16/25 | train_total=0.9824 (comp=0.6413 aux=0.3411) | val_loss=0.7116 | val_stone_mae=0.1527 | val_stone_dom_acc=0.742 | 51s
15:08:11 | INFO |   [finetune] epoch 17/25 | train_total=0.9556 (comp=0.6179 aux=0.3377) | val_loss=0.6998 | val_stone_mae=0.1513 | val_stone_dom_acc=0.742 | 51s
15:09:02 | INFO |   [finetune] epoch 18/25 | train_total=0.9410 (comp=0.6070 aux=0.3341) | val_loss=0.7043 | val_stone_mae=0.1510 | val_stone_dom_acc=0.712 | 51s
15:09:52 | INFO |   [finetune] epoch 19/25 | train_total=0.9369 (comp=0.6039 aux=0.3331) | val_loss=0.6904 | val_stone_mae=0.1488 | val_stone_dom_acc=0.742 | 51s
15:10:43 | INFO |   [finetune] epoch 20/25 | train_total=0.8861 (comp=0.5705 aux=0.3156) | val_loss=0.6701 | val_stone_mae=0.1511 | val_stone_dom_acc=0.758 | 51s
15:11:33 | INFO |   [finetune] epoch 21/25 | train_total=0.8934 (comp=0.5741 aux=0.3193) | val_loss=0.7436 | val_stone_mae=0.1444 | val_stone_dom_acc=0.712 | 50s
15:12:24 | INFO |   [finetune] epoch 22/25 | train_total=0.9259 (comp=0.5976 aux=0.3283) | val_loss=0.6815 | val_stone_mae=0.1487 | val_stone_dom_acc=0.758 | 50s
15:13:14 | INFO |   [finetune] epoch 23/25 | train_total=0.9190 (comp=0.5886 aux=0.3304) | val_loss=0.7154 | val_stone_mae=0.1444 | val_stone_dom_acc=0.712 | 50s
15:14:04 | INFO |   [finetune] epoch 24/25 | train_total=0.8527 (comp=0.5412 aux=0.3115) | val_loss=0.7396 | val_stone_mae=0.1418 | val_stone_dom_acc=0.712 | 50s
15:14:55 | INFO |   [finetune] epoch 25/25 | train_total=0.8598 (comp=0.5489 aux=0.3109) | val_loss=0.6794 | val_stone_mae=0.1402 | val_stone_dom_acc=0.758 | 50s
15:14:55 | INFO | Fold 2 done. best_val_loss=0.6701 | stone_mae=0.1511 | stone_dom_acc=0.758 | stone_aitchison=10.7694
15:14:55 | INFO | === Fold 3 ===
15:14:55 | INFO | Built SimpleCompositionModel: resnet18 backbone + single shared head + presence detection head (11,309,130 params total)
15:14:55 | INFO | Fold 3 — Phase 1: frozen backbone, 5 epochs
15:14:55 | INFO |   Trainable params: 132,618
15:15:46 | INFO |   [frozen] epoch 1/5 | train_total=1.6503 (comp=1.1043 aux=0.5460) | val_loss=0.9626 | val_stone_mae=0.2202 | val_stone_dom_acc=0.508 | 50s
15:16:36 | INFO |   [frozen] epoch 2/5 | train_total=1.4841 (comp=0.9923 aux=0.4918) | val_loss=0.9017 | val_stone_mae=0.2069 | val_stone_dom_acc=0.615 | 50s
15:17:26 | INFO |   [frozen] epoch 3/5 | train_total=1.4266 (comp=0.9526 aux=0.4740) | val_loss=0.9179 | val_stone_mae=0.1856 | val_stone_dom_acc=0.569 | 50s
15:18:16 | INFO |   [frozen] epoch 4/5 | train_total=1.3704 (comp=0.9118 aux=0.4586) | val_loss=0.8734 | val_stone_mae=0.1847 | val_stone_dom_acc=0.631 | 50s
15:19:05 | INFO |   [frozen] epoch 5/5 | train_total=1.3589 (comp=0.9046 aux=0.4543) | val_loss=0.8865 | val_stone_mae=0.1998 | val_stone_dom_acc=0.615 | 49s
15:19:05 | INFO | Fold 3 — Phase 2: fine-tune, 25 epochs
15:19:05 | INFO |   Trainable params: 11,309,130
15:19:55 | INFO |   [finetune] epoch 1/25 | train_total=1.3413 (comp=0.8976 aux=0.4438) | val_loss=0.8934 | val_stone_mae=0.1774 | val_stone_dom_acc=0.631 | 50s
15:20:44 | INFO |   [finetune] epoch 2/25 | train_total=1.2804 (comp=0.8530 aux=0.4274) | val_loss=0.8785 | val_stone_mae=0.1738 | val_stone_dom_acc=0.538 | 49s
15:21:34 | INFO |   [finetune] epoch 3/25 | train_total=1.2660 (comp=0.8490 aux=0.4170) | val_loss=0.7978 | val_stone_mae=0.1721 | val_stone_dom_acc=0.662 | 49s
15:22:23 | INFO |   [finetune] epoch 4/25 | train_total=1.2013 (comp=0.7968 aux=0.4045) | val_loss=0.7772 | val_stone_mae=0.1703 | val_stone_dom_acc=0.692 | 49s
15:23:12 | INFO |   [finetune] epoch 5/25 | train_total=1.1852 (comp=0.7823 aux=0.4030) | val_loss=0.8120 | val_stone_mae=0.1656 | val_stone_dom_acc=0.677 | 49s
15:24:02 | INFO |   [finetune] epoch 6/25 | train_total=1.1637 (comp=0.7682 aux=0.3955) | val_loss=0.7836 | val_stone_mae=0.1637 | val_stone_dom_acc=0.692 | 50s
15:24:51 | INFO |   [finetune] epoch 7/25 | train_total=1.1220 (comp=0.7378 aux=0.3843) | val_loss=0.7833 | val_stone_mae=0.1647 | val_stone_dom_acc=0.692 | 50s
15:25:41 | INFO |   [finetune] epoch 8/25 | train_total=1.1023 (comp=0.7255 aux=0.3768) | val_loss=0.7960 | val_stone_mae=0.1559 | val_stone_dom_acc=0.662 | 50s
15:26:30 | INFO |   [finetune] epoch 9/25 | train_total=1.0557 (comp=0.6872 aux=0.3685) | val_loss=0.8166 | val_stone_mae=0.1532 | val_stone_dom_acc=0.723 | 49s
15:27:20 | INFO |   [finetune] epoch 10/25 | train_total=1.0535 (comp=0.6934 aux=0.3601) | val_loss=0.7242 | val_stone_mae=0.1564 | val_stone_dom_acc=0.723 | 49s
15:28:10 | INFO |   [finetune] epoch 11/25 | train_total=1.0049 (comp=0.6531 aux=0.3519) | val_loss=0.7121 | val_stone_mae=0.1591 | val_stone_dom_acc=0.723 | 50s
15:29:00 | INFO |   [finetune] epoch 12/25 | train_total=0.9685 (comp=0.6296 aux=0.3389) | val_loss=0.7417 | val_stone_mae=0.1490 | val_stone_dom_acc=0.662 | 50s
15:29:50 | INFO |   [finetune] epoch 13/25 | train_total=0.9873 (comp=0.6409 aux=0.3464) | val_loss=0.6997 | val_stone_mae=0.1539 | val_stone_dom_acc=0.708 | 50s
15:30:39 | INFO |   [finetune] epoch 14/25 | train_total=0.9981 (comp=0.6608 aux=0.3373) | val_loss=0.7400 | val_stone_mae=0.1504 | val_stone_dom_acc=0.723 | 50s
15:31:29 | INFO |   [finetune] epoch 15/25 | train_total=0.9644 (comp=0.6240 aux=0.3403) | val_loss=0.7719 | val_stone_mae=0.1523 | val_stone_dom_acc=0.646 | 50s
15:32:19 | INFO |   [finetune] epoch 16/25 | train_total=0.9395 (comp=0.6030 aux=0.3365) | val_loss=0.7302 | val_stone_mae=0.1567 | val_stone_dom_acc=0.692 | 50s
15:33:08 | INFO |   [finetune] epoch 17/25 | train_total=0.9213 (comp=0.5962 aux=0.3251) | val_loss=0.7647 | val_stone_mae=0.1440 | val_stone_dom_acc=0.692 | 50s
15:33:58 | INFO |   [finetune] epoch 18/25 | train_total=0.8723 (comp=0.5616 aux=0.3107) | val_loss=0.7021 | val_stone_mae=0.1554 | val_stone_dom_acc=0.692 | 50s
15:34:47 | INFO |   [finetune] epoch 19/25 | train_total=0.8865 (comp=0.5679 aux=0.3185) | val_loss=0.7485 | val_stone_mae=0.1495 | val_stone_dom_acc=0.723 | 50s
15:35:37 | INFO |   [finetune] epoch 20/25 | train_total=0.8893 (comp=0.5713 aux=0.3179) | val_loss=0.7383 | val_stone_mae=0.1439 | val_stone_dom_acc=0.692 | 50s
15:35:37 | INFO |   Early stopping (no improvement for 7 epochs)
15:35:37 | INFO | Fold 3 done. best_val_loss=0.6997 | stone_mae=0.1539 | stone_dom_acc=0.708 | stone_aitchison=11.3524
15:35:37 | INFO | === Fold 4 ===
15:35:37 | INFO | Built SimpleCompositionModel: resnet18 backbone + single shared head + presence detection head (11,309,130 params total)
15:35:37 | INFO | Fold 4 — Phase 1: frozen backbone, 5 epochs
15:35:37 | INFO |   Trainable params: 132,618
15:36:28 | INFO |   [frozen] epoch 1/5 | train_total=1.6766 (comp=1.1433 aux=0.5333) | val_loss=1.0389 | val_stone_mae=0.2432 | val_stone_dom_acc=0.446 | 50s
15:37:18 | INFO |   [frozen] epoch 2/5 | train_total=1.4939 (comp=1.0127 aux=0.4813) | val_loss=0.9164 | val_stone_mae=0.2122 | val_stone_dom_acc=0.585 | 50s
15:38:09 | INFO |   [frozen] epoch 3/5 | train_total=1.4541 (comp=0.9900 aux=0.4641) | val_loss=0.8985 | val_stone_mae=0.2052 | val_stone_dom_acc=0.554 | 51s
15:38:59 | INFO |   [frozen] epoch 4/5 | train_total=1.3820 (comp=0.9316 aux=0.4505) | val_loss=0.8959 | val_stone_mae=0.2025 | val_stone_dom_acc=0.538 | 50s
15:39:49 | INFO |   [frozen] epoch 5/5 | train_total=1.3775 (comp=0.9275 aux=0.4500) | val_loss=0.9000 | val_stone_mae=0.1942 | val_stone_dom_acc=0.523 | 50s
15:39:49 | INFO | Fold 4 — Phase 2: fine-tune, 25 epochs
15:39:49 | INFO |   Trainable params: 11,309,130
15:40:38 | INFO |   [finetune] epoch 1/25 | train_total=1.3567 (comp=0.9165 aux=0.4403) | val_loss=0.8916 | val_stone_mae=0.1876 | val_stone_dom_acc=0.523 | 50s
15:41:28 | INFO |   [finetune] epoch 2/25 | train_total=1.2874 (comp=0.8680 aux=0.4194) | val_loss=0.8245 | val_stone_mae=0.1842 | val_stone_dom_acc=0.569 | 50s
15:42:18 | INFO |   [finetune] epoch 3/25 | train_total=1.2417 (comp=0.8337 aux=0.4081) | val_loss=0.8658 | val_stone_mae=0.1737 | val_stone_dom_acc=0.569 | 50s
15:43:09 | INFO |   [finetune] epoch 4/25 | train_total=1.2393 (comp=0.8338 aux=0.4054) | val_loss=0.8566 | val_stone_mae=0.1753 | val_stone_dom_acc=0.538 | 50s
15:43:59 | INFO |   [finetune] epoch 5/25 | train_total=1.1816 (comp=0.7843 aux=0.3973) | val_loss=0.8782 | val_stone_mae=0.1741 | val_stone_dom_acc=0.554 | 50s
15:44:49 | INFO |   [finetune] epoch 6/25 | train_total=1.1435 (comp=0.7604 aux=0.3831) | val_loss=0.8015 | val_stone_mae=0.1711 | val_stone_dom_acc=0.569 | 50s
15:45:40 | INFO |   [finetune] epoch 7/25 | train_total=1.1215 (comp=0.7422 aux=0.3792) | val_loss=0.8283 | val_stone_mae=0.1700 | val_stone_dom_acc=0.585 | 50s
15:46:30 | INFO |   [finetune] epoch 8/25 | train_total=1.1054 (comp=0.7245 aux=0.3808) | val_loss=0.8417 | val_stone_mae=0.1696 | val_stone_dom_acc=0.554 | 50s
15:47:20 | INFO |   [finetune] epoch 9/25 | train_total=1.0741 (comp=0.6999 aux=0.3741) | val_loss=0.8824 | val_stone_mae=0.1655 | val_stone_dom_acc=0.569 | 50s
15:48:11 | INFO |   [finetune] epoch 10/25 | train_total=1.0412 (comp=0.6835 aux=0.3577) | val_loss=0.8449 | val_stone_mae=0.1645 | val_stone_dom_acc=0.585 | 50s
15:49:01 | INFO |   [finetune] epoch 11/25 | train_total=0.9971 (comp=0.6477 aux=0.3493) | val_loss=0.8813 | val_stone_mae=0.1680 | val_stone_dom_acc=0.569 | 50s
15:49:51 | INFO |   [finetune] epoch 12/25 | train_total=1.0194 (comp=0.6659 aux=0.3535) | val_loss=0.8475 | val_stone_mae=0.1622 | val_stone_dom_acc=0.585 | 50s
15:50:41 | INFO |   [finetune] epoch 13/25 | train_total=0.9810 (comp=0.6370 aux=0.3440) | val_loss=0.7776 | val_stone_mae=0.1656 | val_stone_dom_acc=0.600 | 50s
15:51:32 | INFO |   [finetune] epoch 14/25 | train_total=0.9483 (comp=0.6066 aux=0.3418) | val_loss=0.7849 | val_stone_mae=0.1588 | val_stone_dom_acc=0.600 | 50s
15:52:22 | INFO |   [finetune] epoch 15/25 | train_total=0.9442 (comp=0.6112 aux=0.3329) | val_loss=0.8145 | val_stone_mae=0.1613 | val_stone_dom_acc=0.600 | 50s
15:53:12 | INFO |   [finetune] epoch 16/25 | train_total=0.9255 (comp=0.5993 aux=0.3262) | val_loss=0.7481 | val_stone_mae=0.1559 | val_stone_dom_acc=0.615 | 50s
15:54:03 | INFO |   [finetune] epoch 17/25 | train_total=0.9054 (comp=0.5786 aux=0.3267) | val_loss=0.7384 | val_stone_mae=0.1502 | val_stone_dom_acc=0.662 | 50s
15:54:53 | INFO |   [finetune] epoch 18/25 | train_total=0.8957 (comp=0.5722 aux=0.3235) | val_loss=0.8278 | val_stone_mae=0.1552 | val_stone_dom_acc=0.600 | 50s
15:55:43 | INFO |   [finetune] epoch 19/25 | train_total=0.8956 (comp=0.5827 aux=0.3128) | val_loss=0.7614 | val_stone_mae=0.1496 | val_stone_dom_acc=0.631 | 50s
15:56:34 | INFO |   [finetune] epoch 20/25 | train_total=0.8960 (comp=0.5761 aux=0.3199) | val_loss=0.7245 | val_stone_mae=0.1486 | val_stone_dom_acc=0.631 | 50s
15:57:24 | INFO |   [finetune] epoch 21/25 | train_total=0.8190 (comp=0.5148 aux=0.3042) | val_loss=0.7145 | val_stone_mae=0.1462 | val_stone_dom_acc=0.677 | 50s
15:58:14 | INFO |   [finetune] epoch 22/25 | train_total=0.8666 (comp=0.5567 aux=0.3100) | val_loss=0.7760 | val_stone_mae=0.1495 | val_stone_dom_acc=0.615 | 50s
15:59:04 | INFO |   [finetune] epoch 23/25 | train_total=0.8283 (comp=0.5281 aux=0.3002) | val_loss=0.7067 | val_stone_mae=0.1458 | val_stone_dom_acc=0.692 | 50s
15:59:55 | INFO |   [finetune] epoch 24/25 | train_total=0.7996 (comp=0.5126 aux=0.2870) | val_loss=0.7488 | val_stone_mae=0.1458 | val_stone_dom_acc=0.662 | 50s
16:00:45 | INFO |   [finetune] epoch 25/25 | train_total=0.7917 (comp=0.5024 aux=0.2893) | val_loss=0.7228 | val_stone_mae=0.1463 | val_stone_dom_acc=0.631 | 50s
16:00:45 | INFO | Fold 4 done. best_val_loss=0.7067 | stone_mae=0.1458 | stone_dom_acc=0.692 | stone_aitchison=10.9432
16:00:45 | INFO | Cross-fold results:
16:00:45 | INFO |   best_stone_mae_overall: 0.1494 ± 0.0032
16:00:45 | INFO |   best_stone_dominant_acc: 0.7042 ± 0.0334
16:00:45 | INFO |   best_stone_aitchison: 10.9434 ± 0.2451
16:00:45 | INFO | === Held-out test set evaluation ===
16:00:45 | INFO | Built SimpleCompositionModel: resnet18 backbone + single shared head + presence detection head (11,309,130 params total)
16:01:02 | INFO |   Fold 0 test: stone_mae=0.1648 | stone_dom_acc=0.622 | stone_aitchison=11.3019
16:01:03 | INFO | Built SimpleCompositionModel: resnet18 backbone + single shared head + presence detection head (11,309,130 params total)
16:01:19 | INFO |   Fold 1 test: stone_mae=0.1568 | stone_dom_acc=0.646 | stone_aitchison=11.0842
16:01:20 | INFO | Built SimpleCompositionModel: resnet18 backbone + single shared head + presence detection head (11,309,130 params total)
16:01:36 | INFO |   Fold 2 test: stone_mae=0.1703 | stone_dom_acc=0.610 | stone_aitchison=11.3845
16:01:37 | INFO | Built SimpleCompositionModel: resnet18 backbone + single shared head + presence detection head (11,309,130 params total)
16:01:53 | INFO |   Fold 3 test: stone_mae=0.1690 | stone_dom_acc=0.598 | stone_aitchison=11.3237
16:01:54 | INFO | Built SimpleCompositionModel: resnet18 backbone + single shared head + presence detection head (11,309,130 params total)
16:02:10 | INFO |   Fold 4 test: stone_mae=0.1612 | stone_dom_acc=0.634 | stone_aitchison=11.0797
16:02:10 | INFO | Test set summary (mean ± std across folds):
16:02:10 | INFO |   stone_mae_overall: 0.1644 ± 0.0056
16:02:10 | INFO |   stone_dominant_acc: 0.6220 ± 0.0193
16:02:10 | INFO |   stone_aitchison: 11.2348 ± 0.1428
