16:52:17 | INFO | Device: cuda
16:52:17 | INFO | cuDNN benchmark enabled
16:52:20 | INFO | Skipped 21 rows with no composition data
16:52:20 | INFO | Recomputed labels at 100.0% threshold: 546 pure / 696 mixed (414 stones)
16:52:20 | WARNING | Skipped 2 rows whose image files are missing
16:52:20 | INFO | Built 1240 samples from 414 stones
16:52:20 | INFO | Test holdout: 83 stones (36 pure / 47 mixed, 248 images). Train+val pool: 331 stones (992 images).
16:52:20 | INFO |   Fold 0: train=264 stones (116 pure / 148 mixed, 792 images), val=67 stones (30 pure / 37 mixed, 200 images)
16:52:20 | INFO |   Fold 1: train=265 stones (117 pure / 148 mixed, 794 images), val=66 stones (29 pure / 37 mixed, 198 images)
16:52:20 | INFO |   Fold 2: train=265 stones (117 pure / 148 mixed, 794 images), val=66 stones (29 pure / 37 mixed, 198 images)
16:52:20 | INFO |   Fold 3: train=265 stones (117 pure / 148 mixed, 794 images), val=66 stones (29 pure / 37 mixed, 198 images)
16:52:20 | INFO |   Fold 4: train=265 stones (117 pure / 148 mixed, 794 images), val=66 stones (29 pure / 37 mixed, 198 images)
16:52:20 | INFO | Config snapshot saved to /gpfs/home3/ddboer/umc_thesis/outputs/checkpoints/binary/config_snapshot.yaml
16:52:20 | INFO | Built resnet18 (11,177,538 params total). Pretrained weights: IMAGENET1K_V1
16:52:21 | INFO | Fold 0 class weights — pure: 1.138  mixed: 0.892
16:52:21 | INFO | Fold 0 — Phase 1: frozen backbone, 5 epochs
16:52:21 | INFO |   Trainable params: 1,026
16:53:12 | INFO |   [frozen] epoch 1/5 | train_loss=0.8122 | val_loss=0.7360 | val_stone_acc=0.567 | val_stone_f1=0.718 | 51s
16:54:02 | INFO |   [frozen] epoch 2/5 | train_loss=0.8130 | val_loss=0.6729 | val_stone_acc=0.672 | val_stone_f1=0.756 | 50s
16:54:53 | INFO |   [frozen] epoch 3/5 | train_loss=0.7482 | val_loss=0.6661 | val_stone_acc=0.537 | val_stone_f1=0.367 | 50s
16:55:43 | INFO |   [frozen] epoch 4/5 | train_loss=0.7334 | val_loss=0.6562 | val_stone_acc=0.687 | val_stone_f1=0.741 | 50s
16:56:34 | INFO |   [frozen] epoch 5/5 | train_loss=0.7407 | val_loss=0.6592 | val_stone_acc=0.672 | val_stone_f1=0.744 | 51s
16:56:34 | INFO |   Trainable params: 11,177,538
16:57:24 | INFO |   [finetune] epoch 1/20 | train_loss=0.7198 | val_loss=0.6457 | val_stone_acc=0.597 | val_stone_f1=0.609 | 51s
16:58:15 | INFO |   [finetune] epoch 2/20 | train_loss=0.6861 | val_loss=0.6316 | val_stone_acc=0.627 | val_stone_f1=0.684 | 50s
16:59:05 | INFO |   [finetune] epoch 3/20 | train_loss=0.6732 | val_loss=0.6657 | val_stone_acc=0.507 | val_stone_f1=0.327 | 50s
16:59:56 | INFO |   [finetune] epoch 4/20 | train_loss=0.6613 | val_loss=0.6131 | val_stone_acc=0.701 | val_stone_f1=0.744 | 51s
17:00:46 | INFO |   [finetune] epoch 5/20 | train_loss=0.6324 | val_loss=0.6188 | val_stone_acc=0.642 | val_stone_f1=0.636 | 51s
17:01:37 | INFO |   [finetune] epoch 6/20 | train_loss=0.6608 | val_loss=0.6166 | val_stone_acc=0.627 | val_stone_f1=0.627 | 51s
17:02:28 | INFO |   [finetune] epoch 7/20 | train_loss=0.6508 | val_loss=0.6306 | val_stone_acc=0.567 | val_stone_f1=0.508 | 51s
17:03:19 | INFO |   [finetune] epoch 8/20 | train_loss=0.6351 | val_loss=0.6364 | val_stone_acc=0.537 | val_stone_f1=0.475 | 51s
17:04:10 | INFO |   [finetune] epoch 9/20 | train_loss=0.6353 | val_loss=0.6287 | val_stone_acc=0.552 | val_stone_f1=0.571 | 51s
17:05:01 | INFO |   [finetune] epoch 10/20 | train_loss=0.6257 | val_loss=0.6272 | val_stone_acc=0.642 | val_stone_f1=0.684 | 51s
17:05:52 | INFO |   [finetune] epoch 11/20 | train_loss=0.6059 | val_loss=0.6308 | val_stone_acc=0.701 | val_stone_f1=0.767 | 51s
17:05:52 | INFO |   Early stopping (no improvement for 7 epochs)
17:05:52 | INFO | Fold 0 done. Best val_loss=0.6131 at epoch 8
17:05:53 | INFO | Built resnet18 (11,177,538 params total). Pretrained weights: IMAGENET1K_V1
17:05:53 | INFO | Fold 1 class weights — pure: 1.134  mixed: 0.894
17:05:53 | INFO | Fold 1 — Phase 1: frozen backbone, 5 epochs
17:05:53 | INFO |   Trainable params: 1,026
17:06:42 | INFO |   [frozen] epoch 1/5 | train_loss=0.8075 | val_loss=0.6979 | val_stone_acc=0.576 | val_stone_f1=0.674 | 50s
17:07:32 | INFO |   [frozen] epoch 2/5 | train_loss=0.7852 | val_loss=0.7298 | val_stone_acc=0.530 | val_stone_f1=0.617 | 50s
17:08:21 | INFO |   [frozen] epoch 3/5 | train_loss=0.7268 | val_loss=0.7438 | val_stone_acc=0.439 | val_stone_f1=0.327 | 50s
17:09:11 | INFO |   [frozen] epoch 4/5 | train_loss=0.7327 | val_loss=0.6998 | val_stone_acc=0.470 | val_stone_f1=0.533 | 50s
17:10:01 | INFO |   [frozen] epoch 5/5 | train_loss=0.7183 | val_loss=0.6881 | val_stone_acc=0.485 | val_stone_f1=0.553 | 50s
17:10:01 | INFO |   Trainable params: 11,177,538
17:10:50 | INFO |   [finetune] epoch 1/20 | train_loss=0.7490 | val_loss=0.7043 | val_stone_acc=0.561 | val_stone_f1=0.453 | 50s
17:11:40 | INFO |   [finetune] epoch 2/20 | train_loss=0.6720 | val_loss=0.6735 | val_stone_acc=0.545 | val_stone_f1=0.516 | 50s
17:12:30 | INFO |   [finetune] epoch 3/20 | train_loss=0.6689 | val_loss=0.6592 | val_stone_acc=0.621 | val_stone_f1=0.667 | 50s
17:13:19 | INFO |   [finetune] epoch 4/20 | train_loss=0.6542 | val_loss=0.6645 | val_stone_acc=0.530 | val_stone_f1=0.551 | 50s
17:14:09 | INFO |   [finetune] epoch 5/20 | train_loss=0.6604 | val_loss=0.6766 | val_stone_acc=0.561 | val_stone_f1=0.491 | 50s
17:14:59 | INFO |   [finetune] epoch 6/20 | train_loss=0.6345 | val_loss=0.6735 | val_stone_acc=0.545 | val_stone_f1=0.483 | 50s
17:15:48 | INFO |   [finetune] epoch 7/20 | train_loss=0.6272 | val_loss=0.6537 | val_stone_acc=0.636 | val_stone_f1=0.636 | 50s
17:16:38 | INFO |   [finetune] epoch 8/20 | train_loss=0.6068 | val_loss=0.6716 | val_stone_acc=0.606 | val_stone_f1=0.552 | 50s
17:17:27 | INFO |   [finetune] epoch 9/20 | train_loss=0.5935 | val_loss=0.6516 | val_stone_acc=0.636 | val_stone_f1=0.667 | 50s
17:18:17 | INFO |   [finetune] epoch 10/20 | train_loss=0.6556 | val_loss=0.6539 | val_stone_acc=0.636 | val_stone_f1=0.625 | 50s
17:19:07 | INFO |   [finetune] epoch 11/20 | train_loss=0.5871 | val_loss=0.6606 | val_stone_acc=0.636 | val_stone_f1=0.600 | 50s
17:19:56 | INFO |   [finetune] epoch 12/20 | train_loss=0.5881 | val_loss=0.6519 | val_stone_acc=0.621 | val_stone_f1=0.615 | 50s
17:20:46 | INFO |   [finetune] epoch 13/20 | train_loss=0.5770 | val_loss=0.6374 | val_stone_acc=0.621 | val_stone_f1=0.638 | 50s
17:21:36 | INFO |   [finetune] epoch 14/20 | train_loss=0.5745 | val_loss=0.6422 | val_stone_acc=0.621 | val_stone_f1=0.615 | 50s
17:22:26 | INFO |   [finetune] epoch 15/20 | train_loss=0.5787 | val_loss=0.6293 | val_stone_acc=0.652 | val_stone_f1=0.685 | 50s
17:23:15 | INFO |   [finetune] epoch 16/20 | train_loss=0.5508 | val_loss=0.6519 | val_stone_acc=0.652 | val_stone_f1=0.716 | 50s
17:24:05 | INFO |   [finetune] epoch 17/20 | train_loss=0.5785 | val_loss=0.6354 | val_stone_acc=0.667 | val_stone_f1=0.694 | 50s
17:24:55 | INFO |   [finetune] epoch 18/20 | train_loss=0.5417 | val_loss=0.6798 | val_stone_acc=0.591 | val_stone_f1=0.557 | 50s
17:25:45 | INFO |   [finetune] epoch 19/20 | train_loss=0.5379 | val_loss=0.6456 | val_stone_acc=0.636 | val_stone_f1=0.647 | 50s
17:26:35 | INFO |   [finetune] epoch 20/20 | train_loss=0.5448 | val_loss=0.6686 | val_stone_acc=0.606 | val_stone_f1=0.606 | 50s
17:26:35 | INFO | Fold 1 done. Best val_loss=0.6293 at epoch 19
17:26:35 | INFO | Built resnet18 (11,177,538 params total). Pretrained weights: IMAGENET1K_V1
17:26:35 | INFO | Fold 2 class weights — pure: 1.134  mixed: 0.894
17:26:35 | INFO | Fold 2 — Phase 1: frozen backbone, 5 epochs
17:26:35 | INFO |   Trainable params: 1,026
17:27:25 | INFO |   [frozen] epoch 1/5 | train_loss=0.7678 | val_loss=0.6681 | val_stone_acc=0.561 | val_stone_f1=0.383 | 50s
17:28:15 | INFO |   [frozen] epoch 2/5 | train_loss=0.7611 | val_loss=0.6699 | val_stone_acc=0.545 | val_stone_f1=0.318 | 50s
17:29:04 | INFO |   [frozen] epoch 3/5 | train_loss=0.7293 | val_loss=0.6457 | val_stone_acc=0.576 | val_stone_f1=0.462 | 49s
17:29:54 | INFO |   [frozen] epoch 4/5 | train_loss=0.7192 | val_loss=0.6321 | val_stone_acc=0.621 | val_stone_f1=0.545 | 49s
17:30:44 | INFO |   [frozen] epoch 5/5 | train_loss=0.7260 | val_loss=0.6394 | val_stone_acc=0.530 | val_stone_f1=0.340 | 50s
17:30:44 | INFO |   Trainable params: 11,177,538
17:31:33 | INFO |   [finetune] epoch 1/20 | train_loss=0.7043 | val_loss=0.6520 | val_stone_acc=0.545 | val_stone_f1=0.318 | 50s
17:32:23 | INFO |   [finetune] epoch 2/20 | train_loss=0.6989 | val_loss=0.5994 | val_stone_acc=0.727 | val_stone_f1=0.775 | 50s
17:33:13 | INFO |   [finetune] epoch 3/20 | train_loss=0.6750 | val_loss=0.5890 | val_stone_acc=0.742 | val_stone_f1=0.773 | 50s
17:34:03 | INFO |   [finetune] epoch 4/20 | train_loss=0.6725 | val_loss=0.5991 | val_stone_acc=0.773 | val_stone_f1=0.810 | 50s
17:34:53 | INFO |   [finetune] epoch 5/20 | train_loss=0.6603 | val_loss=0.6239 | val_stone_acc=0.591 | val_stone_f1=0.509 | 50s
17:35:42 | INFO |   [finetune] epoch 6/20 | train_loss=0.6499 | val_loss=0.5946 | val_stone_acc=0.591 | val_stone_f1=0.557 | 50s
17:36:33 | INFO |   [finetune] epoch 7/20 | train_loss=0.6298 | val_loss=0.5820 | val_stone_acc=0.727 | val_stone_f1=0.757 | 50s
17:37:23 | INFO |   [finetune] epoch 8/20 | train_loss=0.6487 | val_loss=0.6067 | val_stone_acc=0.591 | val_stone_f1=0.509 | 50s
17:38:13 | INFO |   [finetune] epoch 9/20 | train_loss=0.6401 | val_loss=0.6070 | val_stone_acc=0.606 | val_stone_f1=0.552 | 50s
17:39:02 | INFO |   [finetune] epoch 10/20 | train_loss=0.6091 | val_loss=0.6041 | val_stone_acc=0.803 | val_stone_f1=0.843 | 50s
17:39:52 | INFO |   [finetune] epoch 11/20 | train_loss=0.6135 | val_loss=0.6166 | val_stone_acc=0.591 | val_stone_f1=0.526 | 50s
17:40:42 | INFO |   [finetune] epoch 12/20 | train_loss=0.6151 | val_loss=0.5963 | val_stone_acc=0.606 | val_stone_f1=0.581 | 50s
17:41:31 | INFO |   [finetune] epoch 13/20 | train_loss=0.5973 | val_loss=0.5857 | val_stone_acc=0.773 | val_stone_f1=0.805 | 50s
17:42:21 | INFO |   [finetune] epoch 14/20 | train_loss=0.5893 | val_loss=0.6177 | val_stone_acc=0.576 | val_stone_f1=0.533 | 50s
17:42:21 | INFO |   Early stopping (no improvement for 7 epochs)
17:42:21 | INFO | Fold 2 done. Best val_loss=0.5820 at epoch 11
17:42:21 | INFO | Built resnet18 (11,177,538 params total). Pretrained weights: IMAGENET1K_V1
17:42:21 | INFO | Fold 3 class weights — pure: 1.134  mixed: 0.894
17:42:21 | INFO | Fold 3 — Phase 1: frozen backbone, 5 epochs
17:42:21 | INFO |   Trainable params: 1,026
17:43:11 | INFO |   [frozen] epoch 1/5 | train_loss=0.8067 | val_loss=0.7127 | val_stone_acc=0.591 | val_stone_f1=0.733 | 50s
17:44:01 | INFO |   [frozen] epoch 2/5 | train_loss=0.7659 | val_loss=0.6747 | val_stone_acc=0.606 | val_stone_f1=0.658 | 50s
17:44:51 | INFO |   [frozen] epoch 3/5 | train_loss=0.7204 | val_loss=0.6679 | val_stone_acc=0.652 | val_stone_f1=0.635 | 50s
17:45:41 | INFO |   [frozen] epoch 4/5 | train_loss=0.7125 | val_loss=0.6621 | val_stone_acc=0.621 | val_stone_f1=0.684 | 50s
17:46:31 | INFO |   [frozen] epoch 5/5 | train_loss=0.7170 | val_loss=0.6638 | val_stone_acc=0.652 | val_stone_f1=0.623 | 50s
17:46:31 | INFO |   Trainable params: 11,177,538
17:47:21 | INFO |   [finetune] epoch 1/20 | train_loss=0.7480 | val_loss=0.6447 | val_stone_acc=0.652 | val_stone_f1=0.685 | 50s
17:48:11 | INFO |   [finetune] epoch 2/20 | train_loss=0.7071 | val_loss=0.6641 | val_stone_acc=0.667 | val_stone_f1=0.756 | 50s
17:49:01 | INFO |   [finetune] epoch 3/20 | train_loss=0.6972 | val_loss=0.6735 | val_stone_acc=0.621 | val_stone_f1=0.561 | 50s
17:49:50 | INFO |   [finetune] epoch 4/20 | train_loss=0.6346 | val_loss=0.6558 | val_stone_acc=0.652 | val_stone_f1=0.635 | 50s
17:50:40 | INFO |   [finetune] epoch 5/20 | train_loss=0.6561 | val_loss=0.6429 | val_stone_acc=0.682 | val_stone_f1=0.704 | 50s
17:51:30 | INFO |   [finetune] epoch 6/20 | train_loss=0.6486 | val_loss=0.6346 | val_stone_acc=0.682 | val_stone_f1=0.704 | 50s
17:52:19 | INFO |   [finetune] epoch 7/20 | train_loss=0.6369 | val_loss=0.6402 | val_stone_acc=0.621 | val_stone_f1=0.576 | 49s
17:53:09 | INFO |   [finetune] epoch 8/20 | train_loss=0.6282 | val_loss=0.6197 | val_stone_acc=0.667 | val_stone_f1=0.656 | 50s
17:53:58 | INFO |   [finetune] epoch 9/20 | train_loss=0.5922 | val_loss=0.6290 | val_stone_acc=0.636 | val_stone_f1=0.613 | 50s
17:54:48 | INFO |   [finetune] epoch 10/20 | train_loss=0.6180 | val_loss=0.6283 | val_stone_acc=0.697 | val_stone_f1=0.756 | 50s
17:55:38 | INFO |   [finetune] epoch 11/20 | train_loss=0.6146 | val_loss=0.6395 | val_stone_acc=0.621 | val_stone_f1=0.603 | 50s
17:56:27 | INFO |   [finetune] epoch 12/20 | train_loss=0.6170 | val_loss=0.6689 | val_stone_acc=0.667 | val_stone_f1=0.621 | 50s
17:57:17 | INFO |   [finetune] epoch 13/20 | train_loss=0.5778 | val_loss=0.6316 | val_stone_acc=0.667 | val_stone_f1=0.711 | 50s
17:58:07 | INFO |   [finetune] epoch 14/20 | train_loss=0.5928 | val_loss=0.6467 | val_stone_acc=0.652 | val_stone_f1=0.657 | 50s
17:58:56 | INFO |   [finetune] epoch 15/20 | train_loss=0.5663 | val_loss=0.6344 | val_stone_acc=0.652 | val_stone_f1=0.667 | 50s
17:58:56 | INFO |   Early stopping (no improvement for 7 epochs)
17:58:56 | INFO | Fold 3 done. Best val_loss=0.6197 at epoch 12
17:58:57 | INFO | Built resnet18 (11,177,538 params total). Pretrained weights: IMAGENET1K_V1
17:58:57 | INFO | Fold 4 class weights — pure: 1.134  mixed: 0.894
17:58:57 | INFO | Fold 4 — Phase 1: frozen backbone, 5 epochs
17:58:57 | INFO |   Trainable params: 1,026
17:59:48 | INFO |   [frozen] epoch 1/5 | train_loss=0.8008 | val_loss=0.7286 | val_stone_acc=0.455 | val_stone_f1=0.053 | 51s
18:00:39 | INFO |   [frozen] epoch 2/5 | train_loss=0.7267 | val_loss=0.6985 | val_stone_acc=0.576 | val_stone_f1=0.576 | 51s
18:01:30 | INFO |   [frozen] epoch 3/5 | train_loss=0.7168 | val_loss=0.6946 | val_stone_acc=0.515 | val_stone_f1=0.484 | 51s
18:02:20 | INFO |   [frozen] epoch 4/5 | train_loss=0.7675 | val_loss=0.7305 | val_stone_acc=0.424 | val_stone_f1=0.174 | 51s
18:03:11 | INFO |   [frozen] epoch 5/5 | train_loss=0.7067 | val_loss=0.7625 | val_stone_acc=0.455 | val_stone_f1=0.100 | 51s
18:03:11 | INFO |   Trainable params: 11,177,538
18:04:02 | INFO |   [finetune] epoch 1/20 | train_loss=0.6959 | val_loss=0.6510 | val_stone_acc=0.667 | val_stone_f1=0.694 | 51s
18:04:52 | INFO |   [finetune] epoch 2/20 | train_loss=0.7041 | val_loss=0.6302 | val_stone_acc=0.712 | val_stone_f1=0.740 | 51s
18:05:43 | INFO |   [finetune] epoch 3/20 | train_loss=0.6986 | val_loss=0.6216 | val_stone_acc=0.727 | val_stone_f1=0.763 | 51s
18:06:33 | INFO |   [finetune] epoch 4/20 | train_loss=0.6473 | val_loss=0.6927 | val_stone_acc=0.485 | val_stone_f1=0.190 | 50s
18:07:23 | INFO |   [finetune] epoch 5/20 | train_loss=0.6505 | val_loss=0.6248 | val_stone_acc=0.652 | val_stone_f1=0.657 | 50s
18:08:13 | INFO |   [finetune] epoch 6/20 | train_loss=0.6385 | val_loss=0.6312 | val_stone_acc=0.742 | val_stone_f1=0.795 | 50s
18:09:03 | INFO |   [finetune] epoch 7/20 | train_loss=0.6527 | val_loss=0.6389 | val_stone_acc=0.591 | val_stone_f1=0.526 | 50s
18:09:53 | INFO |   [finetune] epoch 8/20 | train_loss=0.6024 | val_loss=0.6703 | val_stone_acc=0.561 | val_stone_f1=0.431 | 50s
18:10:43 | INFO |   [finetune] epoch 9/20 | train_loss=0.6210 | val_loss=0.6186 | val_stone_acc=0.667 | val_stone_f1=0.667 | 50s
18:11:33 | INFO |   [finetune] epoch 10/20 | train_loss=0.5939 | val_loss=0.6347 | val_stone_acc=0.591 | val_stone_f1=0.526 | 50s
18:12:22 | INFO |   [finetune] epoch 11/20 | train_loss=0.6021 | val_loss=0.6433 | val_stone_acc=0.591 | val_stone_f1=0.526 | 50s
18:13:12 | INFO |   [finetune] epoch 12/20 | train_loss=0.5868 | val_loss=0.6412 | val_stone_acc=0.621 | val_stone_f1=0.590 | 50s
18:14:02 | INFO |   [finetune] epoch 13/20 | train_loss=0.5525 | val_loss=0.6455 | val_stone_acc=0.636 | val_stone_f1=0.613 | 50s
18:14:52 | INFO |   [finetune] epoch 14/20 | train_loss=0.5691 | val_loss=0.6388 | val_stone_acc=0.621 | val_stone_f1=0.603 | 50s
18:15:41 | INFO |   [finetune] epoch 15/20 | train_loss=0.5465 | val_loss=0.6525 | val_stone_acc=0.606 | val_stone_f1=0.567 | 50s
18:16:31 | INFO |   [finetune] epoch 16/20 | train_loss=0.5552 | val_loss=0.6229 | val_stone_acc=0.667 | val_stone_f1=0.656 | 50s
18:16:31 | INFO |   Early stopping (no improvement for 7 epochs)
18:16:31 | INFO | Fold 4 done. Best val_loss=0.6186 at epoch 13
18:16:31 | INFO | Cross-fold summary:
18:16:31 | INFO | === Held-out test set evaluation ===
18:16:32 | INFO | Built resnet18 (11,177,538 params total). Pretrained weights: IMAGENET1K_V1
18:16:49 | INFO |   Fold 0 test: stone_acc=0.699 | stone_f1=0.752 | stone_roc_auc=0.684
18:16:49 | INFO | Built resnet18 (11,177,538 params total). Pretrained weights: IMAGENET1K_V1
18:17:05 | INFO |   Fold 1 test: stone_acc=0.663 | stone_f1=0.725 | stone_roc_auc=0.712
18:17:06 | INFO | Built resnet18 (11,177,538 params total). Pretrained weights: IMAGENET1K_V1
18:17:22 | INFO |   Fold 2 test: stone_acc=0.663 | stone_f1=0.731 | stone_roc_auc=0.704
18:17:23 | INFO | Built resnet18 (11,177,538 params total). Pretrained weights: IMAGENET1K_V1
18:17:39 | INFO |   Fold 3 test: stone_acc=0.627 | stone_f1=0.674 | stone_roc_auc=0.702
18:17:39 | INFO | Built resnet18 (11,177,538 params total). Pretrained weights: IMAGENET1K_V1
18:17:56 | INFO |   Fold 4 test: stone_acc=0.651 | stone_f1=0.707 | stone_roc_auc=0.725
18:17:56 | INFO | Test set summary (mean ± std across folds):
18:17:56 | INFO |   stone_accuracy: 0.660 ± 0.026
18:17:56 | INFO |   stone_f1: 0.718 ± 0.030
18:17:56 | INFO |   stone_roc_auc: 0.705 ± 0.015
18:18:00 | INFO | Device: cuda
18:18:00 | INFO | cuDNN benchmark enabled
18:18:02 | INFO | Skipped 21 rows with no composition data
18:18:02 | INFO | Recomputed labels at 90.0% threshold: 783 pure / 459 mixed (414 stones)
18:18:02 | WARNING | Skipped 2 rows whose image files are missing
18:18:02 | INFO | Built 1240 samples from 414 stones
18:18:02 | INFO | Test holdout: 83 stones (52 pure / 31 mixed, 248 images). Train+val pool: 331 stones (992 images).
18:18:02 | INFO |   Fold 0: train=264 stones (167 pure / 97 mixed, 791 images), val=67 stones (42 pure / 25 mixed, 201 images)
18:18:02 | INFO |   Fold 1: train=265 stones (167 pure / 98 mixed, 794 images), val=66 stones (42 pure / 24 mixed, 198 images)
18:18:02 | INFO |   Fold 2: train=265 stones (167 pure / 98 mixed, 794 images), val=66 stones (42 pure / 24 mixed, 198 images)
18:18:02 | INFO |   Fold 3: train=265 stones (167 pure / 98 mixed, 795 images), val=66 stones (42 pure / 24 mixed, 197 images)
18:18:02 | INFO |   Fold 4: train=265 stones (168 pure / 97 mixed, 794 images), val=66 stones (41 pure / 25 mixed, 198 images)
18:18:02 | INFO | Config snapshot saved to /gpfs/home3/ddboer/umc_thesis/outputs/checkpoints/binary_t90/config_snapshot.yaml
18:18:03 | INFO | Built resnet18 (11,177,538 params total). Pretrained weights: IMAGENET1K_V1
18:18:03 | INFO | Fold 0 class weights — pure: 0.791  mixed: 1.359
18:18:03 | INFO | Fold 0 — Phase 1: frozen backbone, 5 epochs
18:18:03 | INFO |   Trainable params: 1,026
18:18:54 | INFO |   [frozen] epoch 1/5 | train_loss=0.7840 | val_loss=0.7667 | val_stone_acc=0.373 | val_stone_f1=0.533 | 51s
18:19:44 | INFO |   [frozen] epoch 2/5 | train_loss=0.7673 | val_loss=0.6863 | val_stone_acc=0.552 | val_stone_f1=0.559 | 50s
18:20:35 | INFO |   [frozen] epoch 3/5 | train_loss=0.7233 | val_loss=0.6832 | val_stone_acc=0.597 | val_stone_f1=0.571 | 50s
18:21:25 | INFO |   [frozen] epoch 4/5 | train_loss=0.7384 | val_loss=0.7020 | val_stone_acc=0.582 | val_stone_f1=0.391 | 50s
18:22:15 | INFO |   [frozen] epoch 5/5 | train_loss=0.7713 | val_loss=0.7010 | val_stone_acc=0.582 | val_stone_f1=0.576 | 50s
18:22:15 | INFO |   Trainable params: 11,177,538
18:23:06 | INFO |   [finetune] epoch 1/20 | train_loss=0.6856 | val_loss=0.7310 | val_stone_acc=0.597 | val_stone_f1=0.341 | 51s
18:23:56 | INFO |   [finetune] epoch 2/20 | train_loss=0.6973 | val_loss=0.7090 | val_stone_acc=0.552 | val_stone_f1=0.483 | 50s
18:24:47 | INFO |   [finetune] epoch 3/20 | train_loss=0.6636 | val_loss=0.7222 | val_stone_acc=0.567 | val_stone_f1=0.431 | 51s
18:25:38 | INFO |   [finetune] epoch 4/20 | train_loss=0.6720 | val_loss=0.7971 | val_stone_acc=0.612 | val_stone_f1=0.188 | 51s
18:26:28 | INFO |   [finetune] epoch 5/20 | train_loss=0.6531 | val_loss=0.8175 | val_stone_acc=0.612 | val_stone_f1=0.235 | 50s
18:27:19 | INFO |   [finetune] epoch 6/20 | train_loss=0.6435 | val_loss=0.7468 | val_stone_acc=0.552 | val_stone_f1=0.444 | 51s
18:28:10 | INFO |   [finetune] epoch 7/20 | train_loss=0.6419 | val_loss=0.7294 | val_stone_acc=0.552 | val_stone_f1=0.423 | 51s
18:29:00 | INFO |   [finetune] epoch 8/20 | train_loss=0.6224 | val_loss=0.7170 | val_stone_acc=0.537 | val_stone_f1=0.456 | 51s
18:29:50 | INFO |   [finetune] epoch 9/20 | train_loss=0.5968 | val_loss=0.7132 | val_stone_acc=0.597 | val_stone_f1=0.471 | 50s
18:29:50 | INFO |   Early stopping (no improvement for 7 epochs)
18:29:51 | INFO | Fold 0 done. Best val_loss=0.7090 at epoch 6
18:29:51 | INFO | Built resnet18 (11,177,538 params total). Pretrained weights: IMAGENET1K_V1
18:29:51 | INFO | Fold 1 class weights — pure: 0.794  mixed: 1.350
18:29:51 | INFO | Fold 1 — Phase 1: frozen backbone, 5 epochs
18:29:51 | INFO |   Trainable params: 1,026
18:30:40 | INFO |   [frozen] epoch 1/5 | train_loss=0.8255 | val_loss=0.7024 | val_stone_acc=0.530 | val_stone_f1=0.475 | 49s
18:31:31 | INFO |   [frozen] epoch 2/5 | train_loss=0.7813 | val_loss=0.7342 | val_stone_acc=0.591 | val_stone_f1=0.129 | 50s
18:32:21 | INFO |   [frozen] epoch 3/5 | train_loss=0.7612 | val_loss=0.6990 | val_stone_acc=0.515 | val_stone_f1=0.543 | 50s
18:33:11 | INFO |   [frozen] epoch 4/5 | train_loss=0.6972 | val_loss=0.6854 | val_stone_acc=0.545 | val_stone_f1=0.423 | 50s
18:34:00 | INFO |   [frozen] epoch 5/5 | train_loss=0.7451 | val_loss=0.7028 | val_stone_acc=0.621 | val_stone_f1=0.138 | 50s
18:34:00 | INFO |   Trainable params: 11,177,538
18:34:50 | INFO |   [finetune] epoch 1/20 | train_loss=0.7401 | val_loss=0.7150 | val_stone_acc=0.455 | val_stone_f1=0.561 | 50s
18:35:40 | INFO |   [finetune] epoch 2/20 | train_loss=0.7112 | val_loss=0.6623 | val_stone_acc=0.561 | val_stone_f1=0.453 | 50s
18:36:29 | INFO |   [finetune] epoch 3/20 | train_loss=0.6731 | val_loss=0.6695 | val_stone_acc=0.652 | val_stone_f1=0.439 | 50s
18:37:19 | INFO |   [finetune] epoch 4/20 | train_loss=0.6885 | val_loss=0.7185 | val_stone_acc=0.636 | val_stone_f1=0.200 | 50s
18:38:09 | INFO |   [finetune] epoch 5/20 | train_loss=0.6774 | val_loss=0.7135 | val_stone_acc=0.636 | val_stone_f1=0.200 | 50s
18:38:58 | INFO |   [finetune] epoch 6/20 | train_loss=0.6706 | val_loss=0.6632 | val_stone_acc=0.576 | val_stone_f1=0.600 | 50s
18:39:48 | INFO |   [finetune] epoch 7/20 | train_loss=0.6415 | val_loss=0.6729 | val_stone_acc=0.606 | val_stone_f1=0.235 | 50s
18:40:38 | INFO |   [finetune] epoch 8/20 | train_loss=0.6369 | val_loss=0.6484 | val_stone_acc=0.697 | val_stone_f1=0.524 | 50s
18:41:27 | INFO |   [finetune] epoch 9/20 | train_loss=0.6468 | val_loss=0.6332 | val_stone_acc=0.667 | val_stone_f1=0.593 | 50s
18:42:17 | INFO |   [finetune] epoch 10/20 | train_loss=0.6109 | val_loss=0.6515 | val_stone_acc=0.712 | val_stone_f1=0.513 | 50s
18:43:07 | INFO |   [finetune] epoch 11/20 | train_loss=0.6206 | val_loss=0.6511 | val_stone_acc=0.606 | val_stone_f1=0.629 | 50s
18:43:57 | INFO |   [finetune] epoch 12/20 | train_loss=0.6295 | val_loss=0.6549 | val_stone_acc=0.712 | val_stone_f1=0.537 | 50s
18:44:47 | INFO |   [finetune] epoch 13/20 | train_loss=0.5799 | val_loss=0.6259 | val_stone_acc=0.697 | val_stone_f1=0.583 | 50s
18:45:37 | INFO |   [finetune] epoch 14/20 | train_loss=0.5891 | val_loss=0.6324 | val_stone_acc=0.742 | val_stone_f1=0.638 | 50s
18:46:27 | INFO |   [finetune] epoch 15/20 | train_loss=0.5952 | val_loss=0.6415 | val_stone_acc=0.682 | val_stone_f1=0.656 | 50s
18:47:17 | INFO |   [finetune] epoch 16/20 | train_loss=0.5798 | val_loss=0.6299 | val_stone_acc=0.727 | val_stone_f1=0.654 | 50s
18:48:07 | INFO |   [finetune] epoch 17/20 | train_loss=0.5697 | val_loss=0.6312 | val_stone_acc=0.742 | val_stone_f1=0.653 | 50s
18:48:57 | INFO |   [finetune] epoch 18/20 | train_loss=0.5388 | val_loss=0.6586 | val_stone_acc=0.742 | val_stone_f1=0.585 | 50s
18:49:47 | INFO |   [finetune] epoch 19/20 | train_loss=0.5684 | val_loss=0.6473 | val_stone_acc=0.697 | val_stone_f1=0.615 | 50s
18:50:37 | INFO |   [finetune] epoch 20/20 | train_loss=0.5187 | val_loss=0.6469 | val_stone_acc=0.758 | val_stone_f1=0.680 | 50s
18:50:37 | INFO |   Early stopping (no improvement for 7 epochs)
18:50:37 | INFO | Fold 1 done. Best val_loss=0.6259 at epoch 17
18:50:38 | INFO | Built resnet18 (11,177,538 params total). Pretrained weights: IMAGENET1K_V1
18:50:38 | INFO | Fold 2 class weights — pure: 0.794  mixed: 1.350
18:50:38 | INFO | Fold 2 — Phase 1: frozen backbone, 5 epochs
18:50:38 | INFO |   Trainable params: 1,026
18:51:27 | INFO |   [frozen] epoch 1/5 | train_loss=0.8134 | val_loss=0.7336 | val_stone_acc=0.364 | val_stone_f1=0.533 | 49s
18:52:17 | INFO |   [frozen] epoch 2/5 | train_loss=0.7470 | val_loss=0.7046 | val_stone_acc=0.515 | val_stone_f1=0.556 | 50s
18:53:07 | INFO |   [frozen] epoch 3/5 | train_loss=0.7379 | val_loss=0.6897 | val_stone_acc=0.545 | val_stone_f1=0.423 | 49s
18:53:56 | INFO |   [frozen] epoch 4/5 | train_loss=0.7014 | val_loss=0.6937 | val_stone_acc=0.606 | val_stone_f1=0.500 | 50s
18:54:46 | INFO |   [frozen] epoch 5/5 | train_loss=0.6967 | val_loss=0.6986 | val_stone_acc=0.439 | val_stone_f1=0.493 | 50s
18:54:46 | INFO |   Trainable params: 11,177,538
18:55:35 | INFO |   [finetune] epoch 1/20 | train_loss=0.7130 | val_loss=0.7299 | val_stone_acc=0.424 | val_stone_f1=0.525 | 49s
18:56:24 | INFO |   [finetune] epoch 2/20 | train_loss=0.6866 | val_loss=0.6963 | val_stone_acc=0.621 | val_stone_f1=0.528 | 49s
18:57:13 | INFO |   [finetune] epoch 3/20 | train_loss=0.6489 | val_loss=0.6863 | val_stone_acc=0.682 | val_stone_f1=0.512 | 49s
18:58:02 | INFO |   [finetune] epoch 4/20 | train_loss=0.6505 | val_loss=0.6746 | val_stone_acc=0.667 | val_stone_f1=0.476 | 49s
18:58:51 | INFO |   [finetune] epoch 5/20 | train_loss=0.6549 | val_loss=0.6967 | val_stone_acc=0.682 | val_stone_f1=0.400 | 49s
18:59:40 | INFO |   [finetune] epoch 6/20 | train_loss=0.6568 | val_loss=0.6678 | val_stone_acc=0.652 | val_stone_f1=0.582 | 49s
19:00:29 | INFO |   [finetune] epoch 7/20 | train_loss=0.6387 | val_loss=0.6737 | val_stone_acc=0.667 | val_stone_f1=0.560 | 49s
19:01:18 | INFO |   [finetune] epoch 8/20 | train_loss=0.6187 | val_loss=0.6751 | val_stone_acc=0.636 | val_stone_f1=0.500 | 49s
19:02:08 | INFO |   [finetune] epoch 9/20 | train_loss=0.5962 | val_loss=0.6647 | val_stone_acc=0.667 | val_stone_f1=0.522 | 50s
19:02:57 | INFO |   [finetune] epoch 10/20 | train_loss=0.6109 | val_loss=0.6560 | val_stone_acc=0.667 | val_stone_f1=0.500 | 50s
19:03:47 | INFO |   [finetune] epoch 11/20 | train_loss=0.5978 | val_loss=0.6857 | val_stone_acc=0.652 | val_stone_f1=0.511 | 50s
19:04:36 | INFO |   [finetune] epoch 12/20 | train_loss=0.5897 | val_loss=0.6767 | val_stone_acc=0.667 | val_stone_f1=0.593 | 49s
19:05:26 | INFO |   [finetune] epoch 13/20 | train_loss=0.5733 | val_loss=0.6765 | val_stone_acc=0.682 | val_stone_f1=0.571 | 50s
19:06:15 | INFO |   [finetune] epoch 14/20 | train_loss=0.5763 | val_loss=0.7446 | val_stone_acc=0.636 | val_stone_f1=0.333 | 50s
19:07:05 | INFO |   [finetune] epoch 15/20 | train_loss=0.5880 | val_loss=0.6838 | val_stone_acc=0.697 | val_stone_f1=0.655 | 50s
19:07:54 | INFO |   [finetune] epoch 16/20 | train_loss=0.6066 | val_loss=0.6939 | val_stone_acc=0.636 | val_stone_f1=0.455 | 50s
19:08:44 | INFO |   [finetune] epoch 17/20 | train_loss=0.5571 | val_loss=0.6684 | val_stone_acc=0.712 | val_stone_f1=0.612 | 49s
19:08:44 | INFO |   Early stopping (no improvement for 7 epochs)
19:08:44 | INFO | Fold 2 done. Best val_loss=0.6560 at epoch 14
19:08:44 | INFO | Built resnet18 (11,177,538 params total). Pretrained weights: IMAGENET1K_V1
19:08:44 | INFO | Fold 3 class weights — pure: 0.793  mixed: 1.352
19:08:44 | INFO | Fold 3 — Phase 1: frozen backbone, 5 epochs
19:08:44 | INFO |   Trainable params: 1,026
19:09:35 | INFO |   [frozen] epoch 1/5 | train_loss=0.8210 | val_loss=0.7130 | val_stone_acc=0.424 | val_stone_f1=0.548 | 51s
19:10:26 | INFO |   [frozen] epoch 2/5 | train_loss=0.8206 | val_loss=0.7003 | val_stone_acc=0.424 | val_stone_f1=0.558 | 50s
19:11:17 | INFO |   [frozen] epoch 3/5 | train_loss=0.7689 | val_loss=0.6890 | val_stone_acc=0.652 | val_stone_f1=0.378 | 51s
19:12:07 | INFO |   [frozen] epoch 4/5 | train_loss=0.7692 | val_loss=0.6945 | val_stone_acc=0.652 | val_stone_f1=0.378 | 51s
19:12:58 | INFO |   [frozen] epoch 5/5 | train_loss=0.7002 | val_loss=0.6885 | val_stone_acc=0.606 | val_stone_f1=0.381 | 50s
19:12:58 | INFO |   Trainable params: 11,177,538
19:13:48 | INFO |   [finetune] epoch 1/20 | train_loss=0.7321 | val_loss=0.6855 | val_stone_acc=0.591 | val_stone_f1=0.597 | 50s
19:14:39 | INFO |   [finetune] epoch 2/20 | train_loss=0.7028 | val_loss=0.6826 | val_stone_acc=0.591 | val_stone_f1=0.426 | 50s
19:15:29 | INFO |   [finetune] epoch 3/20 | train_loss=0.6620 | val_loss=0.6989 | val_stone_acc=0.561 | val_stone_f1=0.326 | 50s
19:16:19 | INFO |   [finetune] epoch 4/20 | train_loss=0.6978 | val_loss=0.7364 | val_stone_acc=0.621 | val_stone_f1=0.324 | 50s
19:17:09 | INFO |   [finetune] epoch 5/20 | train_loss=0.6862 | val_loss=0.7537 | val_stone_acc=0.636 | val_stone_f1=0.200 | 50s
19:18:00 | INFO |   [finetune] epoch 6/20 | train_loss=0.6687 | val_loss=0.6830 | val_stone_acc=0.606 | val_stone_f1=0.480 | 50s
19:18:50 | INFO |   [finetune] epoch 7/20 | train_loss=0.6288 | val_loss=0.7064 | val_stone_acc=0.591 | val_stone_f1=0.341 | 51s
19:19:41 | INFO |   [finetune] epoch 8/20 | train_loss=0.5935 | val_loss=0.7441 | val_stone_acc=0.606 | val_stone_f1=0.278 | 51s
19:20:31 | INFO |   [finetune] epoch 9/20 | train_loss=0.6256 | val_loss=0.7847 | val_stone_acc=0.606 | val_stone_f1=0.235 | 51s
19:20:31 | INFO |   Early stopping (no improvement for 7 epochs)
19:20:31 | INFO | Fold 3 done. Best val_loss=0.6826 at epoch 6
19:20:32 | INFO | Built resnet18 (11,177,538 params total). Pretrained weights: IMAGENET1K_V1
19:20:32 | INFO | Fold 4 class weights — pure: 0.789  mixed: 1.364
19:20:32 | INFO | Fold 4 — Phase 1: frozen backbone, 5 epochs
19:20:32 | INFO |   Trainable params: 1,026
19:21:22 | INFO |   [frozen] epoch 1/5 | train_loss=0.7826 | val_loss=0.6932 | val_stone_acc=0.515 | val_stone_f1=0.556 | 50s
19:22:12 | INFO |   [frozen] epoch 2/5 | train_loss=0.7891 | val_loss=0.6802 | val_stone_acc=0.667 | val_stone_f1=0.353 | 50s
19:23:02 | INFO |   [frozen] epoch 3/5 | train_loss=0.7679 | val_loss=0.6585 | val_stone_acc=0.682 | val_stone_f1=0.432 | 50s
19:23:53 | INFO |   [frozen] epoch 4/5 | train_loss=0.7149 | val_loss=0.6508 | val_stone_acc=0.712 | val_stone_f1=0.537 | 50s
19:24:43 | INFO |   [frozen] epoch 5/5 | train_loss=0.7186 | val_loss=0.6444 | val_stone_acc=0.636 | val_stone_f1=0.636 | 50s
19:24:43 | INFO |   Trainable params: 11,177,538
19:25:33 | INFO |   [finetune] epoch 1/20 | train_loss=0.7467 | val_loss=0.6295 | val_stone_acc=0.727 | val_stone_f1=0.571 | 50s
19:26:24 | INFO |   [finetune] epoch 2/20 | train_loss=0.7159 | val_loss=0.6191 | val_stone_acc=0.742 | val_stone_f1=0.564 | 50s
19:27:14 | INFO |   [finetune] epoch 3/20 | train_loss=0.6816 | val_loss=0.6021 | val_stone_acc=0.727 | val_stone_f1=0.571 | 50s
19:28:05 | INFO |   [finetune] epoch 4/20 | train_loss=0.6799 | val_loss=0.5799 | val_stone_acc=0.818 | val_stone_f1=0.750 | 50s
19:28:55 | INFO |   [finetune] epoch 5/20 | train_loss=0.6801 | val_loss=0.5840 | val_stone_acc=0.788 | val_stone_f1=0.682 | 50s
19:29:45 | INFO |   [finetune] epoch 6/20 | train_loss=0.6558 | val_loss=0.6058 | val_stone_acc=0.682 | val_stone_f1=0.432 | 50s
19:30:36 | INFO |   [finetune] epoch 7/20 | train_loss=0.6594 | val_loss=0.5825 | val_stone_acc=0.727 | val_stone_f1=0.571 | 50s
19:31:26 | INFO |   [finetune] epoch 8/20 | train_loss=0.6500 | val_loss=0.5773 | val_stone_acc=0.758 | val_stone_f1=0.619 | 50s
19:32:16 | INFO |   [finetune] epoch 9/20 | train_loss=0.6361 | val_loss=0.5519 | val_stone_acc=0.758 | val_stone_f1=0.636 | 50s
19:33:07 | INFO |   [finetune] epoch 10/20 | train_loss=0.6363 | val_loss=0.5541 | val_stone_acc=0.833 | val_stone_f1=0.792 | 50s
19:33:57 | INFO |   [finetune] epoch 11/20 | train_loss=0.6258 | val_loss=0.5840 | val_stone_acc=0.682 | val_stone_f1=0.432 | 50s
19:34:48 | INFO |   [finetune] epoch 12/20 | train_loss=0.6073 | val_loss=0.5982 | val_stone_acc=0.697 | val_stone_f1=0.444 | 51s
19:35:38 | INFO |   [finetune] epoch 13/20 | train_loss=0.5852 | val_loss=0.5512 | val_stone_acc=0.818 | val_stone_f1=0.800 | 51s
19:36:29 | INFO |   [finetune] epoch 14/20 | train_loss=0.5961 | val_loss=0.5567 | val_stone_acc=0.758 | val_stone_f1=0.619 | 51s
19:37:19 | INFO |   [finetune] epoch 15/20 | train_loss=0.5965 | val_loss=0.5491 | val_stone_acc=0.803 | val_stone_f1=0.787 | 50s
19:38:10 | INFO |   [finetune] epoch 16/20 | train_loss=0.5883 | val_loss=0.5370 | val_stone_acc=0.803 | val_stone_f1=0.735 | 51s
19:39:00 | INFO |   [finetune] epoch 17/20 | train_loss=0.5529 | val_loss=0.5138 | val_stone_acc=0.803 | val_stone_f1=0.735 | 50s
19:39:51 | INFO |   [finetune] epoch 18/20 | train_loss=0.5680 | val_loss=0.5184 | val_stone_acc=0.788 | val_stone_f1=0.708 | 51s
19:40:42 | INFO |   [finetune] epoch 19/20 | train_loss=0.5417 | val_loss=0.5079 | val_stone_acc=0.818 | val_stone_f1=0.778 | 51s
19:41:32 | INFO |   [finetune] epoch 20/20 | train_loss=0.5810 | val_loss=0.5322 | val_stone_acc=0.742 | val_stone_f1=0.622 | 51s
19:41:32 | INFO | Fold 4 done. Best val_loss=0.5079 at epoch 23
19:41:32 | INFO | Cross-fold summary:
19:41:32 | INFO | === Held-out test set evaluation ===
19:41:33 | INFO | Built resnet18 (11,177,538 params total). Pretrained weights: IMAGENET1K_V1
19:41:49 | INFO |   Fold 0 test: stone_acc=0.627 | stone_f1=0.551 | stone_roc_auc=0.676
19:41:50 | INFO | Built resnet18 (11,177,538 params total). Pretrained weights: IMAGENET1K_V1
19:42:06 | INFO |   Fold 1 test: stone_acc=0.699 | stone_f1=0.576 | stone_roc_auc=0.695
19:42:07 | INFO | Built resnet18 (11,177,538 params total). Pretrained weights: IMAGENET1K_V1
19:42:23 | INFO |   Fold 2 test: stone_acc=0.675 | stone_f1=0.542 | stone_roc_auc=0.732
19:42:23 | INFO | Built resnet18 (11,177,538 params total). Pretrained weights: IMAGENET1K_V1
19:42:40 | INFO |   Fold 3 test: stone_acc=0.627 | stone_f1=0.508 | stone_roc_auc=0.650
19:42:40 | INFO | Built resnet18 (11,177,538 params total). Pretrained weights: IMAGENET1K_V1
19:42:56 | INFO |   Fold 4 test: stone_acc=0.675 | stone_f1=0.585 | stone_roc_auc=0.718
19:42:56 | INFO | Test set summary (mean ± std across folds):
19:42:56 | INFO |   stone_accuracy: 0.660 ± 0.032
19:42:56 | INFO |   stone_f1: 0.552 ± 0.030
19:42:56 | INFO |   stone_roc_auc: 0.694 ± 0.033
19:43:01 | INFO | Device: cuda
19:43:01 | INFO | cuDNN benchmark enabled
19:43:03 | INFO | Skipped 21 rows with no composition data
19:43:03 | INFO | Recomputed labels at 100.0% threshold: 546 pure / 696 mixed (414 stones)
19:43:03 | WARNING | Skipped 2 rows whose image files are missing
19:43:03 | INFO | Built 1240 samples from 414 stones
19:43:03 | INFO | Test holdout: 83 stones (36 pure / 47 mixed, 248 images). Train+val pool: 331 stones (992 images).
19:43:03 | INFO | --random-labels: stone-level labels have been shuffled (baseline mode)
19:43:03 | INFO |   Fold 0: train=264 stones (116 pure / 148 mixed, 791 images), val=67 stones (30 pure / 37 mixed, 201 images)
19:43:03 | INFO |   Fold 1: train=265 stones (117 pure / 148 mixed, 794 images), val=66 stones (29 pure / 37 mixed, 198 images)
19:43:03 | INFO |   Fold 2: train=265 stones (117 pure / 148 mixed, 795 images), val=66 stones (29 pure / 37 mixed, 197 images)
19:43:03 | INFO |   Fold 3: train=265 stones (117 pure / 148 mixed, 794 images), val=66 stones (29 pure / 37 mixed, 198 images)
19:43:03 | INFO |   Fold 4: train=265 stones (117 pure / 148 mixed, 794 images), val=66 stones (29 pure / 37 mixed, 198 images)
19:43:03 | INFO | Config snapshot saved to /gpfs/home3/ddboer/umc_thesis/outputs/checkpoints/binary_random/config_snapshot.yaml
19:43:03 | INFO | Built resnet18 (11,177,538 params total). Pretrained weights: IMAGENET1K_V1
19:43:03 | INFO | Fold 0 class weights — pure: 1.136  mixed: 0.893
19:43:03 | INFO | Fold 0 — Phase 1: frozen backbone, 5 epochs
19:43:03 | INFO |   Trainable params: 1,026
19:43:55 | INFO |   [frozen] epoch 1/5 | train_loss=0.8186 | val_loss=0.8288 | val_stone_acc=0.552 | val_stone_f1=0.712 | 51s
19:44:45 | INFO |   [frozen] epoch 2/5 | train_loss=0.7840 | val_loss=0.7072 | val_stone_acc=0.597 | val_stone_f1=0.727 | 51s
19:45:36 | INFO |   [frozen] epoch 3/5 | train_loss=0.8045 | val_loss=0.7154 | val_stone_acc=0.597 | val_stone_f1=0.727 | 51s
19:46:27 | INFO |   [frozen] epoch 4/5 | train_loss=0.7685 | val_loss=0.7214 | val_stone_acc=0.582 | val_stone_f1=0.714 | 51s
19:47:18 | INFO |   [frozen] epoch 5/5 | train_loss=0.7374 | val_loss=0.6938 | val_stone_acc=0.478 | val_stone_f1=0.478 | 51s
19:47:18 | INFO |   Trainable params: 11,177,538
19:48:09 | INFO |   [finetune] epoch 1/20 | train_loss=0.7396 | val_loss=0.7054 | val_stone_acc=0.567 | val_stone_f1=0.688 | 51s
19:49:00 | INFO |   [finetune] epoch 2/20 | train_loss=0.7221 | val_loss=0.7018 | val_stone_acc=0.552 | val_stone_f1=0.659 | 51s
19:49:51 | INFO |   [finetune] epoch 3/20 | train_loss=0.7206 | val_loss=0.7445 | val_stone_acc=0.597 | val_stone_f1=0.733 | 51s
19:50:42 | INFO |   [finetune] epoch 4/20 | train_loss=0.7175 | val_loss=0.7120 | val_stone_acc=0.478 | val_stone_f1=0.364 | 51s
19:51:33 | INFO |   [finetune] epoch 5/20 | train_loss=0.7048 | val_loss=0.7086 | val_stone_acc=0.493 | val_stone_f1=0.452 | 51s
19:52:24 | INFO |   [finetune] epoch 6/20 | train_loss=0.7107 | val_loss=0.7435 | val_stone_acc=0.537 | val_stone_f1=0.667 | 51s
19:53:15 | INFO |   [finetune] epoch 7/20 | train_loss=0.6906 | val_loss=0.7104 | val_stone_acc=0.582 | val_stone_f1=0.650 | 51s
19:54:06 | INFO |   [finetune] epoch 8/20 | train_loss=0.6780 | val_loss=0.7156 | val_stone_acc=0.507 | val_stone_f1=0.492 | 51s
19:54:57 | INFO |   [finetune] epoch 9/20 | train_loss=0.6717 | val_loss=0.7342 | val_stone_acc=0.448 | val_stone_f1=0.327 | 51s
19:54:57 | INFO |   Early stopping (no improvement for 7 epochs)
19:54:57 | INFO | Fold 0 done. Best val_loss=0.7018 at epoch 6
19:54:57 | INFO | Built resnet18 (11,177,538 params total). Pretrained weights: IMAGENET1K_V1
19:54:57 | INFO | Fold 1 class weights — pure: 1.131  mixed: 0.896
19:54:57 | INFO | Fold 1 — Phase 1: frozen backbone, 5 epochs
19:54:57 | INFO |   Trainable params: 1,026
19:55:47 | INFO |   [frozen] epoch 1/5 | train_loss=0.8706 | val_loss=0.7260 | val_stone_acc=0.439 | val_stone_f1=0.507 | 50s
19:56:37 | INFO |   [frozen] epoch 2/5 | train_loss=0.7995 | val_loss=0.7547 | val_stone_acc=0.470 | val_stone_f1=0.103 | 50s
19:57:27 | INFO |   [frozen] epoch 3/5 | train_loss=0.7709 | val_loss=0.6839 | val_stone_acc=0.591 | val_stone_f1=0.609 | 50s
19:58:17 | INFO |   [frozen] epoch 4/5 | train_loss=0.7791 | val_loss=0.6906 | val_stone_acc=0.576 | val_stone_f1=0.689 | 50s
19:59:07 | INFO |   [frozen] epoch 5/5 | train_loss=0.7752 | val_loss=0.7019 | val_stone_acc=0.515 | val_stone_f1=0.273 | 50s
19:59:07 | INFO |   Trainable params: 11,177,538
19:59:57 | INFO |   [finetune] epoch 1/20 | train_loss=0.7893 | val_loss=0.6728 | val_stone_acc=0.576 | val_stone_f1=0.548 | 50s
20:00:47 | INFO |   [finetune] epoch 2/20 | train_loss=0.7233 | val_loss=0.6739 | val_stone_acc=0.606 | val_stone_f1=0.567 | 50s
20:01:37 | INFO |   [finetune] epoch 3/20 | train_loss=0.7473 | val_loss=0.6774 | val_stone_acc=0.591 | val_stone_f1=0.675 | 50s
20:02:27 | INFO |   [finetune] epoch 4/20 | train_loss=0.7197 | val_loss=0.7040 | val_stone_acc=0.530 | val_stone_f1=0.340 | 50s
20:03:17 | INFO |   [finetune] epoch 5/20 | train_loss=0.7156 | val_loss=0.7159 | val_stone_acc=0.576 | val_stone_f1=0.708 | 50s
20:04:07 | INFO |   [finetune] epoch 6/20 | train_loss=0.7201 | val_loss=0.7050 | val_stone_acc=0.652 | val_stone_f1=0.747 | 50s
20:04:57 | INFO |   [finetune] epoch 7/20 | train_loss=0.7016 | val_loss=0.7170 | val_stone_acc=0.500 | val_stone_f1=0.267 | 50s
20:05:47 | INFO |   [finetune] epoch 8/20 | train_loss=0.6932 | val_loss=0.6829 | val_stone_acc=0.515 | val_stone_f1=0.556 | 50s
20:05:47 | INFO |   Early stopping (no improvement for 7 epochs)
20:05:47 | INFO | Fold 1 done. Best val_loss=0.6728 at epoch 5
20:05:47 | INFO | Built resnet18 (11,177,538 params total). Pretrained weights: IMAGENET1K_V1
20:05:47 | INFO | Fold 2 class weights — pure: 1.132  mixed: 0.895
20:05:47 | INFO | Fold 2 — Phase 1: frozen backbone, 5 epochs
20:05:47 | INFO |   Trainable params: 1,026
20:06:37 | INFO |   [frozen] epoch 1/5 | train_loss=0.8063 | val_loss=0.7512 | val_stone_acc=0.439 | val_stone_f1=0.519 | 50s
20:07:27 | INFO |   [frozen] epoch 2/5 | train_loss=0.7687 | val_loss=0.7968 | val_stone_acc=0.561 | val_stone_f1=0.713 | 50s
20:08:17 | INFO |   [frozen] epoch 3/5 | train_loss=0.7556 | val_loss=0.7622 | val_stone_acc=0.500 | val_stone_f1=0.621 | 50s
20:09:06 | INFO |   [frozen] epoch 4/5 | train_loss=0.7616 | val_loss=0.7394 | val_stone_acc=0.470 | val_stone_f1=0.493 | 50s
20:09:56 | INFO |   [frozen] epoch 5/5 | train_loss=0.7306 | val_loss=0.7318 | val_stone_acc=0.439 | val_stone_f1=0.448 | 50s
20:09:56 | INFO |   Trainable params: 11,177,538
20:10:46 | INFO |   [finetune] epoch 1/20 | train_loss=0.7437 | val_loss=0.7526 | val_stone_acc=0.500 | val_stone_f1=0.629 | 50s
20:11:36 | INFO |   [finetune] epoch 2/20 | train_loss=0.7019 | val_loss=0.7300 | val_stone_acc=0.515 | val_stone_f1=0.579 | 50s
20:12:27 | INFO |   [finetune] epoch 3/20 | train_loss=0.7245 | val_loss=0.7844 | val_stone_acc=0.515 | val_stone_f1=0.660 | 50s
20:13:17 | INFO |   [finetune] epoch 4/20 | train_loss=0.7228 | val_loss=0.7400 | val_stone_acc=0.530 | val_stone_f1=0.617 | 50s
20:14:07 | INFO |   [finetune] epoch 5/20 | train_loss=0.7191 | val_loss=0.7424 | val_stone_acc=0.470 | val_stone_f1=0.286 | 50s
20:14:57 | INFO |   [finetune] epoch 6/20 | train_loss=0.7034 | val_loss=0.7575 | val_stone_acc=0.515 | val_stone_f1=0.660 | 50s
20:15:48 | INFO |   [finetune] epoch 7/20 | train_loss=0.6833 | val_loss=0.7230 | val_stone_acc=0.561 | val_stone_f1=0.623 | 50s
20:16:38 | INFO |   [finetune] epoch 8/20 | train_loss=0.6769 | val_loss=0.7392 | val_stone_acc=0.530 | val_stone_f1=0.415 | 50s
20:17:28 | INFO |   [finetune] epoch 9/20 | train_loss=0.6904 | val_loss=0.7393 | val_stone_acc=0.591 | val_stone_f1=0.630 | 50s
20:18:18 | INFO |   [finetune] epoch 10/20 | train_loss=0.6780 | val_loss=0.7295 | val_stone_acc=0.606 | val_stone_f1=0.658 | 50s
20:19:08 | INFO |   [finetune] epoch 11/20 | train_loss=0.6505 | val_loss=0.7371 | val_stone_acc=0.500 | val_stone_f1=0.612 | 50s
20:19:58 | INFO |   [finetune] epoch 12/20 | train_loss=0.6515 | val_loss=0.7374 | val_stone_acc=0.591 | val_stone_f1=0.571 | 50s
20:20:49 | INFO |   [finetune] epoch 13/20 | train_loss=0.6627 | val_loss=0.7346 | val_stone_acc=0.591 | val_stone_f1=0.557 | 50s
20:21:39 | INFO |   [finetune] epoch 14/20 | train_loss=0.6732 | val_loss=0.7267 | val_stone_acc=0.561 | val_stone_f1=0.554 | 50s
20:21:39 | INFO |   Early stopping (no improvement for 7 epochs)
20:21:39 | INFO | Fold 2 done. Best val_loss=0.7230 at epoch 11
20:21:39 | INFO | Built resnet18 (11,177,538 params total). Pretrained weights: IMAGENET1K_V1
20:21:39 | INFO | Fold 3 class weights — pure: 1.131  mixed: 0.896
20:21:39 | INFO | Fold 3 — Phase 1: frozen backbone, 5 epochs
20:21:39 | INFO |   Trainable params: 1,026
20:22:29 | INFO |   [frozen] epoch 1/5 | train_loss=0.8203 | val_loss=0.7282 | val_stone_acc=0.394 | val_stone_f1=0.412 | 50s
20:23:19 | INFO |   [frozen] epoch 2/5 | train_loss=0.8034 | val_loss=0.7766 | val_stone_acc=0.545 | val_stone_f1=0.694 | 50s
20:24:09 | INFO |   [frozen] epoch 3/5 | train_loss=0.7876 | val_loss=0.7504 | val_stone_acc=0.439 | val_stone_f1=0.373 | 50s
20:24:58 | INFO |   [frozen] epoch 4/5 | train_loss=0.7506 | val_loss=0.7485 | val_stone_acc=0.364 | val_stone_f1=0.276 | 50s
20:25:48 | INFO |   [frozen] epoch 5/5 | train_loss=0.7296 | val_loss=0.7435 | val_stone_acc=0.530 | val_stone_f1=0.627 | 50s
20:25:48 | INFO |   Trainable params: 11,177,538
20:26:38 | INFO |   [finetune] epoch 1/20 | train_loss=0.7391 | val_loss=0.7393 | val_stone_acc=0.576 | val_stone_f1=0.641 | 50s
20:27:27 | INFO |   [finetune] epoch 2/20 | train_loss=0.7170 | val_loss=0.7608 | val_stone_acc=0.606 | val_stone_f1=0.735 | 50s
20:28:17 | INFO |   [finetune] epoch 3/20 | train_loss=0.7063 | val_loss=0.7355 | val_stone_acc=0.530 | val_stone_f1=0.597 | 50s
20:29:07 | INFO |   [finetune] epoch 4/20 | train_loss=0.6934 | val_loss=0.7340 | val_stone_acc=0.379 | val_stone_f1=0.281 | 50s
20:29:57 | INFO |   [finetune] epoch 5/20 | train_loss=0.7002 | val_loss=0.7226 | val_stone_acc=0.545 | val_stone_f1=0.595 | 50s
20:30:48 | INFO |   [finetune] epoch 6/20 | train_loss=0.6964 | val_loss=0.7446 | val_stone_acc=0.515 | val_stone_f1=0.610 | 50s
20:31:38 | INFO |   [finetune] epoch 7/20 | train_loss=0.6732 | val_loss=0.7487 | val_stone_acc=0.530 | val_stone_f1=0.617 | 50s
20:32:28 | INFO |   [finetune] epoch 8/20 | train_loss=0.6889 | val_loss=0.7568 | val_stone_acc=0.530 | val_stone_f1=0.617 | 50s
20:33:18 | INFO |   [finetune] epoch 9/20 | train_loss=0.6697 | val_loss=0.7541 | val_stone_acc=0.364 | val_stone_f1=0.222 | 50s
20:34:08 | INFO |   [finetune] epoch 10/20 | train_loss=0.6646 | val_loss=0.7462 | val_stone_acc=0.545 | val_stone_f1=0.643 | 50s
20:34:58 | INFO |   [finetune] epoch 11/20 | train_loss=0.6715 | val_loss=0.7631 | val_stone_acc=0.470 | val_stone_f1=0.462 | 50s
20:35:48 | INFO |   [finetune] epoch 12/20 | train_loss=0.6812 | val_loss=0.7885 | val_stone_acc=0.364 | val_stone_f1=0.192 | 50s
20:35:48 | INFO |   Early stopping (no improvement for 7 epochs)
20:35:48 | INFO | Fold 3 done. Best val_loss=0.7226 at epoch 9
20:35:48 | INFO | Built resnet18 (11,177,538 params total). Pretrained weights: IMAGENET1K_V1
20:35:48 | INFO | Fold 4 class weights — pure: 1.131  mixed: 0.896
20:35:48 | INFO | Fold 4 — Phase 1: frozen backbone, 5 epochs
20:35:48 | INFO |   Trainable params: 1,026
20:36:39 | INFO |   [frozen] epoch 1/5 | train_loss=0.8029 | val_loss=0.7936 | val_stone_acc=0.455 | val_stone_f1=0.053 | 51s
20:37:29 | INFO |   [frozen] epoch 2/5 | train_loss=0.8016 | val_loss=0.7451 | val_stone_acc=0.424 | val_stone_f1=0.345 | 50s
20:38:19 | INFO |   [frozen] epoch 3/5 | train_loss=0.7748 | val_loss=0.7537 | val_stone_acc=0.455 | val_stone_f1=0.357 | 50s
20:39:09 | INFO |   [frozen] epoch 4/5 | train_loss=0.7315 | val_loss=0.7460 | val_stone_acc=0.470 | val_stone_f1=0.444 | 50s
20:39:59 | INFO |   [frozen] epoch 5/5 | train_loss=0.7391 | val_loss=0.7409 | val_stone_acc=0.424 | val_stone_f1=0.525 | 50s
20:40:00 | INFO |   Trainable params: 11,177,538
20:40:50 | INFO |   [finetune] epoch 1/20 | train_loss=0.7354 | val_loss=0.7385 | val_stone_acc=0.515 | val_stone_f1=0.619 | 50s
20:41:40 | INFO |   [finetune] epoch 2/20 | train_loss=0.7065 | val_loss=0.7419 | val_stone_acc=0.455 | val_stone_f1=0.526 | 51s
20:42:31 | INFO |   [finetune] epoch 3/20 | train_loss=0.7143 | val_loss=0.7454 | val_stone_acc=0.455 | val_stone_f1=0.561 | 51s
20:43:22 | INFO |   [finetune] epoch 4/20 | train_loss=0.7184 | val_loss=0.7485 | val_stone_acc=0.455 | val_stone_f1=0.280 | 51s
20:44:13 | INFO |   [finetune] epoch 5/20 | train_loss=0.7198 | val_loss=0.7485 | val_stone_acc=0.485 | val_stone_f1=0.595 | 51s
20:45:03 | INFO |   [finetune] epoch 6/20 | train_loss=0.6923 | val_loss=0.7352 | val_stone_acc=0.485 | val_stone_f1=0.585 | 51s
20:45:54 | INFO |   [finetune] epoch 7/20 | train_loss=0.7054 | val_loss=0.7267 | val_stone_acc=0.500 | val_stone_f1=0.522 | 51s
20:48:37 | INFO |   [finetune] epoch 8/20 | train_loss=0.6774 | val_loss=0.7408 | val_stone_acc=0.424 | val_stone_f1=0.174 | 163s
20:49:28 | INFO |   [finetune] epoch 9/20 | train_loss=0.6750 | val_loss=0.7319 | val_stone_acc=0.576 | val_stone_f1=0.682 | 51s
20:50:18 | INFO |   [finetune] epoch 10/20 | train_loss=0.6768 | val_loss=0.7344 | val_stone_acc=0.500 | val_stone_f1=0.582 | 51s
20:51:09 | INFO |   [finetune] epoch 11/20 | train_loss=0.6893 | val_loss=0.7322 | val_stone_acc=0.485 | val_stone_f1=0.541 | 51s
20:52:00 | INFO |   [finetune] epoch 12/20 | train_loss=0.6723 | val_loss=0.7293 | val_stone_acc=0.561 | val_stone_f1=0.642 | 51s
20:52:51 | INFO |   [finetune] epoch 13/20 | train_loss=0.6833 | val_loss=0.7385 | val_stone_acc=0.576 | val_stone_f1=0.667 | 51s
20:53:41 | INFO |   [finetune] epoch 14/20 | train_loss=0.6718 | val_loss=0.7552 | val_stone_acc=0.515 | val_stone_f1=0.407 | 51s
20:53:41 | INFO |   Early stopping (no improvement for 7 epochs)
20:53:41 | INFO | Fold 4 done. Best val_loss=0.7267 at epoch 11
20:53:41 | INFO | Cross-fold summary:
20:53:41 | INFO | === Held-out test set evaluation ===
20:53:42 | INFO | Built resnet18 (11,177,538 params total). Pretrained weights: IMAGENET1K_V1
20:53:59 | INFO |   Fold 0 test: stone_acc=0.578 | stone_f1=0.685 | stone_roc_auc=0.518
20:53:59 | INFO | Built resnet18 (11,177,538 params total). Pretrained weights: IMAGENET1K_V1
20:54:16 | INFO |   Fold 1 test: stone_acc=0.434 | stone_f1=0.390 | stone_roc_auc=0.450
20:54:16 | INFO | Built resnet18 (11,177,538 params total). Pretrained weights: IMAGENET1K_V1
20:54:33 | INFO |   Fold 2 test: stone_acc=0.422 | stone_f1=0.489 | stone_roc_auc=0.416
20:54:33 | INFO | Built resnet18 (11,177,538 params total). Pretrained weights: IMAGENET1K_V1
20:54:50 | INFO |   Fold 3 test: stone_acc=0.530 | stone_f1=0.530 | stone_roc_auc=0.559
20:54:50 | INFO | Built resnet18 (11,177,538 params total). Pretrained weights: IMAGENET1K_V1
20:55:07 | INFO |   Fold 4 test: stone_acc=0.554 | stone_f1=0.593 | stone_roc_auc=0.591
20:55:07 | INFO | Test set summary (mean ± std across folds):
20:55:07 | INFO |   stone_accuracy: 0.504 ± 0.071
20:55:07 | INFO |   stone_f1: 0.537 ± 0.111
20:55:07 | INFO |   stone_roc_auc: 0.507 ± 0.073
