============================================================================================== 
Warning! Mixing Conda and module environments may lead to corruption of the
user environment. 
We do not recommend users mixing those two environments unless absolutely
necessary. Note that 
SURF does not provide any support for Conda environment.
For more information, please refer to our software policy page:
https://servicedesk.surf.nl/wiki/display/WIKI/Software+policy+Snellius#SoftwarepolicySnellius-UseofAnacondaandMinicondaenvironmentsonSnellius 

Remember that many packages have already been installed on the system and can
be loaded using 
the 'module load <package__name>' command. If you are uncertain if a package is
already available 
on the system, please use 'module avail' or 'module spider' to search for it.
============================================================================================== 
Lmod has detected the following error: These module(s) or extension(s) exist
but cannot be loaded as requested: "Anaconda3"
   Try: "module spider Anaconda3" to see how to load the module(s).



15:07:41 | WARNING | CUDA requested but not available — falling back to CPU
15:07:41 | INFO | Device: cpu
Traceback (most recent call last):
  File "/gpfs/home3/ddboer/umc_thesis/scripts/05_train_binary.py", line 527, in <module>
    main()
  File "/gpfs/home3/ddboer/umc_thesis/scripts/05_train_binary.py", line 396, in main
    ds = import_module("03_dataset")
         ^^^^^^^^^^^^^^^^^^^^^^^^^^^
  File "/sw/arch/RHEL8/EB_production/2023/software/Anaconda3/2023.07-2/lib/python3.11/importlib/__init__.py", line 126, in import_module
    return _bootstrap._gcd_import(name[level:], package, level)
           ^^^^^^^^^^^^^^^^^^^^^^^^^^^^^^^^^^^^^^^^^^^^^^^^^^^^
  File "<frozen importlib._bootstrap>", line 1204, in _gcd_import
  File "<frozen importlib._bootstrap>", line 1176, in _find_and_load
  File "<frozen importlib._bootstrap>", line 1147, in _find_and_load_unlocked
  File "<frozen importlib._bootstrap>", line 690, in _load_unlocked
  File "<frozen importlib._bootstrap_external>", line 940, in exec_module
  File "<frozen importlib._bootstrap>", line 241, in _call_with_frames_removed
  File "/gpfs/home3/ddboer/umc_thesis/scripts/03_dataset.py", line 35, in <module>
    from torchvision import transforms
ModuleNotFoundError: No module named 'torchvision'
15:07:44 | WARNING | CUDA requested but not available — falling back to CPU
15:07:44 | INFO | Device: cpu
Traceback (most recent call last):
  File "/gpfs/home3/ddboer/umc_thesis/scripts/05_train_binary.py", line 527, in <module>
    main()
  File "/gpfs/home3/ddboer/umc_thesis/scripts/05_train_binary.py", line 396, in main
    ds = import_module("03_dataset")
         ^^^^^^^^^^^^^^^^^^^^^^^^^^^
  File "/sw/arch/RHEL8/EB_production/2023/software/Anaconda3/2023.07-2/lib/python3.11/importlib/__init__.py", line 126, in import_module
    return _bootstrap._gcd_import(name[level:], package, level)
           ^^^^^^^^^^^^^^^^^^^^^^^^^^^^^^^^^^^^^^^^^^^^^^^^^^^^
  File "<frozen importlib._bootstrap>", line 1204, in _gcd_import
  File "<frozen importlib._bootstrap>", line 1176, in _find_and_load
  File "<frozen importlib._bootstrap>", line 1147, in _find_and_load_unlocked
  File "<frozen importlib._bootstrap>", line 690, in _load_unlocked
  File "<frozen importlib._bootstrap_external>", line 940, in exec_module
  File "<frozen importlib._bootstrap>", line 241, in _call_with_frames_removed
  File "/gpfs/home3/ddboer/umc_thesis/scripts/03_dataset.py", line 35, in <module>
    from torchvision import transforms
ModuleNotFoundError: No module named 'torchvision'
15:07:47 | WARNING | CUDA requested but not available — falling back to CPU
15:07:47 | INFO | Device: cpu
Traceback (most recent call last):
  File "/gpfs/home3/ddboer/umc_thesis/scripts/05_train_binary.py", line 527, in <module>
    main()
  File "/gpfs/home3/ddboer/umc_thesis/scripts/05_train_binary.py", line 396, in main
    ds = import_module("03_dataset")
         ^^^^^^^^^^^^^^^^^^^^^^^^^^^
  File "/sw/arch/RHEL8/EB_production/2023/software/Anaconda3/2023.07-2/lib/python3.11/importlib/__init__.py", line 126, in import_module
    return _bootstrap._gcd_import(name[level:], package, level)
           ^^^^^^^^^^^^^^^^^^^^^^^^^^^^^^^^^^^^^^^^^^^^^^^^^^^^
  File "<frozen importlib._bootstrap>", line 1204, in _gcd_import
  File "<frozen importlib._bootstrap>", line 1176, in _find_and_load
  File "<frozen importlib._bootstrap>", line 1147, in _find_and_load_unlocked
  File "<frozen importlib._bootstrap>", line 690, in _load_unlocked
  File "<frozen importlib._bootstrap_external>", line 940, in exec_module
  File "<frozen importlib._bootstrap>", line 241, in _call_with_frames_removed
  File "/gpfs/home3/ddboer/umc_thesis/scripts/03_dataset.py", line 35, in <module>
    from torchvision import transforms
ModuleNotFoundError: No module named 'torchvision'
