14:21:16 | INFO | Device: cuda
14:21:16 | INFO | cuDNN benchmark enabled
14:21:19 | INFO | Recomputed labels at 100.0% threshold: 402 pure / 597 mixed (333 stones)
14:21:19 | WARNING | Skipped 6 rows whose image files are missing
14:21:19 | INFO | Built 993 samples from 333 stones
14:21:19 | INFO | Test holdout: 67 stones (27 pure / 40 mixed, 201 images). Train+val pool: 266 stones (792 images).
14:21:20 | INFO |   Fold 0: train=212 stones (85 pure / 127 mixed, 631 images), val=54 stones (22 pure / 32 mixed, 161 images)
14:21:20 | INFO |   Fold 1: train=213 stones (86 pure / 127 mixed, 634 images), val=53 stones (21 pure / 32 mixed, 158 images)
14:21:20 | INFO |   Fold 2: train=213 stones (86 pure / 127 mixed, 636 images), val=53 stones (21 pure / 32 mixed, 156 images)
14:21:20 | INFO |   Fold 3: train=213 stones (86 pure / 127 mixed, 634 images), val=53 stones (21 pure / 32 mixed, 158 images)
14:21:20 | INFO |   Fold 4: train=213 stones (85 pure / 128 mixed, 633 images), val=53 stones (22 pure / 31 mixed, 159 images)
14:21:20 | INFO | Config snapshot saved to /gpfs/home3/ddboer/umc_thesis/outputs/checkpoints/binary/config_snapshot.yaml
14:21:20 | INFO | Built resnet18 (11,177,538 params total). Pretrained weights: IMAGENET1K_V1
14:21:20 | INFO | Fold 0 — Phase 1: frozen backbone, 5 epochs
14:21:20 | INFO |   Trainable params: 1,026
14:22:11 | INFO |   [frozen] epoch 1/5 | train_loss=0.7776 | val_loss=0.7227 | val_stone_acc=0.593 | val_stone_f1=0.744 | 51s
14:23:01 | INFO |   [frozen] epoch 2/5 | train_loss=0.7824 | val_loss=0.6547 | val_stone_acc=0.593 | val_stone_f1=0.744 | 50s
14:23:50 | INFO |   [frozen] epoch 3/5 | train_loss=0.7346 | val_loss=0.6335 | val_stone_acc=0.648 | val_stone_f1=0.747 | 50s
14:24:40 | INFO |   [frozen] epoch 4/5 | train_loss=0.7419 | val_loss=0.6486 | val_stone_acc=0.611 | val_stone_f1=0.753 | 50s
14:25:30 | INFO |   [frozen] epoch 5/5 | train_loss=0.7036 | val_loss=0.6325 | val_stone_acc=0.648 | val_stone_f1=0.747 | 50s
14:25:30 | INFO |   Trainable params: 11,177,538
14:26:20 | INFO |   [finetune] epoch 1/20 | train_loss=0.7032 | val_loss=0.6335 | val_stone_acc=0.667 | val_stone_f1=0.735 | 50s
14:27:11 | INFO |   [finetune] epoch 2/20 | train_loss=0.6962 | val_loss=0.6305 | val_stone_acc=0.667 | val_stone_f1=0.780 | 50s
14:28:01 | INFO |   [finetune] epoch 3/20 | train_loss=0.6792 | val_loss=0.6219 | val_stone_acc=0.667 | val_stone_f1=0.769 | 50s
14:28:51 | INFO |   [finetune] epoch 4/20 | train_loss=0.6535 | val_loss=0.6204 | val_stone_acc=0.704 | val_stone_f1=0.795 | 50s
14:29:41 | INFO |   [finetune] epoch 5/20 | train_loss=0.6513 | val_loss=0.6215 | val_stone_acc=0.611 | val_stone_f1=0.687 | 50s
14:30:31 | INFO |   [finetune] epoch 6/20 | train_loss=0.6215 | val_loss=0.6220 | val_stone_acc=0.611 | val_stone_f1=0.687 | 50s
14:31:21 | INFO |   [finetune] epoch 7/20 | train_loss=0.6289 | val_loss=0.6267 | val_stone_acc=0.722 | val_stone_f1=0.805 | 50s
14:32:11 | INFO |   [finetune] epoch 8/20 | train_loss=0.6084 | val_loss=0.6271 | val_stone_acc=0.593 | val_stone_f1=0.656 | 50s
14:33:01 | INFO |   [finetune] epoch 9/20 | train_loss=0.6181 | val_loss=0.6388 | val_stone_acc=0.704 | val_stone_f1=0.789 | 50s
14:33:01 | INFO |   Early stopping (no improvement for 5 epochs)
14:33:01 | INFO | Fold 0 done. Best val_loss=0.6204 at epoch 8
14:33:01 | INFO | Built resnet18 (11,177,538 params total). Pretrained weights: IMAGENET1K_V1
14:33:01 | INFO | Fold 1 — Phase 1: frozen backbone, 5 epochs
14:33:01 | INFO |   Trainable params: 1,026
14:33:53 | INFO |   [frozen] epoch 1/5 | train_loss=0.8373 | val_loss=0.7419 | val_stone_acc=0.472 | val_stone_f1=0.548 | 52s
14:34:44 | INFO |   [frozen] epoch 2/5 | train_loss=0.7681 | val_loss=0.7020 | val_stone_acc=0.585 | val_stone_f1=0.703 | 51s
14:35:35 | INFO |   [frozen] epoch 3/5 | train_loss=0.7805 | val_loss=0.6785 | val_stone_acc=0.585 | val_stone_f1=0.718 | 50s
14:36:25 | INFO |   [frozen] epoch 4/5 | train_loss=0.7242 | val_loss=0.6853 | val_stone_acc=0.679 | val_stone_f1=0.738 | 50s
14:37:15 | INFO |   [frozen] epoch 5/5 | train_loss=0.7261 | val_loss=0.6683 | val_stone_acc=0.660 | val_stone_f1=0.750 | 50s
14:37:15 | INFO |   Trainable params: 11,177,538
14:38:05 | INFO |   [finetune] epoch 1/20 | train_loss=0.7467 | val_loss=0.6757 | val_stone_acc=0.623 | val_stone_f1=0.762 | 50s
14:38:55 | INFO |   [finetune] epoch 2/20 | train_loss=0.6928 | val_loss=0.6868 | val_stone_acc=0.604 | val_stone_f1=0.677 | 50s
14:39:45 | INFO |   [finetune] epoch 3/20 | train_loss=0.6771 | val_loss=0.6531 | val_stone_acc=0.642 | val_stone_f1=0.740 | 50s
14:40:35 | INFO |   [finetune] epoch 4/20 | train_loss=0.6629 | val_loss=0.6455 | val_stone_acc=0.585 | val_stone_f1=0.718 | 50s
14:41:25 | INFO |   [finetune] epoch 5/20 | train_loss=0.6553 | val_loss=0.6369 | val_stone_acc=0.717 | val_stone_f1=0.776 | 50s
14:42:16 | INFO |   [finetune] epoch 6/20 | train_loss=0.6644 | val_loss=0.6358 | val_stone_acc=0.660 | val_stone_f1=0.763 | 51s
14:43:06 | INFO |   [finetune] epoch 7/20 | train_loss=0.6471 | val_loss=0.6325 | val_stone_acc=0.623 | val_stone_f1=0.730 | 51s
14:43:57 | INFO |   [finetune] epoch 8/20 | train_loss=0.6323 | val_loss=0.6446 | val_stone_acc=0.679 | val_stone_f1=0.754 | 51s
14:44:47 | INFO |   [finetune] epoch 9/20 | train_loss=0.6499 | val_loss=0.6418 | val_stone_acc=0.660 | val_stone_f1=0.750 | 51s
14:45:38 | INFO |   [finetune] epoch 10/20 | train_loss=0.6154 | val_loss=0.6593 | val_stone_acc=0.698 | val_stone_f1=0.733 | 50s
14:46:28 | INFO |   [finetune] epoch 11/20 | train_loss=0.5941 | val_loss=0.6358 | val_stone_acc=0.717 | val_stone_f1=0.783 | 50s
14:47:18 | INFO |   [finetune] epoch 12/20 | train_loss=0.6098 | val_loss=0.6259 | val_stone_acc=0.698 | val_stone_f1=0.765 | 50s
14:48:08 | INFO |   [finetune] epoch 13/20 | train_loss=0.5839 | val_loss=0.6243 | val_stone_acc=0.717 | val_stone_f1=0.776 | 50s
14:48:58 | INFO |   [finetune] epoch 14/20 | train_loss=0.5643 | val_loss=0.6252 | val_stone_acc=0.755 | val_stone_f1=0.800 | 50s
14:49:48 | INFO |   [finetune] epoch 15/20 | train_loss=0.6116 | val_loss=0.6253 | val_stone_acc=0.755 | val_stone_f1=0.806 | 50s
14:50:38 | INFO |   [finetune] epoch 16/20 | train_loss=0.5399 | val_loss=0.6188 | val_stone_acc=0.736 | val_stone_f1=0.794 | 50s
14:51:28 | INFO |   [finetune] epoch 17/20 | train_loss=0.5630 | val_loss=0.6563 | val_stone_acc=0.755 | val_stone_f1=0.794 | 50s
14:52:18 | INFO |   [finetune] epoch 18/20 | train_loss=0.5356 | val_loss=0.6358 | val_stone_acc=0.717 | val_stone_f1=0.789 | 50s
14:53:08 | INFO |   [finetune] epoch 19/20 | train_loss=0.5702 | val_loss=0.6688 | val_stone_acc=0.604 | val_stone_f1=0.632 | 50s
14:53:58 | INFO |   [finetune] epoch 20/20 | train_loss=0.5469 | val_loss=0.6211 | val_stone_acc=0.717 | val_stone_f1=0.776 | 50s
14:53:58 | INFO | Fold 1 done. Best val_loss=0.6188 at epoch 20
14:53:58 | INFO | Built resnet18 (11,177,538 params total). Pretrained weights: IMAGENET1K_V1
14:53:58 | INFO | Fold 2 — Phase 1: frozen backbone, 5 epochs
14:53:58 | INFO |   Trainable params: 1,026
14:54:49 | INFO |   [frozen] epoch 1/5 | train_loss=0.7638 | val_loss=0.6638 | val_stone_acc=0.623 | val_stone_f1=0.750 | 51s
14:55:39 | INFO |   [frozen] epoch 2/5 | train_loss=0.7679 | val_loss=0.7223 | val_stone_acc=0.604 | val_stone_f1=0.753 | 50s
14:56:29 | INFO |   [frozen] epoch 3/5 | train_loss=0.7625 | val_loss=0.6854 | val_stone_acc=0.604 | val_stone_f1=0.727 | 50s
14:57:19 | INFO |   [frozen] epoch 4/5 | train_loss=0.7510 | val_loss=0.6783 | val_stone_acc=0.642 | val_stone_f1=0.740 | 50s
14:58:10 | INFO |   [frozen] epoch 5/5 | train_loss=0.7283 | val_loss=0.6651 | val_stone_acc=0.660 | val_stone_f1=0.775 | 50s
14:58:10 | INFO |   Trainable params: 11,177,538
14:59:00 | INFO |   [finetune] epoch 1/20 | train_loss=0.7090 | val_loss=0.6688 | val_stone_acc=0.623 | val_stone_f1=0.756 | 50s
14:59:50 | INFO |   [finetune] epoch 2/20 | train_loss=0.7267 | val_loss=0.6591 | val_stone_acc=0.604 | val_stone_f1=0.747 | 50s
15:00:41 | INFO |   [finetune] epoch 3/20 | train_loss=0.6832 | val_loss=0.6509 | val_stone_acc=0.698 | val_stone_f1=0.795 | 50s
15:01:31 | INFO |   [finetune] epoch 4/20 | train_loss=0.6792 | val_loss=0.6467 | val_stone_acc=0.717 | val_stone_f1=0.805 | 50s
15:02:21 | INFO |   [finetune] epoch 5/20 | train_loss=0.6414 | val_loss=0.6379 | val_stone_acc=0.717 | val_stone_f1=0.805 | 50s
15:03:12 | INFO |   [finetune] epoch 6/20 | train_loss=0.6442 | val_loss=0.6358 | val_stone_acc=0.698 | val_stone_f1=0.795 | 50s
15:04:03 | INFO |   [finetune] epoch 7/20 | train_loss=0.6230 | val_loss=0.6246 | val_stone_acc=0.698 | val_stone_f1=0.795 | 51s
15:04:53 | INFO |   [finetune] epoch 8/20 | train_loss=0.6184 | val_loss=0.6243 | val_stone_acc=0.660 | val_stone_f1=0.757 | 51s
15:05:45 | INFO |   [finetune] epoch 9/20 | train_loss=0.6069 | val_loss=0.6371 | val_stone_acc=0.736 | val_stone_f1=0.794 | 51s
15:06:36 | INFO |   [finetune] epoch 10/20 | train_loss=0.5786 | val_loss=0.6154 | val_stone_acc=0.698 | val_stone_f1=0.795 | 51s
15:07:27 | INFO |   [finetune] epoch 11/20 | train_loss=0.6056 | val_loss=0.6131 | val_stone_acc=0.717 | val_stone_f1=0.800 | 51s
15:08:18 | INFO |   [finetune] epoch 12/20 | train_loss=0.5990 | val_loss=0.6141 | val_stone_acc=0.679 | val_stone_f1=0.779 | 51s
15:09:09 | INFO |   [finetune] epoch 13/20 | train_loss=0.5944 | val_loss=0.6208 | val_stone_acc=0.736 | val_stone_f1=0.800 | 51s
15:10:00 | INFO |   [finetune] epoch 14/20 | train_loss=0.5557 | val_loss=0.6062 | val_stone_acc=0.698 | val_stone_f1=0.795 | 51s
15:10:51 | INFO |   [finetune] epoch 15/20 | train_loss=0.5758 | val_loss=0.6258 | val_stone_acc=0.736 | val_stone_f1=0.781 | 51s
15:11:42 | INFO |   [finetune] epoch 16/20 | train_loss=0.5721 | val_loss=0.5932 | val_stone_acc=0.736 | val_stone_f1=0.816 | 51s
15:12:33 | INFO |   [finetune] epoch 17/20 | train_loss=0.5260 | val_loss=0.5958 | val_stone_acc=0.717 | val_stone_f1=0.805 | 51s
15:13:23 | INFO |   [finetune] epoch 18/20 | train_loss=0.5342 | val_loss=0.5993 | val_stone_acc=0.736 | val_stone_f1=0.811 | 51s
15:14:14 | INFO |   [finetune] epoch 19/20 | train_loss=0.5183 | val_loss=0.6015 | val_stone_acc=0.717 | val_stone_f1=0.800 | 51s
15:15:04 | INFO |   [finetune] epoch 20/20 | train_loss=0.5535 | val_loss=0.6220 | val_stone_acc=0.736 | val_stone_f1=0.794 | 50s
15:15:04 | INFO | Fold 2 done. Best val_loss=0.5932 at epoch 20
15:15:05 | INFO | Built resnet18 (11,177,538 params total). Pretrained weights: IMAGENET1K_V1
15:15:05 | INFO | Fold 3 — Phase 1: frozen backbone, 5 epochs
15:15:05 | INFO |   Trainable params: 1,026
15:15:55 | INFO |   [frozen] epoch 1/5 | train_loss=0.7656 | val_loss=0.7135 | val_stone_acc=0.509 | val_stone_f1=0.567 | 50s
15:16:45 | INFO |   [frozen] epoch 2/5 | train_loss=0.7621 | val_loss=0.7061 | val_stone_acc=0.547 | val_stone_f1=0.556 | 50s
15:17:35 | INFO |   [frozen] epoch 3/5 | train_loss=0.7160 | val_loss=0.6766 | val_stone_acc=0.566 | val_stone_f1=0.693 | 50s
15:18:26 | INFO |   [frozen] epoch 4/5 | train_loss=0.6979 | val_loss=0.6569 | val_stone_acc=0.623 | val_stone_f1=0.744 | 50s
15:19:16 | INFO |   [frozen] epoch 5/5 | train_loss=0.6926 | val_loss=0.6566 | val_stone_acc=0.623 | val_stone_f1=0.688 | 50s
15:19:16 | INFO |   Trainable params: 11,177,538
15:20:06 | INFO |   [finetune] epoch 1/20 | train_loss=0.7124 | val_loss=0.6569 | val_stone_acc=0.623 | val_stone_f1=0.706 | 50s
15:20:57 | INFO |   [finetune] epoch 2/20 | train_loss=0.6673 | val_loss=0.6620 | val_stone_acc=0.642 | val_stone_f1=0.698 | 50s
15:21:47 | INFO |   [finetune] epoch 3/20 | train_loss=0.6621 | val_loss=0.6475 | val_stone_acc=0.698 | val_stone_f1=0.765 | 50s
15:22:37 | INFO |   [finetune] epoch 4/20 | train_loss=0.6644 | val_loss=0.6480 | val_stone_acc=0.660 | val_stone_f1=0.727 | 50s
15:23:27 | INFO |   [finetune] epoch 5/20 | train_loss=0.6239 | val_loss=0.6404 | val_stone_acc=0.679 | val_stone_f1=0.754 | 50s
15:24:18 | INFO |   [finetune] epoch 6/20 | train_loss=0.6301 | val_loss=0.6572 | val_stone_acc=0.547 | val_stone_f1=0.586 | 51s
15:25:08 | INFO |   [finetune] epoch 7/20 | train_loss=0.6237 | val_loss=0.6532 | val_stone_acc=0.566 | val_stone_f1=0.623 | 50s
15:25:59 | INFO |   [finetune] epoch 8/20 | train_loss=0.6556 | val_loss=0.6351 | val_stone_acc=0.585 | val_stone_f1=0.667 | 50s
15:26:49 | INFO |   [finetune] epoch 9/20 | train_loss=0.6187 | val_loss=0.6361 | val_stone_acc=0.642 | val_stone_f1=0.732 | 50s
15:27:39 | INFO |   [finetune] epoch 10/20 | train_loss=0.6067 | val_loss=0.6391 | val_stone_acc=0.585 | val_stone_f1=0.656 | 50s
15:28:30 | INFO |   [finetune] epoch 11/20 | train_loss=0.5773 | val_loss=0.6497 | val_stone_acc=0.604 | val_stone_f1=0.696 | 50s
15:29:20 | INFO |   [finetune] epoch 12/20 | train_loss=0.5632 | val_loss=0.7047 | val_stone_acc=0.566 | val_stone_f1=0.582 | 50s
15:30:10 | INFO |   [finetune] epoch 13/20 | train_loss=0.5816 | val_loss=0.6561 | val_stone_acc=0.660 | val_stone_f1=0.735 | 50s
15:30:10 | INFO |   Early stopping (no improvement for 5 epochs)
15:30:10 | INFO | Fold 3 done. Best val_loss=0.6351 at epoch 12
15:30:10 | INFO | Built resnet18 (11,177,538 params total). Pretrained weights: IMAGENET1K_V1
15:30:10 | INFO | Fold 4 — Phase 1: frozen backbone, 5 epochs
15:30:10 | INFO |   Trainable params: 1,026
15:31:00 | INFO |   [frozen] epoch 1/5 | train_loss=0.7730 | val_loss=0.6692 | val_stone_acc=0.604 | val_stone_f1=0.747 | 50s
15:31:51 | INFO |   [frozen] epoch 2/5 | train_loss=0.7668 | val_loss=0.6866 | val_stone_acc=0.585 | val_stone_f1=0.577 | 50s
15:32:40 | INFO |   [frozen] epoch 3/5 | train_loss=0.7323 | val_loss=0.6659 | val_stone_acc=0.585 | val_stone_f1=0.725 | 50s
15:33:30 | INFO |   [frozen] epoch 4/5 | train_loss=0.7036 | val_loss=0.6674 | val_stone_acc=0.585 | val_stone_f1=0.725 | 50s
15:34:21 | INFO |   [frozen] epoch 5/5 | train_loss=0.7353 | val_loss=0.6704 | val_stone_acc=0.528 | val_stone_f1=0.561 | 50s
15:34:21 | INFO |   Trainable params: 11,177,538
15:35:11 | INFO |   [finetune] epoch 1/20 | train_loss=0.6939 | val_loss=0.6602 | val_stone_acc=0.585 | val_stone_f1=0.694 | 50s
15:36:00 | INFO |   [finetune] epoch 2/20 | train_loss=0.6972 | val_loss=0.6673 | val_stone_acc=0.566 | val_stone_f1=0.676 | 50s
15:36:50 | INFO |   [finetune] epoch 3/20 | train_loss=0.6744 | val_loss=0.6709 | val_stone_acc=0.566 | val_stone_f1=0.701 | 50s
15:37:40 | INFO |   [finetune] epoch 4/20 | train_loss=0.6408 | val_loss=0.6582 | val_stone_acc=0.642 | val_stone_f1=0.740 | 50s
15:38:30 | INFO |   [finetune] epoch 5/20 | train_loss=0.6595 | val_loss=0.6441 | val_stone_acc=0.660 | val_stone_f1=0.763 | 50s
15:39:20 | INFO |   [finetune] epoch 6/20 | train_loss=0.6341 | val_loss=0.6381 | val_stone_acc=0.585 | val_stone_f1=0.656 | 50s
15:40:10 | INFO |   [finetune] epoch 7/20 | train_loss=0.6161 | val_loss=0.6363 | val_stone_acc=0.623 | val_stone_f1=0.730 | 50s
15:41:00 | INFO |   [finetune] epoch 8/20 | train_loss=0.5893 | val_loss=0.6305 | val_stone_acc=0.604 | val_stone_f1=0.677 | 50s
15:41:49 | INFO |   [finetune] epoch 9/20 | train_loss=0.5735 | val_loss=0.6253 | val_stone_acc=0.642 | val_stone_f1=0.716 | 50s
15:42:39 | INFO |   [finetune] epoch 10/20 | train_loss=0.6015 | val_loss=0.6345 | val_stone_acc=0.604 | val_stone_f1=0.704 | 50s
15:43:29 | INFO |   [finetune] epoch 11/20 | train_loss=0.6185 | val_loss=0.6431 | val_stone_acc=0.623 | val_stone_f1=0.677 | 50s
15:44:19 | INFO |   [finetune] epoch 12/20 | train_loss=0.5701 | val_loss=0.6628 | val_stone_acc=0.660 | val_stone_f1=0.679 | 50s
15:45:09 | INFO |   [finetune] epoch 13/20 | train_loss=0.5664 | val_loss=0.6631 | val_stone_acc=0.642 | val_stone_f1=0.678 | 50s
15:45:59 | INFO |   [finetune] epoch 14/20 | train_loss=0.5420 | val_loss=0.6535 | val_stone_acc=0.604 | val_stone_f1=0.667 | 50s
15:45:59 | INFO |   Early stopping (no improvement for 5 epochs)
15:45:59 | INFO | Fold 4 done. Best val_loss=0.6253 at epoch 13
15:45:59 | INFO | Cross-fold summary:
15:45:59 | INFO | === Held-out test set evaluation ===
15:45:59 | INFO | Built resnet18 (11,177,538 params total). Pretrained weights: IMAGENET1K_V1
15:46:16 | INFO |   Fold 0 test: stone_acc=0.627 | stone_f1=0.752 | stone_roc_auc=0.585
15:46:17 | INFO | Built resnet18 (11,177,538 params total). Pretrained weights: IMAGENET1K_V1
15:46:34 | INFO |   Fold 1 test: stone_acc=0.746 | stone_f1=0.817 | stone_roc_auc=0.741
15:46:34 | INFO | Built resnet18 (11,177,538 params total). Pretrained weights: IMAGENET1K_V1
15:46:51 | INFO |   Fold 2 test: stone_acc=0.627 | stone_f1=0.742 | stone_roc_auc=0.585
15:46:52 | INFO | Built resnet18 (11,177,538 params total). Pretrained weights: IMAGENET1K_V1
15:47:09 | INFO |   Fold 3 test: stone_acc=0.612 | stone_f1=0.723 | stone_roc_auc=0.596
15:47:09 | INFO | Built resnet18 (11,177,538 params total). Pretrained weights: IMAGENET1K_V1
15:47:26 | INFO |   Fold 4 test: stone_acc=0.612 | stone_f1=0.735 | stone_roc_auc=0.586
15:47:26 | INFO | Test set summary (mean ± std across folds):
15:47:26 | INFO |   stone_accuracy: 0.645 ± 0.057
15:47:26 | INFO |   stone_f1: 0.754 ± 0.037
15:47:26 | INFO |   stone_roc_auc: 0.619 ± 0.068
15:47:32 | INFO | Device: cuda
15:47:32 | INFO | cuDNN benchmark enabled
15:47:33 | INFO | Recomputed labels at 90.0% threshold: 588 pure / 411 mixed (333 stones)
15:47:33 | WARNING | Skipped 6 rows whose image files are missing
15:47:33 | INFO | Built 993 samples from 333 stones
15:47:33 | INFO | Test holdout: 67 stones (39 pure / 28 mixed, 200 images). Train+val pool: 266 stones (793 images).
15:47:34 | INFO |   Fold 0: train=212 stones (125 pure / 87 mixed, 634 images), val=54 stones (32 pure / 22 mixed, 159 images)
15:47:34 | INFO |   Fold 1: train=213 stones (126 pure / 87 mixed, 635 images), val=53 stones (31 pure / 22 mixed, 158 images)
15:47:34 | INFO |   Fold 2: train=213 stones (126 pure / 87 mixed, 634 images), val=53 stones (31 pure / 22 mixed, 159 images)
15:47:34 | INFO |   Fold 3: train=213 stones (126 pure / 87 mixed, 635 images), val=53 stones (31 pure / 22 mixed, 158 images)
15:47:34 | INFO |   Fold 4: train=213 stones (125 pure / 88 mixed, 634 images), val=53 stones (32 pure / 21 mixed, 159 images)
15:47:34 | INFO | Config snapshot saved to /gpfs/home3/ddboer/umc_thesis/outputs/checkpoints/binary_t90/config_snapshot.yaml
15:47:34 | INFO | Built resnet18 (11,177,538 params total). Pretrained weights: IMAGENET1K_V1
15:47:34 | INFO | Fold 0 — Phase 1: frozen backbone, 5 epochs
15:47:34 | INFO |   Trainable params: 1,026
15:48:25 | INFO |   [frozen] epoch 1/5 | train_loss=0.8195 | val_loss=0.8131 | val_stone_acc=0.463 | val_stone_f1=0.603 | 51s
15:49:15 | INFO |   [frozen] epoch 2/5 | train_loss=0.7713 | val_loss=0.6804 | val_stone_acc=0.611 | val_stone_f1=0.400 | 50s
15:50:05 | INFO |   [frozen] epoch 3/5 | train_loss=0.7484 | val_loss=0.6751 | val_stone_acc=0.611 | val_stone_f1=0.087 | 50s
15:50:55 | INFO |   [frozen] epoch 4/5 | train_loss=0.7388 | val_loss=0.6600 | val_stone_acc=0.519 | val_stone_f1=0.316 | 50s
15:51:45 | INFO |   [frozen] epoch 5/5 | train_loss=0.7231 | val_loss=0.6625 | val_stone_acc=0.519 | val_stone_f1=0.316 | 50s
15:51:45 | INFO |   Trainable params: 11,177,538
15:52:35 | INFO |   [finetune] epoch 1/20 | train_loss=0.6865 | val_loss=0.6853 | val_stone_acc=0.593 | val_stone_f1=0.214 | 50s
15:53:25 | INFO |   [finetune] epoch 2/20 | train_loss=0.6964 | val_loss=0.6698 | val_stone_acc=0.574 | val_stone_f1=0.343 | 50s
15:54:15 | INFO |   [finetune] epoch 3/20 | train_loss=0.6650 | val_loss=0.6787 | val_stone_acc=0.556 | val_stone_f1=0.368 | 50s
15:55:05 | INFO |   [finetune] epoch 4/20 | train_loss=0.6759 | val_loss=0.6824 | val_stone_acc=0.593 | val_stone_f1=0.353 | 50s
15:55:55 | INFO |   [finetune] epoch 5/20 | train_loss=0.6720 | val_loss=0.7012 | val_stone_acc=0.556 | val_stone_f1=0.077 | 50s
15:56:44 | INFO |   [finetune] epoch 6/20 | train_loss=0.6413 | val_loss=0.6715 | val_stone_acc=0.593 | val_stone_f1=0.353 | 49s
15:57:34 | INFO |   [finetune] epoch 7/20 | train_loss=0.6368 | val_loss=0.7327 | val_stone_acc=0.574 | val_stone_f1=0.080 | 49s
15:57:34 | INFO |   Early stopping (no improvement for 5 epochs)
15:57:34 | INFO | Fold 0 done. Best val_loss=0.6698 at epoch 6
15:57:34 | INFO | Built resnet18 (11,177,538 params total). Pretrained weights: IMAGENET1K_V1
15:57:34 | INFO | Fold 1 — Phase 1: frozen backbone, 5 epochs
15:57:34 | INFO |   Trainable params: 1,026
15:58:24 | INFO |   [frozen] epoch 1/5 | train_loss=0.8027 | val_loss=0.6728 | val_stone_acc=0.604 | val_stone_f1=0.323 | 50s
15:59:14 | INFO |   [frozen] epoch 2/5 | train_loss=0.7706 | val_loss=0.6797 | val_stone_acc=0.604 | val_stone_f1=0.087 | 49s
16:00:03 | INFO |   [frozen] epoch 3/5 | train_loss=0.7442 | val_loss=0.7104 | val_stone_acc=0.585 | val_stone_f1=0.000 | 49s
16:00:52 | INFO |   [frozen] epoch 4/5 | train_loss=0.7489 | val_loss=0.6715 | val_stone_acc=0.604 | val_stone_f1=0.087 | 49s
16:01:42 | INFO |   [frozen] epoch 5/5 | train_loss=0.7192 | val_loss=0.6921 | val_stone_acc=0.585 | val_stone_f1=0.000 | 49s
16:01:42 | INFO |   Trainable params: 11,177,538
16:02:31 | INFO |   [finetune] epoch 1/20 | train_loss=0.7174 | val_loss=0.6630 | val_stone_acc=0.604 | val_stone_f1=0.364 | 50s
16:03:21 | INFO |   [finetune] epoch 2/20 | train_loss=0.7135 | val_loss=0.6990 | val_stone_acc=0.585 | val_stone_f1=0.000 | 49s
16:04:10 | INFO |   [finetune] epoch 3/20 | train_loss=0.6828 | val_loss=0.6626 | val_stone_acc=0.604 | val_stone_f1=0.222 | 49s
16:04:59 | INFO |   [finetune] epoch 4/20 | train_loss=0.6795 | val_loss=0.6627 | val_stone_acc=0.679 | val_stone_f1=0.414 | 49s
16:05:48 | INFO |   [finetune] epoch 5/20 | train_loss=0.6678 | val_loss=0.6943 | val_stone_acc=0.604 | val_stone_f1=0.087 | 49s
16:06:38 | INFO |   [finetune] epoch 6/20 | train_loss=0.6587 | val_loss=0.6567 | val_stone_acc=0.660 | val_stone_f1=0.357 | 49s
16:07:27 | INFO |   [finetune] epoch 7/20 | train_loss=0.6705 | val_loss=0.6764 | val_stone_acc=0.604 | val_stone_f1=0.087 | 49s
16:08:16 | INFO |   [finetune] epoch 8/20 | train_loss=0.6128 | val_loss=0.6519 | val_stone_acc=0.642 | val_stone_f1=0.296 | 49s
16:09:06 | INFO |   [finetune] epoch 9/20 | train_loss=0.6000 | val_loss=0.6703 | val_stone_acc=0.623 | val_stone_f1=0.167 | 49s
16:09:56 | INFO |   [finetune] epoch 10/20 | train_loss=0.6350 | val_loss=0.6527 | val_stone_acc=0.623 | val_stone_f1=0.231 | 50s
16:10:45 | INFO |   [finetune] epoch 11/20 | train_loss=0.5948 | val_loss=0.6565 | val_stone_acc=0.623 | val_stone_f1=0.231 | 50s
16:11:35 | INFO |   [finetune] epoch 12/20 | train_loss=0.5783 | val_loss=0.6469 | val_stone_acc=0.660 | val_stone_f1=0.357 | 50s
16:12:25 | INFO |   [finetune] epoch 13/20 | train_loss=0.5903 | val_loss=0.6567 | val_stone_acc=0.660 | val_stone_f1=0.308 | 50s
16:13:14 | INFO |   [finetune] epoch 14/20 | train_loss=0.5908 | val_loss=0.6476 | val_stone_acc=0.660 | val_stone_f1=0.308 | 50s
16:14:04 | INFO |   [finetune] epoch 15/20 | train_loss=0.5598 | val_loss=0.6278 | val_stone_acc=0.642 | val_stone_f1=0.345 | 50s
16:14:53 | INFO |   [finetune] epoch 16/20 | train_loss=0.5813 | val_loss=0.6359 | val_stone_acc=0.642 | val_stone_f1=0.296 | 50s
16:15:43 | INFO |   [finetune] epoch 17/20 | train_loss=0.6137 | val_loss=0.6107 | val_stone_acc=0.679 | val_stone_f1=0.622 | 49s
16:16:32 | INFO |   [finetune] epoch 18/20 | train_loss=0.6238 | val_loss=0.6811 | val_stone_acc=0.642 | val_stone_f1=0.240 | 49s
16:17:21 | INFO |   [finetune] epoch 19/20 | train_loss=0.5404 | val_loss=0.6301 | val_stone_acc=0.623 | val_stone_f1=0.375 | 49s
16:18:11 | INFO |   [finetune] epoch 20/20 | train_loss=0.5745 | val_loss=0.6373 | val_stone_acc=0.623 | val_stone_f1=0.375 | 49s
16:18:11 | INFO | Fold 1 done. Best val_loss=0.6107 at epoch 21
16:18:11 | INFO | Built resnet18 (11,177,538 params total). Pretrained weights: IMAGENET1K_V1
16:18:11 | INFO | Fold 2 — Phase 1: frozen backbone, 5 epochs
16:18:11 | INFO |   Trainable params: 1,026
16:19:01 | INFO |   [frozen] epoch 1/5 | train_loss=0.7928 | val_loss=0.7139 | val_stone_acc=0.566 | val_stone_f1=0.000 | 50s
16:19:51 | INFO |   [frozen] epoch 2/5 | train_loss=0.7616 | val_loss=0.7113 | val_stone_acc=0.528 | val_stone_f1=0.359 | 49s
16:20:40 | INFO |   [frozen] epoch 3/5 | train_loss=0.7359 | val_loss=0.6882 | val_stone_acc=0.604 | val_stone_f1=0.222 | 49s
16:21:29 | INFO |   [frozen] epoch 4/5 | train_loss=0.7379 | val_loss=0.6805 | val_stone_acc=0.566 | val_stone_f1=0.148 | 49s
16:22:19 | INFO |   [frozen] epoch 5/5 | train_loss=0.6857 | val_loss=0.6763 | val_stone_acc=0.623 | val_stone_f1=0.375 | 49s
16:22:19 | INFO |   Trainable params: 11,177,538
16:23:08 | INFO |   [finetune] epoch 1/20 | train_loss=0.7154 | val_loss=0.6903 | val_stone_acc=0.528 | val_stone_f1=0.510 | 49s
16:23:57 | INFO |   [finetune] epoch 2/20 | train_loss=0.6976 | val_loss=0.6751 | val_stone_acc=0.623 | val_stone_f1=0.231 | 49s
16:24:47 | INFO |   [finetune] epoch 3/20 | train_loss=0.6824 | val_loss=0.6781 | val_stone_acc=0.585 | val_stone_f1=0.214 | 49s
16:25:36 | INFO |   [finetune] epoch 4/20 | train_loss=0.7126 | val_loss=0.6764 | val_stone_acc=0.566 | val_stone_f1=0.489 | 49s
16:26:25 | INFO |   [finetune] epoch 5/20 | train_loss=0.6281 | val_loss=0.6833 | val_stone_acc=0.623 | val_stone_f1=0.286 | 49s
16:27:14 | INFO |   [finetune] epoch 6/20 | train_loss=0.6199 | val_loss=0.6654 | val_stone_acc=0.623 | val_stone_f1=0.412 | 49s
16:28:04 | INFO |   [finetune] epoch 7/20 | train_loss=0.6261 | val_loss=0.6618 | val_stone_acc=0.604 | val_stone_f1=0.400 | 49s
16:28:53 | INFO |   [finetune] epoch 8/20 | train_loss=0.6273 | val_loss=0.6655 | val_stone_acc=0.604 | val_stone_f1=0.323 | 49s
16:29:43 | INFO |   [finetune] epoch 9/20 | train_loss=0.5831 | val_loss=0.6621 | val_stone_acc=0.623 | val_stone_f1=0.412 | 50s
16:30:32 | INFO |   [finetune] epoch 10/20 | train_loss=0.5934 | val_loss=0.6699 | val_stone_acc=0.604 | val_stone_f1=0.364 | 49s
16:31:21 | INFO |   [finetune] epoch 11/20 | train_loss=0.5792 | val_loss=0.6906 | val_stone_acc=0.604 | val_stone_f1=0.323 | 49s
16:32:11 | INFO |   [finetune] epoch 12/20 | train_loss=0.5851 | val_loss=0.6868 | val_stone_acc=0.585 | val_stone_f1=0.542 | 49s
16:32:11 | INFO |   Early stopping (no improvement for 5 epochs)
16:32:11 | INFO | Fold 2 done. Best val_loss=0.6618 at epoch 11
16:32:11 | INFO | Built resnet18 (11,177,538 params total). Pretrained weights: IMAGENET1K_V1
16:32:11 | INFO | Fold 3 — Phase 1: frozen backbone, 5 epochs
16:32:11 | INFO |   Trainable params: 1,026
16:33:01 | INFO |   [frozen] epoch 1/5 | train_loss=0.8068 | val_loss=0.7133 | val_stone_acc=0.566 | val_stone_f1=0.148 | 50s
16:33:51 | INFO |   [frozen] epoch 2/5 | train_loss=0.7821 | val_loss=0.7314 | val_stone_acc=0.566 | val_stone_f1=0.000 | 50s
16:34:40 | INFO |   [frozen] epoch 3/5 | train_loss=0.7490 | val_loss=0.7399 | val_stone_acc=0.528 | val_stone_f1=0.000 | 49s
16:35:29 | INFO |   [frozen] epoch 4/5 | train_loss=0.7234 | val_loss=0.7374 | val_stone_acc=0.509 | val_stone_f1=0.278 | 49s
16:36:19 | INFO |   [frozen] epoch 5/5 | train_loss=0.7427 | val_loss=0.7902 | val_stone_acc=0.566 | val_stone_f1=0.000 | 49s
16:36:19 | INFO |   Trainable params: 11,177,538
16:37:08 | INFO |   [finetune] epoch 1/20 | train_loss=0.7324 | val_loss=0.7605 | val_stone_acc=0.566 | val_stone_f1=0.000 | 49s
16:37:58 | INFO |   [finetune] epoch 2/20 | train_loss=0.6895 | val_loss=0.7217 | val_stone_acc=0.585 | val_stone_f1=0.214 | 50s
16:38:48 | INFO |   [finetune] epoch 3/20 | train_loss=0.7038 | val_loss=0.7301 | val_stone_acc=0.528 | val_stone_f1=0.074 | 50s
16:39:37 | INFO |   [finetune] epoch 4/20 | train_loss=0.6756 | val_loss=0.7382 | val_stone_acc=0.509 | val_stone_f1=0.133 | 50s
16:40:27 | INFO |   [finetune] epoch 5/20 | train_loss=0.6285 | val_loss=0.7403 | val_stone_acc=0.566 | val_stone_f1=0.148 | 50s
16:41:17 | INFO |   [finetune] epoch 6/20 | train_loss=0.6502 | val_loss=0.7332 | val_stone_acc=0.566 | val_stone_f1=0.148 | 50s
16:42:07 | INFO |   [finetune] epoch 7/20 | train_loss=0.5944 | val_loss=0.7205 | val_stone_acc=0.547 | val_stone_f1=0.200 | 50s
16:42:57 | INFO |   [finetune] epoch 8/20 | train_loss=0.6166 | val_loss=0.7424 | val_stone_acc=0.585 | val_stone_f1=0.083 | 50s
16:43:46 | INFO |   [finetune] epoch 9/20 | train_loss=0.6367 | val_loss=0.7265 | val_stone_acc=0.623 | val_stone_f1=0.231 | 50s
16:44:36 | INFO |   [finetune] epoch 10/20 | train_loss=0.6112 | val_loss=0.7615 | val_stone_acc=0.585 | val_stone_f1=0.083 | 50s
16:45:26 | INFO |   [finetune] epoch 11/20 | train_loss=0.5915 | val_loss=0.7356 | val_stone_acc=0.623 | val_stone_f1=0.375 | 50s
16:46:16 | INFO |   [finetune] epoch 12/20 | train_loss=0.5937 | val_loss=0.7421 | val_stone_acc=0.604 | val_stone_f1=0.364 | 50s
16:46:16 | INFO |   Early stopping (no improvement for 5 epochs)
16:46:16 | INFO | Fold 3 done. Best val_loss=0.7205 at epoch 11
16:46:17 | INFO | Built resnet18 (11,177,538 params total). Pretrained weights: IMAGENET1K_V1
16:46:17 | INFO | Fold 4 — Phase 1: frozen backbone, 5 epochs
16:46:17 | INFO |   Trainable params: 1,026
16:47:06 | INFO |   [frozen] epoch 1/5 | train_loss=0.7817 | val_loss=0.6938 | val_stone_acc=0.623 | val_stone_f1=0.091 | 50s
16:47:56 | INFO |   [frozen] epoch 2/5 | train_loss=0.7376 | val_loss=0.6965 | val_stone_acc=0.585 | val_stone_f1=0.000 | 50s
16:48:45 | INFO |   [frozen] epoch 3/5 | train_loss=0.7395 | val_loss=0.6825 | val_stone_acc=0.585 | val_stone_f1=0.154 | 49s
16:49:34 | INFO |   [frozen] epoch 4/5 | train_loss=0.7146 | val_loss=0.6806 | val_stone_acc=0.604 | val_stone_f1=0.160 | 49s
16:50:23 | INFO |   [frozen] epoch 5/5 | train_loss=0.7400 | val_loss=0.6755 | val_stone_acc=0.642 | val_stone_f1=0.345 | 49s
16:50:23 | INFO |   Trainable params: 11,177,538
16:51:12 | INFO |   [finetune] epoch 1/20 | train_loss=0.7047 | val_loss=0.6676 | val_stone_acc=0.566 | val_stone_f1=0.303 | 49s
16:52:01 | INFO |   [finetune] epoch 2/20 | train_loss=0.6671 | val_loss=0.6725 | val_stone_acc=0.604 | val_stone_f1=0.432 | 49s
16:52:50 | INFO |   [finetune] epoch 3/20 | train_loss=0.6942 | val_loss=0.6791 | val_stone_acc=0.547 | val_stone_f1=0.000 | 49s
16:53:39 | INFO |   [finetune] epoch 4/20 | train_loss=0.6871 | val_loss=0.6926 | val_stone_acc=0.604 | val_stone_f1=0.512 | 49s
16:54:28 | INFO |   [finetune] epoch 5/20 | train_loss=0.6701 | val_loss=0.6780 | val_stone_acc=0.547 | val_stone_f1=0.143 | 49s
16:55:16 | INFO |   [finetune] epoch 6/20 | train_loss=0.6490 | val_loss=0.6859 | val_stone_acc=0.528 | val_stone_f1=0.419 | 49s
16:55:16 | INFO |   Early stopping (no improvement for 5 epochs)
16:55:16 | INFO | Fold 4 done. Best val_loss=0.6676 at epoch 5
16:55:16 | INFO | Cross-fold summary:
16:55:16 | INFO | === Held-out test set evaluation ===
16:55:17 | INFO | Built resnet18 (11,177,538 params total). Pretrained weights: IMAGENET1K_V1
16:55:34 | INFO |   Fold 0 test: stone_acc=0.612 | stone_f1=0.350 | stone_roc_auc=0.580
16:55:34 | INFO | Built resnet18 (11,177,538 params total). Pretrained weights: IMAGENET1K_V1
16:55:51 | INFO |   Fold 1 test: stone_acc=0.522 | stone_f1=0.429 | stone_roc_auc=0.564
16:55:51 | INFO | Built resnet18 (11,177,538 params total). Pretrained weights: IMAGENET1K_V1
16:56:08 | INFO |   Fold 2 test: stone_acc=0.672 | stone_f1=0.500 | stone_roc_auc=0.695
16:56:09 | INFO | Built resnet18 (11,177,538 params total). Pretrained weights: IMAGENET1K_V1
16:56:26 | INFO |   Fold 3 test: stone_acc=0.612 | stone_f1=0.381 | stone_roc_auc=0.606
16:56:26 | INFO | Built resnet18 (11,177,538 params total). Pretrained weights: IMAGENET1K_V1
16:56:43 | INFO |   Fold 4 test: stone_acc=0.507 | stone_f1=0.267 | stone_roc_auc=0.568
16:56:43 | INFO | Test set summary (mean ± std across folds):
16:56:43 | INFO |   stone_accuracy: 0.585 ± 0.069
16:56:43 | INFO |   stone_f1: 0.385 ± 0.087
16:56:43 | INFO |   stone_roc_auc: 0.603 ± 0.054
16:56:50 | INFO | Device: cuda
16:56:50 | INFO | cuDNN benchmark enabled
16:56:52 | INFO | Recomputed labels at 100.0% threshold: 402 pure / 597 mixed (333 stones)
16:56:52 | WARNING | Skipped 6 rows whose image files are missing
16:56:52 | INFO | Built 993 samples from 333 stones
16:56:52 | INFO | Test holdout: 67 stones (27 pure / 40 mixed, 201 images). Train+val pool: 266 stones (792 images).
16:56:52 | INFO | --random-labels: stone-level labels have been shuffled (baseline mode)
16:56:52 | INFO |   Fold 0: train=212 stones (85 pure / 127 mixed, 632 images), val=54 stones (22 pure / 32 mixed, 160 images)
16:56:52 | INFO |   Fold 1: train=213 stones (85 pure / 128 mixed, 636 images), val=53 stones (22 pure / 31 mixed, 156 images)
16:56:53 | INFO |   Fold 2: train=213 stones (86 pure / 127 mixed, 634 images), val=53 stones (21 pure / 32 mixed, 158 images)
16:56:53 | INFO |   Fold 3: train=213 stones (86 pure / 127 mixed, 633 images), val=53 stones (21 pure / 32 mixed, 159 images)
16:56:53 | INFO |   Fold 4: train=213 stones (86 pure / 127 mixed, 633 images), val=53 stones (21 pure / 32 mixed, 159 images)
16:56:53 | INFO | Config snapshot saved to /gpfs/home3/ddboer/umc_thesis/outputs/checkpoints/binary_random/config_snapshot.yaml
16:56:53 | INFO | Built resnet18 (11,177,538 params total). Pretrained weights: IMAGENET1K_V1
16:56:53 | INFO | Fold 0 — Phase 1: frozen backbone, 5 epochs
16:56:53 | INFO |   Trainable params: 1,026
16:57:44 | INFO |   [frozen] epoch 1/5 | train_loss=0.7540 | val_loss=0.8287 | val_stone_acc=0.593 | val_stone_f1=0.744 | 51s
16:58:35 | INFO |   [frozen] epoch 2/5 | train_loss=0.7286 | val_loss=0.6608 | val_stone_acc=0.593 | val_stone_f1=0.738 | 50s
16:59:25 | INFO |   [frozen] epoch 3/5 | train_loss=0.7596 | val_loss=0.7289 | val_stone_acc=0.593 | val_stone_f1=0.744 | 51s
17:00:16 | INFO |   [frozen] epoch 4/5 | train_loss=0.7535 | val_loss=0.7006 | val_stone_acc=0.611 | val_stone_f1=0.704 | 50s
17:01:06 | INFO |   [frozen] epoch 5/5 | train_loss=0.7460 | val_loss=0.7164 | val_stone_acc=0.593 | val_stone_f1=0.744 | 50s
17:01:06 | INFO |   Trainable params: 11,177,538
17:01:57 | INFO |   [finetune] epoch 1/20 | train_loss=0.7375 | val_loss=0.7131 | val_stone_acc=0.593 | val_stone_f1=0.744 | 51s
17:02:47 | INFO |   [finetune] epoch 2/20 | train_loss=0.7457 | val_loss=0.6769 | val_stone_acc=0.630 | val_stone_f1=0.762 | 50s
17:03:38 | INFO |   [finetune] epoch 3/20 | train_loss=0.7073 | val_loss=0.6891 | val_stone_acc=0.556 | val_stone_f1=0.647 | 50s
17:04:28 | INFO |   [finetune] epoch 4/20 | train_loss=0.6844 | val_loss=0.6913 | val_stone_acc=0.574 | val_stone_f1=0.685 | 50s
17:05:18 | INFO |   [finetune] epoch 5/20 | train_loss=0.6756 | val_loss=0.6865 | val_stone_acc=0.574 | val_stone_f1=0.676 | 50s
17:06:09 | INFO |   [finetune] epoch 6/20 | train_loss=0.6868 | val_loss=0.6805 | val_stone_acc=0.574 | val_stone_f1=0.701 | 50s
17:06:59 | INFO |   [finetune] epoch 7/20 | train_loss=0.6885 | val_loss=0.6865 | val_stone_acc=0.556 | val_stone_f1=0.647 | 50s
17:06:59 | INFO |   Early stopping (no improvement for 5 epochs)
17:06:59 | INFO | Fold 0 done. Best val_loss=0.6769 at epoch 6
17:06:59 | INFO | Built resnet18 (11,177,538 params total). Pretrained weights: IMAGENET1K_V1
17:06:59 | INFO | Fold 1 — Phase 1: frozen backbone, 5 epochs
17:06:59 | INFO |   Trainable params: 1,026
17:07:50 | INFO |   [frozen] epoch 1/5 | train_loss=0.8016 | val_loss=0.7388 | val_stone_acc=0.491 | val_stone_f1=0.640 | 52s
17:08:42 | INFO |   [frozen] epoch 2/5 | train_loss=0.7723 | val_loss=0.7836 | val_stone_acc=0.358 | val_stone_f1=0.500 | 51s
17:09:31 | INFO |   [frozen] epoch 3/5 | train_loss=0.7662 | val_loss=0.7703 | val_stone_acc=0.528 | val_stone_f1=0.675 | 50s
17:10:21 | INFO |   [frozen] epoch 4/5 | train_loss=0.7484 | val_loss=0.7598 | val_stone_acc=0.509 | val_stone_f1=0.658 | 49s
17:11:10 | INFO |   [frozen] epoch 5/5 | train_loss=0.7507 | val_loss=0.8081 | val_stone_acc=0.585 | val_stone_f1=0.738 | 49s
17:11:10 | INFO |   Trainable params: 11,177,538
17:12:00 | INFO |   [finetune] epoch 1/20 | train_loss=0.7593 | val_loss=0.7935 | val_stone_acc=0.585 | val_stone_f1=0.738 | 50s
17:12:49 | INFO |   [finetune] epoch 2/20 | train_loss=0.6969 | val_loss=0.7862 | val_stone_acc=0.585 | val_stone_f1=0.738 | 49s
17:13:38 | INFO |   [finetune] epoch 3/20 | train_loss=0.7164 | val_loss=0.7474 | val_stone_acc=0.528 | val_stone_f1=0.648 | 49s
17:14:27 | INFO |   [finetune] epoch 4/20 | train_loss=0.6886 | val_loss=0.7596 | val_stone_acc=0.604 | val_stone_f1=0.747 | 49s
17:15:16 | INFO |   [finetune] epoch 5/20 | train_loss=0.6867 | val_loss=0.7570 | val_stone_acc=0.623 | val_stone_f1=0.756 | 49s
17:16:05 | INFO |   [finetune] epoch 6/20 | train_loss=0.6917 | val_loss=0.7521 | val_stone_acc=0.528 | val_stone_f1=0.648 | 49s
17:16:54 | INFO |   [finetune] epoch 7/20 | train_loss=0.6736 | val_loss=0.7769 | val_stone_acc=0.623 | val_stone_f1=0.756 | 49s
17:17:43 | INFO |   [finetune] epoch 8/20 | train_loss=0.6773 | val_loss=0.7614 | val_stone_acc=0.642 | val_stone_f1=0.753 | 49s
17:17:43 | INFO |   Early stopping (no improvement for 5 epochs)
17:17:43 | INFO | Fold 1 done. Best val_loss=0.7474 at epoch 7
17:17:43 | INFO | Built resnet18 (11,177,538 params total). Pretrained weights: IMAGENET1K_V1
17:17:43 | INFO | Fold 2 — Phase 1: frozen backbone, 5 epochs
17:17:43 | INFO |   Trainable params: 1,026
17:18:33 | INFO |   [frozen] epoch 1/5 | train_loss=0.8333 | val_loss=0.7798 | val_stone_acc=0.453 | val_stone_f1=0.171 | 50s
17:19:23 | INFO |   [frozen] epoch 2/5 | train_loss=0.7654 | val_loss=0.6499 | val_stone_acc=0.623 | val_stone_f1=0.762 | 50s
17:20:13 | INFO |   [frozen] epoch 3/5 | train_loss=0.7509 | val_loss=0.6405 | val_stone_acc=0.623 | val_stone_f1=0.756 | 50s
17:21:15 | INFO |   [frozen] epoch 4/5 | train_loss=0.7387 | val_loss=0.6462 | val_stone_acc=0.623 | val_stone_f1=0.762 | 63s
17:22:15 | INFO |   [frozen] epoch 5/5 | train_loss=0.7264 | val_loss=0.6528 | val_stone_acc=0.679 | val_stone_f1=0.754 | 60s
17:22:15 | INFO |   Trainable params: 11,177,538
17:23:16 | INFO |   [finetune] epoch 1/20 | train_loss=0.7302 | val_loss=0.6476 | val_stone_acc=0.679 | val_stone_f1=0.785 | 61s
17:24:16 | INFO |   [finetune] epoch 2/20 | train_loss=0.7174 | val_loss=0.6647 | val_stone_acc=0.585 | val_stone_f1=0.645 | 59s
17:25:14 | INFO |   [finetune] epoch 3/20 | train_loss=0.7392 | val_loss=0.6577 | val_stone_acc=0.623 | val_stone_f1=0.737 | 58s
17:26:11 | INFO |   [finetune] epoch 4/20 | train_loss=0.6747 | val_loss=0.6846 | val_stone_acc=0.604 | val_stone_f1=0.644 | 58s
17:27:08 | INFO |   [finetune] epoch 5/20 | train_loss=0.6587 | val_loss=0.6754 | val_stone_acc=0.642 | val_stone_f1=0.747 | 57s
17:28:02 | INFO |   [finetune] epoch 6/20 | train_loss=0.6628 | val_loss=0.6821 | val_stone_acc=0.660 | val_stone_f1=0.743 | 54s
17:28:02 | INFO |   Early stopping (no improvement for 5 epochs)
17:28:02 | INFO | Fold 2 done. Best val_loss=0.6476 at epoch 5
17:28:03 | INFO | Built resnet18 (11,177,538 params total). Pretrained weights: IMAGENET1K_V1
17:28:03 | INFO | Fold 3 — Phase 1: frozen backbone, 5 epochs
17:28:03 | INFO |   Trainable params: 1,026
17:29:00 | INFO |   [frozen] epoch 1/5 | train_loss=0.7976 | val_loss=0.6898 | val_stone_acc=0.604 | val_stone_f1=0.753 | 57s
17:29:56 | INFO |   [frozen] epoch 2/5 | train_loss=0.7867 | val_loss=0.6641 | val_stone_acc=0.604 | val_stone_f1=0.753 | 54s
17:30:52 | INFO |   [frozen] epoch 3/5 | train_loss=0.7391 | val_loss=0.6824 | val_stone_acc=0.585 | val_stone_f1=0.645 | 56s
17:31:46 | INFO |   [frozen] epoch 4/5 | train_loss=0.7459 | val_loss=0.6634 | val_stone_acc=0.679 | val_stone_f1=0.767 | 53s
17:32:39 | INFO |   [frozen] epoch 5/5 | train_loss=0.7194 | val_loss=0.6592 | val_stone_acc=0.623 | val_stone_f1=0.750 | 53s
17:32:40 | INFO |   Trainable params: 11,177,538
17:33:32 | INFO |   [finetune] epoch 1/20 | train_loss=0.7559 | val_loss=0.6849 | val_stone_acc=0.623 | val_stone_f1=0.762 | 52s
17:34:29 | INFO |   [finetune] epoch 2/20 | train_loss=0.7198 | val_loss=0.7004 | val_stone_acc=0.528 | val_stone_f1=0.545 | 57s
17:35:22 | INFO |   [finetune] epoch 3/20 | train_loss=0.7058 | val_loss=0.6885 | val_stone_acc=0.585 | val_stone_f1=0.667 | 54s
17:36:17 | INFO |   [finetune] epoch 4/20 | train_loss=0.7246 | val_loss=0.6758 | val_stone_acc=0.566 | val_stone_f1=0.693 | 55s
17:37:10 | INFO |   [finetune] epoch 5/20 | train_loss=0.7015 | val_loss=0.7116 | val_stone_acc=0.472 | val_stone_f1=0.440 | 53s
17:38:06 | INFO |   [finetune] epoch 6/20 | train_loss=0.7042 | val_loss=0.6832 | val_stone_acc=0.585 | val_stone_f1=0.711 | 55s
17:38:59 | INFO |   [finetune] epoch 7/20 | train_loss=0.6512 | val_loss=0.7634 | val_stone_acc=0.472 | val_stone_f1=0.364 | 53s
17:39:52 | INFO |   [finetune] epoch 8/20 | train_loss=0.7003 | val_loss=0.6956 | val_stone_acc=0.528 | val_stone_f1=0.648 | 54s
17:40:45 | INFO |   [finetune] epoch 9/20 | train_loss=0.6469 | val_loss=0.6974 | val_stone_acc=0.547 | val_stone_f1=0.657 | 53s
17:40:45 | INFO |   Early stopping (no improvement for 5 epochs)
17:40:45 | INFO | Fold 3 done. Best val_loss=0.6758 at epoch 8
17:40:46 | INFO | Built resnet18 (11,177,538 params total). Pretrained weights: IMAGENET1K_V1
17:40:46 | INFO | Fold 4 — Phase 1: frozen backbone, 5 epochs
17:40:46 | INFO |   Trainable params: 1,026
17:41:40 | INFO |   [frozen] epoch 1/5 | train_loss=0.7754 | val_loss=0.7207 | val_stone_acc=0.585 | val_stone_f1=0.738 | 54s
17:42:34 | INFO |   [frozen] epoch 2/5 | train_loss=0.7703 | val_loss=0.7055 | val_stone_acc=0.547 | val_stone_f1=0.613 | 54s
17:43:27 | INFO |   [frozen] epoch 3/5 | train_loss=0.7436 | val_loss=0.6825 | val_stone_acc=0.547 | val_stone_f1=0.707 | 52s
17:44:18 | INFO |   [frozen] epoch 4/5 | train_loss=0.7542 | val_loss=0.6810 | val_stone_acc=0.585 | val_stone_f1=0.718 | 51s
17:45:12 | INFO |   [frozen] epoch 5/5 | train_loss=0.7079 | val_loss=0.6900 | val_stone_acc=0.642 | val_stone_f1=0.725 | 54s
17:45:12 | INFO |   Trainable params: 11,177,538
17:46:04 | INFO |   [finetune] epoch 1/20 | train_loss=0.7213 | val_loss=0.7141 | val_stone_acc=0.585 | val_stone_f1=0.718 | 51s
17:46:59 | INFO |   [finetune] epoch 2/20 | train_loss=0.6928 | val_loss=0.7145 | val_stone_acc=0.547 | val_stone_f1=0.700 | 55s
17:47:51 | INFO |   [finetune] epoch 3/20 | train_loss=0.6940 | val_loss=0.7207 | val_stone_acc=0.509 | val_stone_f1=0.658 | 53s
17:48:42 | INFO |   [finetune] epoch 4/20 | train_loss=0.6718 | val_loss=0.7324 | val_stone_acc=0.528 | val_stone_f1=0.667 | 51s
17:49:32 | INFO |   [finetune] epoch 5/20 | train_loss=0.6933 | val_loss=0.7381 | val_stone_acc=0.585 | val_stone_f1=0.725 | 50s
17:50:21 | INFO |   [finetune] epoch 6/20 | train_loss=0.6640 | val_loss=0.7418 | val_stone_acc=0.528 | val_stone_f1=0.658 | 50s
17:50:21 | INFO |   Early stopping (no improvement for 5 epochs)
17:50:21 | INFO | Fold 4 done. Best val_loss=0.7141 at epoch 5
17:50:21 | INFO | Cross-fold summary:
17:50:21 | INFO | === Held-out test set evaluation ===
17:50:22 | INFO | Built resnet18 (11,177,538 params total). Pretrained weights: IMAGENET1K_V1
17:50:38 | INFO |   Fold 0 test: stone_acc=0.612 | stone_f1=0.750 | stone_roc_auc=0.526
17:50:39 | INFO | Built resnet18 (11,177,538 params total). Pretrained weights: IMAGENET1K_V1
17:50:56 | INFO |   Fold 1 test: stone_acc=0.567 | stone_f1=0.681 | stone_roc_auc=0.551
17:50:56 | INFO | Built resnet18 (11,177,538 params total). Pretrained weights: IMAGENET1K_V1
17:51:12 | INFO |   Fold 2 test: stone_acc=0.627 | stone_f1=0.752 | stone_roc_auc=0.669
17:51:13 | INFO | Built resnet18 (11,177,538 params total). Pretrained weights: IMAGENET1K_V1
17:51:29 | INFO |   Fold 3 test: stone_acc=0.597 | stone_f1=0.733 | stone_roc_auc=0.533
17:51:30 | INFO | Built resnet18 (11,177,538 params total). Pretrained weights: IMAGENET1K_V1
17:51:47 | INFO |   Fold 4 test: stone_acc=0.701 | stone_f1=0.796 | stone_roc_auc=0.806
17:51:47 | INFO | Test set summary (mean ± std across folds):
17:51:47 | INFO |   stone_accuracy: 0.621 ± 0.050
17:51:47 | INFO |   stone_f1: 0.742 ± 0.041
17:51:47 | INFO |   stone_roc_auc: 0.617 ± 0.120
