12:09:16 | INFO | Device: cuda
12:09:16 | INFO | cuDNN benchmark enabled
12:09:18 | INFO | Skipped 21 rows with no composition data
12:09:18 | INFO | Recomputed labels at 100.0% threshold: 546 pure / 696 mixed (414 stones)
12:09:18 | WARNING | Skipped 2 rows whose image files are missing
12:09:18 | INFO | Built 1240 samples from 414 stones
12:09:18 | INFO | Test holdout: 83 stones (36 pure / 47 mixed, 248 images). Train+val pool: 331 stones (992 images).
12:09:19 | INFO |   Fold 0: train=264 stones (116 pure / 148 mixed, 792 images), val=67 stones (30 pure / 37 mixed, 200 images)
12:09:19 | INFO |   Fold 1: train=265 stones (117 pure / 148 mixed, 794 images), val=66 stones (29 pure / 37 mixed, 198 images)
12:09:19 | INFO |   Fold 2: train=265 stones (117 pure / 148 mixed, 794 images), val=66 stones (29 pure / 37 mixed, 198 images)
12:09:19 | INFO |   Fold 3: train=265 stones (117 pure / 148 mixed, 794 images), val=66 stones (29 pure / 37 mixed, 198 images)
12:09:19 | INFO |   Fold 4: train=265 stones (117 pure / 148 mixed, 794 images), val=66 stones (29 pure / 37 mixed, 198 images)
12:09:19 | INFO | Config snapshot saved to /gpfs/home3/ddboer/umc_thesis/outputs/checkpoints/binary/config_snapshot.yaml
12:09:19 | INFO | Built resnet18 (11,177,538 params total). Pretrained weights: IMAGENET1K_V1
12:09:19 | INFO | Fold 0 — Phase 1: frozen backbone, 5 epochs
12:09:19 | INFO |   Trainable params: 1,026
12:10:11 | INFO |   [frozen] epoch 1/5 | train_loss=0.7957 | val_loss=0.7237 | val_stone_acc=0.567 | val_stone_f1=0.718 | 51s
12:11:01 | INFO |   [frozen] epoch 2/5 | train_loss=0.7994 | val_loss=0.6648 | val_stone_acc=0.582 | val_stone_f1=0.714 | 50s
12:11:51 | INFO |   [frozen] epoch 3/5 | train_loss=0.7384 | val_loss=0.6590 | val_stone_acc=0.567 | val_stone_f1=0.525 | 50s
12:12:41 | INFO |   [frozen] epoch 4/5 | train_loss=0.7213 | val_loss=0.6507 | val_stone_acc=0.687 | val_stone_f1=0.769 | 50s
12:13:32 | INFO |   [frozen] epoch 5/5 | train_loss=0.7335 | val_loss=0.6548 | val_stone_acc=0.672 | val_stone_f1=0.766 | 50s
12:13:32 | INFO |   Trainable params: 11,177,538
12:14:22 | INFO |   [finetune] epoch 1/20 | train_loss=0.7080 | val_loss=0.6399 | val_stone_acc=0.657 | val_stone_f1=0.729 | 50s
12:15:12 | INFO |   [finetune] epoch 2/20 | train_loss=0.6769 | val_loss=0.6253 | val_stone_acc=0.687 | val_stone_f1=0.769 | 50s
12:16:02 | INFO |   [finetune] epoch 3/20 | train_loss=0.6655 | val_loss=0.6492 | val_stone_acc=0.552 | val_stone_f1=0.464 | 50s
12:16:52 | INFO |   [finetune] epoch 4/20 | train_loss=0.6522 | val_loss=0.6068 | val_stone_acc=0.672 | val_stone_f1=0.750 | 50s
12:17:42 | INFO |   [finetune] epoch 5/20 | train_loss=0.6269 | val_loss=0.6097 | val_stone_acc=0.687 | val_stone_f1=0.720 | 50s
12:18:33 | INFO |   [finetune] epoch 6/20 | train_loss=0.6525 | val_loss=0.6077 | val_stone_acc=0.701 | val_stone_f1=0.750 | 50s
12:19:23 | INFO |   [finetune] epoch 7/20 | train_loss=0.6418 | val_loss=0.6190 | val_stone_acc=0.597 | val_stone_f1=0.597 | 50s
12:20:13 | INFO |   [finetune] epoch 8/20 | train_loss=0.6282 | val_loss=0.6245 | val_stone_acc=0.567 | val_stone_f1=0.567 | 50s
12:21:03 | INFO |   [finetune] epoch 9/20 | train_loss=0.6274 | val_loss=0.6178 | val_stone_acc=0.672 | val_stone_f1=0.732 | 50s
12:21:54 | INFO |   [finetune] epoch 10/20 | train_loss=0.6158 | val_loss=0.6175 | val_stone_acc=0.746 | val_stone_f1=0.805 | 50s
12:22:44 | INFO |   [finetune] epoch 11/20 | train_loss=0.5983 | val_loss=0.6234 | val_stone_acc=0.716 | val_stone_f1=0.787 | 50s
12:22:44 | INFO |   Early stopping (no improvement for 7 epochs)
12:22:44 | INFO | Fold 0 done. Best val_loss=0.6068 at epoch 8
12:22:44 | INFO | Built resnet18 (11,177,538 params total). Pretrained weights: IMAGENET1K_V1
12:22:44 | INFO | Fold 1 — Phase 1: frozen backbone, 5 epochs
12:22:44 | INFO |   Trainable params: 1,026
12:23:35 | INFO |   [frozen] epoch 1/5 | train_loss=0.8104 | val_loss=0.6855 | val_stone_acc=0.606 | val_stone_f1=0.735 | 51s
12:24:26 | INFO |   [frozen] epoch 2/5 | train_loss=0.7812 | val_loss=0.7189 | val_stone_acc=0.515 | val_stone_f1=0.628 | 51s
12:25:17 | INFO |   [frozen] epoch 3/5 | train_loss=0.7214 | val_loss=0.7295 | val_stone_acc=0.485 | val_stone_f1=0.528 | 51s
12:26:07 | INFO |   [frozen] epoch 4/5 | train_loss=0.7282 | val_loss=0.6899 | val_stone_acc=0.561 | val_stone_f1=0.667 | 51s
12:26:58 | INFO |   [frozen] epoch 5/5 | train_loss=0.7137 | val_loss=0.6790 | val_stone_acc=0.606 | val_stone_f1=0.705 | 51s
12:26:58 | INFO |   Trainable params: 11,177,538
12:27:49 | INFO |   [finetune] epoch 1/20 | train_loss=0.7426 | val_loss=0.6895 | val_stone_acc=0.515 | val_stone_f1=0.484 | 51s
12:28:41 | INFO |   [finetune] epoch 2/20 | train_loss=0.6636 | val_loss=0.6642 | val_stone_acc=0.591 | val_stone_f1=0.630 | 51s
12:29:32 | INFO |   [finetune] epoch 3/20 | train_loss=0.6624 | val_loss=0.6504 | val_stone_acc=0.621 | val_stone_f1=0.706 | 51s
12:30:23 | INFO |   [finetune] epoch 4/20 | train_loss=0.6489 | val_loss=0.6535 | val_stone_acc=0.606 | val_stone_f1=0.667 | 51s
12:31:14 | INFO |   [finetune] epoch 5/20 | train_loss=0.6521 | val_loss=0.6635 | val_stone_acc=0.591 | val_stone_f1=0.609 | 51s
12:32:05 | INFO |   [finetune] epoch 6/20 | train_loss=0.6324 | val_loss=0.6636 | val_stone_acc=0.652 | val_stone_f1=0.657 | 51s
12:32:56 | INFO |   [finetune] epoch 7/20 | train_loss=0.6205 | val_loss=0.6457 | val_stone_acc=0.652 | val_stone_f1=0.685 | 51s
12:33:47 | INFO |   [finetune] epoch 8/20 | train_loss=0.6006 | val_loss=0.6585 | val_stone_acc=0.636 | val_stone_f1=0.657 | 51s
12:34:38 | INFO |   [finetune] epoch 9/20 | train_loss=0.5859 | val_loss=0.6418 | val_stone_acc=0.652 | val_stone_f1=0.701 | 51s
12:35:30 | INFO |   [finetune] epoch 10/20 | train_loss=0.6481 | val_loss=0.6413 | val_stone_acc=0.636 | val_stone_f1=0.676 | 51s
12:36:21 | INFO |   [finetune] epoch 11/20 | train_loss=0.5812 | val_loss=0.6498 | val_stone_acc=0.652 | val_stone_f1=0.657 | 51s
12:37:12 | INFO |   [finetune] epoch 12/20 | train_loss=0.5830 | val_loss=0.6394 | val_stone_acc=0.621 | val_stone_f1=0.658 | 51s
12:38:03 | INFO |   [finetune] epoch 13/20 | train_loss=0.5692 | val_loss=0.6252 | val_stone_acc=0.667 | val_stone_f1=0.718 | 51s
12:38:55 | INFO |   [finetune] epoch 14/20 | train_loss=0.5666 | val_loss=0.6301 | val_stone_acc=0.652 | val_stone_f1=0.693 | 51s
12:39:46 | INFO |   [finetune] epoch 15/20 | train_loss=0.5725 | val_loss=0.6213 | val_stone_acc=0.667 | val_stone_f1=0.718 | 51s
12:40:37 | INFO |   [finetune] epoch 16/20 | train_loss=0.5470 | val_loss=0.6427 | val_stone_acc=0.682 | val_stone_f1=0.764 | 51s
12:41:28 | INFO |   [finetune] epoch 17/20 | train_loss=0.5780 | val_loss=0.6235 | val_stone_acc=0.682 | val_stone_f1=0.727 | 51s
12:42:19 | INFO |   [finetune] epoch 18/20 | train_loss=0.5366 | val_loss=0.6729 | val_stone_acc=0.621 | val_stone_f1=0.627 | 51s
12:43:10 | INFO |   [finetune] epoch 19/20 | train_loss=0.5345 | val_loss=0.6387 | val_stone_acc=0.636 | val_stone_f1=0.692 | 51s
12:44:01 | INFO |   [finetune] epoch 20/20 | train_loss=0.5404 | val_loss=0.6582 | val_stone_acc=0.636 | val_stone_f1=0.647 | 51s
12:44:02 | INFO | Fold 1 done. Best val_loss=0.6213 at epoch 19
12:44:02 | INFO | Built resnet18 (11,177,538 params total). Pretrained weights: IMAGENET1K_V1
12:44:02 | INFO | Fold 2 — Phase 1: frozen backbone, 5 epochs
12:44:02 | INFO |   Trainable params: 1,026
12:44:52 | INFO |   [frozen] epoch 1/5 | train_loss=0.7585 | val_loss=0.6576 | val_stone_acc=0.606 | val_stone_f1=0.649 | 50s
12:45:42 | INFO |   [frozen] epoch 2/5 | train_loss=0.7517 | val_loss=0.6667 | val_stone_acc=0.621 | val_stone_f1=0.528 | 50s
12:46:31 | INFO |   [frozen] epoch 3/5 | train_loss=0.7219 | val_loss=0.6410 | val_stone_acc=0.621 | val_stone_f1=0.603 | 50s
12:47:21 | INFO |   [frozen] epoch 4/5 | train_loss=0.7106 | val_loss=0.6246 | val_stone_acc=0.652 | val_stone_f1=0.667 | 50s
12:48:10 | INFO |   [frozen] epoch 5/5 | train_loss=0.7191 | val_loss=0.6286 | val_stone_acc=0.606 | val_stone_f1=0.552 | 49s
12:48:10 | INFO |   Trainable params: 11,177,538
12:49:00 | INFO |   [finetune] epoch 1/20 | train_loss=0.6973 | val_loss=0.6504 | val_stone_acc=0.576 | val_stone_f1=0.417 | 49s
12:49:49 | INFO |   [finetune] epoch 2/20 | train_loss=0.6914 | val_loss=0.5944 | val_stone_acc=0.727 | val_stone_f1=0.795 | 49s
12:50:39 | INFO |   [finetune] epoch 3/20 | train_loss=0.6673 | val_loss=0.5859 | val_stone_acc=0.773 | val_stone_f1=0.824 | 49s
12:51:28 | INFO |   [finetune] epoch 4/20 | train_loss=0.6661 | val_loss=0.5973 | val_stone_acc=0.758 | val_stone_f1=0.818 | 49s
12:52:18 | INFO |   [finetune] epoch 5/20 | train_loss=0.6521 | val_loss=0.6151 | val_stone_acc=0.636 | val_stone_f1=0.613 | 49s
12:53:07 | INFO |   [finetune] epoch 6/20 | train_loss=0.6399 | val_loss=0.5851 | val_stone_acc=0.727 | val_stone_f1=0.743 | 49s
12:53:57 | INFO |   [finetune] epoch 7/20 | train_loss=0.6213 | val_loss=0.5758 | val_stone_acc=0.773 | val_stone_f1=0.810 | 50s
12:54:46 | INFO |   [finetune] epoch 8/20 | train_loss=0.6405 | val_loss=0.5973 | val_stone_acc=0.652 | val_stone_f1=0.646 | 49s
12:55:36 | INFO |   [finetune] epoch 9/20 | train_loss=0.6327 | val_loss=0.5942 | val_stone_acc=0.667 | val_stone_f1=0.656 | 50s
12:56:25 | INFO |   [finetune] epoch 10/20 | train_loss=0.6006 | val_loss=0.5974 | val_stone_acc=0.742 | val_stone_f1=0.809 | 50s
12:57:15 | INFO |   [finetune] epoch 11/20 | train_loss=0.6072 | val_loss=0.6025 | val_stone_acc=0.652 | val_stone_f1=0.646 | 49s
12:58:04 | INFO |   [finetune] epoch 12/20 | train_loss=0.6069 | val_loss=0.5873 | val_stone_acc=0.682 | val_stone_f1=0.696 | 49s
12:58:54 | INFO |   [finetune] epoch 13/20 | train_loss=0.5909 | val_loss=0.5781 | val_stone_acc=0.773 | val_stone_f1=0.815 | 49s
12:59:43 | INFO |   [finetune] epoch 14/20 | train_loss=0.5846 | val_loss=0.6124 | val_stone_acc=0.636 | val_stone_f1=0.636 | 49s
12:59:43 | INFO |   Early stopping (no improvement for 7 epochs)
12:59:43 | INFO | Fold 2 done. Best val_loss=0.5758 at epoch 11
12:59:43 | INFO | Built resnet18 (11,177,538 params total). Pretrained weights: IMAGENET1K_V1
12:59:43 | INFO | Fold 3 — Phase 1: frozen backbone, 5 epochs
12:59:43 | INFO |   Trainable params: 1,026
13:00:34 | INFO |   [frozen] epoch 1/5 | train_loss=0.7951 | val_loss=0.6948 | val_stone_acc=0.561 | val_stone_f1=0.718 | 51s
13:01:24 | INFO |   [frozen] epoch 2/5 | train_loss=0.7545 | val_loss=0.6650 | val_stone_acc=0.591 | val_stone_f1=0.675 | 50s
13:02:14 | INFO |   [frozen] epoch 3/5 | train_loss=0.7123 | val_loss=0.6584 | val_stone_acc=0.606 | val_stone_f1=0.649 | 50s
13:03:05 | INFO |   [frozen] epoch 4/5 | train_loss=0.7028 | val_loss=0.6549 | val_stone_acc=0.606 | val_stone_f1=0.717 | 50s
13:03:55 | INFO |   [frozen] epoch 5/5 | train_loss=0.7086 | val_loss=0.6540 | val_stone_acc=0.621 | val_stone_f1=0.658 | 50s
13:03:55 | INFO |   Trainable params: 11,177,538
13:04:45 | INFO |   [finetune] epoch 1/20 | train_loss=0.7394 | val_loss=0.6357 | val_stone_acc=0.667 | val_stone_f1=0.725 | 50s
13:05:34 | INFO |   [finetune] epoch 2/20 | train_loss=0.6973 | val_loss=0.6561 | val_stone_acc=0.591 | val_stone_f1=0.722 | 50s
13:06:24 | INFO |   [finetune] epoch 3/20 | train_loss=0.6880 | val_loss=0.6646 | val_stone_acc=0.652 | val_stone_f1=0.635 | 50s
13:07:14 | INFO |   [finetune] epoch 4/20 | train_loss=0.6283 | val_loss=0.6456 | val_stone_acc=0.652 | val_stone_f1=0.676 | 50s
13:08:03 | INFO |   [finetune] epoch 5/20 | train_loss=0.6479 | val_loss=0.6333 | val_stone_acc=0.727 | val_stone_f1=0.780 | 50s
13:08:53 | INFO |   [finetune] epoch 6/20 | train_loss=0.6412 | val_loss=0.6257 | val_stone_acc=0.697 | val_stone_f1=0.750 | 50s
13:09:43 | INFO |   [finetune] epoch 7/20 | train_loss=0.6275 | val_loss=0.6289 | val_stone_acc=0.652 | val_stone_f1=0.646 | 50s
13:10:32 | INFO |   [finetune] epoch 8/20 | train_loss=0.6204 | val_loss=0.6102 | val_stone_acc=0.712 | val_stone_f1=0.740 | 50s
13:11:22 | INFO |   [finetune] epoch 9/20 | train_loss=0.5866 | val_loss=0.6201 | val_stone_acc=0.682 | val_stone_f1=0.696 | 50s
13:12:12 | INFO |   [finetune] epoch 10/20 | train_loss=0.6117 | val_loss=0.6200 | val_stone_acc=0.667 | val_stone_f1=0.738 | 50s
13:13:02 | INFO |   [finetune] epoch 11/20 | train_loss=0.6065 | val_loss=0.6279 | val_stone_acc=0.682 | val_stone_f1=0.696 | 50s
13:13:51 | INFO |   [finetune] epoch 12/20 | train_loss=0.6095 | val_loss=0.6562 | val_stone_acc=0.667 | val_stone_f1=0.676 | 50s
13:14:41 | INFO |   [finetune] epoch 13/20 | train_loss=0.5697 | val_loss=0.6225 | val_stone_acc=0.682 | val_stone_f1=0.741 | 50s
13:15:31 | INFO |   [finetune] epoch 14/20 | train_loss=0.5837 | val_loss=0.6349 | val_stone_acc=0.682 | val_stone_f1=0.712 | 50s
13:16:21 | INFO |   [finetune] epoch 15/20 | train_loss=0.5578 | val_loss=0.6226 | val_stone_acc=0.652 | val_stone_f1=0.693 | 50s
13:16:21 | INFO |   Early stopping (no improvement for 7 epochs)
13:16:21 | INFO | Fold 3 done. Best val_loss=0.6102 at epoch 12
13:16:21 | INFO | Built resnet18 (11,177,538 params total). Pretrained weights: IMAGENET1K_V1
13:16:21 | INFO | Fold 4 — Phase 1: frozen backbone, 5 epochs
13:16:21 | INFO |   Trainable params: 1,026
13:17:11 | INFO |   [frozen] epoch 1/5 | train_loss=0.7854 | val_loss=0.7176 | val_stone_acc=0.424 | val_stone_f1=0.136 | 51s
13:18:02 | INFO |   [frozen] epoch 2/5 | train_loss=0.7188 | val_loss=0.6893 | val_stone_acc=0.636 | val_stone_f1=0.700 | 51s
13:18:53 | INFO |   [frozen] epoch 3/5 | train_loss=0.7064 | val_loss=0.6843 | val_stone_acc=0.606 | val_stone_f1=0.649 | 51s
13:19:44 | INFO |   [frozen] epoch 4/5 | train_loss=0.7542 | val_loss=0.7095 | val_stone_acc=0.515 | val_stone_f1=0.448 | 51s
13:20:35 | INFO |   [frozen] epoch 5/5 | train_loss=0.6952 | val_loss=0.7567 | val_stone_acc=0.439 | val_stone_f1=0.178 | 51s
13:20:35 | INFO |   Trainable params: 11,177,538
13:21:25 | INFO |   [finetune] epoch 1/20 | train_loss=0.6884 | val_loss=0.6426 | val_stone_acc=0.697 | val_stone_f1=0.756 | 51s
13:22:16 | INFO |   [finetune] epoch 2/20 | train_loss=0.6947 | val_loss=0.6219 | val_stone_acc=0.727 | val_stone_f1=0.780 | 51s
13:23:07 | INFO |   [finetune] epoch 3/20 | train_loss=0.6902 | val_loss=0.6132 | val_stone_acc=0.727 | val_stone_f1=0.780 | 50s
13:23:57 | INFO |   [finetune] epoch 4/20 | train_loss=0.6400 | val_loss=0.6836 | val_stone_acc=0.485 | val_stone_f1=0.292 | 50s
13:24:48 | INFO |   [finetune] epoch 5/20 | train_loss=0.6418 | val_loss=0.6168 | val_stone_acc=0.727 | val_stone_f1=0.769 | 51s
13:25:38 | INFO |   [finetune] epoch 6/20 | train_loss=0.6301 | val_loss=0.6233 | val_stone_acc=0.682 | val_stone_f1=0.759 | 50s
13:26:29 | INFO |   [finetune] epoch 7/20 | train_loss=0.6449 | val_loss=0.6283 | val_stone_acc=0.697 | val_stone_f1=0.714 | 51s
13:27:20 | INFO |   [finetune] epoch 8/20 | train_loss=0.5942 | val_loss=0.6600 | val_stone_acc=0.561 | val_stone_f1=0.491 | 51s
13:28:10 | INFO |   [finetune] epoch 9/20 | train_loss=0.6116 | val_loss=0.6133 | val_stone_acc=0.758 | val_stone_f1=0.789 | 50s
13:29:01 | INFO |   [finetune] epoch 10/20 | train_loss=0.5880 | val_loss=0.6239 | val_stone_acc=0.682 | val_stone_f1=0.667 | 50s
13:29:01 | INFO |   Early stopping (no improvement for 7 epochs)
13:29:01 | INFO | Fold 4 done. Best val_loss=0.6132 at epoch 7
13:29:01 | INFO | Cross-fold summary:
13:29:01 | INFO | === Held-out test set evaluation ===
13:29:01 | INFO | Built resnet18 (11,177,538 params total). Pretrained weights: IMAGENET1K_V1
13:29:19 | INFO |   Fold 0 test: stone_acc=0.663 | stone_f1=0.736 | stone_roc_auc=0.692
13:29:19 | INFO | Built resnet18 (11,177,538 params total). Pretrained weights: IMAGENET1K_V1
13:29:36 | INFO |   Fold 1 test: stone_acc=0.639 | stone_f1=0.722 | stone_roc_auc=0.716
13:29:36 | INFO | Built resnet18 (11,177,538 params total). Pretrained weights: IMAGENET1K_V1
13:29:53 | INFO |   Fold 2 test: stone_acc=0.663 | stone_f1=0.750 | stone_roc_auc=0.703
13:29:53 | INFO | Built resnet18 (11,177,538 params total). Pretrained weights: IMAGENET1K_V1
13:30:10 | INFO |   Fold 3 test: stone_acc=0.639 | stone_f1=0.706 | stone_roc_auc=0.694
13:30:10 | INFO | Built resnet18 (11,177,538 params total). Pretrained weights: IMAGENET1K_V1
13:30:27 | INFO |   Fold 4 test: stone_acc=0.675 | stone_f1=0.757 | stone_roc_auc=0.704
13:30:27 | INFO | Test set summary (mean ± std across folds):
13:30:27 | INFO |   stone_accuracy: 0.655 ± 0.016
13:30:27 | INFO |   stone_f1: 0.734 ± 0.021
13:30:27 | INFO |   stone_roc_auc: 0.702 ± 0.010
13:30:33 | INFO | Device: cuda
13:30:33 | INFO | cuDNN benchmark enabled
13:30:35 | INFO | Skipped 21 rows with no composition data
13:30:35 | INFO | Recomputed labels at 90.0% threshold: 783 pure / 459 mixed (414 stones)
13:30:35 | WARNING | Skipped 2 rows whose image files are missing
13:30:35 | INFO | Built 1240 samples from 414 stones
13:30:35 | INFO | Test holdout: 83 stones (52 pure / 31 mixed, 248 images). Train+val pool: 331 stones (992 images).
13:30:36 | INFO |   Fold 0: train=264 stones (167 pure / 97 mixed, 791 images), val=67 stones (42 pure / 25 mixed, 201 images)
13:30:36 | INFO |   Fold 1: train=265 stones (167 pure / 98 mixed, 794 images), val=66 stones (42 pure / 24 mixed, 198 images)
13:30:36 | INFO |   Fold 2: train=265 stones (167 pure / 98 mixed, 794 images), val=66 stones (42 pure / 24 mixed, 198 images)
13:30:36 | INFO |   Fold 3: train=265 stones (167 pure / 98 mixed, 795 images), val=66 stones (42 pure / 24 mixed, 197 images)
13:30:36 | INFO |   Fold 4: train=265 stones (168 pure / 97 mixed, 794 images), val=66 stones (41 pure / 25 mixed, 198 images)
13:30:36 | INFO | Config snapshot saved to /gpfs/home3/ddboer/umc_thesis/outputs/checkpoints/binary_t90/config_snapshot.yaml
13:30:36 | INFO | Built resnet18 (11,177,538 params total). Pretrained weights: IMAGENET1K_V1
13:30:36 | INFO | Fold 0 — Phase 1: frozen backbone, 5 epochs
13:30:36 | INFO |   Trainable params: 1,026
13:31:28 | INFO |   [frozen] epoch 1/5 | train_loss=0.7781 | val_loss=0.8270 | val_stone_acc=0.373 | val_stone_f1=0.533 | 52s
13:32:20 | INFO |   [frozen] epoch 2/5 | train_loss=0.7456 | val_loss=0.6596 | val_stone_acc=0.597 | val_stone_f1=0.129 | 52s
13:33:12 | INFO |   [frozen] epoch 3/5 | train_loss=0.6922 | val_loss=0.6590 | val_stone_acc=0.642 | val_stone_f1=0.143 | 52s
13:34:03 | INFO |   [frozen] epoch 4/5 | train_loss=0.7048 | val_loss=0.6721 | val_stone_acc=0.612 | val_stone_f1=0.071 | 51s
13:34:55 | INFO |   [frozen] epoch 5/5 | train_loss=0.7387 | val_loss=0.6711 | val_stone_acc=0.567 | val_stone_f1=0.171 | 52s
13:34:55 | INFO |   Trainable params: 11,177,538
13:35:46 | INFO |   [finetune] epoch 1/20 | train_loss=0.6600 | val_loss=0.7034 | val_stone_acc=0.612 | val_stone_f1=0.071 | 51s
13:36:37 | INFO |   [finetune] epoch 2/20 | train_loss=0.6664 | val_loss=0.6793 | val_stone_acc=0.567 | val_stone_f1=0.326 | 51s
13:37:28 | INFO |   [finetune] epoch 3/20 | train_loss=0.6335 | val_loss=0.6922 | val_stone_acc=0.597 | val_stone_f1=0.182 | 51s
13:38:20 | INFO |   [finetune] epoch 4/20 | train_loss=0.6411 | val_loss=0.7551 | val_stone_acc=0.627 | val_stone_f1=0.000 | 51s
13:39:11 | INFO |   [finetune] epoch 5/20 | train_loss=0.6237 | val_loss=0.7746 | val_stone_acc=0.642 | val_stone_f1=0.077 | 51s
13:40:02 | INFO |   [finetune] epoch 6/20 | train_loss=0.6164 | val_loss=0.7143 | val_stone_acc=0.597 | val_stone_f1=0.229 | 52s
13:40:53 | INFO |   [finetune] epoch 7/20 | train_loss=0.6095 | val_loss=0.7005 | val_stone_acc=0.612 | val_stone_f1=0.235 | 51s
13:41:44 | INFO |   [finetune] epoch 8/20 | train_loss=0.5904 | val_loss=0.6859 | val_stone_acc=0.597 | val_stone_f1=0.372 | 51s
13:42:36 | INFO |   [finetune] epoch 9/20 | train_loss=0.5672 | val_loss=0.6804 | val_stone_acc=0.627 | val_stone_f1=0.286 | 51s
13:42:36 | INFO |   Early stopping (no improvement for 7 epochs)
13:42:36 | INFO | Fold 0 done. Best val_loss=0.6793 at epoch 6
13:42:36 | INFO | Built resnet18 (11,177,538 params total). Pretrained weights: IMAGENET1K_V1
13:42:36 | INFO | Fold 1 — Phase 1: frozen backbone, 5 epochs
13:42:36 | INFO |   Trainable params: 1,026
13:43:28 | INFO |   [frozen] epoch 1/5 | train_loss=0.7758 | val_loss=0.6598 | val_stone_acc=0.606 | val_stone_f1=0.071 | 52s
13:44:18 | INFO |   [frozen] epoch 2/5 | train_loss=0.7428 | val_loss=0.6876 | val_stone_acc=0.636 | val_stone_f1=0.000 | 51s
13:45:09 | INFO |   [frozen] epoch 3/5 | train_loss=0.7270 | val_loss=0.6604 | val_stone_acc=0.636 | val_stone_f1=0.333 | 51s
13:46:01 | INFO |   [frozen] epoch 4/5 | train_loss=0.6615 | val_loss=0.6477 | val_stone_acc=0.621 | val_stone_f1=0.074 | 52s
13:46:52 | INFO |   [frozen] epoch 5/5 | train_loss=0.7070 | val_loss=0.6769 | val_stone_acc=0.636 | val_stone_f1=0.000 | 51s
13:46:52 | INFO |   Trainable params: 11,177,538
13:47:42 | INFO |   [finetune] epoch 1/20 | train_loss=0.7093 | val_loss=0.6598 | val_stone_acc=0.606 | val_stone_f1=0.536 | 51s
13:48:33 | INFO |   [finetune] epoch 2/20 | train_loss=0.6749 | val_loss=0.6271 | val_stone_acc=0.636 | val_stone_f1=0.143 | 51s
13:49:24 | INFO |   [finetune] epoch 3/20 | train_loss=0.6388 | val_loss=0.6343 | val_stone_acc=0.621 | val_stone_f1=0.000 | 51s
13:50:14 | INFO |   [finetune] epoch 4/20 | train_loss=0.6562 | val_loss=0.6757 | val_stone_acc=0.636 | val_stone_f1=0.000 | 51s
13:51:05 | INFO |   [finetune] epoch 5/20 | train_loss=0.6404 | val_loss=0.6802 | val_stone_acc=0.636 | val_stone_f1=0.000 | 51s
13:51:56 | INFO |   [finetune] epoch 6/20 | train_loss=0.6415 | val_loss=0.6225 | val_stone_acc=0.682 | val_stone_f1=0.488 | 51s
13:52:46 | INFO |   [finetune] epoch 7/20 | train_loss=0.6100 | val_loss=0.6290 | val_stone_acc=0.652 | val_stone_f1=0.080 | 50s
13:53:36 | INFO |   [finetune] epoch 8/20 | train_loss=0.6050 | val_loss=0.6181 | val_stone_acc=0.636 | val_stone_f1=0.143 | 50s
13:54:27 | INFO |   [finetune] epoch 9/20 | train_loss=0.6188 | val_loss=0.5972 | val_stone_acc=0.667 | val_stone_f1=0.389 | 50s
13:55:17 | INFO |   [finetune] epoch 10/20 | train_loss=0.5854 | val_loss=0.6200 | val_stone_acc=0.636 | val_stone_f1=0.200 | 50s
13:56:08 | INFO |   [finetune] epoch 11/20 | train_loss=0.5933 | val_loss=0.6108 | val_stone_acc=0.727 | val_stone_f1=0.591 | 50s
13:56:58 | INFO |   [finetune] epoch 12/20 | train_loss=0.6004 | val_loss=0.6233 | val_stone_acc=0.652 | val_stone_f1=0.258 | 50s
13:57:48 | INFO |   [finetune] epoch 13/20 | train_loss=0.5547 | val_loss=0.5950 | val_stone_acc=0.682 | val_stone_f1=0.400 | 50s
13:58:39 | INFO |   [finetune] epoch 14/20 | train_loss=0.5632 | val_loss=0.6029 | val_stone_acc=0.682 | val_stone_f1=0.400 | 50s
13:59:29 | INFO |   [finetune] epoch 15/20 | train_loss=0.5680 | val_loss=0.6083 | val_stone_acc=0.727 | val_stone_f1=0.550 | 50s
14:00:20 | INFO |   [finetune] epoch 16/20 | train_loss=0.5556 | val_loss=0.6013 | val_stone_acc=0.727 | val_stone_f1=0.550 | 50s
14:01:10 | INFO |   [finetune] epoch 17/20 | train_loss=0.5440 | val_loss=0.6051 | val_stone_acc=0.727 | val_stone_f1=0.500 | 50s
14:02:00 | INFO |   [finetune] epoch 18/20 | train_loss=0.5167 | val_loss=0.6248 | val_stone_acc=0.682 | val_stone_f1=0.364 | 50s
14:02:51 | INFO |   [finetune] epoch 19/20 | train_loss=0.5471 | val_loss=0.6143 | val_stone_acc=0.758 | val_stone_f1=0.579 | 50s
14:03:41 | INFO |   [finetune] epoch 20/20 | train_loss=0.4984 | val_loss=0.6166 | val_stone_acc=0.742 | val_stone_f1=0.541 | 50s
14:03:41 | INFO |   Early stopping (no improvement for 7 epochs)
14:03:41 | INFO | Fold 1 done. Best val_loss=0.5950 at epoch 17
14:03:42 | INFO | Built resnet18 (11,177,538 params total). Pretrained weights: IMAGENET1K_V1
14:03:42 | INFO | Fold 2 — Phase 1: frozen backbone, 5 epochs
14:03:42 | INFO |   Trainable params: 1,026
14:04:32 | INFO |   [frozen] epoch 1/5 | train_loss=0.7794 | val_loss=0.7454 | val_stone_acc=0.424 | val_stone_f1=0.525 | 51s
14:05:22 | INFO |   [frozen] epoch 2/5 | train_loss=0.7094 | val_loss=0.6650 | val_stone_acc=0.576 | val_stone_f1=0.125 | 50s
14:06:12 | INFO |   [frozen] epoch 3/5 | train_loss=0.7065 | val_loss=0.6532 | val_stone_acc=0.636 | val_stone_f1=0.000 | 50s
14:07:01 | INFO |   [frozen] epoch 4/5 | train_loss=0.6693 | val_loss=0.6532 | val_stone_acc=0.667 | val_stone_f1=0.154 | 50s
14:07:51 | INFO |   [frozen] epoch 5/5 | train_loss=0.6638 | val_loss=0.6561 | val_stone_acc=0.652 | val_stone_f1=0.489 | 50s
14:07:51 | INFO |   Trainable params: 11,177,538
14:08:40 | INFO |   [finetune] epoch 1/20 | train_loss=0.6803 | val_loss=0.6730 | val_stone_acc=0.606 | val_stone_f1=0.500 | 49s
14:09:30 | INFO |   [finetune] epoch 2/20 | train_loss=0.6515 | val_loss=0.6557 | val_stone_acc=0.682 | val_stone_f1=0.364 | 50s
14:10:20 | INFO |   [finetune] epoch 3/20 | train_loss=0.6181 | val_loss=0.6463 | val_stone_acc=0.621 | val_stone_f1=0.138 | 50s
14:11:09 | INFO |   [finetune] epoch 4/20 | train_loss=0.6220 | val_loss=0.6343 | val_stone_acc=0.652 | val_stone_f1=0.207 | 49s
14:11:59 | INFO |   [finetune] epoch 5/20 | train_loss=0.6242 | val_loss=0.6694 | val_stone_acc=0.636 | val_stone_f1=0.143 | 50s
14:12:48 | INFO |   [finetune] epoch 6/20 | train_loss=0.6277 | val_loss=0.6285 | val_stone_acc=0.697 | val_stone_f1=0.500 | 50s
14:13:38 | INFO |   [finetune] epoch 7/20 | train_loss=0.6108 | val_loss=0.6363 | val_stone_acc=0.682 | val_stone_f1=0.400 | 50s
14:14:27 | INFO |   [finetune] epoch 8/20 | train_loss=0.5877 | val_loss=0.6385 | val_stone_acc=0.682 | val_stone_f1=0.400 | 50s
14:15:17 | INFO |   [finetune] epoch 9/20 | train_loss=0.5723 | val_loss=0.6304 | val_stone_acc=0.697 | val_stone_f1=0.444 | 50s
14:16:07 | INFO |   [finetune] epoch 10/20 | train_loss=0.5853 | val_loss=0.6169 | val_stone_acc=0.697 | val_stone_f1=0.412 | 50s
14:16:56 | INFO |   [finetune] epoch 11/20 | train_loss=0.5726 | val_loss=0.6475 | val_stone_acc=0.682 | val_stone_f1=0.432 | 50s
14:17:46 | INFO |   [finetune] epoch 12/20 | train_loss=0.5647 | val_loss=0.6442 | val_stone_acc=0.652 | val_stone_f1=0.465 | 49s
14:18:35 | INFO |   [finetune] epoch 13/20 | train_loss=0.5490 | val_loss=0.6420 | val_stone_acc=0.652 | val_stone_f1=0.410 | 50s
14:19:25 | INFO |   [finetune] epoch 14/20 | train_loss=0.5523 | val_loss=0.7016 | val_stone_acc=0.636 | val_stone_f1=0.143 | 49s
14:20:14 | INFO |   [finetune] epoch 15/20 | train_loss=0.5576 | val_loss=0.6498 | val_stone_acc=0.667 | val_stone_f1=0.522 | 50s
14:21:04 | INFO |   [finetune] epoch 16/20 | train_loss=0.5832 | val_loss=0.6645 | val_stone_acc=0.636 | val_stone_f1=0.250 | 50s
14:21:53 | INFO |   [finetune] epoch 17/20 | train_loss=0.5337 | val_loss=0.6393 | val_stone_acc=0.621 | val_stone_f1=0.419 | 49s
14:21:53 | INFO |   Early stopping (no improvement for 7 epochs)
14:21:53 | INFO | Fold 2 done. Best val_loss=0.6169 at epoch 14
14:21:54 | INFO | Built resnet18 (11,177,538 params total). Pretrained weights: IMAGENET1K_V1
14:21:54 | INFO | Fold 3 — Phase 1: frozen backbone, 5 epochs
14:21:54 | INFO |   Trainable params: 1,026
14:22:44 | INFO |   [frozen] epoch 1/5 | train_loss=0.8147 | val_loss=0.7588 | val_stone_acc=0.439 | val_stone_f1=0.565 | 51s
14:23:34 | INFO |   [frozen] epoch 2/5 | train_loss=0.7980 | val_loss=0.6668 | val_stone_acc=0.576 | val_stone_f1=0.481 | 50s
14:24:24 | INFO |   [frozen] epoch 3/5 | train_loss=0.7511 | val_loss=0.6805 | val_stone_acc=0.636 | val_stone_f1=0.000 | 50s
14:25:14 | INFO |   [frozen] epoch 4/5 | train_loss=0.7457 | val_loss=0.6494 | val_stone_acc=0.636 | val_stone_f1=0.143 | 50s
14:26:04 | INFO |   [frozen] epoch 5/5 | train_loss=0.6709 | val_loss=0.6491 | val_stone_acc=0.667 | val_stone_f1=0.267 | 50s
14:26:04 | INFO |   Trainable params: 11,177,538
14:26:54 | INFO |   [finetune] epoch 1/20 | train_loss=0.6938 | val_loss=0.6557 | val_stone_acc=0.636 | val_stone_f1=0.455 | 50s
14:27:43 | INFO |   [finetune] epoch 2/20 | train_loss=0.6748 | val_loss=0.6478 | val_stone_acc=0.652 | val_stone_f1=0.258 | 50s
14:28:34 | INFO |   [finetune] epoch 3/20 | train_loss=0.6324 | val_loss=0.6619 | val_stone_acc=0.636 | val_stone_f1=0.200 | 50s
14:29:24 | INFO |   [finetune] epoch 4/20 | train_loss=0.6669 | val_loss=0.7071 | val_stone_acc=0.652 | val_stone_f1=0.148 | 50s
14:30:14 | INFO |   [finetune] epoch 5/20 | train_loss=0.6602 | val_loss=0.7089 | val_stone_acc=0.636 | val_stone_f1=0.077 | 50s
14:31:04 | INFO |   [finetune] epoch 6/20 | train_loss=0.6381 | val_loss=0.6522 | val_stone_acc=0.591 | val_stone_f1=0.229 | 50s
14:31:55 | INFO |   [finetune] epoch 7/20 | train_loss=0.6019 | val_loss=0.6698 | val_stone_acc=0.667 | val_stone_f1=0.214 | 50s
14:32:45 | INFO |   [finetune] epoch 8/20 | train_loss=0.5683 | val_loss=0.6984 | val_stone_acc=0.636 | val_stone_f1=0.077 | 50s
14:33:35 | INFO |   [finetune] epoch 9/20 | train_loss=0.6009 | val_loss=0.7417 | val_stone_acc=0.636 | val_stone_f1=0.077 | 50s
14:33:35 | INFO |   Early stopping (no improvement for 7 epochs)
14:33:35 | INFO | Fold 3 done. Best val_loss=0.6478 at epoch 6
14:33:35 | INFO | Built resnet18 (11,177,538 params total). Pretrained weights: IMAGENET1K_V1
14:33:35 | INFO | Fold 4 — Phase 1: frozen backbone, 5 epochs
14:33:35 | INFO |   Trainable params: 1,026
14:34:26 | INFO |   [frozen] epoch 1/5 | train_loss=0.7549 | val_loss=0.6634 | val_stone_acc=0.621 | val_stone_f1=0.074 | 50s
14:35:16 | INFO |   [frozen] epoch 2/5 | train_loss=0.7474 | val_loss=0.6502 | val_stone_acc=0.621 | val_stone_f1=0.000 | 50s
14:36:06 | INFO |   [frozen] epoch 3/5 | train_loss=0.7306 | val_loss=0.6390 | val_stone_acc=0.621 | val_stone_f1=0.000 | 50s
14:36:56 | INFO |   [frozen] epoch 4/5 | train_loss=0.6805 | val_loss=0.6356 | val_stone_acc=0.606 | val_stone_f1=0.000 | 50s
14:37:46 | INFO |   [frozen] epoch 5/5 | train_loss=0.6842 | val_loss=0.6220 | val_stone_acc=0.682 | val_stone_f1=0.400 | 50s
14:37:46 | INFO |   Trainable params: 11,177,538
14:38:36 | INFO |   [finetune] epoch 1/20 | train_loss=0.7067 | val_loss=0.6126 | val_stone_acc=0.591 | val_stone_f1=0.000 | 50s
14:39:26 | INFO |   [finetune] epoch 2/20 | train_loss=0.6823 | val_loss=0.6057 | val_stone_acc=0.591 | val_stone_f1=0.000 | 50s
14:40:16 | INFO |   [finetune] epoch 3/20 | train_loss=0.6485 | val_loss=0.5837 | val_stone_acc=0.636 | val_stone_f1=0.077 | 50s
14:41:06 | INFO |   [finetune] epoch 4/20 | train_loss=0.6452 | val_loss=0.5595 | val_stone_acc=0.667 | val_stone_f1=0.267 | 50s
14:41:56 | INFO |   [finetune] epoch 5/20 | train_loss=0.6513 | val_loss=0.5752 | val_stone_acc=0.652 | val_stone_f1=0.148 | 50s
14:42:46 | INFO |   [finetune] epoch 6/20 | train_loss=0.6244 | val_loss=0.5991 | val_stone_acc=0.636 | val_stone_f1=0.077 | 50s
14:43:36 | INFO |   [finetune] epoch 7/20 | train_loss=0.6307 | val_loss=0.5738 | val_stone_acc=0.621 | val_stone_f1=0.138 | 50s
14:44:26 | INFO |   [finetune] epoch 8/20 | train_loss=0.6203 | val_loss=0.5663 | val_stone_acc=0.652 | val_stone_f1=0.258 | 50s
14:45:16 | INFO |   [finetune] epoch 9/20 | train_loss=0.6025 | val_loss=0.5436 | val_stone_acc=0.652 | val_stone_f1=0.258 | 50s
14:46:07 | INFO |   [finetune] epoch 10/20 | train_loss=0.6044 | val_loss=0.5401 | val_stone_acc=0.667 | val_stone_f1=0.353 | 50s
14:46:57 | INFO |   [finetune] epoch 11/20 | train_loss=0.5980 | val_loss=0.5681 | val_stone_acc=0.652 | val_stone_f1=0.207 | 50s
14:47:47 | INFO |   [finetune] epoch 12/20 | train_loss=0.5820 | val_loss=0.5918 | val_stone_acc=0.652 | val_stone_f1=0.207 | 50s
14:48:38 | INFO |   [finetune] epoch 13/20 | train_loss=0.5589 | val_loss=0.5344 | val_stone_acc=0.742 | val_stone_f1=0.605 | 51s
14:49:28 | INFO |   [finetune] epoch 14/20 | train_loss=0.5707 | val_loss=0.5455 | val_stone_acc=0.652 | val_stone_f1=0.258 | 50s
14:50:19 | INFO |   [finetune] epoch 15/20 | train_loss=0.5675 | val_loss=0.5280 | val_stone_acc=0.803 | val_stone_f1=0.723 | 51s
14:51:09 | INFO |   [finetune] epoch 16/20 | train_loss=0.5603 | val_loss=0.5257 | val_stone_acc=0.667 | val_stone_f1=0.312 | 51s
14:52:00 | INFO |   [finetune] epoch 17/20 | train_loss=0.5295 | val_loss=0.5008 | val_stone_acc=0.727 | val_stone_f1=0.550 | 51s
14:52:51 | INFO |   [finetune] epoch 18/20 | train_loss=0.5460 | val_loss=0.5107 | val_stone_acc=0.652 | val_stone_f1=0.303 | 51s
14:53:41 | INFO |   [finetune] epoch 19/20 | train_loss=0.5209 | val_loss=0.4942 | val_stone_acc=0.727 | val_stone_f1=0.571 | 51s
14:54:32 | INFO |   [finetune] epoch 20/20 | train_loss=0.5572 | val_loss=0.5133 | val_stone_acc=0.682 | val_stone_f1=0.323 | 51s
14:54:32 | INFO | Fold 4 done. Best val_loss=0.4942 at epoch 23
14:54:32 | INFO | Cross-fold summary:
14:54:32 | INFO | === Held-out test set evaluation ===
14:54:32 | INFO | Built resnet18 (11,177,538 params total). Pretrained weights: IMAGENET1K_V1
14:54:49 | INFO |   Fold 0 test: stone_acc=0.651 | stone_f1=0.383 | stone_roc_auc=0.672
14:54:50 | INFO | Built resnet18 (11,177,538 params total). Pretrained weights: IMAGENET1K_V1
14:55:06 | INFO |   Fold 1 test: stone_acc=0.651 | stone_f1=0.326 | stone_roc_auc=0.692
14:55:07 | INFO | Built resnet18 (11,177,538 params total). Pretrained weights: IMAGENET1K_V1
14:55:23 | INFO |   Fold 2 test: stone_acc=0.699 | stone_f1=0.419 | stone_roc_auc=0.726
14:55:24 | INFO | Built resnet18 (11,177,538 params total). Pretrained weights: IMAGENET1K_V1
14:55:41 | INFO |   Fold 3 test: stone_acc=0.675 | stone_f1=0.372 | stone_roc_auc=0.651
14:55:41 | INFO | Built resnet18 (11,177,538 params total). Pretrained weights: IMAGENET1K_V1
14:55:58 | INFO |   Fold 4 test: stone_acc=0.663 | stone_f1=0.462 | stone_roc_auc=0.712
14:55:58 | INFO | Test set summary (mean ± std across folds):
14:55:58 | INFO |   stone_accuracy: 0.667 ± 0.020
14:55:58 | INFO |   stone_f1: 0.392 ± 0.051
14:55:58 | INFO |   stone_roc_auc: 0.690 ± 0.030
14:56:04 | INFO | Device: cuda
14:56:04 | INFO | cuDNN benchmark enabled
14:56:06 | INFO | Skipped 21 rows with no composition data
14:56:06 | INFO | Recomputed labels at 100.0% threshold: 546 pure / 696 mixed (414 stones)
14:56:06 | WARNING | Skipped 2 rows whose image files are missing
14:56:06 | INFO | Built 1240 samples from 414 stones
14:56:06 | INFO | Test holdout: 83 stones (36 pure / 47 mixed, 248 images). Train+val pool: 331 stones (992 images).
14:56:06 | INFO | --random-labels: stone-level labels have been shuffled (baseline mode)
14:56:06 | INFO |   Fold 0: train=264 stones (116 pure / 148 mixed, 791 images), val=67 stones (30 pure / 37 mixed, 201 images)
14:56:06 | INFO |   Fold 1: train=265 stones (117 pure / 148 mixed, 794 images), val=66 stones (29 pure / 37 mixed, 198 images)
14:56:06 | INFO |   Fold 2: train=265 stones (117 pure / 148 mixed, 795 images), val=66 stones (29 pure / 37 mixed, 197 images)
14:56:06 | INFO |   Fold 3: train=265 stones (117 pure / 148 mixed, 794 images), val=66 stones (29 pure / 37 mixed, 198 images)
14:56:06 | INFO |   Fold 4: train=265 stones (117 pure / 148 mixed, 794 images), val=66 stones (29 pure / 37 mixed, 198 images)
14:56:06 | INFO | Config snapshot saved to /gpfs/home3/ddboer/umc_thesis/outputs/checkpoints/binary_random/config_snapshot.yaml
14:56:07 | INFO | Built resnet18 (11,177,538 params total). Pretrained weights: IMAGENET1K_V1
14:56:07 | INFO | Fold 0 — Phase 1: frozen backbone, 5 epochs
14:56:07 | INFO |   Trainable params: 1,026
14:56:57 | INFO |   [frozen] epoch 1/5 | train_loss=0.8086 | val_loss=0.8026 | val_stone_acc=0.552 | val_stone_f1=0.712 | 50s
14:57:48 | INFO |   [frozen] epoch 2/5 | train_loss=0.7736 | val_loss=0.6945 | val_stone_acc=0.552 | val_stone_f1=0.712 | 50s
14:58:38 | INFO |   [frozen] epoch 3/5 | train_loss=0.7950 | val_loss=0.7167 | val_stone_acc=0.552 | val_stone_f1=0.712 | 50s
14:59:28 | INFO |   [frozen] epoch 4/5 | train_loss=0.7614 | val_loss=0.7223 | val_stone_acc=0.552 | val_stone_f1=0.712 | 50s
15:00:18 | INFO |   [frozen] epoch 5/5 | train_loss=0.7290 | val_loss=0.6902 | val_stone_acc=0.522 | val_stone_f1=0.652 | 50s
15:00:18 | INFO |   Trainable params: 11,177,538
15:01:08 | INFO |   [finetune] epoch 1/20 | train_loss=0.7305 | val_loss=0.7036 | val_stone_acc=0.582 | val_stone_f1=0.720 | 50s
15:01:58 | INFO |   [finetune] epoch 2/20 | train_loss=0.7162 | val_loss=0.6986 | val_stone_acc=0.627 | val_stone_f1=0.747 | 50s
15:02:48 | INFO |   [finetune] epoch 3/20 | train_loss=0.7149 | val_loss=0.7394 | val_stone_acc=0.567 | val_stone_f1=0.718 | 50s
15:03:38 | INFO |   [finetune] epoch 4/20 | train_loss=0.7102 | val_loss=0.7056 | val_stone_acc=0.582 | val_stone_f1=0.650 | 50s
15:04:28 | INFO |   [finetune] epoch 5/20 | train_loss=0.6957 | val_loss=0.7027 | val_stone_acc=0.582 | val_stone_f1=0.632 | 50s
15:05:18 | INFO |   [finetune] epoch 6/20 | train_loss=0.7025 | val_loss=0.7328 | val_stone_acc=0.567 | val_stone_f1=0.707 | 50s
15:06:09 | INFO |   [finetune] epoch 7/20 | train_loss=0.6844 | val_loss=0.7049 | val_stone_acc=0.552 | val_stone_f1=0.667 | 50s
15:06:59 | INFO |   [finetune] epoch 8/20 | train_loss=0.6705 | val_loss=0.7116 | val_stone_acc=0.567 | val_stone_f1=0.642 | 50s
15:07:49 | INFO |   [finetune] epoch 9/20 | train_loss=0.6654 | val_loss=0.7301 | val_stone_acc=0.493 | val_stone_f1=0.500 | 50s
15:07:49 | INFO |   Early stopping (no improvement for 7 epochs)
15:07:49 | INFO | Fold 0 done. Best val_loss=0.6986 at epoch 6
15:07:49 | INFO | Built resnet18 (11,177,538 params total). Pretrained weights: IMAGENET1K_V1
15:07:49 | INFO | Fold 1 — Phase 1: frozen backbone, 5 epochs
15:07:49 | INFO |   Trainable params: 1,026
15:08:39 | INFO |   [frozen] epoch 1/5 | train_loss=0.8666 | val_loss=0.7206 | val_stone_acc=0.470 | val_stone_f1=0.578 | 50s
15:09:30 | INFO |   [frozen] epoch 2/5 | train_loss=0.7883 | val_loss=0.7393 | val_stone_acc=0.515 | val_stone_f1=0.385 | 51s
15:10:21 | INFO |   [frozen] epoch 3/5 | train_loss=0.7624 | val_loss=0.6777 | val_stone_acc=0.606 | val_stone_f1=0.683 | 51s
15:11:11 | INFO |   [frozen] epoch 4/5 | train_loss=0.7702 | val_loss=0.6872 | val_stone_acc=0.545 | val_stone_f1=0.700 | 51s
15:12:01 | INFO |   [frozen] epoch 5/5 | train_loss=0.7684 | val_loss=0.6919 | val_stone_acc=0.561 | val_stone_f1=0.491 | 50s
15:12:01 | INFO |   Trainable params: 11,177,538
15:12:51 | INFO |   [finetune] epoch 1/20 | train_loss=0.7827 | val_loss=0.6665 | val_stone_acc=0.576 | val_stone_f1=0.650 | 50s
15:13:41 | INFO |   [finetune] epoch 2/20 | train_loss=0.7147 | val_loss=0.6666 | val_stone_acc=0.561 | val_stone_f1=0.623 | 50s
15:14:31 | INFO |   [finetune] epoch 3/20 | train_loss=0.7391 | val_loss=0.6718 | val_stone_acc=0.576 | val_stone_f1=0.702 | 50s
15:15:21 | INFO |   [finetune] epoch 4/20 | train_loss=0.7128 | val_loss=0.6970 | val_stone_acc=0.545 | val_stone_f1=0.516 | 50s
15:16:11 | INFO |   [finetune] epoch 5/20 | train_loss=0.7082 | val_loss=0.7094 | val_stone_acc=0.545 | val_stone_f1=0.706 | 50s
15:17:00 | INFO |   [finetune] epoch 6/20 | train_loss=0.7129 | val_loss=0.6988 | val_stone_acc=0.561 | val_stone_f1=0.707 | 50s
15:17:50 | INFO |   [finetune] epoch 7/20 | train_loss=0.6937 | val_loss=0.7125 | val_stone_acc=0.530 | val_stone_f1=0.456 | 50s
15:18:40 | INFO |   [finetune] epoch 8/20 | train_loss=0.6856 | val_loss=0.6785 | val_stone_acc=0.667 | val_stone_f1=0.744 | 50s
15:18:40 | INFO |   Early stopping (no improvement for 7 epochs)
15:18:40 | INFO | Fold 1 done. Best val_loss=0.6665 at epoch 5
15:18:40 | INFO | Built resnet18 (11,177,538 params total). Pretrained weights: IMAGENET1K_V1
15:18:40 | INFO | Fold 2 — Phase 1: frozen backbone, 5 epochs
15:18:40 | INFO |   Trainable params: 1,026
15:19:31 | INFO |   [frozen] epoch 1/5 | train_loss=0.7978 | val_loss=0.7439 | val_stone_acc=0.485 | val_stone_f1=0.638 | 50s
15:20:21 | INFO |   [frozen] epoch 2/5 | train_loss=0.7614 | val_loss=0.7851 | val_stone_acc=0.561 | val_stone_f1=0.718 | 50s
15:21:11 | INFO |   [frozen] epoch 3/5 | train_loss=0.7476 | val_loss=0.7576 | val_stone_acc=0.515 | val_stone_f1=0.667 | 50s
15:22:01 | INFO |   [frozen] epoch 4/5 | train_loss=0.7546 | val_loss=0.7367 | val_stone_acc=0.485 | val_stone_f1=0.605 | 50s
15:22:51 | INFO |   [frozen] epoch 5/5 | train_loss=0.7232 | val_loss=0.7287 | val_stone_acc=0.515 | val_stone_f1=0.619 | 50s
15:22:51 | INFO |   Trainable params: 11,177,538
15:23:40 | INFO |   [finetune] epoch 1/20 | train_loss=0.7362 | val_loss=0.7488 | val_stone_acc=0.470 | val_stone_f1=0.639 | 50s
15:24:30 | INFO |   [finetune] epoch 2/20 | train_loss=0.6942 | val_loss=0.7276 | val_stone_acc=0.515 | val_stone_f1=0.636 | 50s
15:25:20 | INFO |   [finetune] epoch 3/20 | train_loss=0.7160 | val_loss=0.7802 | val_stone_acc=0.530 | val_stone_f1=0.693 | 50s
15:26:10 | INFO |   [finetune] epoch 4/20 | train_loss=0.7139 | val_loss=0.7408 | val_stone_acc=0.515 | val_stone_f1=0.628 | 50s
15:27:00 | INFO |   [finetune] epoch 5/20 | train_loss=0.7126 | val_loss=0.7424 | val_stone_acc=0.561 | val_stone_f1=0.567 | 50s
15:27:50 | INFO |   [finetune] epoch 6/20 | train_loss=0.6959 | val_loss=0.7550 | val_stone_acc=0.530 | val_stone_f1=0.680 | 50s
15:28:39 | INFO |   [finetune] epoch 7/20 | train_loss=0.6746 | val_loss=0.7205 | val_stone_acc=0.500 | val_stone_f1=0.612 | 50s
15:29:29 | INFO |   [finetune] epoch 8/20 | train_loss=0.6714 | val_loss=0.7358 | val_stone_acc=0.606 | val_stone_f1=0.606 | 50s
15:30:19 | INFO |   [finetune] epoch 9/20 | train_loss=0.6835 | val_loss=0.7386 | val_stone_acc=0.545 | val_stone_f1=0.634 | 50s
15:31:09 | INFO |   [finetune] epoch 10/20 | train_loss=0.6710 | val_loss=0.7269 | val_stone_acc=0.545 | val_stone_f1=0.643 | 50s
15:31:59 | INFO |   [finetune] epoch 11/20 | train_loss=0.6440 | val_loss=0.7328 | val_stone_acc=0.500 | val_stone_f1=0.637 | 50s
15:32:49 | INFO |   [finetune] epoch 12/20 | train_loss=0.6472 | val_loss=0.7335 | val_stone_acc=0.530 | val_stone_f1=0.587 | 50s
15:33:39 | INFO |   [finetune] epoch 13/20 | train_loss=0.6568 | val_loss=0.7324 | val_stone_acc=0.500 | val_stone_f1=0.560 | 50s
15:34:29 | INFO |   [finetune] epoch 14/20 | train_loss=0.6678 | val_loss=0.7242 | val_stone_acc=0.530 | val_stone_f1=0.617 | 50s
15:34:29 | INFO |   Early stopping (no improvement for 7 epochs)
15:34:29 | INFO | Fold 2 done. Best val_loss=0.7205 at epoch 11
15:34:29 | INFO | Built resnet18 (11,177,538 params total). Pretrained weights: IMAGENET1K_V1
15:34:29 | INFO | Fold 3 — Phase 1: frozen backbone, 5 epochs
15:34:29 | INFO |   Trainable params: 1,026
15:35:21 | INFO |   [frozen] epoch 1/5 | train_loss=0.8034 | val_loss=0.7251 | val_stone_acc=0.500 | val_stone_f1=0.571 | 51s
15:36:11 | INFO |   [frozen] epoch 2/5 | train_loss=0.7907 | val_loss=0.7664 | val_stone_acc=0.561 | val_stone_f1=0.713 | 51s
15:37:02 | INFO |   [frozen] epoch 3/5 | train_loss=0.7788 | val_loss=0.7382 | val_stone_acc=0.515 | val_stone_f1=0.610 | 50s
15:37:52 | INFO |   [frozen] epoch 4/5 | train_loss=0.7429 | val_loss=0.7369 | val_stone_acc=0.530 | val_stone_f1=0.597 | 51s
15:38:43 | INFO |   [frozen] epoch 5/5 | train_loss=0.7211 | val_loss=0.7331 | val_stone_acc=0.561 | val_stone_f1=0.681 | 51s
15:38:43 | INFO |   Trainable params: 11,177,538
15:39:34 | INFO |   [finetune] epoch 1/20 | train_loss=0.7313 | val_loss=0.7288 | val_stone_acc=0.561 | val_stone_f1=0.674 | 51s
15:40:25 | INFO |   [finetune] epoch 2/20 | train_loss=0.7099 | val_loss=0.7483 | val_stone_acc=0.561 | val_stone_f1=0.718 | 51s
15:41:16 | INFO |   [finetune] epoch 3/20 | train_loss=0.6991 | val_loss=0.7251 | val_stone_acc=0.591 | val_stone_f1=0.697 | 51s
15:42:07 | INFO |   [finetune] epoch 4/20 | train_loss=0.6851 | val_loss=0.7230 | val_stone_acc=0.530 | val_stone_f1=0.575 | 51s
15:42:58 | INFO |   [finetune] epoch 5/20 | train_loss=0.6929 | val_loss=0.7127 | val_stone_acc=0.606 | val_stone_f1=0.705 | 51s
15:43:49 | INFO |   [finetune] epoch 6/20 | train_loss=0.6899 | val_loss=0.7363 | val_stone_acc=0.621 | val_stone_f1=0.737 | 51s
15:44:40 | INFO |   [finetune] epoch 7/20 | train_loss=0.6673 | val_loss=0.7397 | val_stone_acc=0.621 | val_stone_f1=0.737 | 51s
15:45:30 | INFO |   [finetune] epoch 8/20 | train_loss=0.6835 | val_loss=0.7479 | val_stone_acc=0.591 | val_stone_f1=0.710 | 51s
15:46:21 | INFO |   [finetune] epoch 9/20 | train_loss=0.6638 | val_loss=0.7423 | val_stone_acc=0.485 | val_stone_f1=0.528 | 51s
15:47:12 | INFO |   [finetune] epoch 10/20 | train_loss=0.6570 | val_loss=0.7365 | val_stone_acc=0.606 | val_stone_f1=0.723 | 51s
15:48:03 | INFO |   [finetune] epoch 11/20 | train_loss=0.6642 | val_loss=0.7525 | val_stone_acc=0.515 | val_stone_f1=0.579 | 51s
15:48:54 | INFO |   [finetune] epoch 12/20 | train_loss=0.6720 | val_loss=0.7774 | val_stone_acc=0.394 | val_stone_f1=0.375 | 51s
15:48:54 | INFO |   Early stopping (no improvement for 7 epochs)
15:48:54 | INFO | Fold 3 done. Best val_loss=0.7127 at epoch 9
15:48:54 | INFO | Built resnet18 (11,177,538 params total). Pretrained weights: IMAGENET1K_V1
15:48:54 | INFO | Fold 4 — Phase 1: frozen backbone, 5 epochs
15:48:54 | INFO |   Trainable params: 1,026
15:49:45 | INFO |   [frozen] epoch 1/5 | train_loss=0.7939 | val_loss=0.7912 | val_stone_acc=0.439 | val_stone_f1=0.098 | 51s
15:50:35 | INFO |   [frozen] epoch 2/5 | train_loss=0.7919 | val_loss=0.7383 | val_stone_acc=0.394 | val_stone_f1=0.444 | 50s
15:51:25 | INFO |   [frozen] epoch 3/5 | train_loss=0.7638 | val_loss=0.7453 | val_stone_acc=0.409 | val_stone_f1=0.451 | 50s
15:52:15 | INFO |   [frozen] epoch 4/5 | train_loss=0.7232 | val_loss=0.7382 | val_stone_acc=0.379 | val_stone_f1=0.468 | 50s
15:53:05 | INFO |   [frozen] epoch 5/5 | train_loss=0.7320 | val_loss=0.7346 | val_stone_acc=0.515 | val_stone_f1=0.660 | 50s
15:53:05 | INFO |   Trainable params: 11,177,538
15:53:56 | INFO |   [finetune] epoch 1/20 | train_loss=0.7285 | val_loss=0.7307 | val_stone_acc=0.545 | val_stone_f1=0.688 | 50s
15:54:46 | INFO |   [finetune] epoch 2/20 | train_loss=0.6988 | val_loss=0.7356 | val_stone_acc=0.470 | val_stone_f1=0.588 | 50s
15:55:36 | INFO |   [finetune] epoch 3/20 | train_loss=0.7067 | val_loss=0.7393 | val_stone_acc=0.500 | val_stone_f1=0.645 | 50s
15:56:27 | INFO |   [finetune] epoch 4/20 | train_loss=0.7096 | val_loss=0.7439 | val_stone_acc=0.455 | val_stone_f1=0.419 | 51s
15:57:17 | INFO |   [finetune] epoch 5/20 | train_loss=0.7130 | val_loss=0.7436 | val_stone_acc=0.500 | val_stone_f1=0.645 | 51s
15:58:08 | INFO |   [finetune] epoch 6/20 | train_loss=0.6838 | val_loss=0.7274 | val_stone_acc=0.470 | val_stone_f1=0.624 | 51s
15:58:58 | INFO |   [finetune] epoch 7/20 | train_loss=0.6966 | val_loss=0.7221 | val_stone_acc=0.485 | val_stone_f1=0.595 | 50s
15:59:49 | INFO |   [finetune] epoch 8/20 | train_loss=0.6712 | val_loss=0.7368 | val_stone_acc=0.545 | val_stone_f1=0.516 | 50s
16:00:39 | INFO |   [finetune] epoch 9/20 | train_loss=0.6681 | val_loss=0.7246 | val_stone_acc=0.545 | val_stone_f1=0.688 | 50s
16:01:29 | INFO |   [finetune] epoch 10/20 | train_loss=0.6687 | val_loss=0.7281 | val_stone_acc=0.515 | val_stone_f1=0.644 | 50s
16:02:20 | INFO |   [finetune] epoch 11/20 | train_loss=0.6827 | val_loss=0.7258 | val_stone_acc=0.530 | val_stone_f1=0.652 | 50s
16:03:10 | INFO |   [finetune] epoch 12/20 | train_loss=0.6636 | val_loss=0.7212 | val_stone_acc=0.545 | val_stone_f1=0.667 | 50s
16:04:01 | INFO |   [finetune] epoch 13/20 | train_loss=0.6766 | val_loss=0.7307 | val_stone_acc=0.530 | val_stone_f1=0.659 | 50s
16:04:51 | INFO |   [finetune] epoch 14/20 | train_loss=0.6662 | val_loss=0.7475 | val_stone_acc=0.485 | val_stone_f1=0.485 | 51s
16:05:42 | INFO |   [finetune] epoch 15/20 | train_loss=0.6670 | val_loss=0.7339 | val_stone_acc=0.500 | val_stone_f1=0.621 | 50s
16:06:32 | INFO |   [finetune] epoch 16/20 | train_loss=0.6407 | val_loss=0.7353 | val_stone_acc=0.485 | val_stone_f1=0.553 | 50s
16:07:22 | INFO |   [finetune] epoch 17/20 | train_loss=0.6643 | val_loss=0.7276 | val_stone_acc=0.530 | val_stone_f1=0.635 | 50s
16:08:13 | INFO |   [finetune] epoch 18/20 | train_loss=0.6409 | val_loss=0.7511 | val_stone_acc=0.530 | val_stone_f1=0.680 | 51s
16:09:03 | INFO |   [finetune] epoch 19/20 | train_loss=0.6677 | val_loss=0.7826 | val_stone_acc=0.530 | val_stone_f1=0.687 | 50s
16:09:03 | INFO |   Early stopping (no improvement for 7 epochs)
16:09:03 | INFO | Fold 4 done. Best val_loss=0.7212 at epoch 16
16:09:03 | INFO | Cross-fold summary:
16:09:03 | INFO | === Held-out test set evaluation ===
16:09:04 | INFO | Built resnet18 (11,177,538 params total). Pretrained weights: IMAGENET1K_V1
16:09:21 | INFO |   Fold 0 test: stone_acc=0.566 | stone_f1=0.710 | stone_roc_auc=0.513
16:09:22 | INFO | Built resnet18 (11,177,538 params total). Pretrained weights: IMAGENET1K_V1
16:09:39 | INFO |   Fold 1 test: stone_acc=0.494 | stone_f1=0.543 | stone_roc_auc=0.450
16:09:39 | INFO | Built resnet18 (11,177,538 params total). Pretrained weights: IMAGENET1K_V1
16:09:56 | INFO |   Fold 2 test: stone_acc=0.530 | stone_f1=0.629 | stone_roc_auc=0.415
16:09:57 | INFO | Built resnet18 (11,177,538 params total). Pretrained weights: IMAGENET1K_V1
16:10:14 | INFO |   Fold 3 test: stone_acc=0.530 | stone_f1=0.614 | stone_roc_auc=0.558
16:10:14 | INFO | Built resnet18 (11,177,538 params total). Pretrained weights: IMAGENET1K_V1
16:10:31 | INFO |   Fold 4 test: stone_acc=0.639 | stone_f1=0.727 | stone_roc_auc=0.540
16:10:31 | INFO | Test set summary (mean ± std across folds):
16:10:31 | INFO |   stone_accuracy: 0.552 ± 0.055
16:10:31 | INFO |   stone_f1: 0.645 ± 0.075
16:10:31 | INFO |   stone_roc_auc: 0.495 ± 0.060
