============================================================================================== 
Warning! Mixing Conda and module environments may lead to corruption of the
user environment. 
We do not recommend users mixing those two environments unless absolutely
necessary. Note that 
SURF does not provide any support for Conda environment.
For more information, please refer to our software policy page:
https://servicedesk.surf.nl/wiki/display/WIKI/Software+policy+Snellius#SoftwarepolicySnellius-UseofAnacondaandMinicondaenvironmentsonSnellius 

Remember that many packages have already been installed on the system and can
be loaded using 
the 'module load <package__name>' command. If you are uncertain if a package is
already available 
on the system, please use 'module avail' or 'module spider' to search for it.
============================================================================================== 
Lmod has detected the following error: These module(s) or extension(s) exist
but cannot be loaded as requested: "Anaconda3"
   Try: "module spider Anaconda3" to see how to load the module(s).



15:16:44 | INFO | Device: cuda
15:16:44 | INFO | cuDNN benchmark enabled
15:16:47 | INFO | Recomputed labels at 100.0% threshold: 402 pure / 597 mixed (333 stones)
15:16:47 | WARNING | Skipped 6 rows whose image files are missing
15:16:47 | INFO | Built 993 samples from 333 stones
15:16:47 | INFO | Test holdout: 67 stones (27 pure / 40 mixed, 201 images). Train+val pool: 266 stones (792 images).
15:16:47 | INFO |   Fold 0: train=212 stones (85 pure / 127 mixed, 631 images), val=54 stones (22 pure / 32 mixed, 161 images)
15:16:47 | INFO |   Fold 1: train=213 stones (86 pure / 127 mixed, 634 images), val=53 stones (21 pure / 32 mixed, 158 images)
15:16:47 | INFO |   Fold 2: train=213 stones (86 pure / 127 mixed, 636 images), val=53 stones (21 pure / 32 mixed, 156 images)
15:16:47 | INFO |   Fold 3: train=213 stones (86 pure / 127 mixed, 634 images), val=53 stones (21 pure / 32 mixed, 158 images)
15:16:47 | INFO |   Fold 4: train=213 stones (85 pure / 128 mixed, 633 images), val=53 stones (22 pure / 31 mixed, 159 images)
15:16:47 | INFO | Config snapshot saved to /gpfs/home3/ddboer/umc_thesis/outputs/checkpoints/config_snapshot.yaml
15:16:47 | INFO | Built resnet18 (11,177,538 params total). Pretrained weights: IMAGENET1K_V1
15:16:48 | INFO | Fold 0 — Phase 1: frozen backbone, 5 epochs
15:16:48 | INFO |   Trainable params: 1,026
15:17:39 | INFO |   [frozen] epoch 1/5 | train_loss=0.7757 | val_loss=0.7071 | val_stone_acc=0.593 | val_stone_f1=0.744 | 52s
15:18:30 | INFO |   [frozen] epoch 2/5 | train_loss=0.7773 | val_loss=0.7087 | val_stone_acc=0.593 | val_stone_f1=0.744 | 50s
15:19:20 | INFO |   [frozen] epoch 3/5 | train_loss=0.7442 | val_loss=0.6688 | val_stone_acc=0.593 | val_stone_f1=0.711 | 51s
15:20:10 | INFO |   [frozen] epoch 4/5 | train_loss=0.7431 | val_loss=0.6821 | val_stone_acc=0.593 | val_stone_f1=0.732 | 50s
15:21:01 | INFO |   [frozen] epoch 5/5 | train_loss=0.7022 | val_loss=0.6692 | val_stone_acc=0.593 | val_stone_f1=0.725 | 50s
15:21:01 | INFO |   Trainable params: 11,177,538
15:21:51 | INFO |   [finetune] epoch 1/20 | train_loss=0.7016 | val_loss=0.6687 | val_stone_acc=0.574 | val_stone_f1=0.701 | 51s
15:22:42 | INFO |   [finetune] epoch 2/20 | train_loss=0.6925 | val_loss=0.6962 | val_stone_acc=0.611 | val_stone_f1=0.741 | 50s
15:23:32 | INFO |   [finetune] epoch 3/20 | train_loss=0.6748 | val_loss=0.6706 | val_stone_acc=0.574 | val_stone_f1=0.701 | 50s
15:24:23 | INFO |   [finetune] epoch 4/20 | train_loss=0.6555 | val_loss=0.6693 | val_stone_acc=0.593 | val_stone_f1=0.703 | 50s
15:25:13 | INFO |   [finetune] epoch 5/20 | train_loss=0.6586 | val_loss=0.6684 | val_stone_acc=0.519 | val_stone_f1=0.606 | 50s
15:26:03 | INFO |   [finetune] epoch 6/20 | train_loss=0.6489 | val_loss=0.6683 | val_stone_acc=0.556 | val_stone_f1=0.657 | 50s
15:26:54 | INFO |   [finetune] epoch 7/20 | train_loss=0.6307 | val_loss=0.6863 | val_stone_acc=0.593 | val_stone_f1=0.718 | 50s
15:27:44 | INFO |   [finetune] epoch 8/20 | train_loss=0.6247 | val_loss=0.6771 | val_stone_acc=0.593 | val_stone_f1=0.667 | 50s
15:28:35 | INFO |   [finetune] epoch 9/20 | train_loss=0.5958 | val_loss=0.7140 | val_stone_acc=0.593 | val_stone_f1=0.725 | 51s
15:29:25 | INFO |   [finetune] epoch 10/20 | train_loss=0.5917 | val_loss=0.6767 | val_stone_acc=0.556 | val_stone_f1=0.625 | 50s
15:30:15 | INFO |   [finetune] epoch 11/20 | train_loss=0.5874 | val_loss=0.6838 | val_stone_acc=0.630 | val_stone_f1=0.737 | 50s
15:30:15 | INFO |   Early stopping (no improvement for 5 epochs)
15:30:15 | INFO | Fold 0 done. Best val_loss=0.6683 at epoch 10
15:30:16 | INFO | Built resnet18 (11,177,538 params total). Pretrained weights: IMAGENET1K_V1
15:30:16 | INFO | Fold 1 — Phase 1: frozen backbone, 5 epochs
15:30:16 | INFO |   Trainable params: 1,026
15:31:06 | INFO |   [frozen] epoch 1/5 | train_loss=0.7847 | val_loss=0.6638 | val_stone_acc=0.604 | val_stone_f1=0.720 | 50s
15:31:56 | INFO |   [frozen] epoch 2/5 | train_loss=0.7665 | val_loss=0.6747 | val_stone_acc=0.623 | val_stone_f1=0.744 | 50s
15:32:46 | INFO |   [frozen] epoch 3/5 | train_loss=0.7288 | val_loss=0.6710 | val_stone_acc=0.623 | val_stone_f1=0.697 | 50s
15:33:35 | INFO |   [frozen] epoch 4/5 | train_loss=0.7484 | val_loss=0.6551 | val_stone_acc=0.604 | val_stone_f1=0.727 | 50s
15:34:25 | INFO |   [frozen] epoch 5/5 | train_loss=0.7525 | val_loss=0.6801 | val_stone_acc=0.623 | val_stone_f1=0.677 | 50s
15:34:25 | INFO |   Trainable params: 11,177,538
15:35:15 | INFO |   [finetune] epoch 1/20 | train_loss=0.7240 | val_loss=0.6781 | val_stone_acc=0.642 | val_stone_f1=0.678 | 50s
15:36:04 | INFO |   [finetune] epoch 2/20 | train_loss=0.6826 | val_loss=0.6616 | val_stone_acc=0.566 | val_stone_f1=0.709 | 50s
15:36:54 | INFO |   [finetune] epoch 3/20 | train_loss=0.6714 | val_loss=0.6735 | val_stone_acc=0.623 | val_stone_f1=0.677 | 50s
15:37:44 | INFO |   [finetune] epoch 4/20 | train_loss=0.6952 | val_loss=0.6585 | val_stone_acc=0.642 | val_stone_f1=0.753 | 50s
15:38:34 | INFO |   [finetune] epoch 5/20 | train_loss=0.6672 | val_loss=0.6486 | val_stone_acc=0.660 | val_stone_f1=0.735 | 50s
15:39:24 | INFO |   [finetune] epoch 6/20 | train_loss=0.6416 | val_loss=0.6626 | val_stone_acc=0.679 | val_stone_f1=0.746 | 50s
15:40:14 | INFO |   [finetune] epoch 7/20 | train_loss=0.6471 | val_loss=0.6626 | val_stone_acc=0.660 | val_stone_f1=0.750 | 50s
15:41:03 | INFO |   [finetune] epoch 8/20 | train_loss=0.6632 | val_loss=0.6673 | val_stone_acc=0.698 | val_stone_f1=0.765 | 50s
15:41:53 | INFO |   [finetune] epoch 9/20 | train_loss=0.5936 | val_loss=0.6642 | val_stone_acc=0.679 | val_stone_f1=0.754 | 50s
15:42:43 | INFO |   [finetune] epoch 10/20 | train_loss=0.6441 | val_loss=0.6691 | val_stone_acc=0.679 | val_stone_f1=0.754 | 50s
15:42:43 | INFO |   Early stopping (no improvement for 5 epochs)
15:42:43 | INFO | Fold 1 done. Best val_loss=0.6486 at epoch 9
15:42:44 | INFO | Built resnet18 (11,177,538 params total). Pretrained weights: IMAGENET1K_V1
15:42:44 | INFO | Fold 2 — Phase 1: frozen backbone, 5 epochs
15:42:44 | INFO |   Trainable params: 1,026
15:43:34 | INFO |   [frozen] epoch 1/5 | train_loss=0.7663 | val_loss=0.6782 | val_stone_acc=0.585 | val_stone_f1=0.725 | 50s
15:44:24 | INFO |   [frozen] epoch 2/5 | train_loss=0.7540 | val_loss=0.7151 | val_stone_acc=0.472 | val_stone_f1=0.517 | 50s
15:45:14 | INFO |   [frozen] epoch 3/5 | train_loss=0.7810 | val_loss=0.6942 | val_stone_acc=0.604 | val_stone_f1=0.747 | 50s
15:46:04 | INFO |   [frozen] epoch 4/5 | train_loss=0.7433 | val_loss=0.7047 | val_stone_acc=0.604 | val_stone_f1=0.741 | 50s
15:46:54 | INFO |   [frozen] epoch 5/5 | train_loss=0.7188 | val_loss=0.7070 | val_stone_acc=0.585 | val_stone_f1=0.718 | 50s
15:46:54 | INFO |   Trainable params: 11,177,538
15:47:44 | INFO |   [finetune] epoch 1/20 | train_loss=0.7386 | val_loss=0.7044 | val_stone_acc=0.566 | val_stone_f1=0.646 | 50s
15:48:33 | INFO |   [finetune] epoch 2/20 | train_loss=0.6986 | val_loss=0.6719 | val_stone_acc=0.623 | val_stone_f1=0.756 | 50s
15:49:23 | INFO |   [finetune] epoch 3/20 | train_loss=0.7099 | val_loss=0.6837 | val_stone_acc=0.623 | val_stone_f1=0.697 | 50s
15:50:13 | INFO |   [finetune] epoch 4/20 | train_loss=0.6806 | val_loss=0.6837 | val_stone_acc=0.623 | val_stone_f1=0.762 | 50s
15:51:03 | INFO |   [finetune] epoch 5/20 | train_loss=0.6825 | val_loss=0.6673 | val_stone_acc=0.604 | val_stone_f1=0.720 | 50s
15:51:53 | INFO |   [finetune] epoch 6/20 | train_loss=0.6451 | val_loss=0.6632 | val_stone_acc=0.642 | val_stone_f1=0.753 | 50s
15:52:43 | INFO |   [finetune] epoch 7/20 | train_loss=0.6242 | val_loss=0.6614 | val_stone_acc=0.642 | val_stone_f1=0.747 | 51s
15:53:34 | INFO |   [finetune] epoch 8/20 | train_loss=0.6425 | val_loss=0.6721 | val_stone_acc=0.660 | val_stone_f1=0.735 | 50s
15:54:24 | INFO |   [finetune] epoch 9/20 | train_loss=0.6329 | val_loss=0.6647 | val_stone_acc=0.623 | val_stone_f1=0.750 | 51s
15:55:14 | INFO |   [finetune] epoch 10/20 | train_loss=0.6308 | val_loss=0.6682 | val_stone_acc=0.642 | val_stone_f1=0.740 | 50s
15:56:04 | INFO |   [finetune] epoch 11/20 | train_loss=0.6129 | val_loss=0.6667 | val_stone_acc=0.642 | val_stone_f1=0.753 | 50s
15:56:53 | INFO |   [finetune] epoch 12/20 | train_loss=0.5946 | val_loss=0.6679 | val_stone_acc=0.642 | val_stone_f1=0.740 | 50s
15:56:53 | INFO |   Early stopping (no improvement for 5 epochs)
15:56:53 | INFO | Fold 2 done. Best val_loss=0.6614 at epoch 11
15:56:54 | INFO | Built resnet18 (11,177,538 params total). Pretrained weights: IMAGENET1K_V1
15:56:54 | INFO | Fold 3 — Phase 1: frozen backbone, 5 epochs
15:56:54 | INFO |   Trainable params: 1,026
15:57:44 | INFO |   [frozen] epoch 1/5 | train_loss=0.8060 | val_loss=0.7056 | val_stone_acc=0.566 | val_stone_f1=0.723 | 50s
15:58:34 | INFO |   [frozen] epoch 2/5 | train_loss=0.7356 | val_loss=0.7610 | val_stone_acc=0.396 | val_stone_f1=0.273 | 49s
15:59:23 | INFO |   [frozen] epoch 3/5 | train_loss=0.7693 | val_loss=0.7214 | val_stone_acc=0.604 | val_stone_f1=0.720 | 49s
16:00:13 | INFO |   [frozen] epoch 4/5 | train_loss=0.7173 | val_loss=0.7107 | val_stone_acc=0.566 | val_stone_f1=0.685 | 49s
16:01:02 | INFO |   [frozen] epoch 5/5 | train_loss=0.7028 | val_loss=0.7160 | val_stone_acc=0.585 | val_stone_f1=0.633 | 49s
16:01:02 | INFO |   Trainable params: 11,177,538
16:01:51 | INFO |   [finetune] epoch 1/20 | train_loss=0.7495 | val_loss=0.6906 | val_stone_acc=0.585 | val_stone_f1=0.694 | 49s
16:02:41 | INFO |   [finetune] epoch 2/20 | train_loss=0.6737 | val_loss=0.6858 | val_stone_acc=0.604 | val_stone_f1=0.734 | 49s
16:03:30 | INFO |   [finetune] epoch 3/20 | train_loss=0.7000 | val_loss=0.6962 | val_stone_acc=0.585 | val_stone_f1=0.621 | 49s
16:04:20 | INFO |   [finetune] epoch 4/20 | train_loss=0.6918 | val_loss=0.6779 | val_stone_acc=0.566 | val_stone_f1=0.623 | 49s
16:05:09 | INFO |   [finetune] epoch 5/20 | train_loss=0.6589 | val_loss=0.6620 | val_stone_acc=0.604 | val_stone_f1=0.712 | 49s
16:05:58 | INFO |   [finetune] epoch 6/20 | train_loss=0.6333 | val_loss=0.6618 | val_stone_acc=0.623 | val_stone_f1=0.697 | 49s
16:06:48 | INFO |   [finetune] epoch 7/20 | train_loss=0.6731 | val_loss=0.6768 | val_stone_acc=0.604 | val_stone_f1=0.632 | 50s
16:07:39 | INFO |   [finetune] epoch 8/20 | train_loss=0.6140 | val_loss=0.6521 | val_stone_acc=0.642 | val_stone_f1=0.725 | 51s
16:08:30 | INFO |   [finetune] epoch 9/20 | train_loss=0.6494 | val_loss=0.6503 | val_stone_acc=0.604 | val_stone_f1=0.720 | 51s
16:09:21 | INFO |   [finetune] epoch 10/20 | train_loss=0.6028 | val_loss=0.6566 | val_stone_acc=0.642 | val_stone_f1=0.698 | 51s
16:10:11 | INFO |   [finetune] epoch 11/20 | train_loss=0.6162 | val_loss=0.6485 | val_stone_acc=0.660 | val_stone_f1=0.727 | 51s
16:11:02 | INFO |   [finetune] epoch 12/20 | train_loss=0.5838 | val_loss=0.6523 | val_stone_acc=0.660 | val_stone_f1=0.719 | 51s
16:11:53 | INFO |   [finetune] epoch 13/20 | train_loss=0.5925 | val_loss=0.6445 | val_stone_acc=0.679 | val_stone_f1=0.761 | 51s
16:12:44 | INFO |   [finetune] epoch 14/20 | train_loss=0.5951 | val_loss=0.6406 | val_stone_acc=0.717 | val_stone_f1=0.776 | 51s
16:13:34 | INFO |   [finetune] epoch 15/20 | train_loss=0.5527 | val_loss=0.6402 | val_stone_acc=0.660 | val_stone_f1=0.750 | 51s
16:14:25 | INFO |   [finetune] epoch 16/20 | train_loss=0.5599 | val_loss=0.6404 | val_stone_acc=0.698 | val_stone_f1=0.758 | 51s
16:15:16 | INFO |   [finetune] epoch 17/20 | train_loss=0.5537 | val_loss=0.6312 | val_stone_acc=0.717 | val_stone_f1=0.776 | 51s
16:16:07 | INFO |   [finetune] epoch 18/20 | train_loss=0.5522 | val_loss=0.6312 | val_stone_acc=0.717 | val_stone_f1=0.776 | 51s
16:16:58 | INFO |   [finetune] epoch 19/20 | train_loss=0.5371 | val_loss=0.6429 | val_stone_acc=0.698 | val_stone_f1=0.758 | 51s
16:17:49 | INFO |   [finetune] epoch 20/20 | train_loss=0.5457 | val_loss=0.6481 | val_stone_acc=0.717 | val_stone_f1=0.776 | 51s
16:17:49 | INFO | Fold 3 done. Best val_loss=0.6312 at epoch 22
16:17:49 | INFO | Built resnet18 (11,177,538 params total). Pretrained weights: IMAGENET1K_V1
16:17:49 | INFO | Fold 4 — Phase 1: frozen backbone, 5 epochs
16:17:49 | INFO |   Trainable params: 1,026
16:18:40 | INFO |   [frozen] epoch 1/5 | train_loss=0.7434 | val_loss=0.7084 | val_stone_acc=0.566 | val_stone_f1=0.716 | 50s
16:19:29 | INFO |   [frozen] epoch 2/5 | train_loss=0.7432 | val_loss=0.6933 | val_stone_acc=0.566 | val_stone_f1=0.716 | 49s
16:20:18 | INFO |   [frozen] epoch 3/5 | train_loss=0.7547 | val_loss=0.6995 | val_stone_acc=0.566 | val_stone_f1=0.709 | 49s
16:21:08 | INFO |   [frozen] epoch 4/5 | train_loss=0.7308 | val_loss=0.6976 | val_stone_acc=0.547 | val_stone_f1=0.667 | 49s
16:21:57 | INFO |   [frozen] epoch 5/5 | train_loss=0.7069 | val_loss=0.6935 | val_stone_acc=0.528 | val_stone_f1=0.675 | 49s
16:21:57 | INFO |   Trainable params: 11,177,538
16:22:48 | INFO |   [finetune] epoch 1/20 | train_loss=0.6940 | val_loss=0.6932 | val_stone_acc=0.509 | val_stone_f1=0.629 | 51s
16:23:38 | INFO |   [finetune] epoch 2/20 | train_loss=0.6944 | val_loss=0.7189 | val_stone_acc=0.528 | val_stone_f1=0.684 | 51s
16:24:29 | INFO |   [finetune] epoch 3/20 | train_loss=0.7065 | val_loss=0.7009 | val_stone_acc=0.547 | val_stone_f1=0.684 | 50s
16:25:19 | INFO |   [finetune] epoch 4/20 | train_loss=0.6520 | val_loss=0.6858 | val_stone_acc=0.528 | val_stone_f1=0.658 | 50s
16:26:10 | INFO |   [finetune] epoch 5/20 | train_loss=0.6365 | val_loss=0.6814 | val_stone_acc=0.547 | val_stone_f1=0.625 | 51s
16:27:00 | INFO |   [finetune] epoch 6/20 | train_loss=0.6415 | val_loss=0.6842 | val_stone_acc=0.566 | val_stone_f1=0.693 | 51s
16:27:50 | INFO |   [finetune] epoch 7/20 | train_loss=0.6105 | val_loss=0.6656 | val_stone_acc=0.585 | val_stone_f1=0.694 | 50s
16:28:41 | INFO |   [finetune] epoch 8/20 | train_loss=0.6102 | val_loss=0.6613 | val_stone_acc=0.604 | val_stone_f1=0.704 | 50s
16:29:31 | INFO |   [finetune] epoch 9/20 | train_loss=0.5820 | val_loss=0.6745 | val_stone_acc=0.585 | val_stone_f1=0.607 | 50s
16:30:21 | INFO |   [finetune] epoch 10/20 | train_loss=0.5942 | val_loss=0.6688 | val_stone_acc=0.585 | val_stone_f1=0.676 | 50s
16:31:11 | INFO |   [finetune] epoch 11/20 | train_loss=0.5940 | val_loss=0.6720 | val_stone_acc=0.623 | val_stone_f1=0.667 | 50s
16:32:01 | INFO |   [finetune] epoch 12/20 | train_loss=0.6071 | val_loss=0.6651 | val_stone_acc=0.604 | val_stone_f1=0.677 | 50s
16:32:51 | INFO |   [finetune] epoch 13/20 | train_loss=0.5882 | val_loss=0.6659 | val_stone_acc=0.623 | val_stone_f1=0.697 | 50s
16:32:51 | INFO |   Early stopping (no improvement for 5 epochs)
16:32:51 | INFO | Fold 4 done. Best val_loss=0.6613 at epoch 12
16:32:52 | INFO | Cross-fold summary:
16:32:52 | INFO | === Held-out test set evaluation ===
16:32:52 | INFO | Built resnet18 (11,177,538 params total). Pretrained weights: IMAGENET1K_V1
16:33:09 | INFO |   Fold 0 test: stone_acc=0.597 | stone_f1=0.682 | stone_roc_auc=0.616
16:33:09 | INFO | Built resnet18 (11,177,538 params total). Pretrained weights: IMAGENET1K_V1
16:33:26 | INFO |   Fold 1 test: stone_acc=0.716 | stone_f1=0.804 | stone_roc_auc=0.680
16:33:26 | INFO | Built resnet18 (11,177,538 params total). Pretrained weights: IMAGENET1K_V1
16:33:43 | INFO |   Fold 2 test: stone_acc=0.687 | stone_f1=0.774 | stone_roc_auc=0.630
16:33:43 | INFO | Built resnet18 (11,177,538 params total). Pretrained weights: IMAGENET1K_V1
16:34:00 | INFO |   Fold 3 test: stone_acc=0.657 | stone_f1=0.747 | stone_roc_auc=0.629
16:34:00 | INFO | Built resnet18 (11,177,538 params total). Pretrained weights: IMAGENET1K_V1
16:34:17 | INFO |   Fold 4 test: stone_acc=0.612 | stone_f1=0.740 | stone_roc_auc=0.562
16:34:17 | INFO | Test set summary (mean ± std across folds):
16:34:17 | INFO |   stone_accuracy: 0.654 ± 0.050
16:34:17 | INFO |   stone_f1: 0.750 ± 0.045
16:34:17 | INFO |   stone_roc_auc: 0.623 ± 0.042
16:34:24 | INFO | Device: cuda
16:34:24 | INFO | cuDNN benchmark enabled
16:34:27 | INFO | Recomputed labels at 90.0% threshold: 588 pure / 411 mixed (333 stones)
16:34:27 | WARNING | Skipped 6 rows whose image files are missing
16:34:27 | INFO | Built 993 samples from 333 stones
16:34:28 | INFO | Test holdout: 67 stones (39 pure / 28 mixed, 200 images). Train+val pool: 266 stones (793 images).
16:34:28 | INFO |   Fold 0: train=212 stones (125 pure / 87 mixed, 634 images), val=54 stones (32 pure / 22 mixed, 159 images)
16:34:28 | INFO |   Fold 1: train=213 stones (126 pure / 87 mixed, 635 images), val=53 stones (31 pure / 22 mixed, 158 images)
16:34:28 | INFO |   Fold 2: train=213 stones (126 pure / 87 mixed, 634 images), val=53 stones (31 pure / 22 mixed, 159 images)
16:34:28 | INFO |   Fold 3: train=213 stones (126 pure / 87 mixed, 635 images), val=53 stones (31 pure / 22 mixed, 158 images)
16:34:28 | INFO |   Fold 4: train=213 stones (125 pure / 88 mixed, 634 images), val=53 stones (32 pure / 21 mixed, 159 images)
16:34:28 | INFO | Config snapshot saved to /gpfs/home3/ddboer/umc_thesis/outputs/checkpoints_t90/config_snapshot.yaml
16:34:28 | INFO | Built resnet18 (11,177,538 params total). Pretrained weights: IMAGENET1K_V1
16:34:28 | INFO | Fold 0 — Phase 1: frozen backbone, 5 epochs
16:34:28 | INFO |   Trainable params: 1,026
16:35:19 | INFO |   [frozen] epoch 1/5 | train_loss=0.8058 | val_loss=0.7504 | val_stone_acc=0.426 | val_stone_f1=0.551 | 50s
16:36:09 | INFO |   [frozen] epoch 2/5 | train_loss=0.7904 | val_loss=0.6841 | val_stone_acc=0.630 | val_stone_f1=0.524 | 50s
16:36:59 | INFO |   [frozen] epoch 3/5 | train_loss=0.7578 | val_loss=0.6731 | val_stone_acc=0.574 | val_stone_f1=0.000 | 50s
16:37:49 | INFO |   [frozen] epoch 4/5 | train_loss=0.7349 | val_loss=0.6650 | val_stone_acc=0.611 | val_stone_f1=0.400 | 50s
16:38:39 | INFO |   [frozen] epoch 5/5 | train_loss=0.7388 | val_loss=0.6715 | val_stone_acc=0.611 | val_stone_f1=0.488 | 50s
16:38:39 | INFO |   Trainable params: 11,177,538
16:39:29 | INFO |   [finetune] epoch 1/20 | train_loss=0.7097 | val_loss=0.6670 | val_stone_acc=0.556 | val_stone_f1=0.250 | 50s
16:40:20 | INFO |   [finetune] epoch 2/20 | train_loss=0.6849 | val_loss=0.6700 | val_stone_acc=0.611 | val_stone_f1=0.488 | 50s
16:41:10 | INFO |   [finetune] epoch 3/20 | train_loss=0.6959 | val_loss=0.6974 | val_stone_acc=0.519 | val_stone_f1=0.480 | 50s
16:42:00 | INFO |   [finetune] epoch 4/20 | train_loss=0.6754 | val_loss=0.6816 | val_stone_acc=0.574 | val_stone_f1=0.343 | 50s
16:42:50 | INFO |   [finetune] epoch 5/20 | train_loss=0.6909 | val_loss=0.6923 | val_stone_acc=0.593 | val_stone_f1=0.267 | 50s
16:43:40 | INFO |   [finetune] epoch 6/20 | train_loss=0.6516 | val_loss=0.6859 | val_stone_acc=0.593 | val_stone_f1=0.353 | 50s
16:43:40 | INFO |   Early stopping (no improvement for 5 epochs)
16:43:40 | INFO | Fold 0 done. Best val_loss=0.6670 at epoch 5
16:43:40 | INFO | Built resnet18 (11,177,538 params total). Pretrained weights: IMAGENET1K_V1
16:43:40 | INFO | Fold 1 — Phase 1: frozen backbone, 5 epochs
16:43:40 | INFO |   Trainable params: 1,026
16:44:30 | INFO |   [frozen] epoch 1/5 | train_loss=0.8026 | val_loss=0.7238 | val_stone_acc=0.434 | val_stone_f1=0.318 | 50s
16:45:20 | INFO |   [frozen] epoch 2/5 | train_loss=0.7462 | val_loss=0.7338 | val_stone_acc=0.453 | val_stone_f1=0.326 | 49s
16:46:09 | INFO |   [frozen] epoch 3/5 | train_loss=0.7478 | val_loss=0.7313 | val_stone_acc=0.453 | val_stone_f1=0.453 | 49s
16:46:58 | INFO |   [frozen] epoch 4/5 | train_loss=0.7370 | val_loss=0.7214 | val_stone_acc=0.604 | val_stone_f1=0.087 | 50s
16:47:48 | INFO |   [frozen] epoch 5/5 | train_loss=0.7310 | val_loss=0.7285 | val_stone_acc=0.509 | val_stone_f1=0.552 | 50s
16:47:48 | INFO |   Trainable params: 11,177,538
16:48:38 | INFO |   [finetune] epoch 1/20 | train_loss=0.7624 | val_loss=0.6818 | val_stone_acc=0.604 | val_stone_f1=0.432 | 50s
16:49:27 | INFO |   [finetune] epoch 2/20 | train_loss=0.7019 | val_loss=0.6763 | val_stone_acc=0.642 | val_stone_f1=0.558 | 49s
16:50:17 | INFO |   [finetune] epoch 3/20 | train_loss=0.7164 | val_loss=0.6881 | val_stone_acc=0.585 | val_stone_f1=0.000 | 49s
16:51:06 | INFO |   [finetune] epoch 4/20 | train_loss=0.6974 | val_loss=0.6401 | val_stone_acc=0.623 | val_stone_f1=0.474 | 49s
16:51:55 | INFO |   [finetune] epoch 5/20 | train_loss=0.6716 | val_loss=0.6500 | val_stone_acc=0.623 | val_stone_f1=0.231 | 49s
16:52:45 | INFO |   [finetune] epoch 6/20 | train_loss=0.6604 | val_loss=0.6453 | val_stone_acc=0.642 | val_stone_f1=0.296 | 49s
16:53:34 | INFO |   [finetune] epoch 7/20 | train_loss=0.6401 | val_loss=0.6419 | val_stone_acc=0.642 | val_stone_f1=0.345 | 49s
16:54:23 | INFO |   [finetune] epoch 8/20 | train_loss=0.6438 | val_loss=0.6530 | val_stone_acc=0.623 | val_stone_f1=0.231 | 49s
16:55:13 | INFO |   [finetune] epoch 9/20 | train_loss=0.6543 | val_loss=0.6301 | val_stone_acc=0.642 | val_stone_f1=0.387 | 49s
16:56:02 | INFO |   [finetune] epoch 10/20 | train_loss=0.6015 | val_loss=0.6410 | val_stone_acc=0.660 | val_stone_f1=0.400 | 49s
16:56:51 | INFO |   [finetune] epoch 11/20 | train_loss=0.6074 | val_loss=0.6158 | val_stone_acc=0.660 | val_stone_f1=0.526 | 49s
16:57:41 | INFO |   [finetune] epoch 12/20 | train_loss=0.6170 | val_loss=0.6240 | val_stone_acc=0.679 | val_stone_f1=0.452 | 49s
16:58:30 | INFO |   [finetune] epoch 13/20 | train_loss=0.5788 | val_loss=0.6136 | val_stone_acc=0.679 | val_stone_f1=0.514 | 49s
16:59:20 | INFO |   [finetune] epoch 14/20 | train_loss=0.5767 | val_loss=0.6120 | val_stone_acc=0.642 | val_stone_f1=0.486 | 50s
17:00:09 | INFO |   [finetune] epoch 15/20 | train_loss=0.5757 | val_loss=0.6108 | val_stone_acc=0.660 | val_stone_f1=0.500 | 49s
17:00:59 | INFO |   [finetune] epoch 16/20 | train_loss=0.5684 | val_loss=0.5983 | val_stone_acc=0.679 | val_stone_f1=0.564 | 49s
17:01:48 | INFO |   [finetune] epoch 17/20 | train_loss=0.5750 | val_loss=0.6034 | val_stone_acc=0.660 | val_stone_f1=0.500 | 49s
17:02:37 | INFO |   [finetune] epoch 18/20 | train_loss=0.5996 | val_loss=0.6035 | val_stone_acc=0.717 | val_stone_f1=0.667 | 49s
17:03:27 | INFO |   [finetune] epoch 19/20 | train_loss=0.5925 | val_loss=0.6160 | val_stone_acc=0.679 | val_stone_f1=0.452 | 49s
17:04:16 | INFO |   [finetune] epoch 20/20 | train_loss=0.5598 | val_loss=0.5951 | val_stone_acc=0.660 | val_stone_f1=0.500 | 49s
17:04:16 | INFO | Fold 1 done. Best val_loss=0.5951 at epoch 24
17:04:16 | INFO | Built resnet18 (11,177,538 params total). Pretrained weights: IMAGENET1K_V1
17:04:16 | INFO | Fold 2 — Phase 1: frozen backbone, 5 epochs
17:04:16 | INFO |   Trainable params: 1,026
17:05:06 | INFO |   [frozen] epoch 1/5 | train_loss=0.8191 | val_loss=0.6656 | val_stone_acc=0.604 | val_stone_f1=0.087 | 50s
17:05:56 | INFO |   [frozen] epoch 2/5 | train_loss=0.7275 | val_loss=0.6448 | val_stone_acc=0.698 | val_stone_f1=0.600 | 49s
17:06:45 | INFO |   [frozen] epoch 3/5 | train_loss=0.7337 | val_loss=0.6623 | val_stone_acc=0.623 | val_stone_f1=0.167 | 49s
17:07:34 | INFO |   [frozen] epoch 4/5 | train_loss=0.7249 | val_loss=0.6461 | val_stone_acc=0.717 | val_stone_f1=0.615 | 49s
17:08:23 | INFO |   [frozen] epoch 5/5 | train_loss=0.7252 | val_loss=0.6483 | val_stone_acc=0.642 | val_stone_f1=0.240 | 49s
17:08:23 | INFO |   Trainable params: 11,177,538
17:09:13 | INFO |   [finetune] epoch 1/20 | train_loss=0.7234 | val_loss=0.6355 | val_stone_acc=0.755 | val_stone_f1=0.649 | 50s
17:10:03 | INFO |   [finetune] epoch 2/20 | train_loss=0.6927 | val_loss=0.6338 | val_stone_acc=0.736 | val_stone_f1=0.562 | 50s
17:10:53 | INFO |   [finetune] epoch 3/20 | train_loss=0.6788 | val_loss=0.6440 | val_stone_acc=0.698 | val_stone_f1=0.429 | 50s
17:11:43 | INFO |   [finetune] epoch 4/20 | train_loss=0.6333 | val_loss=0.6391 | val_stone_acc=0.698 | val_stone_f1=0.556 | 50s
17:12:33 | INFO |   [finetune] epoch 5/20 | train_loss=0.6810 | val_loss=0.6425 | val_stone_acc=0.717 | val_stone_f1=0.571 | 49s
17:13:22 | INFO |   [finetune] epoch 6/20 | train_loss=0.6136 | val_loss=0.6495 | val_stone_acc=0.717 | val_stone_f1=0.545 | 50s
17:14:12 | INFO |   [finetune] epoch 7/20 | train_loss=0.6008 | val_loss=0.6519 | val_stone_acc=0.660 | val_stone_f1=0.571 | 49s
17:14:12 | INFO |   Early stopping (no improvement for 5 epochs)
17:14:12 | INFO | Fold 2 done. Best val_loss=0.6338 at epoch 6
17:14:12 | INFO | Built resnet18 (11,177,538 params total). Pretrained weights: IMAGENET1K_V1
17:14:12 | INFO | Fold 3 — Phase 1: frozen backbone, 5 epochs
17:14:12 | INFO |   Trainable params: 1,026
17:15:02 | INFO |   [frozen] epoch 1/5 | train_loss=0.8040 | val_loss=0.6915 | val_stone_acc=0.509 | val_stone_f1=0.235 | 50s
17:15:52 | INFO |   [frozen] epoch 2/5 | train_loss=0.7659 | val_loss=0.7913 | val_stone_acc=0.585 | val_stone_f1=0.000 | 50s
17:16:41 | INFO |   [frozen] epoch 3/5 | train_loss=0.7518 | val_loss=0.7312 | val_stone_acc=0.491 | val_stone_f1=0.129 | 49s
17:17:30 | INFO |   [frozen] epoch 4/5 | train_loss=0.7804 | val_loss=0.7463 | val_stone_acc=0.585 | val_stone_f1=0.083 | 49s
17:18:20 | INFO |   [frozen] epoch 5/5 | train_loss=0.7272 | val_loss=0.7713 | val_stone_acc=0.604 | val_stone_f1=0.087 | 49s
17:18:20 | INFO |   Trainable params: 11,177,538
17:19:09 | INFO |   [finetune] epoch 1/20 | train_loss=0.7159 | val_loss=0.7356 | val_stone_acc=0.509 | val_stone_f1=0.133 | 49s
17:19:58 | INFO |   [finetune] epoch 2/20 | train_loss=0.6921 | val_loss=0.7366 | val_stone_acc=0.509 | val_stone_f1=0.133 | 49s
17:20:47 | INFO |   [finetune] epoch 3/20 | train_loss=0.6729 | val_loss=0.7351 | val_stone_acc=0.547 | val_stone_f1=0.478 | 49s
17:21:37 | INFO |   [finetune] epoch 4/20 | train_loss=0.6746 | val_loss=0.7485 | val_stone_acc=0.585 | val_stone_f1=0.083 | 49s
17:22:26 | INFO |   [finetune] epoch 5/20 | train_loss=0.6434 | val_loss=0.7242 | val_stone_acc=0.566 | val_stone_f1=0.378 | 49s
17:23:14 | INFO |   [finetune] epoch 6/20 | train_loss=0.6482 | val_loss=0.7575 | val_stone_acc=0.585 | val_stone_f1=0.083 | 49s
17:24:04 | INFO |   [finetune] epoch 7/20 | train_loss=0.6246 | val_loss=0.7266 | val_stone_acc=0.623 | val_stone_f1=0.333 | 49s
17:24:53 | INFO |   [finetune] epoch 8/20 | train_loss=0.6130 | val_loss=0.7634 | val_stone_acc=0.604 | val_stone_f1=0.160 | 49s
17:25:42 | INFO |   [finetune] epoch 9/20 | train_loss=0.6207 | val_loss=0.7130 | val_stone_acc=0.604 | val_stone_f1=0.364 | 49s
17:26:31 | INFO |   [finetune] epoch 10/20 | train_loss=0.6097 | val_loss=0.7191 | val_stone_acc=0.604 | val_stone_f1=0.364 | 49s
17:27:20 | INFO |   [finetune] epoch 11/20 | train_loss=0.5833 | val_loss=0.7191 | val_stone_acc=0.604 | val_stone_f1=0.364 | 49s
17:28:09 | INFO |   [finetune] epoch 12/20 | train_loss=0.5831 | val_loss=0.7598 | val_stone_acc=0.585 | val_stone_f1=0.154 | 49s
17:28:58 | INFO |   [finetune] epoch 13/20 | train_loss=0.5794 | val_loss=0.7261 | val_stone_acc=0.604 | val_stone_f1=0.364 | 49s
17:29:47 | INFO |   [finetune] epoch 14/20 | train_loss=0.5756 | val_loss=0.7385 | val_stone_acc=0.604 | val_stone_f1=0.323 | 49s
17:29:47 | INFO |   Early stopping (no improvement for 5 epochs)
17:29:47 | INFO | Fold 3 done. Best val_loss=0.7130 at epoch 13
17:29:47 | INFO | Built resnet18 (11,177,538 params total). Pretrained weights: IMAGENET1K_V1
17:29:47 | INFO | Fold 4 — Phase 1: frozen backbone, 5 epochs
17:29:47 | INFO |   Trainable params: 1,026
17:30:36 | INFO |   [frozen] epoch 1/5 | train_loss=0.8187 | val_loss=0.7880 | val_stone_acc=0.415 | val_stone_f1=0.575 | 49s
17:31:25 | INFO |   [frozen] epoch 2/5 | train_loss=0.8082 | val_loss=0.6939 | val_stone_acc=0.585 | val_stone_f1=0.083 | 49s
17:32:14 | INFO |   [frozen] epoch 3/5 | train_loss=0.7597 | val_loss=0.6977 | val_stone_acc=0.528 | val_stone_f1=0.444 | 49s
17:33:03 | INFO |   [frozen] epoch 4/5 | train_loss=0.7274 | val_loss=0.6773 | val_stone_acc=0.585 | val_stone_f1=0.083 | 49s
17:33:52 | INFO |   [frozen] epoch 5/5 | train_loss=0.7276 | val_loss=0.6635 | val_stone_acc=0.642 | val_stone_f1=0.424 | 49s
17:33:52 | INFO |   Trainable params: 11,177,538
17:34:41 | INFO |   [finetune] epoch 1/20 | train_loss=0.7041 | val_loss=0.6605 | val_stone_acc=0.604 | val_stone_f1=0.222 | 49s
17:35:31 | INFO |   [finetune] epoch 2/20 | train_loss=0.7006 | val_loss=0.6716 | val_stone_acc=0.642 | val_stone_f1=0.174 | 49s
17:36:20 | INFO |   [finetune] epoch 3/20 | train_loss=0.7054 | val_loss=0.6524 | val_stone_acc=0.566 | val_stone_f1=0.378 | 49s
17:37:09 | INFO |   [finetune] epoch 4/20 | train_loss=0.6630 | val_loss=0.6526 | val_stone_acc=0.623 | val_stone_f1=0.286 | 49s
17:37:58 | INFO |   [finetune] epoch 5/20 | train_loss=0.6513 | val_loss=0.6567 | val_stone_acc=0.585 | val_stone_f1=0.421 | 49s
17:38:47 | INFO |   [finetune] epoch 6/20 | train_loss=0.6422 | val_loss=0.6553 | val_stone_acc=0.623 | val_stone_f1=0.333 | 49s
17:39:37 | INFO |   [finetune] epoch 7/20 | train_loss=0.6500 | val_loss=0.6528 | val_stone_acc=0.585 | val_stone_f1=0.312 | 49s
17:40:27 | INFO |   [finetune] epoch 8/20 | train_loss=0.6131 | val_loss=0.6526 | val_stone_acc=0.585 | val_stone_f1=0.389 | 50s
17:40:27 | INFO |   Early stopping (no improvement for 5 epochs)
17:40:27 | INFO | Fold 4 done. Best val_loss=0.6524 at epoch 7
17:40:27 | INFO | Cross-fold summary:
17:40:27 | INFO | === Held-out test set evaluation ===
17:40:27 | INFO | Built resnet18 (11,177,538 params total). Pretrained weights: IMAGENET1K_V1
17:40:44 | INFO |   Fold 0 test: stone_acc=0.597 | stone_f1=0.308 | stone_roc_auc=0.701
17:40:44 | INFO | Built resnet18 (11,177,538 params total). Pretrained weights: IMAGENET1K_V1
17:41:01 | INFO |   Fold 1 test: stone_acc=0.657 | stone_f1=0.511 | stone_roc_auc=0.682
17:41:02 | INFO | Built resnet18 (11,177,538 params total). Pretrained weights: IMAGENET1K_V1
17:41:18 | INFO |   Fold 2 test: stone_acc=0.627 | stone_f1=0.468 | stone_roc_auc=0.673
17:41:19 | INFO | Built resnet18 (11,177,538 params total). Pretrained weights: IMAGENET1K_V1
17:41:35 | INFO |   Fold 3 test: stone_acc=0.597 | stone_f1=0.449 | stone_roc_auc=0.589
17:41:36 | INFO | Built resnet18 (11,177,538 params total). Pretrained weights: IMAGENET1K_V1
17:41:52 | INFO |   Fold 4 test: stone_acc=0.612 | stone_f1=0.235 | stone_roc_auc=0.612
17:41:52 | INFO | Test set summary (mean ± std across folds):
17:41:52 | INFO |   stone_accuracy: 0.618 ± 0.025
17:41:52 | INFO |   stone_f1: 0.394 ± 0.117
17:41:52 | INFO |   stone_roc_auc: 0.651 ± 0.048
17:41:57 | INFO | Device: cuda
17:41:57 | INFO | cuDNN benchmark enabled
17:41:58 | INFO | Recomputed labels at 100.0% threshold: 402 pure / 597 mixed (333 stones)
17:41:58 | WARNING | Skipped 6 rows whose image files are missing
17:41:58 | INFO | Built 993 samples from 333 stones
17:41:58 | INFO | Test holdout: 67 stones (27 pure / 40 mixed, 201 images). Train+val pool: 266 stones (792 images).
17:41:58 | INFO | --random-labels: stone-level labels have been shuffled (baseline mode)
17:41:58 | INFO |   Fold 0: train=212 stones (85 pure / 127 mixed, 632 images), val=54 stones (22 pure / 32 mixed, 160 images)
17:41:58 | INFO |   Fold 1: train=213 stones (85 pure / 128 mixed, 636 images), val=53 stones (22 pure / 31 mixed, 156 images)
17:41:58 | INFO |   Fold 2: train=213 stones (86 pure / 127 mixed, 634 images), val=53 stones (21 pure / 32 mixed, 158 images)
17:41:58 | INFO |   Fold 3: train=213 stones (86 pure / 127 mixed, 633 images), val=53 stones (21 pure / 32 mixed, 159 images)
17:41:58 | INFO |   Fold 4: train=213 stones (86 pure / 127 mixed, 633 images), val=53 stones (21 pure / 32 mixed, 159 images)
17:41:58 | INFO | Config snapshot saved to /gpfs/home3/ddboer/umc_thesis/outputs/checkpoints_random/config_snapshot.yaml
17:41:59 | INFO | Built resnet18 (11,177,538 params total). Pretrained weights: IMAGENET1K_V1
17:41:59 | INFO | Fold 0 — Phase 1: frozen backbone, 5 epochs
17:41:59 | INFO |   Trainable params: 1,026
17:42:49 | INFO |   [frozen] epoch 1/5 | train_loss=0.7601 | val_loss=0.7840 | val_stone_acc=0.593 | val_stone_f1=0.744 | 51s
17:43:39 | INFO |   [frozen] epoch 2/5 | train_loss=0.7387 | val_loss=0.6859 | val_stone_acc=0.593 | val_stone_f1=0.738 | 50s
17:44:29 | INFO |   [frozen] epoch 3/5 | train_loss=0.7610 | val_loss=0.7331 | val_stone_acc=0.593 | val_stone_f1=0.744 | 50s
17:45:20 | INFO |   [frozen] epoch 4/5 | train_loss=0.7387 | val_loss=0.6956 | val_stone_acc=0.574 | val_stone_f1=0.701 | 50s
17:46:10 | INFO |   [frozen] epoch 5/5 | train_loss=0.7400 | val_loss=0.7221 | val_stone_acc=0.593 | val_stone_f1=0.744 | 50s
17:46:10 | INFO |   Trainable params: 11,177,538
17:47:00 | INFO |   [finetune] epoch 1/20 | train_loss=0.7330 | val_loss=0.7381 | val_stone_acc=0.593 | val_stone_f1=0.744 | 50s
17:47:50 | INFO |   [finetune] epoch 2/20 | train_loss=0.7319 | val_loss=0.7145 | val_stone_acc=0.593 | val_stone_f1=0.725 | 50s
17:48:41 | INFO |   [finetune] epoch 3/20 | train_loss=0.7009 | val_loss=0.7160 | val_stone_acc=0.519 | val_stone_f1=0.618 | 50s
17:49:31 | INFO |   [finetune] epoch 4/20 | train_loss=0.7038 | val_loss=0.7194 | val_stone_acc=0.519 | val_stone_f1=0.629 | 50s
17:50:21 | INFO |   [finetune] epoch 5/20 | train_loss=0.7062 | val_loss=0.7149 | val_stone_acc=0.519 | val_stone_f1=0.629 | 50s
17:51:11 | INFO |   [finetune] epoch 6/20 | train_loss=0.6814 | val_loss=0.7150 | val_stone_acc=0.556 | val_stone_f1=0.684 | 50s
17:52:02 | INFO |   [finetune] epoch 7/20 | train_loss=0.6919 | val_loss=0.7209 | val_stone_acc=0.519 | val_stone_f1=0.606 | 50s
17:52:02 | INFO |   Early stopping (no improvement for 5 epochs)
17:52:02 | INFO | Fold 0 done. Best val_loss=0.7145 at epoch 6
17:52:02 | INFO | Built resnet18 (11,177,538 params total). Pretrained weights: IMAGENET1K_V1
17:52:02 | INFO | Fold 1 — Phase 1: frozen backbone, 5 epochs
17:52:02 | INFO |   Trainable params: 1,026
17:52:53 | INFO |   [frozen] epoch 1/5 | train_loss=0.8222 | val_loss=0.7309 | val_stone_acc=0.491 | val_stone_f1=0.658 | 51s
17:53:43 | INFO |   [frozen] epoch 2/5 | train_loss=0.7912 | val_loss=0.7500 | val_stone_acc=0.585 | val_stone_f1=0.732 | 50s
17:54:33 | INFO |   [frozen] epoch 3/5 | train_loss=0.8022 | val_loss=0.7415 | val_stone_acc=0.528 | val_stone_f1=0.684 | 50s
17:55:23 | INFO |   [frozen] epoch 4/5 | train_loss=0.7525 | val_loss=0.7275 | val_stone_acc=0.528 | val_stone_f1=0.667 | 50s
17:56:14 | INFO |   [frozen] epoch 5/5 | train_loss=0.7419 | val_loss=0.7545 | val_stone_acc=0.585 | val_stone_f1=0.738 | 50s
17:56:14 | INFO |   Trainable params: 11,177,538
17:57:04 | INFO |   [finetune] epoch 1/20 | train_loss=0.7632 | val_loss=0.7335 | val_stone_acc=0.566 | val_stone_f1=0.723 | 50s
17:57:54 | INFO |   [finetune] epoch 2/20 | train_loss=0.7196 | val_loss=0.7370 | val_stone_acc=0.585 | val_stone_f1=0.732 | 50s
17:58:44 | INFO |   [finetune] epoch 3/20 | train_loss=0.7233 | val_loss=0.7144 | val_stone_acc=0.585 | val_stone_f1=0.656 | 50s
17:59:34 | INFO |   [finetune] epoch 4/20 | train_loss=0.6950 | val_loss=0.7152 | val_stone_acc=0.585 | val_stone_f1=0.711 | 50s
18:00:24 | INFO |   [finetune] epoch 5/20 | train_loss=0.7057 | val_loss=0.7185 | val_stone_acc=0.528 | val_stone_f1=0.667 | 50s
18:01:15 | INFO |   [finetune] epoch 6/20 | train_loss=0.7187 | val_loss=0.7221 | val_stone_acc=0.528 | val_stone_f1=0.648 | 50s
18:02:05 | INFO |   [finetune] epoch 7/20 | train_loss=0.6886 | val_loss=0.7408 | val_stone_acc=0.585 | val_stone_f1=0.732 | 50s
18:02:55 | INFO |   [finetune] epoch 8/20 | train_loss=0.6798 | val_loss=0.7201 | val_stone_acc=0.547 | val_stone_f1=0.676 | 50s
18:02:55 | INFO |   Early stopping (no improvement for 5 epochs)
18:02:55 | INFO | Fold 1 done. Best val_loss=0.7144 at epoch 7
18:02:55 | INFO | Built resnet18 (11,177,538 params total). Pretrained weights: IMAGENET1K_V1
18:02:55 | INFO | Fold 2 — Phase 1: frozen backbone, 5 epochs
18:02:55 | INFO |   Trainable params: 1,026
18:03:47 | INFO |   [frozen] epoch 1/5 | train_loss=0.8255 | val_loss=0.7524 | val_stone_acc=0.453 | val_stone_f1=0.171 | 51s
18:04:38 | INFO |   [frozen] epoch 2/5 | train_loss=0.7754 | val_loss=0.6489 | val_stone_acc=0.698 | val_stone_f1=0.800 | 51s
18:05:28 | INFO |   [frozen] epoch 3/5 | train_loss=0.7697 | val_loss=0.6502 | val_stone_acc=0.660 | val_stone_f1=0.780 | 50s
18:06:18 | INFO |   [frozen] epoch 4/5 | train_loss=0.7532 | val_loss=0.6539 | val_stone_acc=0.660 | val_stone_f1=0.780 | 50s
18:07:08 | INFO |   [frozen] epoch 5/5 | train_loss=0.7214 | val_loss=0.6663 | val_stone_acc=0.585 | val_stone_f1=0.686 | 50s
18:07:08 | INFO |   Trainable params: 11,177,538
18:07:59 | INFO |   [finetune] epoch 1/20 | train_loss=0.7631 | val_loss=0.6560 | val_stone_acc=0.660 | val_stone_f1=0.769 | 51s
18:08:50 | INFO |   [finetune] epoch 2/20 | train_loss=0.7169 | val_loss=0.6675 | val_stone_acc=0.585 | val_stone_f1=0.667 | 51s
18:09:41 | INFO |   [finetune] epoch 3/20 | train_loss=0.7509 | val_loss=0.6566 | val_stone_acc=0.623 | val_stone_f1=0.756 | 51s
18:10:33 | INFO |   [finetune] epoch 4/20 | train_loss=0.6930 | val_loss=0.6735 | val_stone_acc=0.642 | val_stone_f1=0.708 | 51s
18:11:24 | INFO |   [finetune] epoch 5/20 | train_loss=0.6580 | val_loss=0.6666 | val_stone_acc=0.660 | val_stone_f1=0.757 | 51s
18:12:16 | INFO |   [finetune] epoch 6/20 | train_loss=0.6868 | val_loss=0.6676 | val_stone_acc=0.660 | val_stone_f1=0.757 | 51s
18:12:16 | INFO |   Early stopping (no improvement for 5 epochs)
18:12:16 | INFO | Fold 2 done. Best val_loss=0.6560 at epoch 5
18:12:16 | INFO | Built resnet18 (11,177,538 params total). Pretrained weights: IMAGENET1K_V1
18:12:16 | INFO | Fold 3 — Phase 1: frozen backbone, 5 epochs
18:12:16 | INFO |   Trainable params: 1,026
18:13:07 | INFO |   [frozen] epoch 1/5 | train_loss=0.8050 | val_loss=0.7058 | val_stone_acc=0.604 | val_stone_f1=0.753 | 51s
18:13:57 | INFO |   [frozen] epoch 2/5 | train_loss=0.7969 | val_loss=0.6856 | val_stone_acc=0.547 | val_stone_f1=0.700 | 50s
18:14:48 | INFO |   [frozen] epoch 3/5 | train_loss=0.7608 | val_loss=0.7076 | val_stone_acc=0.528 | val_stone_f1=0.561 | 51s
18:15:39 | INFO |   [frozen] epoch 4/5 | train_loss=0.7576 | val_loss=0.6884 | val_stone_acc=0.566 | val_stone_f1=0.709 | 51s
18:16:30 | INFO |   [frozen] epoch 5/5 | train_loss=0.7350 | val_loss=0.6885 | val_stone_acc=0.566 | val_stone_f1=0.693 | 51s
18:16:30 | INFO |   Trainable params: 11,177,538
18:17:20 | INFO |   [finetune] epoch 1/20 | train_loss=0.7708 | val_loss=0.6920 | val_stone_acc=0.623 | val_stone_f1=0.756 | 51s
18:18:11 | INFO |   [finetune] epoch 2/20 | train_loss=0.7157 | val_loss=0.7375 | val_stone_acc=0.491 | val_stone_f1=0.471 | 50s
18:19:01 | INFO |   [finetune] epoch 3/20 | train_loss=0.6980 | val_loss=0.7267 | val_stone_acc=0.509 | val_stone_f1=0.536 | 50s
18:19:51 | INFO |   [finetune] epoch 4/20 | train_loss=0.7449 | val_loss=0.6972 | val_stone_acc=0.585 | val_stone_f1=0.694 | 50s
18:20:41 | INFO |   [finetune] epoch 5/20 | train_loss=0.7019 | val_loss=0.7455 | val_stone_acc=0.491 | val_stone_f1=0.491 | 50s
18:21:31 | INFO |   [finetune] epoch 6/20 | train_loss=0.7100 | val_loss=0.7081 | val_stone_acc=0.585 | val_stone_f1=0.694 | 50s
18:21:31 | INFO |   Early stopping (no improvement for 5 epochs)
18:21:31 | INFO | Fold 3 done. Best val_loss=0.6920 at epoch 5
18:21:31 | INFO | Built resnet18 (11,177,538 params total). Pretrained weights: IMAGENET1K_V1
18:21:31 | INFO | Fold 4 — Phase 1: frozen backbone, 5 epochs
18:21:31 | INFO |   Trainable params: 1,026
18:22:21 | INFO |   [frozen] epoch 1/5 | train_loss=0.7799 | val_loss=0.6417 | val_stone_acc=0.642 | val_stone_f1=0.759 | 50s
18:23:11 | INFO |   [frozen] epoch 2/5 | train_loss=0.7556 | val_loss=0.6333 | val_stone_acc=0.642 | val_stone_f1=0.708 | 50s
18:24:01 | INFO |   [frozen] epoch 3/5 | train_loss=0.7206 | val_loss=0.6352 | val_stone_acc=0.623 | val_stone_f1=0.762 | 50s
18:24:50 | INFO |   [frozen] epoch 4/5 | train_loss=0.7166 | val_loss=0.6578 | val_stone_acc=0.604 | val_stone_f1=0.667 | 50s
18:25:40 | INFO |   [frozen] epoch 5/5 | train_loss=0.7320 | val_loss=0.6653 | val_stone_acc=0.604 | val_stone_f1=0.753 | 50s
18:25:40 | INFO |   Trainable params: 11,177,538
18:26:29 | INFO |   [finetune] epoch 1/20 | train_loss=0.7578 | val_loss=0.7198 | val_stone_acc=0.604 | val_stone_f1=0.753 | 49s
18:27:18 | INFO |   [finetune] epoch 2/20 | train_loss=0.6996 | val_loss=0.6758 | val_stone_acc=0.547 | val_stone_f1=0.667 | 49s
18:28:08 | INFO |   [finetune] epoch 3/20 | train_loss=0.7117 | val_loss=0.6826 | val_stone_acc=0.547 | val_stone_f1=0.667 | 49s
18:28:57 | INFO |   [finetune] epoch 4/20 | train_loss=0.7120 | val_loss=0.7074 | val_stone_acc=0.585 | val_stone_f1=0.738 | 49s
18:29:46 | INFO |   [finetune] epoch 5/20 | train_loss=0.7049 | val_loss=0.7262 | val_stone_acc=0.509 | val_stone_f1=0.594 | 49s
18:30:36 | INFO |   [finetune] epoch 6/20 | train_loss=0.6763 | val_loss=0.7168 | val_stone_acc=0.585 | val_stone_f1=0.732 | 49s
18:31:25 | INFO |   [finetune] epoch 7/20 | train_loss=0.6827 | val_loss=0.7145 | val_stone_acc=0.547 | val_stone_f1=0.667 | 49s
18:31:25 | INFO |   Early stopping (no improvement for 5 epochs)
18:31:25 | INFO | Fold 4 done. Best val_loss=0.6758 at epoch 6
18:31:25 | INFO | Cross-fold summary:
18:31:25 | INFO | === Held-out test set evaluation ===
18:31:25 | INFO | Built resnet18 (11,177,538 params total). Pretrained weights: IMAGENET1K_V1
18:31:43 | INFO |   Fold 0 test: stone_acc=0.597 | stone_f1=0.738 | stone_roc_auc=0.615
18:31:43 | INFO | Built resnet18 (11,177,538 params total). Pretrained weights: IMAGENET1K_V1
18:32:00 | INFO |   Fold 1 test: stone_acc=0.582 | stone_f1=0.622 | stone_roc_auc=0.576
18:32:00 | INFO | Built resnet18 (11,177,538 params total). Pretrained weights: IMAGENET1K_V1
18:32:17 | INFO |   Fold 2 test: stone_acc=0.657 | stone_f1=0.777 | stone_roc_auc=0.652
18:32:17 | INFO | Built resnet18 (11,177,538 params total). Pretrained weights: IMAGENET1K_V1
18:32:34 | INFO |   Fold 3 test: stone_acc=0.627 | stone_f1=0.762 | stone_roc_auc=0.548
18:32:35 | INFO | Built resnet18 (11,177,538 params total). Pretrained weights: IMAGENET1K_V1
18:32:52 | INFO |   Fold 4 test: stone_acc=0.627 | stone_f1=0.747 | stone_roc_auc=0.691
18:32:52 | INFO | Test set summary (mean ± std across folds):
18:32:52 | INFO |   stone_accuracy: 0.618 ± 0.029
18:32:52 | INFO |   stone_f1: 0.729 ± 0.062
18:32:52 | INFO |   stone_roc_auc: 0.616 ± 0.057
