22:46:37 | INFO | Device: cuda
22:46:37 | INFO | cuDNN benchmark enabled
22:46:40 | INFO | Skipped 21 rows with no composition data
22:46:40 | INFO | Recomputed labels at 100.0% threshold: 546 pure / 696 mixed (414 stones)
22:46:40 | WARNING | Skipped 2 rows whose image files are missing
22:46:40 | INFO | Built 1240 samples from 414 stones
22:46:40 | INFO | Test holdout: 83 stones (36 pure / 47 mixed, 249 images). Train+val pool: 331 stones (991 images).
22:46:40 | INFO |   Fold 0: train=264 stones (116 pure / 148 mixed, 790 images), val=67 stones (30 pure / 37 mixed, 201 images)
22:46:40 | INFO |   Fold 1: train=265 stones (117 pure / 148 mixed, 793 images), val=66 stones (29 pure / 37 mixed, 198 images)
22:46:40 | INFO |   Fold 2: train=265 stones (117 pure / 148 mixed, 794 images), val=66 stones (29 pure / 37 mixed, 197 images)
22:46:40 | INFO |   Fold 3: train=265 stones (117 pure / 148 mixed, 793 images), val=66 stones (29 pure / 37 mixed, 198 images)
22:46:40 | INFO |   Fold 4: train=265 stones (117 pure / 148 mixed, 794 images), val=66 stones (29 pure / 37 mixed, 197 images)
22:46:40 | INFO | Config snapshot saved to /gpfs/home3/ddboer/umc_thesis/outputs/checkpoints/binary/config_snapshot.yaml
22:46:40 | INFO | Built resnet18 (11,177,538 params total). Pretrained weights: IMAGENET1K_V1
22:46:41 | INFO | Fold 0 — Phase 1: frozen backbone, 5 epochs
22:46:41 | INFO |   Trainable params: 1,026
22:47:31 | INFO |   [frozen] epoch 1/5 | train_loss=0.7743 | val_loss=0.7381 | val_stone_acc=0.552 | val_stone_f1=0.712 | 51s
22:48:22 | INFO |   [frozen] epoch 2/5 | train_loss=0.7258 | val_loss=0.7263 | val_stone_acc=0.537 | val_stone_f1=0.523 | 50s
22:49:12 | INFO |   [frozen] epoch 3/5 | train_loss=0.7252 | val_loss=0.7210 | val_stone_acc=0.522 | val_stone_f1=0.644 | 50s
22:50:02 | INFO |   [frozen] epoch 4/5 | train_loss=0.6903 | val_loss=0.7093 | val_stone_acc=0.552 | val_stone_f1=0.643 | 50s
22:50:52 | INFO |   [frozen] epoch 5/5 | train_loss=0.6769 | val_loss=0.7104 | val_stone_acc=0.552 | val_stone_f1=0.605 | 50s
22:50:52 | INFO |   Trainable params: 11,177,538
22:51:43 | INFO |   [finetune] epoch 1/20 | train_loss=0.6673 | val_loss=0.7217 | val_stone_acc=0.597 | val_stone_f1=0.690 | 50s
22:52:33 | INFO |   [finetune] epoch 2/20 | train_loss=0.6343 | val_loss=0.7030 | val_stone_acc=0.612 | val_stone_f1=0.698 | 50s
22:53:24 | INFO |   [finetune] epoch 3/20 | train_loss=0.6271 | val_loss=0.7103 | val_stone_acc=0.507 | val_stone_f1=0.571 | 50s
22:54:14 | INFO |   [finetune] epoch 4/20 | train_loss=0.6405 | val_loss=0.7154 | val_stone_acc=0.537 | val_stone_f1=0.551 | 50s
22:55:05 | INFO |   [finetune] epoch 5/20 | train_loss=0.6144 | val_loss=0.7283 | val_stone_acc=0.582 | val_stone_f1=0.667 | 50s
22:55:55 | INFO |   [finetune] epoch 6/20 | train_loss=0.6154 | val_loss=0.7293 | val_stone_acc=0.597 | val_stone_f1=0.682 | 50s
22:56:45 | INFO |   [finetune] epoch 7/20 | train_loss=0.6013 | val_loss=0.7339 | val_stone_acc=0.552 | val_stone_f1=0.531 | 50s
22:56:45 | INFO |   Early stopping (no improvement for 5 epochs)
22:56:45 | INFO | Fold 0 done. Best val_loss=0.7030 at epoch 6
22:56:45 | INFO | Built resnet18 (11,177,538 params total). Pretrained weights: IMAGENET1K_V1
22:56:45 | INFO | Fold 1 — Phase 1: frozen backbone, 5 epochs
22:56:45 | INFO |   Trainable params: 1,026
22:57:36 | INFO |   [frozen] epoch 1/5 | train_loss=0.7999 | val_loss=0.6583 | val_stone_acc=0.621 | val_stone_f1=0.675 | 51s
22:58:26 | INFO |   [frozen] epoch 2/5 | train_loss=0.7448 | val_loss=0.6372 | val_stone_acc=0.652 | val_stone_f1=0.736 | 50s
22:59:17 | INFO |   [frozen] epoch 3/5 | train_loss=0.7582 | val_loss=0.6320 | val_stone_acc=0.667 | val_stone_f1=0.725 | 51s
23:00:09 | INFO |   [frozen] epoch 4/5 | train_loss=0.7063 | val_loss=0.6345 | val_stone_acc=0.667 | val_stone_f1=0.725 | 52s
23:01:01 | INFO |   [frozen] epoch 5/5 | train_loss=0.6901 | val_loss=0.6874 | val_stone_acc=0.530 | val_stone_f1=0.392 | 52s
23:01:01 | INFO |   Trainable params: 11,177,538
23:01:52 | INFO |   [finetune] epoch 1/20 | train_loss=0.6902 | val_loss=0.6411 | val_stone_acc=0.636 | val_stone_f1=0.739 | 51s
23:02:42 | INFO |   [finetune] epoch 2/20 | train_loss=0.7133 | val_loss=0.6479 | val_stone_acc=0.591 | val_stone_f1=0.585 | 51s
23:03:33 | INFO |   [finetune] epoch 3/20 | train_loss=0.6628 | val_loss=0.6436 | val_stone_acc=0.621 | val_stone_f1=0.684 | 51s
23:04:24 | INFO |   [finetune] epoch 4/20 | train_loss=0.6415 | val_loss=0.6478 | val_stone_acc=0.606 | val_stone_f1=0.658 | 51s
23:05:15 | INFO |   [finetune] epoch 5/20 | train_loss=0.6384 | val_loss=0.6450 | val_stone_acc=0.621 | val_stone_f1=0.648 | 51s
23:06:06 | INFO |   [finetune] epoch 6/20 | train_loss=0.6377 | val_loss=0.6612 | val_stone_acc=0.606 | val_stone_f1=0.567 | 51s
23:06:06 | INFO |   Early stopping (no improvement for 5 epochs)
23:06:06 | INFO | Fold 1 done. Best val_loss=0.6411 at epoch 5
23:06:06 | INFO | Built resnet18 (11,177,538 params total). Pretrained weights: IMAGENET1K_V1
23:06:06 | INFO | Fold 2 — Phase 1: frozen backbone, 5 epochs
23:06:06 | INFO |   Trainable params: 1,026
23:06:56 | INFO |   [frozen] epoch 1/5 | train_loss=0.8058 | val_loss=0.7636 | val_stone_acc=0.470 | val_stone_f1=0.340 | 50s
23:07:46 | INFO |   [frozen] epoch 2/5 | train_loss=0.7494 | val_loss=0.6929 | val_stone_acc=0.515 | val_stone_f1=0.579 | 50s
23:08:36 | INFO |   [frozen] epoch 3/5 | train_loss=0.7028 | val_loss=0.6978 | val_stone_acc=0.576 | val_stone_f1=0.611 | 50s
23:09:27 | INFO |   [frozen] epoch 4/5 | train_loss=0.6901 | val_loss=0.6916 | val_stone_acc=0.515 | val_stone_f1=0.579 | 50s
23:10:17 | INFO |   [frozen] epoch 5/5 | train_loss=0.6788 | val_loss=0.6835 | val_stone_acc=0.606 | val_stone_f1=0.649 | 50s
23:10:17 | INFO |   Trainable params: 11,177,538
23:11:08 | INFO |   [finetune] epoch 1/20 | train_loss=0.6998 | val_loss=0.6773 | val_stone_acc=0.591 | val_stone_f1=0.649 | 51s
23:11:58 | INFO |   [finetune] epoch 2/20 | train_loss=0.6475 | val_loss=0.6939 | val_stone_acc=0.576 | val_stone_f1=0.622 | 50s
23:12:48 | INFO |   [finetune] epoch 3/20 | train_loss=0.6517 | val_loss=0.6853 | val_stone_acc=0.576 | val_stone_f1=0.641 | 50s
23:13:38 | INFO |   [finetune] epoch 4/20 | train_loss=0.6443 | val_loss=0.6851 | val_stone_acc=0.561 | val_stone_f1=0.580 | 50s
23:14:31 | INFO |   [finetune] epoch 5/20 | train_loss=0.6499 | val_loss=0.7158 | val_stone_acc=0.606 | val_stone_f1=0.594 | 53s
23:15:21 | INFO |   [finetune] epoch 6/20 | train_loss=0.6224 | val_loss=0.6762 | val_stone_acc=0.606 | val_stone_f1=0.658 | 50s
23:16:11 | INFO |   [finetune] epoch 7/20 | train_loss=0.6140 | val_loss=0.6710 | val_stone_acc=0.636 | val_stone_f1=0.676 | 50s
23:17:02 | INFO |   [finetune] epoch 8/20 | train_loss=0.6130 | val_loss=0.6845 | val_stone_acc=0.606 | val_stone_f1=0.639 | 50s
23:17:52 | INFO |   [finetune] epoch 9/20 | train_loss=0.6201 | val_loss=0.6739 | val_stone_acc=0.591 | val_stone_f1=0.667 | 50s
23:18:42 | INFO |   [finetune] epoch 10/20 | train_loss=0.5993 | val_loss=0.6855 | val_stone_acc=0.576 | val_stone_f1=0.667 | 50s
23:19:32 | INFO |   [finetune] epoch 11/20 | train_loss=0.6087 | val_loss=0.6872 | val_stone_acc=0.591 | val_stone_f1=0.658 | 50s
23:20:23 | INFO |   [finetune] epoch 12/20 | train_loss=0.5778 | val_loss=0.6871 | val_stone_acc=0.621 | val_stone_f1=0.691 | 50s
23:20:23 | INFO |   Early stopping (no improvement for 5 epochs)
23:20:23 | INFO | Fold 2 done. Best val_loss=0.6710 at epoch 11
23:20:23 | INFO | Built resnet18 (11,177,538 params total). Pretrained weights: IMAGENET1K_V1
23:20:23 | INFO | Fold 3 — Phase 1: frozen backbone, 5 epochs
23:20:23 | INFO |   Trainable params: 1,026
23:21:14 | INFO |   [frozen] epoch 1/5 | train_loss=0.7845 | val_loss=0.7636 | val_stone_acc=0.485 | val_stone_f1=0.150 | 51s
23:22:05 | INFO |   [frozen] epoch 2/5 | train_loss=0.7863 | val_loss=0.6589 | val_stone_acc=0.682 | val_stone_f1=0.677 | 51s
23:22:55 | INFO |   [frozen] epoch 3/5 | train_loss=0.7580 | val_loss=0.6318 | val_stone_acc=0.621 | val_stone_f1=0.648 | 50s
23:23:45 | INFO |   [frozen] epoch 4/5 | train_loss=0.7117 | val_loss=0.6273 | val_stone_acc=0.636 | val_stone_f1=0.727 | 50s
23:24:36 | INFO |   [frozen] epoch 5/5 | train_loss=0.7222 | val_loss=0.6292 | val_stone_acc=0.652 | val_stone_f1=0.676 | 50s
23:24:36 | INFO |   Trainable params: 11,177,538
23:25:26 | INFO |   [finetune] epoch 1/20 | train_loss=0.7131 | val_loss=0.6169 | val_stone_acc=0.667 | val_stone_f1=0.676 | 50s
23:26:16 | INFO |   [finetune] epoch 2/20 | train_loss=0.7238 | val_loss=0.6298 | val_stone_acc=0.682 | val_stone_f1=0.656 | 50s
23:27:06 | INFO |   [finetune] epoch 3/20 | train_loss=0.6795 | val_loss=0.6371 | val_stone_acc=0.636 | val_stone_f1=0.586 | 50s
23:27:57 | INFO |   [finetune] epoch 4/20 | train_loss=0.6507 | val_loss=0.6300 | val_stone_acc=0.682 | val_stone_f1=0.667 | 50s
23:28:49 | INFO |   [finetune] epoch 5/20 | train_loss=0.6681 | val_loss=0.6171 | val_stone_acc=0.606 | val_stone_f1=0.618 | 53s
23:29:40 | INFO |   [finetune] epoch 6/20 | train_loss=0.6231 | val_loss=0.6142 | val_stone_acc=0.621 | val_stone_f1=0.658 | 50s
23:30:30 | INFO |   [finetune] epoch 7/20 | train_loss=0.6372 | val_loss=0.6621 | val_stone_acc=0.606 | val_stone_f1=0.567 | 50s
23:31:20 | INFO |   [finetune] epoch 8/20 | train_loss=0.6124 | val_loss=0.6422 | val_stone_acc=0.606 | val_stone_f1=0.618 | 50s
23:32:10 | INFO |   [finetune] epoch 9/20 | train_loss=0.6080 | val_loss=0.6254 | val_stone_acc=0.652 | val_stone_f1=0.716 | 50s
23:33:00 | INFO |   [finetune] epoch 10/20 | train_loss=0.6048 | val_loss=0.6401 | val_stone_acc=0.606 | val_stone_f1=0.594 | 50s
23:33:50 | INFO |   [finetune] epoch 11/20 | train_loss=0.5883 | val_loss=0.6534 | val_stone_acc=0.606 | val_stone_f1=0.567 | 50s
23:33:50 | INFO |   Early stopping (no improvement for 5 epochs)
23:33:50 | INFO | Fold 3 done. Best val_loss=0.6142 at epoch 10
23:33:51 | INFO | Built resnet18 (11,177,538 params total). Pretrained weights: IMAGENET1K_V1
23:33:51 | INFO | Fold 4 — Phase 1: frozen backbone, 5 epochs
23:33:51 | INFO |   Trainable params: 1,026
23:34:42 | INFO |   [frozen] epoch 1/5 | train_loss=0.7693 | val_loss=0.7553 | val_stone_acc=0.561 | val_stone_f1=0.713 | 51s
23:35:33 | INFO |   [frozen] epoch 2/5 | train_loss=0.7554 | val_loss=0.6726 | val_stone_acc=0.667 | val_stone_f1=0.771 | 51s
23:36:25 | INFO |   [frozen] epoch 3/5 | train_loss=0.6832 | val_loss=0.6328 | val_stone_acc=0.621 | val_stone_f1=0.699 | 51s
23:37:16 | INFO |   [frozen] epoch 4/5 | train_loss=0.7069 | val_loss=0.6204 | val_stone_acc=0.621 | val_stone_f1=0.713 | 51s
23:38:07 | INFO |   [frozen] epoch 5/5 | train_loss=0.7155 | val_loss=0.6299 | val_stone_acc=0.682 | val_stone_f1=0.704 | 51s
23:38:07 | INFO |   Trainable params: 11,177,538
23:38:58 | INFO |   [finetune] epoch 1/20 | train_loss=0.7156 | val_loss=0.6123 | val_stone_acc=0.667 | val_stone_f1=0.694 | 51s
23:39:49 | INFO |   [finetune] epoch 2/20 | train_loss=0.6822 | val_loss=0.6608 | val_stone_acc=0.636 | val_stone_f1=0.556 | 51s
23:40:40 | INFO |   [finetune] epoch 3/20 | train_loss=0.6617 | val_loss=0.5996 | val_stone_acc=0.652 | val_stone_f1=0.723 | 51s
23:41:31 | INFO |   [finetune] epoch 4/20 | train_loss=0.6450 | val_loss=0.5947 | val_stone_acc=0.667 | val_stone_f1=0.718 | 51s
23:42:23 | INFO |   [finetune] epoch 5/20 | train_loss=0.6304 | val_loss=0.6144 | val_stone_acc=0.712 | val_stone_f1=0.708 | 52s
23:43:16 | INFO |   [finetune] epoch 6/20 | train_loss=0.6372 | val_loss=0.6058 | val_stone_acc=0.727 | val_stone_f1=0.719 | 53s
23:44:07 | INFO |   [finetune] epoch 7/20 | train_loss=0.6254 | val_loss=0.5875 | val_stone_acc=0.697 | val_stone_f1=0.756 | 51s
23:44:59 | INFO |   [finetune] epoch 8/20 | train_loss=0.6132 | val_loss=0.5852 | val_stone_acc=0.682 | val_stone_f1=0.734 | 51s
23:45:50 | INFO |   [finetune] epoch 9/20 | train_loss=0.6179 | val_loss=0.6200 | val_stone_acc=0.682 | val_stone_f1=0.644 | 51s
23:46:41 | INFO |   [finetune] epoch 10/20 | train_loss=0.5884 | val_loss=0.5762 | val_stone_acc=0.727 | val_stone_f1=0.763 | 51s
23:47:32 | INFO |   [finetune] epoch 11/20 | train_loss=0.6032 | val_loss=0.5946 | val_stone_acc=0.712 | val_stone_f1=0.725 | 51s
23:48:23 | INFO |   [finetune] epoch 12/20 | train_loss=0.6180 | val_loss=0.5846 | val_stone_acc=0.742 | val_stone_f1=0.767 | 51s
23:49:15 | INFO |   [finetune] epoch 13/20 | train_loss=0.6011 | val_loss=0.5924 | val_stone_acc=0.712 | val_stone_f1=0.732 | 51s
23:50:06 | INFO |   [finetune] epoch 14/20 | train_loss=0.5803 | val_loss=0.6050 | val_stone_acc=0.712 | val_stone_f1=0.732 | 51s
23:50:57 | INFO |   [finetune] epoch 15/20 | train_loss=0.5909 | val_loss=0.5805 | val_stone_acc=0.727 | val_stone_f1=0.763 | 51s
23:50:57 | INFO |   Early stopping (no improvement for 5 epochs)
23:50:57 | INFO | Fold 4 done. Best val_loss=0.5762 at epoch 14
23:50:57 | INFO | Cross-fold summary:
23:50:57 | INFO | === Held-out test set evaluation ===
23:50:57 | INFO | Built resnet18 (11,177,538 params total). Pretrained weights: IMAGENET1K_V1
23:51:14 | INFO |   Fold 0 test: stone_acc=0.675 | stone_f1=0.738 | stone_roc_auc=0.631
23:51:15 | INFO | Built resnet18 (11,177,538 params total). Pretrained weights: IMAGENET1K_V1
23:51:32 | INFO |   Fold 1 test: stone_acc=0.711 | stone_f1=0.797 | stone_roc_auc=0.710
23:51:32 | INFO | Built resnet18 (11,177,538 params total). Pretrained weights: IMAGENET1K_V1
23:51:49 | INFO |   Fold 2 test: stone_acc=0.602 | stone_f1=0.621 | stone_roc_auc=0.661
23:51:49 | INFO | Built resnet18 (11,177,538 params total). Pretrained weights: IMAGENET1K_V1
23:52:05 | INFO |   Fold 3 test: stone_acc=0.627 | stone_f1=0.687 | stone_roc_auc=0.682
23:52:06 | INFO | Built resnet18 (11,177,538 params total). Pretrained weights: IMAGENET1K_V1
23:52:22 | INFO |   Fold 4 test: stone_acc=0.711 | stone_f1=0.769 | stone_roc_auc=0.709
23:52:22 | INFO | Test set summary (mean ± std across folds):
23:52:22 | INFO |   stone_accuracy: 0.665 ± 0.049
23:52:22 | INFO |   stone_f1: 0.722 ± 0.070
23:52:22 | INFO |   stone_roc_auc: 0.679 ± 0.034
23:52:28 | INFO | Device: cuda
23:52:28 | INFO | cuDNN benchmark enabled
23:52:30 | INFO | Skipped 21 rows with no composition data
23:52:30 | INFO | Recomputed labels at 90.0% threshold: 783 pure / 459 mixed (414 stones)
23:52:30 | WARNING | Skipped 2 rows whose image files are missing
23:52:30 | INFO | Built 1240 samples from 414 stones
23:52:30 | INFO | Test holdout: 83 stones (52 pure / 31 mixed, 248 images). Train+val pool: 331 stones (992 images).
23:52:30 | INFO |   Fold 0: train=264 stones (167 pure / 97 mixed, 792 images), val=67 stones (42 pure / 25 mixed, 200 images)
23:52:30 | INFO |   Fold 1: train=265 stones (168 pure / 97 mixed, 794 images), val=66 stones (41 pure / 25 mixed, 198 images)
23:52:30 | INFO |   Fold 2: train=265 stones (167 pure / 98 mixed, 794 images), val=66 stones (42 pure / 24 mixed, 198 images)
23:52:30 | INFO |   Fold 3: train=265 stones (167 pure / 98 mixed, 794 images), val=66 stones (42 pure / 24 mixed, 198 images)
23:52:30 | INFO |   Fold 4: train=265 stones (167 pure / 98 mixed, 794 images), val=66 stones (42 pure / 24 mixed, 198 images)
23:52:30 | INFO | Config snapshot saved to /gpfs/home3/ddboer/umc_thesis/outputs/checkpoints/binary_t90/config_snapshot.yaml
23:52:31 | INFO | Built resnet18 (11,177,538 params total). Pretrained weights: IMAGENET1K_V1
23:52:31 | INFO | Fold 0 — Phase 1: frozen backbone, 5 epochs
23:52:31 | INFO |   Trainable params: 1,026
23:53:22 | INFO |   [frozen] epoch 1/5 | train_loss=0.7414 | val_loss=0.6363 | val_stone_acc=0.627 | val_stone_f1=0.000 | 51s
23:54:13 | INFO |   [frozen] epoch 2/5 | train_loss=0.7252 | val_loss=0.7058 | val_stone_acc=0.627 | val_stone_f1=0.000 | 51s
23:55:03 | INFO |   [frozen] epoch 3/5 | train_loss=0.7061 | val_loss=0.6298 | val_stone_acc=0.627 | val_stone_f1=0.000 | 51s
23:55:54 | INFO |   [frozen] epoch 4/5 | train_loss=0.7047 | val_loss=0.6213 | val_stone_acc=0.687 | val_stone_f1=0.571 | 51s
23:56:47 | INFO |   [frozen] epoch 5/5 | train_loss=0.6855 | val_loss=0.6145 | val_stone_acc=0.627 | val_stone_f1=0.000 | 53s
23:56:47 | INFO |   Trainable params: 11,177,538
23:57:38 | INFO |   [finetune] epoch 1/20 | train_loss=0.6799 | val_loss=0.6432 | val_stone_acc=0.627 | val_stone_f1=0.000 | 51s
23:58:28 | INFO |   [finetune] epoch 2/20 | train_loss=0.6585 | val_loss=0.6065 | val_stone_acc=0.701 | val_stone_f1=0.500 | 51s
23:59:19 | INFO |   [finetune] epoch 3/20 | train_loss=0.6536 | val_loss=0.6348 | val_stone_acc=0.672 | val_stone_f1=0.560 | 50s
00:00:09 | INFO |   [finetune] epoch 4/20 | train_loss=0.6475 | val_loss=0.6073 | val_stone_acc=0.672 | val_stone_f1=0.267 | 50s
00:01:00 | INFO |   [finetune] epoch 5/20 | train_loss=0.6129 | val_loss=0.6033 | val_stone_acc=0.672 | val_stone_f1=0.267 | 50s
00:01:50 | INFO |   [finetune] epoch 6/20 | train_loss=0.6174 | val_loss=0.6053 | val_stone_acc=0.657 | val_stone_f1=0.148 | 50s
00:02:40 | INFO |   [finetune] epoch 7/20 | train_loss=0.6128 | val_loss=0.6227 | val_stone_acc=0.657 | val_stone_f1=0.207 | 50s
00:03:31 | INFO |   [finetune] epoch 8/20 | train_loss=0.6152 | val_loss=0.6048 | val_stone_acc=0.672 | val_stone_f1=0.267 | 50s
00:04:21 | INFO |   [finetune] epoch 9/20 | train_loss=0.6106 | val_loss=0.5906 | val_stone_acc=0.701 | val_stone_f1=0.375 | 50s
00:05:12 | INFO |   [finetune] epoch 10/20 | train_loss=0.5857 | val_loss=0.5767 | val_stone_acc=0.672 | val_stone_f1=0.421 | 51s
00:06:02 | INFO |   [finetune] epoch 11/20 | train_loss=0.5694 | val_loss=0.5733 | val_stone_acc=0.716 | val_stone_f1=0.424 | 51s
00:06:53 | INFO |   [finetune] epoch 12/20 | train_loss=0.5650 | val_loss=0.5743 | val_stone_acc=0.716 | val_stone_f1=0.424 | 51s
00:07:44 | INFO |   [finetune] epoch 13/20 | train_loss=0.5694 | val_loss=0.5863 | val_stone_acc=0.731 | val_stone_f1=0.640 | 51s
00:08:34 | INFO |   [finetune] epoch 14/20 | train_loss=0.5625 | val_loss=0.5843 | val_stone_acc=0.672 | val_stone_f1=0.267 | 51s
00:09:25 | INFO |   [finetune] epoch 15/20 | train_loss=0.5552 | val_loss=0.5630 | val_stone_acc=0.776 | val_stone_f1=0.706 | 50s
00:10:16 | INFO |   [finetune] epoch 16/20 | train_loss=0.6018 | val_loss=0.5782 | val_stone_acc=0.701 | val_stone_f1=0.412 | 51s
00:11:08 | INFO |   [finetune] epoch 17/20 | train_loss=0.5884 | val_loss=0.6225 | val_stone_acc=0.672 | val_stone_f1=0.214 | 52s
00:11:59 | INFO |   [finetune] epoch 18/20 | train_loss=0.5428 | val_loss=0.5564 | val_stone_acc=0.716 | val_stone_f1=0.486 | 50s
00:12:49 | INFO |   [finetune] epoch 19/20 | train_loss=0.5136 | val_loss=0.5688 | val_stone_acc=0.701 | val_stone_f1=0.444 | 50s
00:13:39 | INFO |   [finetune] epoch 20/20 | train_loss=0.5243 | val_loss=0.5530 | val_stone_acc=0.687 | val_stone_f1=0.488 | 50s
00:13:39 | INFO | Fold 0 done. Best val_loss=0.5530 at epoch 24
00:13:40 | INFO | Built resnet18 (11,177,538 params total). Pretrained weights: IMAGENET1K_V1
00:13:40 | INFO | Fold 1 — Phase 1: frozen backbone, 5 epochs
00:13:40 | INFO |   Trainable params: 1,026
00:14:32 | INFO |   [frozen] epoch 1/5 | train_loss=0.7968 | val_loss=0.7025 | val_stone_acc=0.530 | val_stone_f1=0.279 | 52s
00:15:22 | INFO |   [frozen] epoch 2/5 | train_loss=0.7094 | val_loss=0.7083 | val_stone_acc=0.591 | val_stone_f1=0.400 | 50s
00:16:13 | INFO |   [frozen] epoch 3/5 | train_loss=0.7044 | val_loss=0.6987 | val_stone_acc=0.652 | val_stone_f1=0.207 | 50s
00:17:03 | INFO |   [frozen] epoch 4/5 | train_loss=0.6970 | val_loss=0.7056 | val_stone_acc=0.652 | val_stone_f1=0.378 | 50s
00:17:54 | INFO |   [frozen] epoch 5/5 | train_loss=0.6964 | val_loss=0.7508 | val_stone_acc=0.621 | val_stone_f1=0.000 | 50s
00:17:54 | INFO |   Trainable params: 11,177,538
00:18:44 | INFO |   [finetune] epoch 1/20 | train_loss=0.6780 | val_loss=0.7078 | val_stone_acc=0.636 | val_stone_f1=0.143 | 51s
00:19:35 | INFO |   [finetune] epoch 2/20 | train_loss=0.6528 | val_loss=0.7159 | val_stone_acc=0.636 | val_stone_f1=0.200 | 50s
00:20:25 | INFO |   [finetune] epoch 3/20 | train_loss=0.6484 | val_loss=0.6982 | val_stone_acc=0.530 | val_stone_f1=0.367 | 50s
00:21:16 | INFO |   [finetune] epoch 4/20 | train_loss=0.6568 | val_loss=0.6986 | val_stone_acc=0.621 | val_stone_f1=0.074 | 51s
00:22:06 | INFO |   [finetune] epoch 5/20 | train_loss=0.6181 | val_loss=0.6598 | val_stone_acc=0.561 | val_stone_f1=0.256 | 51s
00:22:57 | INFO |   [finetune] epoch 6/20 | train_loss=0.6163 | val_loss=0.6693 | val_stone_acc=0.652 | val_stone_f1=0.258 | 50s
00:23:47 | INFO |   [finetune] epoch 7/20 | train_loss=0.6022 | val_loss=0.6611 | val_stone_acc=0.621 | val_stone_f1=0.545 | 50s
00:24:40 | INFO |   [finetune] epoch 8/20 | train_loss=0.6111 | val_loss=0.6427 | val_stone_acc=0.606 | val_stone_f1=0.350 | 53s
00:25:31 | INFO |   [finetune] epoch 9/20 | train_loss=0.6337 | val_loss=0.6692 | val_stone_acc=0.667 | val_stone_f1=0.267 | 50s
00:26:21 | INFO |   [finetune] epoch 10/20 | train_loss=0.5923 | val_loss=0.6560 | val_stone_acc=0.667 | val_stone_f1=0.267 | 51s
00:27:12 | INFO |   [finetune] epoch 11/20 | train_loss=0.5795 | val_loss=0.6727 | val_stone_acc=0.652 | val_stone_f1=0.258 | 51s
00:28:03 | INFO |   [finetune] epoch 12/20 | train_loss=0.5923 | val_loss=0.6519 | val_stone_acc=0.652 | val_stone_f1=0.465 | 51s
00:28:53 | INFO |   [finetune] epoch 13/20 | train_loss=0.5917 | val_loss=0.6526 | val_stone_acc=0.652 | val_stone_f1=0.465 | 51s
00:28:53 | INFO |   Early stopping (no improvement for 5 epochs)
00:28:53 | INFO | Fold 1 done. Best val_loss=0.6427 at epoch 12
00:28:53 | INFO | Built resnet18 (11,177,538 params total). Pretrained weights: IMAGENET1K_V1
00:28:53 | INFO | Fold 2 — Phase 1: frozen backbone, 5 epochs
00:28:53 | INFO |   Trainable params: 1,026
00:29:44 | INFO |   [frozen] epoch 1/5 | train_loss=0.7355 | val_loss=0.6477 | val_stone_acc=0.636 | val_stone_f1=0.000 | 50s
00:30:34 | INFO |   [frozen] epoch 2/5 | train_loss=0.7281 | val_loss=0.6285 | val_stone_acc=0.636 | val_stone_f1=0.077 | 50s
00:31:24 | INFO |   [frozen] epoch 3/5 | train_loss=0.7127 | val_loss=0.6462 | val_stone_acc=0.636 | val_stone_f1=0.520 | 50s
00:32:13 | INFO |   [frozen] epoch 4/5 | train_loss=0.6972 | val_loss=0.6232 | val_stone_acc=0.682 | val_stone_f1=0.323 | 50s
00:33:03 | INFO |   [frozen] epoch 5/5 | train_loss=0.7042 | val_loss=0.6346 | val_stone_acc=0.667 | val_stone_f1=0.154 | 50s
00:33:03 | INFO |   Trainable params: 11,177,538
00:33:53 | INFO |   [finetune] epoch 1/20 | train_loss=0.6782 | val_loss=0.6199 | val_stone_acc=0.697 | val_stone_f1=0.375 | 50s
00:34:42 | INFO |   [finetune] epoch 2/20 | train_loss=0.6550 | val_loss=0.6141 | val_stone_acc=0.712 | val_stone_f1=0.424 | 50s
00:35:32 | INFO |   [finetune] epoch 3/20 | train_loss=0.6590 | val_loss=0.6127 | val_stone_acc=0.697 | val_stone_f1=0.333 | 50s
00:36:22 | INFO |   [finetune] epoch 4/20 | train_loss=0.6161 | val_loss=0.6346 | val_stone_acc=0.682 | val_stone_f1=0.222 | 50s
00:37:11 | INFO |   [finetune] epoch 5/20 | train_loss=0.6305 | val_loss=0.6260 | val_stone_acc=0.652 | val_stone_f1=0.439 | 50s
00:38:01 | INFO |   [finetune] epoch 6/20 | train_loss=0.6405 | val_loss=0.6496 | val_stone_acc=0.621 | val_stone_f1=0.444 | 50s
00:38:53 | INFO |   [finetune] epoch 7/20 | train_loss=0.6286 | val_loss=0.6142 | val_stone_acc=0.667 | val_stone_f1=0.421 | 52s
00:39:43 | INFO |   [finetune] epoch 8/20 | train_loss=0.6102 | val_loss=0.6270 | val_stone_acc=0.712 | val_stone_f1=0.345 | 50s
00:39:43 | INFO |   Early stopping (no improvement for 5 epochs)
00:39:43 | INFO | Fold 2 done. Best val_loss=0.6127 at epoch 7
00:39:44 | INFO | Built resnet18 (11,177,538 params total). Pretrained weights: IMAGENET1K_V1
00:39:44 | INFO | Fold 3 — Phase 1: frozen backbone, 5 epochs
00:39:44 | INFO |   Trainable params: 1,026
00:40:34 | INFO |   [frozen] epoch 1/5 | train_loss=0.7763 | val_loss=0.7233 | val_stone_acc=0.470 | val_stone_f1=0.186 | 50s
00:41:23 | INFO |   [frozen] epoch 2/5 | train_loss=0.7773 | val_loss=0.6947 | val_stone_acc=0.591 | val_stone_f1=0.182 | 50s
00:42:13 | INFO |   [frozen] epoch 3/5 | train_loss=0.7294 | val_loss=0.6742 | val_stone_acc=0.621 | val_stone_f1=0.138 | 50s
00:43:03 | INFO |   [frozen] epoch 4/5 | train_loss=0.7167 | val_loss=0.6671 | val_stone_acc=0.606 | val_stone_f1=0.188 | 50s
00:43:53 | INFO |   [frozen] epoch 5/5 | train_loss=0.7015 | val_loss=0.6833 | val_stone_acc=0.636 | val_stone_f1=0.000 | 50s
00:43:53 | INFO |   Trainable params: 11,177,538
00:44:42 | INFO |   [finetune] epoch 1/20 | train_loss=0.7257 | val_loss=0.6464 | val_stone_acc=0.652 | val_stone_f1=0.410 | 50s
00:45:32 | INFO |   [finetune] epoch 2/20 | train_loss=0.6617 | val_loss=0.6492 | val_stone_acc=0.652 | val_stone_f1=0.148 | 50s
00:46:22 | INFO |   [finetune] epoch 3/20 | train_loss=0.6427 | val_loss=0.6508 | val_stone_acc=0.636 | val_stone_f1=0.143 | 50s
00:47:11 | INFO |   [finetune] epoch 4/20 | train_loss=0.6798 | val_loss=0.6336 | val_stone_acc=0.652 | val_stone_f1=0.378 | 50s
00:48:02 | INFO |   [finetune] epoch 5/20 | train_loss=0.6553 | val_loss=0.6358 | val_stone_acc=0.667 | val_stone_f1=0.312 | 50s
00:48:52 | INFO |   [finetune] epoch 6/20 | train_loss=0.6250 | val_loss=0.6163 | val_stone_acc=0.682 | val_stone_f1=0.432 | 50s
00:49:42 | INFO |   [finetune] epoch 7/20 | train_loss=0.6058 | val_loss=0.6156 | val_stone_acc=0.667 | val_stone_f1=0.353 | 50s
00:50:32 | INFO |   [finetune] epoch 8/20 | train_loss=0.6342 | val_loss=0.6104 | val_stone_acc=0.697 | val_stone_f1=0.545 | 50s
00:51:22 | INFO |   [finetune] epoch 9/20 | train_loss=0.5980 | val_loss=0.6191 | val_stone_acc=0.652 | val_stone_f1=0.303 | 50s
00:52:12 | INFO |   [finetune] epoch 10/20 | train_loss=0.5979 | val_loss=0.6061 | val_stone_acc=0.712 | val_stone_f1=0.513 | 50s
00:53:04 | INFO |   [finetune] epoch 11/20 | train_loss=0.5940 | val_loss=0.6024 | val_stone_acc=0.712 | val_stone_f1=0.558 | 52s
00:53:54 | INFO |   [finetune] epoch 12/20 | train_loss=0.6051 | val_loss=0.6115 | val_stone_acc=0.712 | val_stone_f1=0.596 | 50s
00:54:44 | INFO |   [finetune] epoch 13/20 | train_loss=0.5774 | val_loss=0.5999 | val_stone_acc=0.712 | val_stone_f1=0.558 | 50s
00:55:34 | INFO |   [finetune] epoch 14/20 | train_loss=0.5779 | val_loss=0.6027 | val_stone_acc=0.727 | val_stone_f1=0.609 | 50s
00:56:24 | INFO |   [finetune] epoch 15/20 | train_loss=0.5817 | val_loss=0.6225 | val_stone_acc=0.652 | val_stone_f1=0.303 | 50s
00:57:14 | INFO |   [finetune] epoch 16/20 | train_loss=0.5714 | val_loss=0.5900 | val_stone_acc=0.712 | val_stone_f1=0.537 | 50s
00:58:04 | INFO |   [finetune] epoch 17/20 | train_loss=0.5550 | val_loss=0.5898 | val_stone_acc=0.697 | val_stone_f1=0.524 | 50s
00:58:55 | INFO |   [finetune] epoch 18/20 | train_loss=0.5354 | val_loss=0.6229 | val_stone_acc=0.697 | val_stone_f1=0.444 | 50s
00:59:45 | INFO |   [finetune] epoch 19/20 | train_loss=0.5457 | val_loss=0.5964 | val_stone_acc=0.697 | val_stone_f1=0.545 | 50s
01:00:35 | INFO |   [finetune] epoch 20/20 | train_loss=0.5279 | val_loss=0.6046 | val_stone_acc=0.697 | val_stone_f1=0.524 | 50s
01:00:35 | INFO | Fold 3 done. Best val_loss=0.5898 at epoch 21
01:00:35 | INFO | Built resnet18 (11,177,538 params total). Pretrained weights: IMAGENET1K_V1
01:00:35 | INFO | Fold 4 — Phase 1: frozen backbone, 5 epochs
01:00:35 | INFO |   Trainable params: 1,026
01:01:25 | INFO |   [frozen] epoch 1/5 | train_loss=0.7777 | val_loss=0.6782 | val_stone_acc=0.621 | val_stone_f1=0.000 | 50s
01:02:15 | INFO |   [frozen] epoch 2/5 | train_loss=0.7473 | val_loss=0.6516 | val_stone_acc=0.591 | val_stone_f1=0.000 | 49s
01:03:04 | INFO |   [frozen] epoch 3/5 | train_loss=0.7317 | val_loss=0.6339 | val_stone_acc=0.636 | val_stone_f1=0.077 | 49s
01:03:54 | INFO |   [frozen] epoch 4/5 | train_loss=0.7360 | val_loss=0.6375 | val_stone_acc=0.636 | val_stone_f1=0.000 | 50s
01:04:43 | INFO |   [frozen] epoch 5/5 | train_loss=0.6962 | val_loss=0.6387 | val_stone_acc=0.682 | val_stone_f1=0.533 | 50s
01:04:43 | INFO |   Trainable params: 11,177,538
01:05:33 | INFO |   [finetune] epoch 1/20 | train_loss=0.6837 | val_loss=0.6229 | val_stone_acc=0.712 | val_stone_f1=0.486 | 50s
01:06:23 | INFO |   [finetune] epoch 2/20 | train_loss=0.6947 | val_loss=0.6232 | val_stone_acc=0.712 | val_stone_f1=0.558 | 50s
01:07:12 | INFO |   [finetune] epoch 3/20 | train_loss=0.6401 | val_loss=0.6296 | val_stone_acc=0.712 | val_stone_f1=0.596 | 50s
01:08:04 | INFO |   [finetune] epoch 4/20 | train_loss=0.6397 | val_loss=0.6265 | val_stone_acc=0.606 | val_stone_f1=0.188 | 52s
01:08:54 | INFO |   [finetune] epoch 5/20 | train_loss=0.6382 | val_loss=0.6437 | val_stone_acc=0.606 | val_stone_f1=0.000 | 50s
01:09:44 | INFO |   [finetune] epoch 6/20 | train_loss=0.6258 | val_loss=0.6208 | val_stone_acc=0.667 | val_stone_f1=0.421 | 50s
01:10:33 | INFO |   [finetune] epoch 7/20 | train_loss=0.6094 | val_loss=0.6321 | val_stone_acc=0.682 | val_stone_f1=0.553 | 49s
01:11:23 | INFO |   [finetune] epoch 8/20 | train_loss=0.5921 | val_loss=0.6316 | val_stone_acc=0.591 | val_stone_f1=0.182 | 49s
01:12:12 | INFO |   [finetune] epoch 9/20 | train_loss=0.6038 | val_loss=0.6364 | val_stone_acc=0.621 | val_stone_f1=0.242 | 49s
01:13:01 | INFO |   [finetune] epoch 10/20 | train_loss=0.5888 | val_loss=0.6347 | val_stone_acc=0.697 | val_stone_f1=0.565 | 49s
01:13:51 | INFO |   [finetune] epoch 11/20 | train_loss=0.5769 | val_loss=0.6358 | val_stone_acc=0.621 | val_stone_f1=0.138 | 49s
01:13:51 | INFO |   Early stopping (no improvement for 5 epochs)
01:13:51 | INFO | Fold 4 done. Best val_loss=0.6208 at epoch 10
01:13:51 | INFO | Cross-fold summary:
01:13:51 | INFO | === Held-out test set evaluation ===
01:13:51 | INFO | Built resnet18 (11,177,538 params total). Pretrained weights: IMAGENET1K_V1
01:14:08 | INFO |   Fold 0 test: stone_acc=0.675 | stone_f1=0.471 | stone_roc_auc=0.731
01:14:08 | INFO | Built resnet18 (11,177,538 params total). Pretrained weights: IMAGENET1K_V1
01:14:25 | INFO |   Fold 1 test: stone_acc=0.651 | stone_f1=0.408 | stone_roc_auc=0.645
01:14:25 | INFO | Built resnet18 (11,177,538 params total). Pretrained weights: IMAGENET1K_V1
01:14:42 | INFO |   Fold 2 test: stone_acc=0.639 | stone_f1=0.250 | stone_roc_auc=0.671
01:14:42 | INFO | Built resnet18 (11,177,538 params total). Pretrained weights: IMAGENET1K_V1
01:14:58 | INFO |   Fold 3 test: stone_acc=0.651 | stone_f1=0.508 | stone_roc_auc=0.663
01:14:59 | INFO | Built resnet18 (11,177,538 params total). Pretrained weights: IMAGENET1K_V1
01:15:15 | INFO |   Fold 4 test: stone_acc=0.639 | stone_f1=0.318 | stone_roc_auc=0.659
01:15:15 | INFO | Test set summary (mean ± std across folds):
01:15:15 | INFO |   stone_accuracy: 0.651 ± 0.015
01:15:15 | INFO |   stone_f1: 0.391 ± 0.107
01:15:15 | INFO |   stone_roc_auc: 0.674 ± 0.033
01:15:20 | INFO | Device: cuda
01:15:20 | INFO | cuDNN benchmark enabled
01:15:22 | INFO | Skipped 21 rows with no composition data
01:15:22 | INFO | Recomputed labels at 100.0% threshold: 546 pure / 696 mixed (414 stones)
01:15:22 | WARNING | Skipped 2 rows whose image files are missing
01:15:22 | INFO | Built 1240 samples from 414 stones
01:15:22 | INFO | Test holdout: 83 stones (36 pure / 47 mixed, 249 images). Train+val pool: 331 stones (991 images).
01:15:22 | INFO | --random-labels: stone-level labels have been shuffled (baseline mode)
01:15:22 | INFO |   Fold 0: train=264 stones (116 pure / 148 mixed, 791 images), val=67 stones (30 pure / 37 mixed, 200 images)
01:15:22 | INFO |   Fold 1: train=265 stones (117 pure / 148 mixed, 794 images), val=66 stones (29 pure / 37 mixed, 197 images)
01:15:22 | INFO |   Fold 2: train=265 stones (117 pure / 148 mixed, 793 images), val=66 stones (29 pure / 37 mixed, 198 images)
01:15:23 | INFO |   Fold 3: train=265 stones (117 pure / 148 mixed, 793 images), val=66 stones (29 pure / 37 mixed, 198 images)
01:15:23 | INFO |   Fold 4: train=265 stones (117 pure / 148 mixed, 793 images), val=66 stones (29 pure / 37 mixed, 198 images)
01:15:23 | INFO | Config snapshot saved to /gpfs/home3/ddboer/umc_thesis/outputs/checkpoints/binary_random/config_snapshot.yaml
01:15:23 | INFO | Built resnet18 (11,177,538 params total). Pretrained weights: IMAGENET1K_V1
01:15:23 | INFO | Fold 0 — Phase 1: frozen backbone, 5 epochs
01:15:23 | INFO |   Trainable params: 1,026
01:16:14 | INFO |   [frozen] epoch 1/5 | train_loss=0.8096 | val_loss=0.7301 | val_stone_acc=0.403 | val_stone_f1=0.487 | 51s
01:17:04 | INFO |   [frozen] epoch 2/5 | train_loss=0.7688 | val_loss=0.7373 | val_stone_acc=0.433 | val_stone_f1=0.486 | 50s
01:17:54 | INFO |   [frozen] epoch 3/5 | train_loss=0.7502 | val_loss=0.7580 | val_stone_acc=0.582 | val_stone_f1=0.720 | 50s
01:18:44 | INFO |   [frozen] epoch 4/5 | train_loss=0.7589 | val_loss=0.7311 | val_stone_acc=0.507 | val_stone_f1=0.653 | 50s
01:19:35 | INFO |   [frozen] epoch 5/5 | train_loss=0.7318 | val_loss=0.7271 | val_stone_acc=0.463 | val_stone_f1=0.591 | 50s
01:19:35 | INFO |   Trainable params: 11,177,538
01:20:25 | INFO |   [finetune] epoch 1/20 | train_loss=0.7484 | val_loss=0.7381 | val_stone_acc=0.537 | val_stone_f1=0.680 | 50s
01:21:16 | INFO |   [finetune] epoch 2/20 | train_loss=0.7099 | val_loss=0.7237 | val_stone_acc=0.522 | val_stone_f1=0.652 | 50s
01:22:08 | INFO |   [finetune] epoch 3/20 | train_loss=0.7164 | val_loss=0.7452 | val_stone_acc=0.507 | val_stone_f1=0.645 | 53s
01:22:59 | INFO |   [finetune] epoch 4/20 | train_loss=0.6789 | val_loss=0.7455 | val_stone_acc=0.507 | val_stone_f1=0.653 | 50s
01:23:49 | INFO |   [finetune] epoch 5/20 | train_loss=0.7096 | val_loss=0.7437 | val_stone_acc=0.507 | val_stone_f1=0.660 | 50s
01:24:39 | INFO |   [finetune] epoch 6/20 | train_loss=0.6982 | val_loss=0.7448 | val_stone_acc=0.448 | val_stone_f1=0.448 | 50s
01:25:29 | INFO |   [finetune] epoch 7/20 | train_loss=0.6990 | val_loss=0.7291 | val_stone_acc=0.478 | val_stone_f1=0.588 | 50s
01:25:29 | INFO |   Early stopping (no improvement for 5 epochs)
01:25:29 | INFO | Fold 0 done. Best val_loss=0.7237 at epoch 6
01:25:30 | INFO | Built resnet18 (11,177,538 params total). Pretrained weights: IMAGENET1K_V1
01:25:30 | INFO | Fold 1 — Phase 1: frozen backbone, 5 epochs
01:25:30 | INFO |   Trainable params: 1,026
01:26:20 | INFO |   [frozen] epoch 1/5 | train_loss=0.8472 | val_loss=0.7290 | val_stone_acc=0.576 | val_stone_f1=0.725 | 51s
01:27:11 | INFO |   [frozen] epoch 2/5 | train_loss=0.7799 | val_loss=0.7562 | val_stone_acc=0.545 | val_stone_f1=0.706 | 51s
01:28:02 | INFO |   [frozen] epoch 3/5 | train_loss=0.7813 | val_loss=0.7510 | val_stone_acc=0.409 | val_stone_f1=0.494 | 51s
01:28:52 | INFO |   [frozen] epoch 4/5 | train_loss=0.7603 | val_loss=0.7460 | val_stone_acc=0.424 | val_stone_f1=0.578 | 50s
01:29:42 | INFO |   [frozen] epoch 5/5 | train_loss=0.7366 | val_loss=0.7613 | val_stone_acc=0.545 | val_stone_f1=0.706 | 50s
01:29:42 | INFO |   Trainable params: 11,177,538
01:30:34 | INFO |   [finetune] epoch 1/20 | train_loss=0.7800 | val_loss=0.7339 | val_stone_acc=0.439 | val_stone_f1=0.584 | 51s
01:31:24 | INFO |   [finetune] epoch 2/20 | train_loss=0.7186 | val_loss=0.7324 | val_stone_acc=0.409 | val_stone_f1=0.530 | 51s
01:32:15 | INFO |   [finetune] epoch 3/20 | train_loss=0.7205 | val_loss=0.7344 | val_stone_acc=0.470 | val_stone_f1=0.607 | 51s
01:33:06 | INFO |   [finetune] epoch 4/20 | train_loss=0.7087 | val_loss=0.7376 | val_stone_acc=0.455 | val_stone_f1=0.591 | 51s
01:33:56 | INFO |   [finetune] epoch 5/20 | train_loss=0.7155 | val_loss=0.7423 | val_stone_acc=0.470 | val_stone_f1=0.578 | 51s
01:34:47 | INFO |   [finetune] epoch 6/20 | train_loss=0.7030 | val_loss=0.7355 | val_stone_acc=0.485 | val_stone_f1=0.622 | 51s
01:35:39 | INFO |   [finetune] epoch 7/20 | train_loss=0.7113 | val_loss=0.7320 | val_stone_acc=0.439 | val_stone_f1=0.554 | 52s
01:36:30 | INFO |   [finetune] epoch 8/20 | train_loss=0.6997 | val_loss=0.7398 | val_stone_acc=0.500 | val_stone_f1=0.522 | 52s
01:37:21 | INFO |   [finetune] epoch 9/20 | train_loss=0.6732 | val_loss=0.7600 | val_stone_acc=0.500 | val_stone_f1=0.476 | 50s
01:38:11 | INFO |   [finetune] epoch 10/20 | train_loss=0.7009 | val_loss=0.7463 | val_stone_acc=0.515 | val_stone_f1=0.610 | 50s
01:39:01 | INFO |   [finetune] epoch 11/20 | train_loss=0.6761 | val_loss=0.7538 | val_stone_acc=0.515 | val_stone_f1=0.543 | 50s
01:39:52 | INFO |   [finetune] epoch 12/20 | train_loss=0.6837 | val_loss=0.7633 | val_stone_acc=0.439 | val_stone_f1=0.448 | 50s
01:39:52 | INFO |   Early stopping (no improvement for 5 epochs)
01:39:52 | INFO | Fold 1 done. Best val_loss=0.7320 at epoch 11
01:39:52 | INFO | Built resnet18 (11,177,538 params total). Pretrained weights: IMAGENET1K_V1
01:39:52 | INFO | Fold 2 — Phase 1: frozen backbone, 5 epochs
01:39:52 | INFO |   Trainable params: 1,026
01:40:43 | INFO |   [frozen] epoch 1/5 | train_loss=0.8028 | val_loss=0.6893 | val_stone_acc=0.545 | val_stone_f1=0.643 | 51s
01:41:34 | INFO |   [frozen] epoch 2/5 | train_loss=0.7488 | val_loss=0.7187 | val_stone_acc=0.561 | val_stone_f1=0.718 | 51s
01:42:25 | INFO |   [frozen] epoch 3/5 | train_loss=0.7680 | val_loss=0.7175 | val_stone_acc=0.379 | val_stone_f1=0.481 | 50s
01:43:15 | INFO |   [frozen] epoch 4/5 | train_loss=0.7636 | val_loss=0.7326 | val_stone_acc=0.379 | val_stone_f1=0.406 | 50s
01:44:05 | INFO |   [frozen] epoch 5/5 | train_loss=0.7670 | val_loss=0.7579 | val_stone_acc=0.545 | val_stone_f1=0.706 | 50s
01:44:05 | INFO |   Trainable params: 11,177,538
01:44:55 | INFO |   [finetune] epoch 1/20 | train_loss=0.7276 | val_loss=0.7617 | val_stone_acc=0.348 | val_stone_f1=0.482 | 50s
01:45:46 | INFO |   [finetune] epoch 2/20 | train_loss=0.7295 | val_loss=0.7871 | val_stone_acc=0.500 | val_stone_f1=0.667 | 50s
01:46:36 | INFO |   [finetune] epoch 3/20 | train_loss=0.7013 | val_loss=0.8030 | val_stone_acc=0.515 | val_stone_f1=0.680 | 50s
01:47:26 | INFO |   [finetune] epoch 4/20 | train_loss=0.6862 | val_loss=0.8344 | val_stone_acc=0.561 | val_stone_f1=0.718 | 50s
01:48:16 | INFO |   [finetune] epoch 5/20 | train_loss=0.7351 | val_loss=0.7857 | val_stone_acc=0.424 | val_stone_f1=0.596 | 50s
01:49:07 | INFO |   [finetune] epoch 6/20 | train_loss=0.6894 | val_loss=0.7939 | val_stone_acc=0.455 | val_stone_f1=0.625 | 50s
01:49:07 | INFO |   Early stopping (no improvement for 5 epochs)
01:49:07 | INFO | Fold 2 done. Best val_loss=0.7617 at epoch 5
01:49:07 | INFO | Built resnet18 (11,177,538 params total). Pretrained weights: IMAGENET1K_V1
01:49:07 | INFO | Fold 3 — Phase 1: frozen backbone, 5 epochs
01:49:07 | INFO |   Trainable params: 1,026
01:50:00 | INFO |   [frozen] epoch 1/5 | train_loss=0.8236 | val_loss=0.7667 | val_stone_acc=0.439 | val_stone_f1=0.000 | 53s
01:50:51 | INFO |   [frozen] epoch 2/5 | train_loss=0.7887 | val_loss=0.6916 | val_stone_acc=0.621 | val_stone_f1=0.684 | 51s
01:51:41 | INFO |   [frozen] epoch 3/5 | train_loss=0.7740 | val_loss=0.7006 | val_stone_acc=0.561 | val_stone_f1=0.674 | 51s
01:52:32 | INFO |   [frozen] epoch 4/5 | train_loss=0.7409 | val_loss=0.7396 | val_stone_acc=0.394 | val_stone_f1=0.130 | 50s
01:53:22 | INFO |   [frozen] epoch 5/5 | train_loss=0.7737 | val_loss=0.7054 | val_stone_acc=0.530 | val_stone_f1=0.587 | 51s
01:53:22 | INFO |   Trainable params: 11,177,538
01:54:13 | INFO |   [finetune] epoch 1/20 | train_loss=0.7544 | val_loss=0.7169 | val_stone_acc=0.515 | val_stone_f1=0.579 | 51s
01:55:04 | INFO |   [finetune] epoch 2/20 | train_loss=0.7451 | val_loss=0.7273 | val_stone_acc=0.455 | val_stone_f1=0.419 | 51s
01:55:55 | INFO |   [finetune] epoch 3/20 | train_loss=0.7178 | val_loss=0.7012 | val_stone_acc=0.561 | val_stone_f1=0.659 | 51s
01:56:46 | INFO |   [finetune] epoch 4/20 | train_loss=0.7025 | val_loss=0.7097 | val_stone_acc=0.545 | val_stone_f1=0.688 | 51s
01:57:37 | INFO |   [finetune] epoch 5/20 | train_loss=0.6960 | val_loss=0.7148 | val_stone_acc=0.470 | val_stone_f1=0.507 | 51s
01:58:28 | INFO |   [finetune] epoch 6/20 | train_loss=0.7253 | val_loss=0.7230 | val_stone_acc=0.424 | val_stone_f1=0.424 | 51s
01:59:19 | INFO |   [finetune] epoch 7/20 | train_loss=0.7111 | val_loss=0.7116 | val_stone_acc=0.561 | val_stone_f1=0.701 | 51s
02:00:10 | INFO |   [finetune] epoch 8/20 | train_loss=0.6872 | val_loss=0.7267 | val_stone_acc=0.561 | val_stone_f1=0.718 | 51s
02:00:10 | INFO |   Early stopping (no improvement for 5 epochs)
02:00:10 | INFO | Fold 3 done. Best val_loss=0.7012 at epoch 7
02:00:10 | INFO | Built resnet18 (11,177,538 params total). Pretrained weights: IMAGENET1K_V1
02:00:10 | INFO | Fold 4 — Phase 1: frozen backbone, 5 epochs
02:00:10 | INFO |   Trainable params: 1,026
02:01:01 | INFO |   [frozen] epoch 1/5 | train_loss=0.8179 | val_loss=0.6944 | val_stone_acc=0.606 | val_stone_f1=0.729 | 51s
02:01:52 | INFO |   [frozen] epoch 2/5 | train_loss=0.7676 | val_loss=0.7083 | val_stone_acc=0.591 | val_stone_f1=0.716 | 51s
02:02:42 | INFO |   [frozen] epoch 3/5 | train_loss=0.7702 | val_loss=0.7282 | val_stone_acc=0.439 | val_stone_f1=0.327 | 50s
02:03:33 | INFO |   [frozen] epoch 4/5 | train_loss=0.7746 | val_loss=0.7201 | val_stone_acc=0.545 | val_stone_f1=0.700 | 51s
02:04:25 | INFO |   [frozen] epoch 5/5 | train_loss=0.7426 | val_loss=0.7171 | val_stone_acc=0.561 | val_stone_f1=0.707 | 52s
02:04:25 | INFO |   Trainable params: 11,177,538
02:05:16 | INFO |   [finetune] epoch 1/20 | train_loss=0.7400 | val_loss=0.7124 | val_stone_acc=0.576 | val_stone_f1=0.720 | 50s
02:06:06 | INFO |   [finetune] epoch 2/20 | train_loss=0.7131 | val_loss=0.7146 | val_stone_acc=0.576 | val_stone_f1=0.714 | 50s
02:06:56 | INFO |   [finetune] epoch 3/20 | train_loss=0.7074 | val_loss=0.7179 | val_stone_acc=0.485 | val_stone_f1=0.595 | 51s
02:07:47 | INFO |   [finetune] epoch 4/20 | train_loss=0.7330 | val_loss=0.7321 | val_stone_acc=0.561 | val_stone_f1=0.718 | 50s
02:08:37 | INFO |   [finetune] epoch 5/20 | train_loss=0.7141 | val_loss=0.7182 | val_stone_acc=0.515 | val_stone_f1=0.590 | 50s
02:09:28 | INFO |   [finetune] epoch 6/20 | train_loss=0.6950 | val_loss=0.7179 | val_stone_acc=0.515 | val_stone_f1=0.680 | 50s
02:09:28 | INFO |   Early stopping (no improvement for 5 epochs)
02:09:28 | INFO | Fold 4 done. Best val_loss=0.7124 at epoch 5
02:09:28 | INFO | Cross-fold summary:
02:09:28 | INFO | === Held-out test set evaluation ===
02:09:28 | INFO | Built resnet18 (11,177,538 params total). Pretrained weights: IMAGENET1K_V1
02:09:45 | INFO |   Fold 0 test: stone_acc=0.566 | stone_f1=0.673 | stone_roc_auc=0.472
02:09:46 | INFO | Built resnet18 (11,177,538 params total). Pretrained weights: IMAGENET1K_V1
02:10:02 | INFO |   Fold 1 test: stone_acc=0.627 | stone_f1=0.721 | stone_roc_auc=0.567
02:10:03 | INFO | Built resnet18 (11,177,538 params total). Pretrained weights: IMAGENET1K_V1
02:10:19 | INFO |   Fold 2 test: stone_acc=0.554 | stone_f1=0.634 | stone_roc_auc=0.514
02:10:20 | INFO | Built resnet18 (11,177,538 params total). Pretrained weights: IMAGENET1K_V1
02:10:36 | INFO |   Fold 3 test: stone_acc=0.578 | stone_f1=0.690 | stone_roc_auc=0.583
02:10:37 | INFO | Built resnet18 (11,177,538 params total). Pretrained weights: IMAGENET1K_V1
02:10:53 | INFO |   Fold 4 test: stone_acc=0.542 | stone_f1=0.689 | stone_roc_auc=0.506
02:10:53 | INFO | Test set summary (mean ± std across folds):
02:10:53 | INFO |   stone_accuracy: 0.573 ± 0.033
02:10:53 | INFO |   stone_f1: 0.681 ± 0.032
02:10:53 | INFO |   stone_roc_auc: 0.528 ± 0.046
