15:46:25 | INFO | Device: cuda
15:46:25 | INFO | cuDNN benchmark enabled
15:46:27 | INFO | Recomputed labels at 100.0% threshold: 402 pure / 597 mixed (333 stones)
15:46:27 | WARNING | Skipped 6 rows whose image files are missing
15:46:27 | INFO | Built 993 samples from 333 stones
15:46:27 | INFO | Test holdout: 67 stones (27 pure / 40 mixed, 201 images). Train+val pool: 266 stones (792 images).
15:46:27 | INFO |   Fold 0: train=212 stones (85 pure / 127 mixed, 631 images), val=54 stones (22 pure / 32 mixed, 161 images)
15:46:27 | INFO |   Fold 1: train=213 stones (86 pure / 127 mixed, 634 images), val=53 stones (21 pure / 32 mixed, 158 images)
15:46:27 | INFO |   Fold 2: train=213 stones (86 pure / 127 mixed, 636 images), val=53 stones (21 pure / 32 mixed, 156 images)
15:46:27 | INFO |   Fold 3: train=213 stones (86 pure / 127 mixed, 634 images), val=53 stones (21 pure / 32 mixed, 158 images)
15:46:28 | INFO |   Fold 4: train=213 stones (85 pure / 128 mixed, 633 images), val=53 stones (22 pure / 31 mixed, 159 images)
15:46:28 | INFO | Config snapshot saved to /gpfs/home3/ddboer/umc_thesis/outputs/checkpoints/binary/config_snapshot.yaml
15:46:28 | INFO | Built resnet18 (11,177,538 params total). Pretrained weights: IMAGENET1K_V1
15:46:28 | INFO | Fold 0 — Phase 1: frozen backbone, 5 epochs
15:46:28 | INFO |   Trainable params: 1,026
15:47:19 | INFO |   [frozen] epoch 1/5 | train_loss=0.7776 | val_loss=0.7227 | val_stone_acc=0.593 | val_stone_f1=0.744 | 51s
15:48:09 | INFO |   [frozen] epoch 2/5 | train_loss=0.7824 | val_loss=0.6547 | val_stone_acc=0.593 | val_stone_f1=0.744 | 50s
15:48:58 | INFO |   [frozen] epoch 3/5 | train_loss=0.7346 | val_loss=0.6335 | val_stone_acc=0.648 | val_stone_f1=0.747 | 50s
15:49:48 | INFO |   [frozen] epoch 4/5 | train_loss=0.7419 | val_loss=0.6486 | val_stone_acc=0.611 | val_stone_f1=0.753 | 50s
15:50:37 | INFO |   [frozen] epoch 5/5 | train_loss=0.7036 | val_loss=0.6325 | val_stone_acc=0.648 | val_stone_f1=0.747 | 50s
15:50:37 | INFO |   Trainable params: 11,177,538
15:51:27 | INFO |   [finetune] epoch 1/20 | train_loss=0.7033 | val_loss=0.6333 | val_stone_acc=0.667 | val_stone_f1=0.735 | 49s
15:52:16 | INFO |   [finetune] epoch 2/20 | train_loss=0.6960 | val_loss=0.6314 | val_stone_acc=0.667 | val_stone_f1=0.780 | 49s
15:53:05 | INFO |   [finetune] epoch 3/20 | train_loss=0.6787 | val_loss=0.6224 | val_stone_acc=0.667 | val_stone_f1=0.769 | 49s
15:53:55 | INFO |   [finetune] epoch 4/20 | train_loss=0.6535 | val_loss=0.6218 | val_stone_acc=0.685 | val_stone_f1=0.779 | 49s
15:54:44 | INFO |   [finetune] epoch 5/20 | train_loss=0.6515 | val_loss=0.6229 | val_stone_acc=0.611 | val_stone_f1=0.687 | 49s
15:55:33 | INFO |   [finetune] epoch 6/20 | train_loss=0.6215 | val_loss=0.6231 | val_stone_acc=0.611 | val_stone_f1=0.687 | 50s
15:56:23 | INFO |   [finetune] epoch 7/20 | train_loss=0.6281 | val_loss=0.6274 | val_stone_acc=0.722 | val_stone_f1=0.805 | 49s
15:57:14 | INFO |   [finetune] epoch 8/20 | train_loss=0.6084 | val_loss=0.6288 | val_stone_acc=0.593 | val_stone_f1=0.656 | 51s
15:58:03 | INFO |   [finetune] epoch 9/20 | train_loss=0.6183 | val_loss=0.6418 | val_stone_acc=0.704 | val_stone_f1=0.789 | 49s
15:58:03 | INFO |   Early stopping (no improvement for 5 epochs)
15:58:03 | INFO | Fold 0 done. Best val_loss=0.6218 at epoch 8
15:58:03 | INFO | Built resnet18 (11,177,538 params total). Pretrained weights: IMAGENET1K_V1
15:58:03 | INFO | Fold 1 — Phase 1: frozen backbone, 5 epochs
15:58:03 | INFO |   Trainable params: 1,026
15:58:54 | INFO |   [frozen] epoch 1/5 | train_loss=0.8373 | val_loss=0.7419 | val_stone_acc=0.472 | val_stone_f1=0.548 | 50s
15:59:43 | INFO |   [frozen] epoch 2/5 | train_loss=0.7681 | val_loss=0.7020 | val_stone_acc=0.585 | val_stone_f1=0.703 | 50s
16:00:33 | INFO |   [frozen] epoch 3/5 | train_loss=0.7805 | val_loss=0.6785 | val_stone_acc=0.585 | val_stone_f1=0.718 | 50s
16:01:23 | INFO |   [frozen] epoch 4/5 | train_loss=0.7242 | val_loss=0.6853 | val_stone_acc=0.679 | val_stone_f1=0.738 | 50s
16:02:13 | INFO |   [frozen] epoch 5/5 | train_loss=0.7261 | val_loss=0.6683 | val_stone_acc=0.660 | val_stone_f1=0.750 | 50s
16:02:13 | INFO |   Trainable params: 11,177,538
16:03:04 | INFO |   [finetune] epoch 1/20 | train_loss=0.7466 | val_loss=0.6759 | val_stone_acc=0.623 | val_stone_f1=0.762 | 50s
16:03:54 | INFO |   [finetune] epoch 2/20 | train_loss=0.6928 | val_loss=0.6875 | val_stone_acc=0.604 | val_stone_f1=0.677 | 50s
16:04:44 | INFO |   [finetune] epoch 3/20 | train_loss=0.6768 | val_loss=0.6532 | val_stone_acc=0.642 | val_stone_f1=0.740 | 50s
16:05:34 | INFO |   [finetune] epoch 4/20 | train_loss=0.6629 | val_loss=0.6441 | val_stone_acc=0.585 | val_stone_f1=0.718 | 50s
16:06:24 | INFO |   [finetune] epoch 5/20 | train_loss=0.6553 | val_loss=0.6359 | val_stone_acc=0.717 | val_stone_f1=0.769 | 50s
16:07:14 | INFO |   [finetune] epoch 6/20 | train_loss=0.6645 | val_loss=0.6318 | val_stone_acc=0.660 | val_stone_f1=0.763 | 50s
16:08:04 | INFO |   [finetune] epoch 7/20 | train_loss=0.6469 | val_loss=0.6303 | val_stone_acc=0.642 | val_stone_f1=0.740 | 50s
16:08:54 | INFO |   [finetune] epoch 8/20 | train_loss=0.6334 | val_loss=0.6447 | val_stone_acc=0.679 | val_stone_f1=0.754 | 50s
16:09:44 | INFO |   [finetune] epoch 9/20 | train_loss=0.6487 | val_loss=0.6410 | val_stone_acc=0.660 | val_stone_f1=0.750 | 50s
16:10:34 | INFO |   [finetune] epoch 10/20 | train_loss=0.6162 | val_loss=0.6606 | val_stone_acc=0.717 | val_stone_f1=0.754 | 50s
16:11:24 | INFO |   [finetune] epoch 11/20 | train_loss=0.5947 | val_loss=0.6367 | val_stone_acc=0.717 | val_stone_f1=0.783 | 50s
16:12:14 | INFO |   [finetune] epoch 12/20 | train_loss=0.6094 | val_loss=0.6277 | val_stone_acc=0.698 | val_stone_f1=0.765 | 50s
16:13:04 | INFO |   [finetune] epoch 13/20 | train_loss=0.5845 | val_loss=0.6247 | val_stone_acc=0.698 | val_stone_f1=0.765 | 50s
16:13:54 | INFO |   [finetune] epoch 14/20 | train_loss=0.5643 | val_loss=0.6258 | val_stone_acc=0.755 | val_stone_f1=0.800 | 50s
16:14:44 | INFO |   [finetune] epoch 15/20 | train_loss=0.6107 | val_loss=0.6256 | val_stone_acc=0.755 | val_stone_f1=0.806 | 50s
16:15:34 | INFO |   [finetune] epoch 16/20 | train_loss=0.5399 | val_loss=0.6180 | val_stone_acc=0.736 | val_stone_f1=0.794 | 50s
16:16:25 | INFO |   [finetune] epoch 17/20 | train_loss=0.5630 | val_loss=0.6559 | val_stone_acc=0.755 | val_stone_f1=0.794 | 50s
16:17:15 | INFO |   [finetune] epoch 18/20 | train_loss=0.5362 | val_loss=0.6351 | val_stone_acc=0.717 | val_stone_f1=0.789 | 50s
16:18:04 | INFO |   [finetune] epoch 19/20 | train_loss=0.5708 | val_loss=0.6689 | val_stone_acc=0.585 | val_stone_f1=0.607 | 50s
16:18:54 | INFO |   [finetune] epoch 20/20 | train_loss=0.5482 | val_loss=0.6192 | val_stone_acc=0.717 | val_stone_f1=0.776 | 50s
16:18:54 | INFO | Fold 1 done. Best val_loss=0.6180 at epoch 20
16:18:55 | INFO | Built resnet18 (11,177,538 params total). Pretrained weights: IMAGENET1K_V1
16:18:55 | INFO | Fold 2 — Phase 1: frozen backbone, 5 epochs
16:18:55 | INFO |   Trainable params: 1,026
16:19:45 | INFO |   [frozen] epoch 1/5 | train_loss=0.7638 | val_loss=0.6638 | val_stone_acc=0.623 | val_stone_f1=0.750 | 50s
16:20:34 | INFO |   [frozen] epoch 2/5 | train_loss=0.7679 | val_loss=0.7223 | val_stone_acc=0.604 | val_stone_f1=0.753 | 49s
16:21:23 | INFO |   [frozen] epoch 3/5 | train_loss=0.7625 | val_loss=0.6854 | val_stone_acc=0.604 | val_stone_f1=0.727 | 49s
16:22:13 | INFO |   [frozen] epoch 4/5 | train_loss=0.7510 | val_loss=0.6783 | val_stone_acc=0.642 | val_stone_f1=0.740 | 49s
16:23:02 | INFO |   [frozen] epoch 5/5 | train_loss=0.7283 | val_loss=0.6651 | val_stone_acc=0.660 | val_stone_f1=0.775 | 49s
16:23:02 | INFO |   Trainable params: 11,177,538
16:23:51 | INFO |   [finetune] epoch 1/20 | train_loss=0.7089 | val_loss=0.6689 | val_stone_acc=0.623 | val_stone_f1=0.756 | 49s
16:24:41 | INFO |   [finetune] epoch 2/20 | train_loss=0.7266 | val_loss=0.6597 | val_stone_acc=0.604 | val_stone_f1=0.747 | 49s
16:25:30 | INFO |   [finetune] epoch 3/20 | train_loss=0.6835 | val_loss=0.6516 | val_stone_acc=0.698 | val_stone_f1=0.795 | 49s
16:26:19 | INFO |   [finetune] epoch 4/20 | train_loss=0.6796 | val_loss=0.6474 | val_stone_acc=0.717 | val_stone_f1=0.805 | 49s
16:27:09 | INFO |   [finetune] epoch 5/20 | train_loss=0.6412 | val_loss=0.6385 | val_stone_acc=0.717 | val_stone_f1=0.805 | 49s
16:27:58 | INFO |   [finetune] epoch 6/20 | train_loss=0.6445 | val_loss=0.6366 | val_stone_acc=0.698 | val_stone_f1=0.795 | 49s
16:28:47 | INFO |   [finetune] epoch 7/20 | train_loss=0.6232 | val_loss=0.6248 | val_stone_acc=0.698 | val_stone_f1=0.795 | 49s
16:29:37 | INFO |   [finetune] epoch 8/20 | train_loss=0.6183 | val_loss=0.6247 | val_stone_acc=0.660 | val_stone_f1=0.757 | 49s
16:30:26 | INFO |   [finetune] epoch 9/20 | train_loss=0.6064 | val_loss=0.6375 | val_stone_acc=0.755 | val_stone_f1=0.806 | 49s
16:31:15 | INFO |   [finetune] epoch 10/20 | train_loss=0.5787 | val_loss=0.6176 | val_stone_acc=0.698 | val_stone_f1=0.795 | 49s
16:32:04 | INFO |   [finetune] epoch 11/20 | train_loss=0.6058 | val_loss=0.6160 | val_stone_acc=0.736 | val_stone_f1=0.811 | 49s
16:32:54 | INFO |   [finetune] epoch 12/20 | train_loss=0.5998 | val_loss=0.6167 | val_stone_acc=0.679 | val_stone_f1=0.779 | 49s
16:33:43 | INFO |   [finetune] epoch 13/20 | train_loss=0.5926 | val_loss=0.6202 | val_stone_acc=0.717 | val_stone_f1=0.789 | 49s
16:34:32 | INFO |   [finetune] epoch 14/20 | train_loss=0.5563 | val_loss=0.6101 | val_stone_acc=0.679 | val_stone_f1=0.785 | 49s
16:35:22 | INFO |   [finetune] epoch 15/20 | train_loss=0.5762 | val_loss=0.6275 | val_stone_acc=0.717 | val_stone_f1=0.769 | 49s
16:36:11 | INFO |   [finetune] epoch 16/20 | train_loss=0.5722 | val_loss=0.5947 | val_stone_acc=0.717 | val_stone_f1=0.805 | 49s
16:37:00 | INFO |   [finetune] epoch 17/20 | train_loss=0.5262 | val_loss=0.5976 | val_stone_acc=0.717 | val_stone_f1=0.805 | 49s
16:37:49 | INFO |   [finetune] epoch 18/20 | train_loss=0.5351 | val_loss=0.6008 | val_stone_acc=0.717 | val_stone_f1=0.795 | 49s
16:38:38 | INFO |   [finetune] epoch 19/20 | train_loss=0.5177 | val_loss=0.6037 | val_stone_acc=0.717 | val_stone_f1=0.800 | 49s
16:39:28 | INFO |   [finetune] epoch 20/20 | train_loss=0.5536 | val_loss=0.6223 | val_stone_acc=0.755 | val_stone_f1=0.806 | 49s
16:39:28 | INFO | Fold 2 done. Best val_loss=0.5947 at epoch 20
16:39:28 | INFO | Built resnet18 (11,177,538 params total). Pretrained weights: IMAGENET1K_V1
16:39:28 | INFO | Fold 3 — Phase 1: frozen backbone, 5 epochs
16:39:28 | INFO |   Trainable params: 1,026
16:40:19 | INFO |   [frozen] epoch 1/5 | train_loss=0.7656 | val_loss=0.7135 | val_stone_acc=0.509 | val_stone_f1=0.567 | 51s
16:41:09 | INFO |   [frozen] epoch 2/5 | train_loss=0.7621 | val_loss=0.7061 | val_stone_acc=0.547 | val_stone_f1=0.556 | 50s
16:41:59 | INFO |   [frozen] epoch 3/5 | train_loss=0.7160 | val_loss=0.6766 | val_stone_acc=0.566 | val_stone_f1=0.693 | 50s
16:42:49 | INFO |   [frozen] epoch 4/5 | train_loss=0.6979 | val_loss=0.6569 | val_stone_acc=0.623 | val_stone_f1=0.744 | 50s
16:43:40 | INFO |   [frozen] epoch 5/5 | train_loss=0.6926 | val_loss=0.6566 | val_stone_acc=0.623 | val_stone_f1=0.688 | 50s
16:43:40 | INFO |   Trainable params: 11,177,538
16:44:30 | INFO |   [finetune] epoch 1/20 | train_loss=0.7124 | val_loss=0.6564 | val_stone_acc=0.623 | val_stone_f1=0.706 | 50s
16:45:20 | INFO |   [finetune] epoch 2/20 | train_loss=0.6673 | val_loss=0.6614 | val_stone_acc=0.642 | val_stone_f1=0.698 | 50s
16:46:10 | INFO |   [finetune] epoch 3/20 | train_loss=0.6621 | val_loss=0.6481 | val_stone_acc=0.698 | val_stone_f1=0.765 | 50s
16:47:00 | INFO |   [finetune] epoch 4/20 | train_loss=0.6644 | val_loss=0.6487 | val_stone_acc=0.660 | val_stone_f1=0.727 | 50s
16:47:50 | INFO |   [finetune] epoch 5/20 | train_loss=0.6236 | val_loss=0.6412 | val_stone_acc=0.679 | val_stone_f1=0.754 | 50s
16:48:40 | INFO |   [finetune] epoch 6/20 | train_loss=0.6300 | val_loss=0.6600 | val_stone_acc=0.547 | val_stone_f1=0.586 | 50s
16:49:30 | INFO |   [finetune] epoch 7/20 | train_loss=0.6243 | val_loss=0.6546 | val_stone_acc=0.547 | val_stone_f1=0.600 | 50s
16:50:20 | INFO |   [finetune] epoch 8/20 | train_loss=0.6554 | val_loss=0.6350 | val_stone_acc=0.623 | val_stone_f1=0.697 | 50s
16:51:11 | INFO |   [finetune] epoch 9/20 | train_loss=0.6181 | val_loss=0.6351 | val_stone_acc=0.679 | val_stone_f1=0.767 | 50s
16:52:01 | INFO |   [finetune] epoch 10/20 | train_loss=0.6073 | val_loss=0.6383 | val_stone_acc=0.604 | val_stone_f1=0.667 | 50s
16:52:51 | INFO |   [finetune] epoch 11/20 | train_loss=0.5777 | val_loss=0.6499 | val_stone_acc=0.604 | val_stone_f1=0.696 | 50s
16:53:41 | INFO |   [finetune] epoch 12/20 | train_loss=0.5636 | val_loss=0.7028 | val_stone_acc=0.566 | val_stone_f1=0.582 | 50s
16:54:31 | INFO |   [finetune] epoch 13/20 | train_loss=0.5822 | val_loss=0.6564 | val_stone_acc=0.679 | val_stone_f1=0.754 | 50s
16:54:31 | INFO |   Early stopping (no improvement for 5 epochs)
16:54:31 | INFO | Fold 3 done. Best val_loss=0.6350 at epoch 12
16:54:32 | INFO | Built resnet18 (11,177,538 params total). Pretrained weights: IMAGENET1K_V1
16:54:32 | INFO | Fold 4 — Phase 1: frozen backbone, 5 epochs
16:54:32 | INFO |   Trainable params: 1,026
16:55:22 | INFO |   [frozen] epoch 1/5 | train_loss=0.7730 | val_loss=0.6692 | val_stone_acc=0.604 | val_stone_f1=0.747 | 50s
16:56:12 | INFO |   [frozen] epoch 2/5 | train_loss=0.7668 | val_loss=0.6866 | val_stone_acc=0.585 | val_stone_f1=0.577 | 50s
16:57:01 | INFO |   [frozen] epoch 3/5 | train_loss=0.7323 | val_loss=0.6659 | val_stone_acc=0.585 | val_stone_f1=0.725 | 50s
16:57:51 | INFO |   [frozen] epoch 4/5 | train_loss=0.7036 | val_loss=0.6674 | val_stone_acc=0.585 | val_stone_f1=0.725 | 50s
16:58:41 | INFO |   [frozen] epoch 5/5 | train_loss=0.7353 | val_loss=0.6704 | val_stone_acc=0.528 | val_stone_f1=0.561 | 50s
16:58:41 | INFO |   Trainable params: 11,177,538
16:59:31 | INFO |   [finetune] epoch 1/20 | train_loss=0.6939 | val_loss=0.6602 | val_stone_acc=0.585 | val_stone_f1=0.694 | 50s
17:00:20 | INFO |   [finetune] epoch 2/20 | train_loss=0.6972 | val_loss=0.6670 | val_stone_acc=0.566 | val_stone_f1=0.676 | 49s
17:01:10 | INFO |   [finetune] epoch 3/20 | train_loss=0.6744 | val_loss=0.6711 | val_stone_acc=0.566 | val_stone_f1=0.701 | 50s
17:01:59 | INFO |   [finetune] epoch 4/20 | train_loss=0.6408 | val_loss=0.6587 | val_stone_acc=0.642 | val_stone_f1=0.740 | 50s
17:02:49 | INFO |   [finetune] epoch 5/20 | train_loss=0.6597 | val_loss=0.6448 | val_stone_acc=0.660 | val_stone_f1=0.763 | 50s
17:03:39 | INFO |   [finetune] epoch 6/20 | train_loss=0.6338 | val_loss=0.6377 | val_stone_acc=0.547 | val_stone_f1=0.625 | 50s
17:04:28 | INFO |   [finetune] epoch 7/20 | train_loss=0.6159 | val_loss=0.6351 | val_stone_acc=0.623 | val_stone_f1=0.730 | 50s
17:05:18 | INFO |   [finetune] epoch 8/20 | train_loss=0.5894 | val_loss=0.6291 | val_stone_acc=0.604 | val_stone_f1=0.677 | 49s
17:06:07 | INFO |   [finetune] epoch 9/20 | train_loss=0.5731 | val_loss=0.6246 | val_stone_acc=0.642 | val_stone_f1=0.716 | 50s
17:06:57 | INFO |   [finetune] epoch 10/20 | train_loss=0.6012 | val_loss=0.6333 | val_stone_acc=0.604 | val_stone_f1=0.704 | 50s
17:07:47 | INFO |   [finetune] epoch 11/20 | train_loss=0.6191 | val_loss=0.6418 | val_stone_acc=0.623 | val_stone_f1=0.677 | 50s
17:08:37 | INFO |   [finetune] epoch 12/20 | train_loss=0.5704 | val_loss=0.6608 | val_stone_acc=0.660 | val_stone_f1=0.679 | 50s
17:09:26 | INFO |   [finetune] epoch 13/20 | train_loss=0.5671 | val_loss=0.6610 | val_stone_acc=0.623 | val_stone_f1=0.655 | 50s
17:10:16 | INFO |   [finetune] epoch 14/20 | train_loss=0.5423 | val_loss=0.6516 | val_stone_acc=0.623 | val_stone_f1=0.677 | 50s
17:10:16 | INFO |   Early stopping (no improvement for 5 epochs)
17:10:16 | INFO | Fold 4 done. Best val_loss=0.6246 at epoch 13
17:10:16 | INFO | Cross-fold summary:
17:10:16 | INFO | === Held-out test set evaluation ===
17:10:16 | INFO | Built resnet18 (11,177,538 params total). Pretrained weights: IMAGENET1K_V1
17:10:33 | INFO |   Fold 0 test: stone_acc=0.627 | stone_f1=0.752 | stone_roc_auc=0.585
17:10:33 | INFO | Built resnet18 (11,177,538 params total). Pretrained weights: IMAGENET1K_V1
17:10:50 | INFO |   Fold 1 test: stone_acc=0.746 | stone_f1=0.817 | stone_roc_auc=0.741
17:10:50 | INFO | Built resnet18 (11,177,538 params total). Pretrained weights: IMAGENET1K_V1
17:11:07 | INFO |   Fold 2 test: stone_acc=0.657 | stone_f1=0.758 | stone_roc_auc=0.593
17:11:07 | INFO | Built resnet18 (11,177,538 params total). Pretrained weights: IMAGENET1K_V1
17:11:23 | INFO |   Fold 3 test: stone_acc=0.597 | stone_f1=0.716 | stone_roc_auc=0.594
17:11:23 | INFO | Built resnet18 (11,177,538 params total). Pretrained weights: IMAGENET1K_V1
17:11:40 | INFO |   Fold 4 test: stone_acc=0.612 | stone_f1=0.735 | stone_roc_auc=0.582
17:11:40 | INFO | Test set summary (mean ± std across folds):
17:11:40 | INFO |   stone_accuracy: 0.648 ± 0.059
17:11:40 | INFO |   stone_f1: 0.756 ± 0.038
17:11:40 | INFO |   stone_roc_auc: 0.619 ± 0.068
17:11:45 | INFO | Device: cuda
17:11:45 | INFO | cuDNN benchmark enabled
17:11:47 | INFO | Recomputed labels at 90.0% threshold: 588 pure / 411 mixed (333 stones)
17:11:47 | WARNING | Skipped 6 rows whose image files are missing
17:11:47 | INFO | Built 993 samples from 333 stones
17:11:47 | INFO | Test holdout: 67 stones (39 pure / 28 mixed, 200 images). Train+val pool: 266 stones (793 images).
17:11:48 | INFO |   Fold 0: train=212 stones (125 pure / 87 mixed, 634 images), val=54 stones (32 pure / 22 mixed, 159 images)
17:11:48 | INFO |   Fold 1: train=213 stones (126 pure / 87 mixed, 635 images), val=53 stones (31 pure / 22 mixed, 158 images)
17:11:48 | INFO |   Fold 2: train=213 stones (126 pure / 87 mixed, 634 images), val=53 stones (31 pure / 22 mixed, 159 images)
17:11:48 | INFO |   Fold 3: train=213 stones (126 pure / 87 mixed, 635 images), val=53 stones (31 pure / 22 mixed, 158 images)
17:11:48 | INFO |   Fold 4: train=213 stones (125 pure / 88 mixed, 634 images), val=53 stones (32 pure / 21 mixed, 159 images)
17:11:48 | INFO | Config snapshot saved to /gpfs/home3/ddboer/umc_thesis/outputs/checkpoints/binary_t90/config_snapshot.yaml
17:11:48 | INFO | Built resnet18 (11,177,538 params total). Pretrained weights: IMAGENET1K_V1
17:11:48 | INFO | Fold 0 — Phase 1: frozen backbone, 5 epochs
17:11:48 | INFO |   Trainable params: 1,026
17:12:38 | INFO |   [frozen] epoch 1/5 | train_loss=0.8195 | val_loss=0.8131 | val_stone_acc=0.463 | val_stone_f1=0.603 | 50s
17:13:28 | INFO |   [frozen] epoch 2/5 | train_loss=0.7713 | val_loss=0.6804 | val_stone_acc=0.611 | val_stone_f1=0.400 | 50s
17:14:19 | INFO |   [frozen] epoch 3/5 | train_loss=0.7484 | val_loss=0.6751 | val_stone_acc=0.611 | val_stone_f1=0.087 | 51s
17:15:09 | INFO |   [frozen] epoch 4/5 | train_loss=0.7388 | val_loss=0.6600 | val_stone_acc=0.519 | val_stone_f1=0.316 | 50s
17:16:00 | INFO |   [frozen] epoch 5/5 | train_loss=0.7231 | val_loss=0.6625 | val_stone_acc=0.519 | val_stone_f1=0.316 | 50s
17:16:00 | INFO |   Trainable params: 11,177,538
17:16:50 | INFO |   [finetune] epoch 1/20 | train_loss=0.6864 | val_loss=0.6856 | val_stone_acc=0.593 | val_stone_f1=0.214 | 50s
17:17:40 | INFO |   [finetune] epoch 2/20 | train_loss=0.6963 | val_loss=0.6699 | val_stone_acc=0.574 | val_stone_f1=0.343 | 50s
17:18:30 | INFO |   [finetune] epoch 3/20 | train_loss=0.6648 | val_loss=0.6789 | val_stone_acc=0.556 | val_stone_f1=0.368 | 50s
17:19:19 | INFO |   [finetune] epoch 4/20 | train_loss=0.6760 | val_loss=0.6823 | val_stone_acc=0.593 | val_stone_f1=0.353 | 50s
17:20:09 | INFO |   [finetune] epoch 5/20 | train_loss=0.6719 | val_loss=0.7008 | val_stone_acc=0.556 | val_stone_f1=0.077 | 50s
17:20:58 | INFO |   [finetune] epoch 6/20 | train_loss=0.6403 | val_loss=0.6716 | val_stone_acc=0.574 | val_stone_f1=0.303 | 50s
17:21:55 | INFO |   [finetune] epoch 7/20 | train_loss=0.6359 | val_loss=0.7336 | val_stone_acc=0.574 | val_stone_f1=0.080 | 56s
17:21:55 | INFO |   Early stopping (no improvement for 5 epochs)
17:21:55 | INFO | Fold 0 done. Best val_loss=0.6699 at epoch 6
17:21:56 | INFO | Built resnet18 (11,177,538 params total). Pretrained weights: IMAGENET1K_V1
17:21:56 | INFO | Fold 1 — Phase 1: frozen backbone, 5 epochs
17:21:56 | INFO |   Trainable params: 1,026
17:22:51 | INFO |   [frozen] epoch 1/5 | train_loss=0.8027 | val_loss=0.6728 | val_stone_acc=0.604 | val_stone_f1=0.323 | 54s
17:23:49 | INFO |   [frozen] epoch 2/5 | train_loss=0.7706 | val_loss=0.6797 | val_stone_acc=0.604 | val_stone_f1=0.087 | 58s
17:24:48 | INFO |   [frozen] epoch 3/5 | train_loss=0.7442 | val_loss=0.7104 | val_stone_acc=0.585 | val_stone_f1=0.000 | 59s
17:25:44 | INFO |   [frozen] epoch 4/5 | train_loss=0.7489 | val_loss=0.6715 | val_stone_acc=0.604 | val_stone_f1=0.087 | 56s
17:26:38 | INFO |   [frozen] epoch 5/5 | train_loss=0.7192 | val_loss=0.6921 | val_stone_acc=0.585 | val_stone_f1=0.000 | 53s
17:26:38 | INFO |   Trainable params: 11,177,538
17:27:36 | INFO |   [finetune] epoch 1/20 | train_loss=0.7174 | val_loss=0.6629 | val_stone_acc=0.604 | val_stone_f1=0.364 | 58s
17:28:32 | INFO |   [finetune] epoch 2/20 | train_loss=0.7134 | val_loss=0.6989 | val_stone_acc=0.585 | val_stone_f1=0.000 | 55s
17:29:27 | INFO |   [finetune] epoch 3/20 | train_loss=0.6828 | val_loss=0.6622 | val_stone_acc=0.604 | val_stone_f1=0.222 | 55s
17:30:19 | INFO |   [finetune] epoch 4/20 | train_loss=0.6795 | val_loss=0.6633 | val_stone_acc=0.679 | val_stone_f1=0.414 | 52s
17:31:10 | INFO |   [finetune] epoch 5/20 | train_loss=0.6681 | val_loss=0.6939 | val_stone_acc=0.604 | val_stone_f1=0.087 | 51s
17:32:03 | INFO |   [finetune] epoch 6/20 | train_loss=0.6589 | val_loss=0.6567 | val_stone_acc=0.660 | val_stone_f1=0.357 | 53s
17:32:57 | INFO |   [finetune] epoch 7/20 | train_loss=0.6707 | val_loss=0.6765 | val_stone_acc=0.604 | val_stone_f1=0.087 | 54s
17:33:50 | INFO |   [finetune] epoch 8/20 | train_loss=0.6132 | val_loss=0.6512 | val_stone_acc=0.642 | val_stone_f1=0.296 | 53s
17:34:42 | INFO |   [finetune] epoch 9/20 | train_loss=0.6005 | val_loss=0.6701 | val_stone_acc=0.623 | val_stone_f1=0.167 | 52s
17:35:33 | INFO |   [finetune] epoch 10/20 | train_loss=0.6340 | val_loss=0.6519 | val_stone_acc=0.623 | val_stone_f1=0.231 | 51s
17:36:25 | INFO |   [finetune] epoch 11/20 | train_loss=0.5937 | val_loss=0.6556 | val_stone_acc=0.623 | val_stone_f1=0.231 | 52s
17:37:17 | INFO |   [finetune] epoch 12/20 | train_loss=0.5769 | val_loss=0.6464 | val_stone_acc=0.660 | val_stone_f1=0.357 | 52s
17:38:09 | INFO |   [finetune] epoch 13/20 | train_loss=0.5903 | val_loss=0.6550 | val_stone_acc=0.660 | val_stone_f1=0.308 | 52s
17:39:05 | INFO |   [finetune] epoch 14/20 | train_loss=0.5902 | val_loss=0.6467 | val_stone_acc=0.642 | val_stone_f1=0.296 | 55s
17:39:58 | INFO |   [finetune] epoch 15/20 | train_loss=0.5603 | val_loss=0.6256 | val_stone_acc=0.642 | val_stone_f1=0.387 | 53s
17:40:51 | INFO |   [finetune] epoch 16/20 | train_loss=0.5800 | val_loss=0.6341 | val_stone_acc=0.660 | val_stone_f1=0.357 | 52s
17:41:43 | INFO |   [finetune] epoch 17/20 | train_loss=0.6140 | val_loss=0.6112 | val_stone_acc=0.660 | val_stone_f1=0.591 | 52s
17:42:35 | INFO |   [finetune] epoch 18/20 | train_loss=0.6244 | val_loss=0.6811 | val_stone_acc=0.660 | val_stone_f1=0.308 | 52s
17:43:29 | INFO |   [finetune] epoch 19/20 | train_loss=0.5412 | val_loss=0.6279 | val_stone_acc=0.623 | val_stone_f1=0.375 | 54s
17:44:21 | INFO |   [finetune] epoch 20/20 | train_loss=0.5746 | val_loss=0.6362 | val_stone_acc=0.623 | val_stone_f1=0.375 | 53s
17:44:21 | INFO | Fold 1 done. Best val_loss=0.6112 at epoch 21
17:44:22 | INFO | Built resnet18 (11,177,538 params total). Pretrained weights: IMAGENET1K_V1
17:44:22 | INFO | Fold 2 — Phase 1: frozen backbone, 5 epochs
17:44:22 | INFO |   Trainable params: 1,026
17:45:14 | INFO |   [frozen] epoch 1/5 | train_loss=0.7928 | val_loss=0.7139 | val_stone_acc=0.566 | val_stone_f1=0.000 | 52s
17:46:07 | INFO |   [frozen] epoch 2/5 | train_loss=0.7616 | val_loss=0.7113 | val_stone_acc=0.528 | val_stone_f1=0.359 | 52s
17:46:59 | INFO |   [frozen] epoch 3/5 | train_loss=0.7359 | val_loss=0.6882 | val_stone_acc=0.604 | val_stone_f1=0.222 | 52s
17:47:51 | INFO |   [frozen] epoch 4/5 | train_loss=0.7379 | val_loss=0.6805 | val_stone_acc=0.566 | val_stone_f1=0.148 | 51s
17:48:40 | INFO |   [frozen] epoch 5/5 | train_loss=0.6857 | val_loss=0.6763 | val_stone_acc=0.623 | val_stone_f1=0.375 | 49s
17:48:40 | INFO |   Trainable params: 11,177,538
17:49:28 | INFO |   [finetune] epoch 1/20 | train_loss=0.7155 | val_loss=0.6903 | val_stone_acc=0.528 | val_stone_f1=0.510 | 48s
17:50:17 | INFO |   [finetune] epoch 2/20 | train_loss=0.6976 | val_loss=0.6749 | val_stone_acc=0.623 | val_stone_f1=0.231 | 48s
17:51:05 | INFO |   [finetune] epoch 3/20 | train_loss=0.6825 | val_loss=0.6777 | val_stone_acc=0.604 | val_stone_f1=0.276 | 48s
17:51:53 | INFO |   [finetune] epoch 4/20 | train_loss=0.7121 | val_loss=0.6762 | val_stone_acc=0.585 | val_stone_f1=0.522 | 48s
17:52:41 | INFO |   [finetune] epoch 5/20 | train_loss=0.6283 | val_loss=0.6835 | val_stone_acc=0.604 | val_stone_f1=0.222 | 48s
17:53:29 | INFO |   [finetune] epoch 6/20 | train_loss=0.6201 | val_loss=0.6649 | val_stone_acc=0.623 | val_stone_f1=0.412 | 48s
17:54:17 | INFO |   [finetune] epoch 7/20 | train_loss=0.6249 | val_loss=0.6618 | val_stone_acc=0.604 | val_stone_f1=0.400 | 48s
17:55:06 | INFO |   [finetune] epoch 8/20 | train_loss=0.6274 | val_loss=0.6661 | val_stone_acc=0.604 | val_stone_f1=0.323 | 48s
17:55:54 | INFO |   [finetune] epoch 9/20 | train_loss=0.5830 | val_loss=0.6613 | val_stone_acc=0.623 | val_stone_f1=0.412 | 48s
17:56:42 | INFO |   [finetune] epoch 10/20 | train_loss=0.5930 | val_loss=0.6697 | val_stone_acc=0.604 | val_stone_f1=0.364 | 48s
17:57:30 | INFO |   [finetune] epoch 11/20 | train_loss=0.5792 | val_loss=0.6903 | val_stone_acc=0.604 | val_stone_f1=0.323 | 48s
17:58:18 | INFO |   [finetune] epoch 12/20 | train_loss=0.5848 | val_loss=0.6858 | val_stone_acc=0.585 | val_stone_f1=0.542 | 48s
17:59:06 | INFO |   [finetune] epoch 13/20 | train_loss=0.5875 | val_loss=0.6686 | val_stone_acc=0.604 | val_stone_f1=0.488 | 48s
17:59:55 | INFO |   [finetune] epoch 14/20 | train_loss=0.5549 | val_loss=0.6743 | val_stone_acc=0.604 | val_stone_f1=0.432 | 48s
17:59:55 | INFO |   Early stopping (no improvement for 5 epochs)
17:59:55 | INFO | Fold 2 done. Best val_loss=0.6613 at epoch 13
17:59:55 | INFO | Built resnet18 (11,177,538 params total). Pretrained weights: IMAGENET1K_V1
17:59:55 | INFO | Fold 3 — Phase 1: frozen backbone, 5 epochs
17:59:55 | INFO |   Trainable params: 1,026
18:00:46 | INFO |   [frozen] epoch 1/5 | train_loss=0.8094 | val_loss=0.7316 | val_stone_acc=0.453 | val_stone_f1=0.567 | 51s
18:01:36 | INFO |   [frozen] epoch 2/5 | train_loss=0.7974 | val_loss=0.6693 | val_stone_acc=0.585 | val_stone_f1=0.214 | 50s
18:02:26 | INFO |   [frozen] epoch 3/5 | train_loss=0.7419 | val_loss=0.6676 | val_stone_acc=0.585 | val_stone_f1=0.000 | 50s
18:03:16 | INFO |   [frozen] epoch 4/5 | train_loss=0.7355 | val_loss=0.6556 | val_stone_acc=0.642 | val_stone_f1=0.457 | 50s
18:04:06 | INFO |   [frozen] epoch 5/5 | train_loss=0.7441 | val_loss=0.6827 | val_stone_acc=0.604 | val_stone_f1=0.087 | 49s
18:04:06 | INFO |   Trainable params: 11,177,538
18:04:55 | INFO |   [finetune] epoch 1/20 | train_loss=0.7379 | val_loss=0.6536 | val_stone_acc=0.623 | val_stone_f1=0.444 | 49s
18:05:44 | INFO |   [finetune] epoch 2/20 | train_loss=0.6977 | val_loss=0.6697 | val_stone_acc=0.566 | val_stone_f1=0.080 | 49s
18:06:33 | INFO |   [finetune] epoch 3/20 | train_loss=0.6601 | val_loss=0.6740 | val_stone_acc=0.585 | val_stone_f1=0.154 | 49s
18:07:22 | INFO |   [finetune] epoch 4/20 | train_loss=0.6684 | val_loss=0.6960 | val_stone_acc=0.604 | val_stone_f1=0.087 | 49s
18:08:12 | INFO |   [finetune] epoch 5/20 | train_loss=0.6458 | val_loss=0.6604 | val_stone_acc=0.660 | val_stone_f1=0.438 | 49s
18:09:01 | INFO |   [finetune] epoch 6/20 | train_loss=0.6361 | val_loss=0.6735 | val_stone_acc=0.604 | val_stone_f1=0.160 | 50s
18:09:01 | INFO |   Early stopping (no improvement for 5 epochs)
18:09:01 | INFO | Fold 3 done. Best val_loss=0.6536 at epoch 5
18:09:02 | INFO | Built resnet18 (11,177,538 params total). Pretrained weights: IMAGENET1K_V1
18:09:02 | INFO | Fold 4 — Phase 1: frozen backbone, 5 epochs
18:09:02 | INFO |   Trainable params: 1,026
18:09:52 | INFO |   [frozen] epoch 1/5 | train_loss=0.8233 | val_loss=0.7549 | val_stone_acc=0.453 | val_stone_f1=0.508 | 50s
18:10:42 | INFO |   [frozen] epoch 2/5 | train_loss=0.7869 | val_loss=0.7400 | val_stone_acc=0.604 | val_stone_f1=0.000 | 50s
18:11:32 | INFO |   [frozen] epoch 3/5 | train_loss=0.7394 | val_loss=0.6847 | val_stone_acc=0.585 | val_stone_f1=0.450 | 50s
18:12:21 | INFO |   [frozen] epoch 4/5 | train_loss=0.7322 | val_loss=0.6941 | val_stone_acc=0.585 | val_stone_f1=0.154 | 50s
18:13:11 | INFO |   [frozen] epoch 5/5 | train_loss=0.7066 | val_loss=0.6644 | val_stone_acc=0.566 | val_stone_f1=0.343 | 50s
18:13:11 | INFO |   Trainable params: 11,177,538
18:14:01 | INFO |   [finetune] epoch 1/20 | train_loss=0.7188 | val_loss=0.6856 | val_stone_acc=0.604 | val_stone_f1=0.160 | 50s
18:14:50 | INFO |   [finetune] epoch 2/20 | train_loss=0.7150 | val_loss=0.6820 | val_stone_acc=0.585 | val_stone_f1=0.083 | 50s
18:15:40 | INFO |   [finetune] epoch 3/20 | train_loss=0.6888 | val_loss=0.6546 | val_stone_acc=0.566 | val_stone_f1=0.303 | 50s
18:16:30 | INFO |   [finetune] epoch 4/20 | train_loss=0.6534 | val_loss=0.6643 | val_stone_acc=0.585 | val_stone_f1=0.214 | 50s
18:17:20 | INFO |   [finetune] epoch 5/20 | train_loss=0.6323 | val_loss=0.6582 | val_stone_acc=0.642 | val_stone_f1=0.486 | 50s
18:18:10 | INFO |   [finetune] epoch 6/20 | train_loss=0.6249 | val_loss=0.6630 | val_stone_acc=0.547 | val_stone_f1=0.200 | 50s
18:18:59 | INFO |   [finetune] epoch 7/20 | train_loss=0.6542 | val_loss=0.6525 | val_stone_acc=0.585 | val_stone_f1=0.312 | 50s
18:19:49 | INFO |   [finetune] epoch 8/20 | train_loss=0.6027 | val_loss=0.6545 | val_stone_acc=0.623 | val_stone_f1=0.444 | 50s
18:20:39 | INFO |   [finetune] epoch 9/20 | train_loss=0.6236 | val_loss=0.6615 | val_stone_acc=0.604 | val_stone_f1=0.323 | 50s
18:21:28 | INFO |   [finetune] epoch 10/20 | train_loss=0.6123 | val_loss=0.6639 | val_stone_acc=0.585 | val_stone_f1=0.450 | 50s
18:22:18 | INFO |   [finetune] epoch 11/20 | train_loss=0.5962 | val_loss=0.7078 | val_stone_acc=0.566 | val_stone_f1=0.080 | 50s
18:23:08 | INFO |   [finetune] epoch 12/20 | train_loss=0.5664 | val_loss=0.6564 | val_stone_acc=0.604 | val_stone_f1=0.488 | 50s
18:23:08 | INFO |   Early stopping (no improvement for 5 epochs)
18:23:08 | INFO | Fold 4 done. Best val_loss=0.6525 at epoch 11
18:23:08 | INFO | Cross-fold summary:
18:23:08 | INFO | === Held-out test set evaluation ===
18:23:09 | INFO | Built resnet18 (11,177,538 params total). Pretrained weights: IMAGENET1K_V1
18:23:26 | INFO |   Fold 0 test: stone_acc=0.612 | stone_f1=0.350 | stone_roc_auc=0.577
18:23:26 | INFO | Built resnet18 (11,177,538 params total). Pretrained weights: IMAGENET1K_V1
18:23:43 | INFO |   Fold 1 test: stone_acc=0.522 | stone_f1=0.429 | stone_roc_auc=0.560
18:23:43 | INFO | Built resnet18 (11,177,538 params total). Pretrained weights: IMAGENET1K_V1
18:24:00 | INFO |   Fold 2 test: stone_acc=0.657 | stone_f1=0.465 | stone_roc_auc=0.685
18:24:00 | INFO | Built resnet18 (11,177,538 params total). Pretrained weights: IMAGENET1K_V1
18:24:17 | INFO |   Fold 3 test: stone_acc=0.612 | stone_f1=0.458 | stone_roc_auc=0.647
18:24:17 | INFO | Built resnet18 (11,177,538 params total). Pretrained weights: IMAGENET1K_V1
18:24:34 | INFO |   Fold 4 test: stone_acc=0.612 | stone_f1=0.381 | stone_roc_auc=0.631
18:24:34 | INFO | Test set summary (mean ± std across folds):
18:24:34 | INFO |   stone_accuracy: 0.603 ± 0.049
18:24:34 | INFO |   stone_f1: 0.417 ± 0.050
18:24:34 | INFO |   stone_roc_auc: 0.620 ± 0.051
18:24:41 | INFO | Device: cuda
18:24:41 | INFO | cuDNN benchmark enabled
18:24:45 | INFO | Recomputed labels at 100.0% threshold: 402 pure / 597 mixed (333 stones)
18:24:45 | WARNING | Skipped 6 rows whose image files are missing
18:24:45 | INFO | Built 993 samples from 333 stones
18:24:45 | INFO | Test holdout: 67 stones (27 pure / 40 mixed, 201 images). Train+val pool: 266 stones (792 images).
18:24:45 | INFO | --random-labels: stone-level labels have been shuffled (baseline mode)
18:24:45 | INFO |   Fold 0: train=212 stones (85 pure / 127 mixed, 633 images), val=54 stones (22 pure / 32 mixed, 159 images)
18:24:45 | INFO |   Fold 1: train=213 stones (86 pure / 127 mixed, 634 images), val=53 stones (21 pure / 32 mixed, 158 images)
18:24:45 | INFO |   Fold 2: train=213 stones (86 pure / 127 mixed, 634 images), val=53 stones (21 pure / 32 mixed, 158 images)
18:24:45 | INFO |   Fold 3: train=213 stones (86 pure / 127 mixed, 634 images), val=53 stones (21 pure / 32 mixed, 158 images)
18:24:45 | INFO |   Fold 4: train=213 stones (85 pure / 128 mixed, 633 images), val=53 stones (22 pure / 31 mixed, 159 images)
18:24:45 | INFO | Config snapshot saved to /gpfs/home3/ddboer/umc_thesis/outputs/checkpoints/binary_random/config_snapshot.yaml
18:24:45 | INFO | Built resnet18 (11,177,538 params total). Pretrained weights: IMAGENET1K_V1
18:24:45 | INFO | Fold 0 — Phase 1: frozen backbone, 5 epochs
18:24:45 | INFO |   Trainable params: 1,026
18:25:36 | INFO |   [frozen] epoch 1/5 | train_loss=0.7554 | val_loss=0.6982 | val_stone_acc=0.537 | val_stone_f1=0.638 | 51s
18:26:26 | INFO |   [frozen] epoch 2/5 | train_loss=0.7556 | val_loss=0.7014 | val_stone_acc=0.574 | val_stone_f1=0.723 | 50s
18:27:16 | INFO |   [frozen] epoch 3/5 | train_loss=0.7158 | val_loss=0.7157 | val_stone_acc=0.519 | val_stone_f1=0.639 | 50s
18:28:06 | INFO |   [frozen] epoch 4/5 | train_loss=0.7259 | val_loss=0.7134 | val_stone_acc=0.574 | val_stone_f1=0.709 | 50s
18:28:57 | INFO |   [frozen] epoch 5/5 | train_loss=0.7161 | val_loss=0.7208 | val_stone_acc=0.574 | val_stone_f1=0.729 | 50s
18:28:57 | INFO |   Trainable params: 11,177,538
18:29:47 | INFO |   [finetune] epoch 1/20 | train_loss=0.7064 | val_loss=0.7364 | val_stone_acc=0.574 | val_stone_f1=0.723 | 50s
18:30:37 | INFO |   [finetune] epoch 2/20 | train_loss=0.7029 | val_loss=0.7115 | val_stone_acc=0.537 | val_stone_f1=0.691 | 50s
18:31:27 | INFO |   [finetune] epoch 3/20 | train_loss=0.7018 | val_loss=0.7384 | val_stone_acc=0.593 | val_stone_f1=0.744 | 50s
18:32:17 | INFO |   [finetune] epoch 4/20 | train_loss=0.7027 | val_loss=0.7104 | val_stone_acc=0.574 | val_stone_f1=0.635 | 50s
18:33:07 | INFO |   [finetune] epoch 5/20 | train_loss=0.6589 | val_loss=0.7218 | val_stone_acc=0.593 | val_stone_f1=0.744 | 50s
18:33:57 | INFO |   [finetune] epoch 6/20 | train_loss=0.6943 | val_loss=0.7113 | val_stone_acc=0.556 | val_stone_f1=0.600 | 50s
18:34:47 | INFO |   [finetune] epoch 7/20 | train_loss=0.6883 | val_loss=0.7086 | val_stone_acc=0.593 | val_stone_f1=0.738 | 50s
18:35:37 | INFO |   [finetune] epoch 8/20 | train_loss=0.6793 | val_loss=0.7105 | val_stone_acc=0.481 | val_stone_f1=0.548 | 50s
18:36:27 | INFO |   [finetune] epoch 9/20 | train_loss=0.6594 | val_loss=0.6961 | val_stone_acc=0.593 | val_stone_f1=0.711 | 50s
18:37:16 | INFO |   [finetune] epoch 10/20 | train_loss=0.6740 | val_loss=0.7238 | val_stone_acc=0.593 | val_stone_f1=0.744 | 50s
18:38:06 | INFO |   [finetune] epoch 11/20 | train_loss=0.6862 | val_loss=0.7203 | val_stone_acc=0.463 | val_stone_f1=0.508 | 50s
18:38:56 | INFO |   [finetune] epoch 12/20 | train_loss=0.6512 | val_loss=0.7402 | val_stone_acc=0.593 | val_stone_f1=0.738 | 50s
18:39:47 | INFO |   [finetune] epoch 13/20 | train_loss=0.6450 | val_loss=0.7161 | val_stone_acc=0.463 | val_stone_f1=0.525 | 50s
18:40:37 | INFO |   [finetune] epoch 14/20 | train_loss=0.6531 | val_loss=0.7098 | val_stone_acc=0.593 | val_stone_f1=0.725 | 50s
18:40:37 | INFO |   Early stopping (no improvement for 5 epochs)
18:40:37 | INFO | Fold 0 done. Best val_loss=0.6961 at epoch 13
18:40:37 | INFO | Built resnet18 (11,177,538 params total). Pretrained weights: IMAGENET1K_V1
18:40:37 | INFO | Fold 1 — Phase 1: frozen backbone, 5 epochs
18:40:37 | INFO |   Trainable params: 1,026
18:41:28 | INFO |   [frozen] epoch 1/5 | train_loss=0.7895 | val_loss=0.6881 | val_stone_acc=0.604 | val_stone_f1=0.696 | 51s
18:42:18 | INFO |   [frozen] epoch 2/5 | train_loss=0.8032 | val_loss=0.6917 | val_stone_acc=0.566 | val_stone_f1=0.667 | 50s
18:43:07 | INFO |   [frozen] epoch 3/5 | train_loss=0.7493 | val_loss=0.6933 | val_stone_acc=0.604 | val_stone_f1=0.696 | 49s
18:43:56 | INFO |   [frozen] epoch 4/5 | train_loss=0.7396 | val_loss=0.6668 | val_stone_acc=0.566 | val_stone_f1=0.716 | 49s
18:44:46 | INFO |   [frozen] epoch 5/5 | train_loss=0.7245 | val_loss=0.6614 | val_stone_acc=0.566 | val_stone_f1=0.701 | 49s
18:44:46 | INFO |   Trainable params: 11,177,538
18:45:35 | INFO |   [finetune] epoch 1/20 | train_loss=0.7599 | val_loss=0.6902 | val_stone_acc=0.642 | val_stone_f1=0.678 | 50s
18:46:25 | INFO |   [finetune] epoch 2/20 | train_loss=0.7425 | val_loss=0.6669 | val_stone_acc=0.623 | val_stone_f1=0.714 | 50s
18:47:14 | INFO |   [finetune] epoch 3/20 | train_loss=0.7200 | val_loss=0.6647 | val_stone_acc=0.585 | val_stone_f1=0.711 | 49s
18:48:04 | INFO |   [finetune] epoch 4/20 | train_loss=0.7059 | val_loss=0.7230 | val_stone_acc=0.566 | val_stone_f1=0.566 | 49s
18:48:53 | INFO |   [finetune] epoch 5/20 | train_loss=0.7186 | val_loss=0.6714 | val_stone_acc=0.585 | val_stone_f1=0.711 | 49s
18:49:43 | INFO |   [finetune] epoch 6/20 | train_loss=0.6657 | val_loss=0.6715 | val_stone_acc=0.623 | val_stone_f1=0.714 | 49s
18:50:32 | INFO |   [finetune] epoch 7/20 | train_loss=0.6686 | val_loss=0.6623 | val_stone_acc=0.642 | val_stone_f1=0.747 | 49s
18:51:21 | INFO |   [finetune] epoch 8/20 | train_loss=0.6729 | val_loss=0.6663 | val_stone_acc=0.604 | val_stone_f1=0.727 | 49s
18:52:11 | INFO |   [finetune] epoch 9/20 | train_loss=0.6514 | val_loss=0.6744 | val_stone_acc=0.585 | val_stone_f1=0.718 | 49s
18:53:00 | INFO |   [finetune] epoch 10/20 | train_loss=0.6845 | val_loss=0.6907 | val_stone_acc=0.566 | val_stone_f1=0.635 | 49s
18:53:49 | INFO |   [finetune] epoch 11/20 | train_loss=0.6756 | val_loss=0.6748 | val_stone_acc=0.604 | val_stone_f1=0.720 | 49s
18:54:39 | INFO |   [finetune] epoch 12/20 | train_loss=0.6598 | val_loss=0.6792 | val_stone_acc=0.604 | val_stone_f1=0.727 | 49s
18:54:39 | INFO |   Early stopping (no improvement for 5 epochs)
18:54:39 | INFO | Fold 1 done. Best val_loss=0.6623 at epoch 11
18:54:39 | INFO | Built resnet18 (11,177,538 params total). Pretrained weights: IMAGENET1K_V1
18:54:39 | INFO | Fold 2 — Phase 1: frozen backbone, 5 epochs
18:54:39 | INFO |   Trainable params: 1,026
18:55:29 | INFO |   [frozen] epoch 1/5 | train_loss=0.7499 | val_loss=0.6728 | val_stone_acc=0.585 | val_stone_f1=0.718 | 50s
18:56:18 | INFO |   [frozen] epoch 2/5 | train_loss=0.7692 | val_loss=0.6992 | val_stone_acc=0.528 | val_stone_f1=0.545 | 50s
18:57:08 | INFO |   [frozen] epoch 3/5 | train_loss=0.7464 | val_loss=0.6660 | val_stone_acc=0.604 | val_stone_f1=0.734 | 50s
18:57:58 | INFO |   [frozen] epoch 4/5 | train_loss=0.7285 | val_loss=0.6748 | val_stone_acc=0.623 | val_stone_f1=0.750 | 50s
18:58:47 | INFO |   [frozen] epoch 5/5 | train_loss=0.7154 | val_loss=0.6855 | val_stone_acc=0.566 | val_stone_f1=0.667 | 50s
18:58:47 | INFO |   Trainable params: 11,177,538
18:59:37 | INFO |   [finetune] epoch 1/20 | train_loss=0.7281 | val_loss=0.6964 | val_stone_acc=0.491 | val_stone_f1=0.585 | 50s
19:00:26 | INFO |   [finetune] epoch 2/20 | train_loss=0.6972 | val_loss=0.6915 | val_stone_acc=0.566 | val_stone_f1=0.723 | 49s
19:01:16 | INFO |   [finetune] epoch 3/20 | train_loss=0.7071 | val_loss=0.6890 | val_stone_acc=0.585 | val_stone_f1=0.718 | 49s
19:02:05 | INFO |   [finetune] epoch 4/20 | train_loss=0.7064 | val_loss=0.6854 | val_stone_acc=0.623 | val_stone_f1=0.730 | 49s
19:02:55 | INFO |   [finetune] epoch 5/20 | train_loss=0.6715 | val_loss=0.6935 | val_stone_acc=0.604 | val_stone_f1=0.734 | 49s
19:03:44 | INFO |   [finetune] epoch 6/20 | train_loss=0.6612 | val_loss=0.7026 | val_stone_acc=0.547 | val_stone_f1=0.657 | 49s
19:04:34 | INFO |   [finetune] epoch 7/20 | train_loss=0.6813 | val_loss=0.7001 | val_stone_acc=0.604 | val_stone_f1=0.741 | 49s
19:05:23 | INFO |   [finetune] epoch 8/20 | train_loss=0.6612 | val_loss=0.6987 | val_stone_acc=0.604 | val_stone_f1=0.734 | 49s
19:06:12 | INFO |   [finetune] epoch 9/20 | train_loss=0.6439 | val_loss=0.7085 | val_stone_acc=0.547 | val_stone_f1=0.636 | 50s
19:06:12 | INFO |   Early stopping (no improvement for 5 epochs)
19:06:12 | INFO | Fold 2 done. Best val_loss=0.6854 at epoch 8
19:06:13 | INFO | Built resnet18 (11,177,538 params total). Pretrained weights: IMAGENET1K_V1
19:06:13 | INFO | Fold 3 — Phase 1: frozen backbone, 5 epochs
19:06:13 | INFO |   Trainable params: 1,026
19:07:02 | INFO |   [frozen] epoch 1/5 | train_loss=0.8084 | val_loss=0.7189 | val_stone_acc=0.604 | val_stone_f1=0.753 | 50s
19:07:52 | INFO |   [frozen] epoch 2/5 | train_loss=0.7825 | val_loss=0.7539 | val_stone_acc=0.604 | val_stone_f1=0.753 | 49s
19:08:41 | INFO |   [frozen] epoch 3/5 | train_loss=0.7586 | val_loss=0.7117 | val_stone_acc=0.528 | val_stone_f1=0.615 | 49s
19:09:30 | INFO |   [frozen] epoch 4/5 | train_loss=0.7437 | val_loss=0.6957 | val_stone_acc=0.604 | val_stone_f1=0.753 | 49s
19:10:19 | INFO |   [frozen] epoch 5/5 | train_loss=0.7639 | val_loss=0.6830 | val_stone_acc=0.585 | val_stone_f1=0.725 | 49s
19:10:19 | INFO |   Trainable params: 11,177,538
19:11:08 | INFO |   [finetune] epoch 1/20 | train_loss=0.7479 | val_loss=0.6818 | val_stone_acc=0.566 | val_stone_f1=0.676 | 49s
19:11:57 | INFO |   [finetune] epoch 2/20 | train_loss=0.7264 | val_loss=0.6755 | val_stone_acc=0.623 | val_stone_f1=0.744 | 49s
19:12:46 | INFO |   [finetune] epoch 3/20 | train_loss=0.7094 | val_loss=0.6722 | val_stone_acc=0.604 | val_stone_f1=0.712 | 49s
19:13:35 | INFO |   [finetune] epoch 4/20 | train_loss=0.7064 | val_loss=0.6703 | val_stone_acc=0.642 | val_stone_f1=0.771 | 49s
19:14:23 | INFO |   [finetune] epoch 5/20 | train_loss=0.6519 | val_loss=0.6801 | val_stone_acc=0.585 | val_stone_f1=0.645 | 49s
19:15:12 | INFO |   [finetune] epoch 6/20 | train_loss=0.6804 | val_loss=0.6822 | val_stone_acc=0.604 | val_stone_f1=0.753 | 49s
19:16:01 | INFO |   [finetune] epoch 7/20 | train_loss=0.6809 | val_loss=0.6839 | val_stone_acc=0.604 | val_stone_f1=0.687 | 49s
19:16:49 | INFO |   [finetune] epoch 8/20 | train_loss=0.6775 | val_loss=0.6817 | val_stone_acc=0.604 | val_stone_f1=0.727 | 49s
19:17:38 | INFO |   [finetune] epoch 9/20 | train_loss=0.6796 | val_loss=0.6956 | val_stone_acc=0.528 | val_stone_f1=0.590 | 49s
19:17:38 | INFO |   Early stopping (no improvement for 5 epochs)
19:17:38 | INFO | Fold 3 done. Best val_loss=0.6703 at epoch 8
19:17:39 | INFO | Built resnet18 (11,177,538 params total). Pretrained weights: IMAGENET1K_V1
19:17:39 | INFO | Fold 4 — Phase 1: frozen backbone, 5 epochs
19:17:39 | INFO |   Trainable params: 1,026
19:18:29 | INFO |   [frozen] epoch 1/5 | train_loss=0.8360 | val_loss=0.7478 | val_stone_acc=0.434 | val_stone_f1=0.464 | 51s
19:19:19 | INFO |   [frozen] epoch 2/5 | train_loss=0.8268 | val_loss=0.7282 | val_stone_acc=0.434 | val_stone_f1=0.500 | 50s
19:20:09 | INFO |   [frozen] epoch 3/5 | train_loss=0.7563 | val_loss=0.7063 | val_stone_acc=0.547 | val_stone_f1=0.700 | 50s
19:20:59 | INFO |   [frozen] epoch 4/5 | train_loss=0.7582 | val_loss=0.7082 | val_stone_acc=0.585 | val_stone_f1=0.732 | 50s
19:21:49 | INFO |   [frozen] epoch 5/5 | train_loss=0.7429 | val_loss=0.7015 | val_stone_acc=0.585 | val_stone_f1=0.732 | 50s
19:21:49 | INFO |   Trainable params: 11,177,538
19:22:39 | INFO |   [finetune] epoch 1/20 | train_loss=0.6932 | val_loss=0.6854 | val_stone_acc=0.566 | val_stone_f1=0.693 | 50s
19:23:28 | INFO |   [finetune] epoch 2/20 | train_loss=0.7240 | val_loss=0.6888 | val_stone_acc=0.566 | val_stone_f1=0.676 | 50s
19:24:18 | INFO |   [finetune] epoch 3/20 | train_loss=0.7189 | val_loss=0.7359 | val_stone_acc=0.566 | val_stone_f1=0.723 | 50s
19:25:08 | INFO |   [finetune] epoch 4/20 | train_loss=0.7223 | val_loss=0.7106 | val_stone_acc=0.528 | val_stone_f1=0.675 | 50s
19:25:57 | INFO |   [finetune] epoch 5/20 | train_loss=0.7169 | val_loss=0.7163 | val_stone_acc=0.566 | val_stone_f1=0.635 | 49s
19:26:47 | INFO |   [finetune] epoch 6/20 | train_loss=0.6971 | val_loss=0.7065 | val_stone_acc=0.547 | val_stone_f1=0.700 | 50s
19:26:47 | INFO |   Early stopping (no improvement for 5 epochs)
19:26:47 | INFO | Fold 4 done. Best val_loss=0.6854 at epoch 5
19:26:47 | INFO | Cross-fold summary:
19:26:47 | INFO | === Held-out test set evaluation ===
19:26:47 | INFO | Built resnet18 (11,177,538 params total). Pretrained weights: IMAGENET1K_V1
19:27:04 | INFO |   Fold 0 test: stone_acc=0.567 | stone_f1=0.695 | stone_roc_auc=0.501
19:27:04 | INFO | Built resnet18 (11,177,538 params total). Pretrained weights: IMAGENET1K_V1
19:27:21 | INFO |   Fold 1 test: stone_acc=0.552 | stone_f1=0.694 | stone_roc_auc=0.498
19:27:21 | INFO | Built resnet18 (11,177,538 params total). Pretrained weights: IMAGENET1K_V1
19:27:37 | INFO |   Fold 2 test: stone_acc=0.597 | stone_f1=0.738 | stone_roc_auc=0.506
19:27:38 | INFO | Built resnet18 (11,177,538 params total). Pretrained weights: IMAGENET1K_V1
19:27:54 | INFO |   Fold 3 test: stone_acc=0.612 | stone_f1=0.750 | stone_roc_auc=0.495
19:27:55 | INFO | Built resnet18 (11,177,538 params total). Pretrained weights: IMAGENET1K_V1
19:28:11 | INFO |   Fold 4 test: stone_acc=0.612 | stone_f1=0.711 | stone_roc_auc=0.590
19:28:11 | INFO | Test set summary (mean ± std across folds):
19:28:11 | INFO |   stone_accuracy: 0.588 ± 0.027
19:28:11 | INFO |   stone_f1: 0.718 ± 0.025
19:28:11 | INFO |   stone_roc_auc: 0.518 ± 0.040
