09:09:42 | INFO | Device: cuda
09:09:42 | INFO | cuDNN benchmark enabled
09:09:45 | INFO | Skipped 21 rows with no composition data
09:09:45 | INFO | Recomputed labels at 100.0% threshold: 546 pure / 696 mixed (414 stones)
09:09:45 | WARNING | Skipped 2 rows whose image files are missing
09:09:45 | INFO | Built 1240 samples from 414 stones
09:09:45 | INFO | Test holdout: 83 stones (36 pure / 47 mixed, 248 images). Train+val pool: 331 stones (992 images).
09:09:45 | INFO |   Fold 0: train=264 stones (116 pure / 148 mixed, 792 images), val=67 stones (30 pure / 37 mixed, 200 images)
09:09:45 | INFO |   Fold 1: train=265 stones (117 pure / 148 mixed, 794 images), val=66 stones (29 pure / 37 mixed, 198 images)
09:09:45 | INFO |   Fold 2: train=265 stones (117 pure / 148 mixed, 794 images), val=66 stones (29 pure / 37 mixed, 198 images)
09:09:45 | INFO |   Fold 3: train=265 stones (117 pure / 148 mixed, 794 images), val=66 stones (29 pure / 37 mixed, 198 images)
09:09:45 | INFO |   Fold 4: train=265 stones (117 pure / 148 mixed, 794 images), val=66 stones (29 pure / 37 mixed, 198 images)
09:09:45 | INFO | Config snapshot saved to /gpfs/home3/ddboer/umc_thesis/outputs/checkpoints/binary/config_snapshot.yaml
09:09:45 | INFO | Built resnet18 (11,177,538 params total). Pretrained weights: IMAGENET1K_V1
09:09:46 | INFO | Fold 0 — Phase 1: frozen backbone, 5 epochs
09:09:46 | INFO |   Trainable params: 1,026
09:10:37 | INFO |   [frozen] epoch 1/5 | train_loss=0.7957 | val_loss=0.7237 | val_stone_acc=0.567 | val_stone_f1=0.718 | 51s
09:11:27 | INFO |   [frozen] epoch 2/5 | train_loss=0.7994 | val_loss=0.6648 | val_stone_acc=0.582 | val_stone_f1=0.714 | 50s
09:12:17 | INFO |   [frozen] epoch 3/5 | train_loss=0.7384 | val_loss=0.6590 | val_stone_acc=0.567 | val_stone_f1=0.525 | 50s
09:13:08 | INFO |   [frozen] epoch 4/5 | train_loss=0.7213 | val_loss=0.6507 | val_stone_acc=0.687 | val_stone_f1=0.769 | 50s
09:13:58 | INFO |   [frozen] epoch 5/5 | train_loss=0.7335 | val_loss=0.6548 | val_stone_acc=0.672 | val_stone_f1=0.766 | 50s
09:13:58 | INFO |   Trainable params: 11,177,538
09:14:49 | INFO |   [finetune] epoch 1/20 | train_loss=0.7079 | val_loss=0.6398 | val_stone_acc=0.657 | val_stone_f1=0.729 | 50s
09:15:39 | INFO |   [finetune] epoch 2/20 | train_loss=0.6770 | val_loss=0.6252 | val_stone_acc=0.687 | val_stone_f1=0.769 | 50s
09:16:30 | INFO |   [finetune] epoch 3/20 | train_loss=0.6653 | val_loss=0.6493 | val_stone_acc=0.552 | val_stone_f1=0.464 | 51s
09:17:20 | INFO |   [finetune] epoch 4/20 | train_loss=0.6524 | val_loss=0.6070 | val_stone_acc=0.672 | val_stone_f1=0.750 | 51s
09:18:11 | INFO |   [finetune] epoch 5/20 | train_loss=0.6269 | val_loss=0.6096 | val_stone_acc=0.687 | val_stone_f1=0.720 | 51s
09:19:01 | INFO |   [finetune] epoch 6/20 | train_loss=0.6528 | val_loss=0.6079 | val_stone_acc=0.687 | val_stone_f1=0.734 | 50s
09:19:51 | INFO |   [finetune] epoch 7/20 | train_loss=0.6426 | val_loss=0.6195 | val_stone_acc=0.582 | val_stone_f1=0.588 | 50s
09:20:41 | INFO |   [finetune] epoch 8/20 | train_loss=0.6277 | val_loss=0.6251 | val_stone_acc=0.567 | val_stone_f1=0.567 | 50s
09:21:32 | INFO |   [finetune] epoch 9/20 | train_loss=0.6277 | val_loss=0.6187 | val_stone_acc=0.672 | val_stone_f1=0.732 | 51s
09:21:32 | INFO |   Early stopping (no improvement for 5 epochs)
09:21:32 | INFO | Fold 0 done. Best val_loss=0.6070 at epoch 8
09:21:32 | INFO | Built resnet18 (11,177,538 params total). Pretrained weights: IMAGENET1K_V1
09:21:32 | INFO | Fold 1 — Phase 1: frozen backbone, 5 epochs
09:21:32 | INFO |   Trainable params: 1,026
09:22:23 | INFO |   [frozen] epoch 1/5 | train_loss=0.7793 | val_loss=0.7131 | val_stone_acc=0.545 | val_stone_f1=0.595 | 50s
09:23:13 | INFO |   [frozen] epoch 2/5 | train_loss=0.7856 | val_loss=0.6947 | val_stone_acc=0.561 | val_stone_f1=0.633 | 50s
09:24:03 | INFO |   [frozen] epoch 3/5 | train_loss=0.7661 | val_loss=0.7176 | val_stone_acc=0.530 | val_stone_f1=0.456 | 50s
09:24:53 | INFO |   [frozen] epoch 4/5 | train_loss=0.7563 | val_loss=0.6609 | val_stone_acc=0.606 | val_stone_f1=0.698 | 50s
09:25:43 | INFO |   [frozen] epoch 5/5 | train_loss=0.7164 | val_loss=0.6749 | val_stone_acc=0.591 | val_stone_f1=0.630 | 50s
09:25:43 | INFO |   Trainable params: 11,177,538
09:26:33 | INFO |   [finetune] epoch 1/20 | train_loss=0.6926 | val_loss=0.6438 | val_stone_acc=0.636 | val_stone_f1=0.684 | 50s
09:27:23 | INFO |   [finetune] epoch 2/20 | train_loss=0.6978 | val_loss=0.6351 | val_stone_acc=0.636 | val_stone_f1=0.714 | 50s
09:28:12 | INFO |   [finetune] epoch 3/20 | train_loss=0.6512 | val_loss=0.6370 | val_stone_acc=0.591 | val_stone_f1=0.667 | 50s
09:29:02 | INFO |   [finetune] epoch 4/20 | train_loss=0.6407 | val_loss=0.6566 | val_stone_acc=0.576 | val_stone_f1=0.588 | 50s
09:29:52 | INFO |   [finetune] epoch 5/20 | train_loss=0.6431 | val_loss=0.6440 | val_stone_acc=0.621 | val_stone_f1=0.684 | 50s
09:30:42 | INFO |   [finetune] epoch 6/20 | train_loss=0.6361 | val_loss=0.6403 | val_stone_acc=0.621 | val_stone_f1=0.684 | 50s
09:31:31 | INFO |   [finetune] epoch 7/20 | train_loss=0.6398 | val_loss=0.6431 | val_stone_acc=0.652 | val_stone_f1=0.685 | 50s
09:31:31 | INFO |   Early stopping (no improvement for 5 epochs)
09:31:31 | INFO | Fold 1 done. Best val_loss=0.6351 at epoch 6
09:31:32 | INFO | Built resnet18 (11,177,538 params total). Pretrained weights: IMAGENET1K_V1
09:31:32 | INFO | Fold 2 — Phase 1: frozen backbone, 5 epochs
09:31:32 | INFO |   Trainable params: 1,026
09:32:22 | INFO |   [frozen] epoch 1/5 | train_loss=0.8208 | val_loss=0.7326 | val_stone_acc=0.545 | val_stone_f1=0.706 | 51s
09:33:13 | INFO |   [frozen] epoch 2/5 | train_loss=0.7451 | val_loss=0.6908 | val_stone_acc=0.591 | val_stone_f1=0.710 | 50s
09:34:03 | INFO |   [frozen] epoch 3/5 | train_loss=0.7363 | val_loss=0.6773 | val_stone_acc=0.621 | val_stone_f1=0.725 | 50s
09:34:53 | INFO |   [frozen] epoch 4/5 | train_loss=0.7637 | val_loss=0.6607 | val_stone_acc=0.621 | val_stone_f1=0.675 | 50s
09:35:43 | INFO |   [frozen] epoch 5/5 | train_loss=0.7280 | val_loss=0.6676 | val_stone_acc=0.576 | val_stone_f1=0.533 | 50s
09:35:43 | INFO |   Trainable params: 11,177,538
09:36:33 | INFO |   [finetune] epoch 1/20 | train_loss=0.6708 | val_loss=0.6381 | val_stone_acc=0.667 | val_stone_f1=0.686 | 50s
09:37:23 | INFO |   [finetune] epoch 2/20 | train_loss=0.7260 | val_loss=0.6253 | val_stone_acc=0.667 | val_stone_f1=0.676 | 50s
09:38:13 | INFO |   [finetune] epoch 3/20 | train_loss=0.6650 | val_loss=0.6019 | val_stone_acc=0.697 | val_stone_f1=0.767 | 50s
09:39:03 | INFO |   [finetune] epoch 4/20 | train_loss=0.6453 | val_loss=0.6411 | val_stone_acc=0.636 | val_stone_f1=0.538 | 50s
09:39:53 | INFO |   [finetune] epoch 5/20 | train_loss=0.6453 | val_loss=0.5663 | val_stone_acc=0.742 | val_stone_f1=0.779 | 50s
09:40:43 | INFO |   [finetune] epoch 6/20 | train_loss=0.6436 | val_loss=0.5697 | val_stone_acc=0.742 | val_stone_f1=0.767 | 50s
09:41:33 | INFO |   [finetune] epoch 7/20 | train_loss=0.6291 | val_loss=0.6213 | val_stone_acc=0.667 | val_stone_f1=0.621 | 50s
09:42:23 | INFO |   [finetune] epoch 8/20 | train_loss=0.6378 | val_loss=0.5981 | val_stone_acc=0.758 | val_stone_f1=0.758 | 50s
09:43:12 | INFO |   [finetune] epoch 9/20 | train_loss=0.6212 | val_loss=0.5831 | val_stone_acc=0.697 | val_stone_f1=0.714 | 50s
09:44:03 | INFO |   [finetune] epoch 10/20 | train_loss=0.6212 | val_loss=0.5867 | val_stone_acc=0.667 | val_stone_f1=0.667 | 50s
09:44:03 | INFO |   Early stopping (no improvement for 5 epochs)
09:44:03 | INFO | Fold 2 done. Best val_loss=0.5663 at epoch 9
09:44:03 | INFO | Built resnet18 (11,177,538 params total). Pretrained weights: IMAGENET1K_V1
09:44:03 | INFO | Fold 3 — Phase 1: frozen backbone, 5 epochs
09:44:03 | INFO |   Trainable params: 1,026
09:44:53 | INFO |   [frozen] epoch 1/5 | train_loss=0.7911 | val_loss=0.7165 | val_stone_acc=0.530 | val_stone_f1=0.680 | 50s
09:45:42 | INFO |   [frozen] epoch 2/5 | train_loss=0.7675 | val_loss=0.6850 | val_stone_acc=0.606 | val_stone_f1=0.698 | 49s
09:46:32 | INFO |   [frozen] epoch 3/5 | train_loss=0.7465 | val_loss=0.6638 | val_stone_acc=0.667 | val_stone_f1=0.718 | 49s
09:47:21 | INFO |   [frozen] epoch 4/5 | train_loss=0.7014 | val_loss=0.6504 | val_stone_acc=0.682 | val_stone_f1=0.741 | 50s
09:48:11 | INFO |   [frozen] epoch 5/5 | train_loss=0.7126 | val_loss=0.6444 | val_stone_acc=0.682 | val_stone_f1=0.764 | 50s
09:48:11 | INFO |   Trainable params: 11,177,538
09:49:01 | INFO |   [finetune] epoch 1/20 | train_loss=0.6820 | val_loss=0.6336 | val_stone_acc=0.712 | val_stone_f1=0.771 | 49s
09:49:50 | INFO |   [finetune] epoch 2/20 | train_loss=0.6606 | val_loss=0.6274 | val_stone_acc=0.697 | val_stone_f1=0.778 | 50s
09:50:40 | INFO |   [finetune] epoch 3/20 | train_loss=0.6850 | val_loss=0.6214 | val_stone_acc=0.667 | val_stone_f1=0.744 | 49s
09:51:30 | INFO |   [finetune] epoch 4/20 | train_loss=0.6231 | val_loss=0.6672 | val_stone_acc=0.667 | val_stone_f1=0.656 | 50s
09:52:19 | INFO |   [finetune] epoch 5/20 | train_loss=0.6228 | val_loss=0.6689 | val_stone_acc=0.636 | val_stone_f1=0.657 | 50s
09:53:09 | INFO |   [finetune] epoch 6/20 | train_loss=0.6196 | val_loss=0.6414 | val_stone_acc=0.652 | val_stone_f1=0.693 | 50s
09:54:00 | INFO |   [finetune] epoch 7/20 | train_loss=0.6325 | val_loss=0.6289 | val_stone_acc=0.667 | val_stone_f1=0.694 | 50s
09:54:49 | INFO |   [finetune] epoch 8/20 | train_loss=0.6183 | val_loss=0.6113 | val_stone_acc=0.727 | val_stone_f1=0.780 | 50s
09:55:39 | INFO |   [finetune] epoch 9/20 | train_loss=0.6223 | val_loss=0.6131 | val_stone_acc=0.667 | val_stone_f1=0.703 | 50s
09:56:30 | INFO |   [finetune] epoch 10/20 | train_loss=0.5635 | val_loss=0.6199 | val_stone_acc=0.667 | val_stone_f1=0.703 | 50s
09:57:20 | INFO |   [finetune] epoch 11/20 | train_loss=0.6088 | val_loss=0.6305 | val_stone_acc=0.682 | val_stone_f1=0.734 | 50s
09:58:10 | INFO |   [finetune] epoch 12/20 | train_loss=0.6055 | val_loss=0.6226 | val_stone_acc=0.682 | val_stone_f1=0.734 | 50s
09:59:00 | INFO |   [finetune] epoch 13/20 | train_loss=0.5953 | val_loss=0.6105 | val_stone_acc=0.727 | val_stone_f1=0.786 | 50s
09:59:51 | INFO |   [finetune] epoch 14/20 | train_loss=0.6052 | val_loss=0.6052 | val_stone_acc=0.667 | val_stone_f1=0.718 | 50s
10:00:41 | INFO |   [finetune] epoch 15/20 | train_loss=0.5894 | val_loss=0.6131 | val_stone_acc=0.636 | val_stone_f1=0.684 | 50s
10:01:31 | INFO |   [finetune] epoch 16/20 | train_loss=0.5395 | val_loss=0.6407 | val_stone_acc=0.652 | val_stone_f1=0.657 | 50s
10:02:21 | INFO |   [finetune] epoch 17/20 | train_loss=0.5440 | val_loss=0.6092 | val_stone_acc=0.667 | val_stone_f1=0.711 | 50s
10:03:11 | INFO |   [finetune] epoch 18/20 | train_loss=0.5385 | val_loss=0.6048 | val_stone_acc=0.742 | val_stone_f1=0.795 | 50s
10:04:01 | INFO |   [finetune] epoch 19/20 | train_loss=0.5484 | val_loss=0.6058 | val_stone_acc=0.667 | val_stone_f1=0.703 | 50s
10:04:52 | INFO |   [finetune] epoch 20/20 | train_loss=0.5561 | val_loss=0.6394 | val_stone_acc=0.712 | val_stone_f1=0.782 | 51s
10:04:52 | INFO | Fold 3 done. Best val_loss=0.6048 at epoch 22
10:04:52 | INFO | Built resnet18 (11,177,538 params total). Pretrained weights: IMAGENET1K_V1
10:04:52 | INFO | Fold 4 — Phase 1: frozen backbone, 5 epochs
10:04:52 | INFO |   Trainable params: 1,026
10:05:42 | INFO |   [frozen] epoch 1/5 | train_loss=0.7813 | val_loss=0.7008 | val_stone_acc=0.530 | val_stone_f1=0.644 | 50s
10:06:32 | INFO |   [frozen] epoch 2/5 | train_loss=0.7817 | val_loss=0.6816 | val_stone_acc=0.591 | val_stone_f1=0.716 | 50s
10:07:22 | INFO |   [frozen] epoch 3/5 | train_loss=0.7018 | val_loss=0.6759 | val_stone_acc=0.576 | val_stone_f1=0.708 | 49s
10:08:11 | INFO |   [frozen] epoch 4/5 | train_loss=0.7051 | val_loss=0.7168 | val_stone_acc=0.500 | val_stone_f1=0.327 | 49s
10:09:00 | INFO |   [frozen] epoch 5/5 | train_loss=0.6902 | val_loss=0.6931 | val_stone_acc=0.545 | val_stone_f1=0.483 | 49s
10:09:00 | INFO |   Trainable params: 11,177,538
10:09:49 | INFO |   [finetune] epoch 1/20 | train_loss=0.6828 | val_loss=0.6760 | val_stone_acc=0.545 | val_stone_f1=0.516 | 49s
10:10:38 | INFO |   [finetune] epoch 2/20 | train_loss=0.6719 | val_loss=0.6559 | val_stone_acc=0.652 | val_stone_f1=0.758 | 49s
10:11:27 | INFO |   [finetune] epoch 3/20 | train_loss=0.6690 | val_loss=0.6431 | val_stone_acc=0.652 | val_stone_f1=0.685 | 49s
10:12:16 | INFO |   [finetune] epoch 4/20 | train_loss=0.6305 | val_loss=0.6371 | val_stone_acc=0.667 | val_stone_f1=0.761 | 49s
10:13:05 | INFO |   [finetune] epoch 5/20 | train_loss=0.6750 | val_loss=0.6303 | val_stone_acc=0.697 | val_stone_f1=0.744 | 49s
10:13:54 | INFO |   [finetune] epoch 6/20 | train_loss=0.6277 | val_loss=0.6273 | val_stone_acc=0.727 | val_stone_f1=0.769 | 49s
10:14:43 | INFO |   [finetune] epoch 7/20 | train_loss=0.6424 | val_loss=0.6862 | val_stone_acc=0.500 | val_stone_f1=0.400 | 49s
10:15:32 | INFO |   [finetune] epoch 8/20 | train_loss=0.5932 | val_loss=0.6485 | val_stone_acc=0.606 | val_stone_f1=0.594 | 49s
10:16:21 | INFO |   [finetune] epoch 9/20 | train_loss=0.5985 | val_loss=0.6250 | val_stone_acc=0.712 | val_stone_f1=0.740 | 49s
10:17:11 | INFO |   [finetune] epoch 10/20 | train_loss=0.6194 | val_loss=0.6225 | val_stone_acc=0.682 | val_stone_f1=0.704 | 49s
10:18:00 | INFO |   [finetune] epoch 11/20 | train_loss=0.6019 | val_loss=0.6105 | val_stone_acc=0.727 | val_stone_f1=0.757 | 49s
10:18:49 | INFO |   [finetune] epoch 12/20 | train_loss=0.5658 | val_loss=0.6155 | val_stone_acc=0.742 | val_stone_f1=0.773 | 49s
10:19:39 | INFO |   [finetune] epoch 13/20 | train_loss=0.5908 | val_loss=0.6526 | val_stone_acc=0.667 | val_stone_f1=0.676 | 49s
10:20:28 | INFO |   [finetune] epoch 14/20 | train_loss=0.5640 | val_loss=0.7097 | val_stone_acc=0.500 | val_stone_f1=0.400 | 49s
10:21:17 | INFO |   [finetune] epoch 15/20 | train_loss=0.5762 | val_loss=0.6264 | val_stone_acc=0.727 | val_stone_f1=0.757 | 49s
10:22:06 | INFO |   [finetune] epoch 16/20 | train_loss=0.5592 | val_loss=0.6272 | val_stone_acc=0.758 | val_stone_f1=0.789 | 49s
10:22:06 | INFO |   Early stopping (no improvement for 5 epochs)
10:22:06 | INFO | Fold 4 done. Best val_loss=0.6105 at epoch 15
10:22:06 | INFO | Cross-fold summary:
10:22:06 | INFO | === Held-out test set evaluation ===
10:22:06 | INFO | Built resnet18 (11,177,538 params total). Pretrained weights: IMAGENET1K_V1
10:22:24 | INFO |   Fold 0 test: stone_acc=0.663 | stone_f1=0.736 | stone_roc_auc=0.694
10:22:24 | INFO | Built resnet18 (11,177,538 params total). Pretrained weights: IMAGENET1K_V1
10:22:41 | INFO |   Fold 1 test: stone_acc=0.699 | stone_f1=0.775 | stone_roc_auc=0.706
10:22:41 | INFO | Built resnet18 (11,177,538 params total). Pretrained weights: IMAGENET1K_V1
10:22:58 | INFO |   Fold 2 test: stone_acc=0.675 | stone_f1=0.748 | stone_roc_auc=0.729
10:22:58 | INFO | Built resnet18 (11,177,538 params total). Pretrained weights: IMAGENET1K_V1
10:23:15 | INFO |   Fold 3 test: stone_acc=0.675 | stone_f1=0.761 | stone_roc_auc=0.711
10:23:15 | INFO | Built resnet18 (11,177,538 params total). Pretrained weights: IMAGENET1K_V1
10:23:31 | INFO |   Fold 4 test: stone_acc=0.651 | stone_f1=0.724 | stone_roc_auc=0.673
10:23:31 | INFO | Test set summary (mean ± std across folds):
10:23:31 | INFO |   stone_accuracy: 0.672 ± 0.018
10:23:31 | INFO |   stone_f1: 0.749 ± 0.020
10:23:31 | INFO |   stone_roc_auc: 0.703 ± 0.021
10:23:38 | INFO | Device: cuda
10:23:38 | INFO | cuDNN benchmark enabled
10:23:41 | INFO | Skipped 21 rows with no composition data
10:23:41 | INFO | Recomputed labels at 90.0% threshold: 783 pure / 459 mixed (414 stones)
10:23:41 | WARNING | Skipped 2 rows whose image files are missing
10:23:41 | INFO | Built 1240 samples from 414 stones
10:23:41 | INFO | Test holdout: 83 stones (52 pure / 31 mixed, 248 images). Train+val pool: 331 stones (992 images).
10:23:41 | INFO |   Fold 0: train=264 stones (167 pure / 97 mixed, 791 images), val=67 stones (42 pure / 25 mixed, 201 images)
10:23:41 | INFO |   Fold 1: train=265 stones (167 pure / 98 mixed, 794 images), val=66 stones (42 pure / 24 mixed, 198 images)
10:23:41 | INFO |   Fold 2: train=265 stones (167 pure / 98 mixed, 794 images), val=66 stones (42 pure / 24 mixed, 198 images)
10:23:41 | INFO |   Fold 3: train=265 stones (167 pure / 98 mixed, 795 images), val=66 stones (42 pure / 24 mixed, 197 images)
10:23:41 | INFO |   Fold 4: train=265 stones (168 pure / 97 mixed, 794 images), val=66 stones (41 pure / 25 mixed, 198 images)
10:23:41 | INFO | Config snapshot saved to /gpfs/home3/ddboer/umc_thesis/outputs/checkpoints/binary_t90/config_snapshot.yaml
10:23:41 | INFO | Built resnet18 (11,177,538 params total). Pretrained weights: IMAGENET1K_V1
10:23:42 | INFO | Fold 0 — Phase 1: frozen backbone, 5 epochs
10:23:42 | INFO |   Trainable params: 1,026
10:24:32 | INFO |   [frozen] epoch 1/5 | train_loss=0.7781 | val_loss=0.8270 | val_stone_acc=0.373 | val_stone_f1=0.533 | 51s
10:25:22 | INFO |   [frozen] epoch 2/5 | train_loss=0.7456 | val_loss=0.6596 | val_stone_acc=0.597 | val_stone_f1=0.129 | 50s
10:26:12 | INFO |   [frozen] epoch 3/5 | train_loss=0.6922 | val_loss=0.6590 | val_stone_acc=0.642 | val_stone_f1=0.143 | 50s
10:27:03 | INFO |   [frozen] epoch 4/5 | train_loss=0.7048 | val_loss=0.6722 | val_stone_acc=0.612 | val_stone_f1=0.071 | 50s
10:27:53 | INFO |   [frozen] epoch 5/5 | train_loss=0.7387 | val_loss=0.6711 | val_stone_acc=0.567 | val_stone_f1=0.171 | 50s
10:27:53 | INFO |   Trainable params: 11,177,538
10:28:43 | INFO |   [finetune] epoch 1/20 | train_loss=0.6601 | val_loss=0.7031 | val_stone_acc=0.612 | val_stone_f1=0.071 | 50s
10:29:34 | INFO |   [finetune] epoch 2/20 | train_loss=0.6663 | val_loss=0.6796 | val_stone_acc=0.567 | val_stone_f1=0.326 | 50s
10:30:24 | INFO |   [finetune] epoch 3/20 | train_loss=0.6335 | val_loss=0.6919 | val_stone_acc=0.597 | val_stone_f1=0.182 | 50s
10:31:15 | INFO |   [finetune] epoch 4/20 | train_loss=0.6410 | val_loss=0.7538 | val_stone_acc=0.627 | val_stone_f1=0.000 | 51s
10:32:05 | INFO |   [finetune] epoch 5/20 | train_loss=0.6238 | val_loss=0.7748 | val_stone_acc=0.642 | val_stone_f1=0.077 | 51s
10:32:56 | INFO |   [finetune] epoch 6/20 | train_loss=0.6163 | val_loss=0.7147 | val_stone_acc=0.597 | val_stone_f1=0.229 | 50s
10:33:46 | INFO |   [finetune] epoch 7/20 | train_loss=0.6094 | val_loss=0.7013 | val_stone_acc=0.612 | val_stone_f1=0.235 | 50s
10:33:46 | INFO |   Early stopping (no improvement for 5 epochs)
10:33:46 | INFO | Fold 0 done. Best val_loss=0.6796 at epoch 6
10:33:46 | INFO | Built resnet18 (11,177,538 params total). Pretrained weights: IMAGENET1K_V1
10:33:46 | INFO | Fold 1 — Phase 1: frozen backbone, 5 epochs
10:33:46 | INFO |   Trainable params: 1,026
10:34:37 | INFO |   [frozen] epoch 1/5 | train_loss=0.7639 | val_loss=0.7264 | val_stone_acc=0.530 | val_stone_f1=0.551 | 51s
10:35:28 | INFO |   [frozen] epoch 2/5 | train_loss=0.7101 | val_loss=0.6985 | val_stone_acc=0.606 | val_stone_f1=0.316 | 50s
10:36:18 | INFO |   [frozen] epoch 3/5 | train_loss=0.7429 | val_loss=0.6832 | val_stone_acc=0.591 | val_stone_f1=0.270 | 50s
10:37:08 | INFO |   [frozen] epoch 4/5 | train_loss=0.7147 | val_loss=0.7044 | val_stone_acc=0.636 | val_stone_f1=0.000 | 51s
10:37:59 | INFO |   [frozen] epoch 5/5 | train_loss=0.6902 | val_loss=0.6829 | val_stone_acc=0.636 | val_stone_f1=0.520 | 50s
10:37:59 | INFO |   Trainable params: 11,177,538
10:38:50 | INFO |   [finetune] epoch 1/20 | train_loss=0.6774 | val_loss=0.6597 | val_stone_acc=0.636 | val_stone_f1=0.077 | 51s
10:39:40 | INFO |   [finetune] epoch 2/20 | train_loss=0.6587 | val_loss=0.6599 | val_stone_acc=0.636 | val_stone_f1=0.000 | 51s
10:40:31 | INFO |   [finetune] epoch 3/20 | train_loss=0.6539 | val_loss=0.6515 | val_stone_acc=0.621 | val_stone_f1=0.510 | 51s
10:41:21 | INFO |   [finetune] epoch 4/20 | train_loss=0.6306 | val_loss=0.6244 | val_stone_acc=0.697 | val_stone_f1=0.375 | 51s
10:42:12 | INFO |   [finetune] epoch 5/20 | train_loss=0.6224 | val_loss=0.6181 | val_stone_acc=0.697 | val_stone_f1=0.375 | 51s
10:43:04 | INFO |   [finetune] epoch 6/20 | train_loss=0.6372 | val_loss=0.6147 | val_stone_acc=0.667 | val_stone_f1=0.154 | 51s
10:43:55 | INFO |   [finetune] epoch 7/20 | train_loss=0.6610 | val_loss=0.6877 | val_stone_acc=0.636 | val_stone_f1=0.000 | 51s
10:44:46 | INFO |   [finetune] epoch 8/20 | train_loss=0.6263 | val_loss=0.6162 | val_stone_acc=0.697 | val_stone_f1=0.500 | 50s
10:45:36 | INFO |   [finetune] epoch 9/20 | train_loss=0.5994 | val_loss=0.6377 | val_stone_acc=0.652 | val_stone_f1=0.148 | 50s
10:46:27 | INFO |   [finetune] epoch 10/20 | train_loss=0.6122 | val_loss=0.6287 | val_stone_acc=0.636 | val_stone_f1=0.077 | 51s
10:47:17 | INFO |   [finetune] epoch 11/20 | train_loss=0.5712 | val_loss=0.5883 | val_stone_acc=0.758 | val_stone_f1=0.579 | 50s
10:48:07 | INFO |   [finetune] epoch 12/20 | train_loss=0.5730 | val_loss=0.5997 | val_stone_acc=0.682 | val_stone_f1=0.323 | 50s
10:48:58 | INFO |   [finetune] epoch 13/20 | train_loss=0.5630 | val_loss=0.6187 | val_stone_acc=0.682 | val_stone_f1=0.604 | 51s
10:49:48 | INFO |   [finetune] epoch 14/20 | train_loss=0.5932 | val_loss=0.5949 | val_stone_acc=0.712 | val_stone_f1=0.457 | 51s
10:50:39 | INFO |   [finetune] epoch 15/20 | train_loss=0.5795 | val_loss=0.5906 | val_stone_acc=0.727 | val_stone_f1=0.471 | 50s
10:51:29 | INFO |   [finetune] epoch 16/20 | train_loss=0.5582 | val_loss=0.5948 | val_stone_acc=0.697 | val_stone_f1=0.412 | 50s
10:51:29 | INFO |   Early stopping (no improvement for 5 epochs)
10:51:29 | INFO | Fold 1 done. Best val_loss=0.5883 at epoch 15
10:51:30 | INFO | Built resnet18 (11,177,538 params total). Pretrained weights: IMAGENET1K_V1
10:51:30 | INFO | Fold 2 — Phase 1: frozen backbone, 5 epochs
10:51:30 | INFO |   Trainable params: 1,026
10:52:20 | INFO |   [frozen] epoch 1/5 | train_loss=0.7669 | val_loss=0.6540 | val_stone_acc=0.636 | val_stone_f1=0.000 | 51s
10:53:10 | INFO |   [frozen] epoch 2/5 | train_loss=0.7218 | val_loss=0.6878 | val_stone_acc=0.636 | val_stone_f1=0.000 | 50s
10:54:00 | INFO |   [frozen] epoch 3/5 | train_loss=0.7149 | val_loss=0.6670 | val_stone_acc=0.621 | val_stone_f1=0.390 | 50s
10:54:50 | INFO |   [frozen] epoch 4/5 | train_loss=0.6726 | val_loss=0.6632 | val_stone_acc=0.636 | val_stone_f1=0.077 | 50s
10:55:40 | INFO |   [frozen] epoch 5/5 | train_loss=0.6926 | val_loss=0.6757 | val_stone_acc=0.636 | val_stone_f1=0.000 | 50s
10:55:40 | INFO |   Trainable params: 11,177,538
10:56:29 | INFO |   [finetune] epoch 1/20 | train_loss=0.6846 | val_loss=0.6634 | val_stone_acc=0.636 | val_stone_f1=0.000 | 50s
10:57:19 | INFO |   [finetune] epoch 2/20 | train_loss=0.6602 | val_loss=0.6456 | val_stone_acc=0.652 | val_stone_f1=0.258 | 50s
10:58:09 | INFO |   [finetune] epoch 3/20 | train_loss=0.6567 | val_loss=0.6460 | val_stone_acc=0.652 | val_stone_f1=0.343 | 50s
10:58:59 | INFO |   [finetune] epoch 4/20 | train_loss=0.6311 | val_loss=0.6330 | val_stone_acc=0.682 | val_stone_f1=0.400 | 50s
10:59:49 | INFO |   [finetune] epoch 5/20 | train_loss=0.6155 | val_loss=0.6254 | val_stone_acc=0.652 | val_stone_f1=0.303 | 50s
11:00:38 | INFO |   [finetune] epoch 6/20 | train_loss=0.5999 | val_loss=0.6112 | val_stone_acc=0.652 | val_stone_f1=0.343 | 50s
11:01:28 | INFO |   [finetune] epoch 7/20 | train_loss=0.6208 | val_loss=0.6282 | val_stone_acc=0.652 | val_stone_f1=0.258 | 50s
11:02:18 | INFO |   [finetune] epoch 8/20 | train_loss=0.5906 | val_loss=0.6224 | val_stone_acc=0.652 | val_stone_f1=0.303 | 50s
11:03:08 | INFO |   [finetune] epoch 9/20 | train_loss=0.5770 | val_loss=0.6097 | val_stone_acc=0.682 | val_stone_f1=0.432 | 50s
11:03:58 | INFO |   [finetune] epoch 10/20 | train_loss=0.5742 | val_loss=0.6124 | val_stone_acc=0.682 | val_stone_f1=0.400 | 50s
11:04:47 | INFO |   [finetune] epoch 11/20 | train_loss=0.5720 | val_loss=0.6483 | val_stone_acc=0.652 | val_stone_f1=0.303 | 50s
11:05:37 | INFO |   [finetune] epoch 12/20 | train_loss=0.5697 | val_loss=0.6227 | val_stone_acc=0.682 | val_stone_f1=0.462 | 50s
11:06:26 | INFO |   [finetune] epoch 13/20 | train_loss=0.5609 | val_loss=0.6336 | val_stone_acc=0.682 | val_stone_f1=0.462 | 50s
11:07:16 | INFO |   [finetune] epoch 14/20 | train_loss=0.5486 | val_loss=0.6287 | val_stone_acc=0.667 | val_stone_f1=0.421 | 50s
11:07:16 | INFO |   Early stopping (no improvement for 5 epochs)
11:07:16 | INFO | Fold 2 done. Best val_loss=0.6097 at epoch 13
11:07:16 | INFO | Built resnet18 (11,177,538 params total). Pretrained weights: IMAGENET1K_V1
11:07:16 | INFO | Fold 3 — Phase 1: frozen backbone, 5 epochs
11:07:16 | INFO |   Trainable params: 1,026
11:08:08 | INFO |   [frozen] epoch 1/5 | train_loss=0.7815 | val_loss=0.7946 | val_stone_acc=0.348 | val_stone_f1=0.494 | 51s
11:08:58 | INFO |   [frozen] epoch 2/5 | train_loss=0.7531 | val_loss=0.7318 | val_stone_acc=0.636 | val_stone_f1=0.000 | 51s
11:09:50 | INFO |   [frozen] epoch 3/5 | train_loss=0.7312 | val_loss=0.6903 | val_stone_acc=0.606 | val_stone_f1=0.000 | 51s
11:10:41 | INFO |   [frozen] epoch 4/5 | train_loss=0.7207 | val_loss=0.6869 | val_stone_acc=0.576 | val_stone_f1=0.000 | 51s
11:11:32 | INFO |   [frozen] epoch 5/5 | train_loss=0.6889 | val_loss=0.7654 | val_stone_acc=0.636 | val_stone_f1=0.000 | 51s
11:11:32 | INFO |   Trainable params: 11,177,538
11:12:23 | INFO |   [finetune] epoch 1/20 | train_loss=0.7096 | val_loss=0.6623 | val_stone_acc=0.667 | val_stone_f1=0.476 | 51s
11:13:15 | INFO |   [finetune] epoch 2/20 | train_loss=0.6519 | val_loss=0.6579 | val_stone_acc=0.636 | val_stone_f1=0.200 | 51s
11:14:06 | INFO |   [finetune] epoch 3/20 | train_loss=0.6562 | val_loss=0.7025 | val_stone_acc=0.652 | val_stone_f1=0.080 | 51s
11:14:57 | INFO |   [finetune] epoch 4/20 | train_loss=0.6071 | val_loss=0.6623 | val_stone_acc=0.621 | val_stone_f1=0.242 | 51s
11:15:48 | INFO |   [finetune] epoch 5/20 | train_loss=0.6073 | val_loss=0.6651 | val_stone_acc=0.576 | val_stone_f1=0.176 | 51s
11:16:40 | INFO |   [finetune] epoch 6/20 | train_loss=0.6085 | val_loss=0.6841 | val_stone_acc=0.591 | val_stone_f1=0.182 | 51s
11:17:31 | INFO |   [finetune] epoch 7/20 | train_loss=0.5859 | val_loss=0.7461 | val_stone_acc=0.621 | val_stone_f1=0.074 | 51s
11:17:31 | INFO |   Early stopping (no improvement for 5 epochs)
11:17:31 | INFO | Fold 3 done. Best val_loss=0.6579 at epoch 6
11:17:31 | INFO | Built resnet18 (11,177,538 params total). Pretrained weights: IMAGENET1K_V1
11:17:31 | INFO | Fold 4 — Phase 1: frozen backbone, 5 epochs
11:17:31 | INFO |   Trainable params: 1,026
11:18:21 | INFO |   [frozen] epoch 1/5 | train_loss=0.7880 | val_loss=0.7048 | val_stone_acc=0.515 | val_stone_f1=0.590 | 50s
11:19:10 | INFO |   [frozen] epoch 2/5 | train_loss=0.7522 | val_loss=0.6510 | val_stone_acc=0.621 | val_stone_f1=0.545 | 49s
11:20:00 | INFO |   [frozen] epoch 3/5 | train_loss=0.7355 | val_loss=0.6315 | val_stone_acc=0.667 | val_stone_f1=0.214 | 49s
11:20:50 | INFO |   [frozen] epoch 4/5 | train_loss=0.7306 | val_loss=0.6314 | val_stone_acc=0.621 | val_stone_f1=0.000 | 50s
11:21:39 | INFO |   [frozen] epoch 5/5 | train_loss=0.7063 | val_loss=0.6426 | val_stone_acc=0.621 | val_stone_f1=0.000 | 49s
11:21:39 | INFO |   Trainable params: 11,177,538
11:22:28 | INFO |   [finetune] epoch 1/20 | train_loss=0.6922 | val_loss=0.6316 | val_stone_acc=0.606 | val_stone_f1=0.000 | 49s
11:23:17 | INFO |   [finetune] epoch 2/20 | train_loss=0.6823 | val_loss=0.5867 | val_stone_acc=0.682 | val_stone_f1=0.400 | 49s
11:24:07 | INFO |   [finetune] epoch 3/20 | train_loss=0.6311 | val_loss=0.6791 | val_stone_acc=0.621 | val_stone_f1=0.000 | 49s
11:24:56 | INFO |   [finetune] epoch 4/20 | train_loss=0.6552 | val_loss=0.5780 | val_stone_acc=0.742 | val_stone_f1=0.564 | 50s
11:25:46 | INFO |   [finetune] epoch 5/20 | train_loss=0.6338 | val_loss=0.5813 | val_stone_acc=0.667 | val_stone_f1=0.214 | 49s
11:26:35 | INFO |   [finetune] epoch 6/20 | train_loss=0.6293 | val_loss=0.6269 | val_stone_acc=0.621 | val_stone_f1=0.000 | 49s
11:27:24 | INFO |   [finetune] epoch 7/20 | train_loss=0.6219 | val_loss=0.6061 | val_stone_acc=0.652 | val_stone_f1=0.148 | 49s
11:28:14 | INFO |   [finetune] epoch 8/20 | train_loss=0.6130 | val_loss=0.5984 | val_stone_acc=0.636 | val_stone_f1=0.143 | 49s
11:29:03 | INFO |   [finetune] epoch 9/20 | train_loss=0.6065 | val_loss=0.5760 | val_stone_acc=0.636 | val_stone_f1=0.200 | 50s
11:29:53 | INFO |   [finetune] epoch 10/20 | train_loss=0.6146 | val_loss=0.5615 | val_stone_acc=0.667 | val_stone_f1=0.312 | 49s
11:30:42 | INFO |   [finetune] epoch 11/20 | train_loss=0.5862 | val_loss=0.5599 | val_stone_acc=0.712 | val_stone_f1=0.537 | 49s
11:31:31 | INFO |   [finetune] epoch 12/20 | train_loss=0.5866 | val_loss=0.5502 | val_stone_acc=0.727 | val_stone_f1=0.526 | 49s
11:32:21 | INFO |   [finetune] epoch 13/20 | train_loss=0.5786 | val_loss=0.5910 | val_stone_acc=0.636 | val_stone_f1=0.200 | 50s
11:33:10 | INFO |   [finetune] epoch 14/20 | train_loss=0.5549 | val_loss=0.5524 | val_stone_acc=0.667 | val_stone_f1=0.312 | 49s
11:34:00 | INFO |   [finetune] epoch 15/20 | train_loss=0.5500 | val_loss=0.5381 | val_stone_acc=0.712 | val_stone_f1=0.537 | 49s
11:34:49 | INFO |   [finetune] epoch 16/20 | train_loss=0.5580 | val_loss=0.5587 | val_stone_acc=0.682 | val_stone_f1=0.364 | 49s
11:35:38 | INFO |   [finetune] epoch 17/20 | train_loss=0.5515 | val_loss=0.5602 | val_stone_acc=0.697 | val_stone_f1=0.375 | 49s
11:36:28 | INFO |   [finetune] epoch 18/20 | train_loss=0.5314 | val_loss=0.5519 | val_stone_acc=0.652 | val_stone_f1=0.207 | 49s
11:37:17 | INFO |   [finetune] epoch 19/20 | train_loss=0.5524 | val_loss=0.5600 | val_stone_acc=0.652 | val_stone_f1=0.258 | 49s
11:38:06 | INFO |   [finetune] epoch 20/20 | train_loss=0.5169 | val_loss=0.5455 | val_stone_acc=0.697 | val_stone_f1=0.412 | 49s
11:38:06 | INFO |   Early stopping (no improvement for 5 epochs)
11:38:06 | INFO | Fold 4 done. Best val_loss=0.5381 at epoch 19
11:38:06 | INFO | Cross-fold summary:
11:38:06 | INFO | === Held-out test set evaluation ===
11:38:07 | INFO | Built resnet18 (11,177,538 params total). Pretrained weights: IMAGENET1K_V1
11:38:24 | INFO |   Fold 0 test: stone_acc=0.639 | stone_f1=0.375 | stone_roc_auc=0.669
11:38:24 | INFO | Built resnet18 (11,177,538 params total). Pretrained weights: IMAGENET1K_V1
11:38:40 | INFO |   Fold 1 test: stone_acc=0.675 | stone_f1=0.400 | stone_roc_auc=0.688
11:38:41 | INFO | Built resnet18 (11,177,538 params total). Pretrained weights: IMAGENET1K_V1
11:38:57 | INFO |   Fold 2 test: stone_acc=0.723 | stone_f1=0.566 | stone_roc_auc=0.698
11:38:57 | INFO | Built resnet18 (11,177,538 params total). Pretrained weights: IMAGENET1K_V1
11:39:14 | INFO |   Fold 3 test: stone_acc=0.675 | stone_f1=0.341 | stone_roc_auc=0.621
11:39:14 | INFO | Built resnet18 (11,177,538 params total). Pretrained weights: IMAGENET1K_V1
11:39:31 | INFO |   Fold 4 test: stone_acc=0.663 | stone_f1=0.517 | stone_roc_auc=0.725
11:39:31 | INFO | Test set summary (mean ± std across folds):
11:39:31 | INFO |   stone_accuracy: 0.675 ± 0.031
11:39:31 | INFO |   stone_f1: 0.440 ± 0.097
11:39:31 | INFO |   stone_roc_auc: 0.680 ± 0.039
11:39:36 | INFO | Device: cuda
11:39:36 | INFO | cuDNN benchmark enabled
11:39:37 | INFO | Skipped 21 rows with no composition data
11:39:37 | INFO | Recomputed labels at 100.0% threshold: 546 pure / 696 mixed (414 stones)
11:39:37 | WARNING | Skipped 2 rows whose image files are missing
11:39:37 | INFO | Built 1240 samples from 414 stones
11:39:37 | INFO | Test holdout: 83 stones (36 pure / 47 mixed, 248 images). Train+val pool: 331 stones (992 images).
11:39:37 | INFO | --random-labels: stone-level labels have been shuffled (baseline mode)
11:39:38 | INFO |   Fold 0: train=264 stones (116 pure / 148 mixed, 791 images), val=67 stones (30 pure / 37 mixed, 201 images)
11:39:38 | INFO |   Fold 1: train=265 stones (117 pure / 148 mixed, 794 images), val=66 stones (29 pure / 37 mixed, 198 images)
11:39:38 | INFO |   Fold 2: train=265 stones (117 pure / 148 mixed, 795 images), val=66 stones (29 pure / 37 mixed, 197 images)
11:39:38 | INFO |   Fold 3: train=265 stones (117 pure / 148 mixed, 794 images), val=66 stones (29 pure / 37 mixed, 198 images)
11:39:38 | INFO |   Fold 4: train=265 stones (117 pure / 148 mixed, 794 images), val=66 stones (29 pure / 37 mixed, 198 images)
11:39:38 | INFO | Config snapshot saved to /gpfs/home3/ddboer/umc_thesis/outputs/checkpoints/binary_random/config_snapshot.yaml
11:39:38 | INFO | Built resnet18 (11,177,538 params total). Pretrained weights: IMAGENET1K_V1
11:39:38 | INFO | Fold 0 — Phase 1: frozen backbone, 5 epochs
11:39:38 | INFO |   Trainable params: 1,026
11:40:29 | INFO |   [frozen] epoch 1/5 | train_loss=0.8086 | val_loss=0.8026 | val_stone_acc=0.552 | val_stone_f1=0.712 | 50s
11:41:19 | INFO |   [frozen] epoch 2/5 | train_loss=0.7736 | val_loss=0.6945 | val_stone_acc=0.552 | val_stone_f1=0.712 | 50s
11:42:09 | INFO |   [frozen] epoch 3/5 | train_loss=0.7950 | val_loss=0.7167 | val_stone_acc=0.552 | val_stone_f1=0.712 | 50s
11:43:00 | INFO |   [frozen] epoch 4/5 | train_loss=0.7614 | val_loss=0.7223 | val_stone_acc=0.552 | val_stone_f1=0.712 | 50s
11:43:50 | INFO |   [frozen] epoch 5/5 | train_loss=0.7290 | val_loss=0.6902 | val_stone_acc=0.522 | val_stone_f1=0.652 | 50s
11:43:50 | INFO |   Trainable params: 11,177,538
11:44:41 | INFO |   [finetune] epoch 1/20 | train_loss=0.7305 | val_loss=0.7035 | val_stone_acc=0.582 | val_stone_f1=0.720 | 51s
11:45:32 | INFO |   [finetune] epoch 2/20 | train_loss=0.7161 | val_loss=0.6990 | val_stone_acc=0.627 | val_stone_f1=0.747 | 51s
11:46:23 | INFO |   [finetune] epoch 3/20 | train_loss=0.7149 | val_loss=0.7401 | val_stone_acc=0.567 | val_stone_f1=0.718 | 51s
11:47:13 | INFO |   [finetune] epoch 4/20 | train_loss=0.7101 | val_loss=0.7058 | val_stone_acc=0.567 | val_stone_f1=0.633 | 51s
11:48:05 | INFO |   [finetune] epoch 5/20 | train_loss=0.6957 | val_loss=0.7035 | val_stone_acc=0.582 | val_stone_f1=0.641 | 51s
11:48:56 | INFO |   [finetune] epoch 6/20 | train_loss=0.7027 | val_loss=0.7342 | val_stone_acc=0.567 | val_stone_f1=0.707 | 52s
11:49:47 | INFO |   [finetune] epoch 7/20 | train_loss=0.6849 | val_loss=0.7057 | val_stone_acc=0.552 | val_stone_f1=0.667 | 51s
11:49:47 | INFO |   Early stopping (no improvement for 5 epochs)
11:49:48 | INFO | Fold 0 done. Best val_loss=0.6990 at epoch 6
11:49:48 | INFO | Built resnet18 (11,177,538 params total). Pretrained weights: IMAGENET1K_V1
11:49:48 | INFO | Fold 1 — Phase 1: frozen backbone, 5 epochs
11:49:48 | INFO |   Trainable params: 1,026
11:50:38 | INFO |   [frozen] epoch 1/5 | train_loss=0.8149 | val_loss=0.7085 | val_stone_acc=0.591 | val_stone_f1=0.682 | 50s
11:51:28 | INFO |   [frozen] epoch 2/5 | train_loss=0.7908 | val_loss=0.7215 | val_stone_acc=0.561 | val_stone_f1=0.688 | 50s
11:52:17 | INFO |   [frozen] epoch 3/5 | train_loss=0.7802 | val_loss=0.7137 | val_stone_acc=0.576 | val_stone_f1=0.708 | 49s
11:53:07 | INFO |   [frozen] epoch 4/5 | train_loss=0.7541 | val_loss=0.7112 | val_stone_acc=0.515 | val_stone_f1=0.543 | 50s
11:53:56 | INFO |   [frozen] epoch 5/5 | train_loss=0.7603 | val_loss=0.6977 | val_stone_acc=0.621 | val_stone_f1=0.731 | 49s
11:53:56 | INFO |   Trainable params: 11,177,538
11:54:46 | INFO |   [finetune] epoch 1/20 | train_loss=0.7808 | val_loss=0.6989 | val_stone_acc=0.576 | val_stone_f1=0.674 | 49s
11:55:35 | INFO |   [finetune] epoch 2/20 | train_loss=0.7205 | val_loss=0.7112 | val_stone_acc=0.515 | val_stone_f1=0.529 | 49s
11:56:24 | INFO |   [finetune] epoch 3/20 | train_loss=0.7093 | val_loss=0.6952 | val_stone_acc=0.545 | val_stone_f1=0.688 | 49s
11:57:13 | INFO |   [finetune] epoch 4/20 | train_loss=0.7044 | val_loss=0.7014 | val_stone_acc=0.576 | val_stone_f1=0.576 | 49s
11:58:03 | INFO |   [finetune] epoch 5/20 | train_loss=0.7154 | val_loss=0.6843 | val_stone_acc=0.636 | val_stone_f1=0.714 | 49s
11:58:52 | INFO |   [finetune] epoch 6/20 | train_loss=0.7133 | val_loss=0.6798 | val_stone_acc=0.591 | val_stone_f1=0.658 | 49s
11:59:41 | INFO |   [finetune] epoch 7/20 | train_loss=0.7133 | val_loss=0.7183 | val_stone_acc=0.561 | val_stone_f1=0.718 | 49s
12:00:31 | INFO |   [finetune] epoch 8/20 | train_loss=0.7161 | val_loss=0.6931 | val_stone_acc=0.591 | val_stone_f1=0.727 | 49s
12:01:20 | INFO |   [finetune] epoch 9/20 | train_loss=0.6968 | val_loss=0.6796 | val_stone_acc=0.591 | val_stone_f1=0.620 | 49s
12:02:10 | INFO |   [finetune] epoch 10/20 | train_loss=0.6850 | val_loss=0.6738 | val_stone_acc=0.636 | val_stone_f1=0.707 | 49s
12:02:59 | INFO |   [finetune] epoch 11/20 | train_loss=0.6759 | val_loss=0.6801 | val_stone_acc=0.621 | val_stone_f1=0.675 | 49s
12:03:48 | INFO |   [finetune] epoch 12/20 | train_loss=0.6616 | val_loss=0.6725 | val_stone_acc=0.591 | val_stone_f1=0.649 | 49s
12:04:37 | INFO |   [finetune] epoch 13/20 | train_loss=0.6577 | val_loss=0.6717 | val_stone_acc=0.667 | val_stone_f1=0.738 | 49s
12:05:27 | INFO |   [finetune] epoch 14/20 | train_loss=0.6372 | val_loss=0.6833 | val_stone_acc=0.621 | val_stone_f1=0.691 | 50s
12:06:17 | INFO |   [finetune] epoch 15/20 | train_loss=0.6479 | val_loss=0.6949 | val_stone_acc=0.591 | val_stone_f1=0.649 | 50s
12:07:07 | INFO |   [finetune] epoch 16/20 | train_loss=0.6697 | val_loss=0.6865 | val_stone_acc=0.667 | val_stone_f1=0.738 | 50s
12:07:56 | INFO |   [finetune] epoch 17/20 | train_loss=0.6441 | val_loss=0.6879 | val_stone_acc=0.652 | val_stone_f1=0.723 | 49s
12:08:46 | INFO |   [finetune] epoch 18/20 | train_loss=0.6358 | val_loss=0.6887 | val_stone_acc=0.621 | val_stone_f1=0.713 | 50s
12:08:46 | INFO |   Early stopping (no improvement for 5 epochs)
12:08:46 | INFO | Fold 1 done. Best val_loss=0.6717 at epoch 17
12:08:46 | INFO | Built resnet18 (11,177,538 params total). Pretrained weights: IMAGENET1K_V1
12:08:46 | INFO | Fold 2 — Phase 1: frozen backbone, 5 epochs
12:08:46 | INFO |   Trainable params: 1,026
12:09:37 | INFO |   [frozen] epoch 1/5 | train_loss=0.7996 | val_loss=0.6891 | val_stone_acc=0.591 | val_stone_f1=0.727 | 51s
12:10:27 | INFO |   [frozen] epoch 2/5 | train_loss=0.7885 | val_loss=0.7281 | val_stone_acc=0.455 | val_stone_f1=0.500 | 50s
12:11:17 | INFO |   [frozen] epoch 3/5 | train_loss=0.7387 | val_loss=0.7754 | val_stone_acc=0.545 | val_stone_f1=0.700 | 50s
12:12:08 | INFO |   [frozen] epoch 4/5 | train_loss=0.7570 | val_loss=0.7302 | val_stone_acc=0.485 | val_stone_f1=0.585 | 50s
12:12:58 | INFO |   [frozen] epoch 5/5 | train_loss=0.7387 | val_loss=0.7319 | val_stone_acc=0.530 | val_stone_f1=0.597 | 50s
12:12:58 | INFO |   Trainable params: 11,177,538
12:13:48 | INFO |   [finetune] epoch 1/20 | train_loss=0.7549 | val_loss=0.7339 | val_stone_acc=0.545 | val_stone_f1=0.667 | 50s
12:14:38 | INFO |   [finetune] epoch 2/20 | train_loss=0.7281 | val_loss=0.7117 | val_stone_acc=0.515 | val_stone_f1=0.619 | 50s
12:15:29 | INFO |   [finetune] epoch 3/20 | train_loss=0.6858 | val_loss=0.7334 | val_stone_acc=0.530 | val_stone_f1=0.667 | 50s
12:16:19 | INFO |   [finetune] epoch 4/20 | train_loss=0.6849 | val_loss=0.7347 | val_stone_acc=0.530 | val_stone_f1=0.627 | 50s
12:17:09 | INFO |   [finetune] epoch 5/20 | train_loss=0.7046 | val_loss=0.7379 | val_stone_acc=0.530 | val_stone_f1=0.635 | 50s
12:18:00 | INFO |   [finetune] epoch 6/20 | train_loss=0.6618 | val_loss=0.7294 | val_stone_acc=0.545 | val_stone_f1=0.634 | 50s
12:18:50 | INFO |   [finetune] epoch 7/20 | train_loss=0.6941 | val_loss=0.7237 | val_stone_acc=0.591 | val_stone_f1=0.658 | 50s
12:18:50 | INFO |   Early stopping (no improvement for 5 epochs)
12:18:50 | INFO | Fold 2 done. Best val_loss=0.7117 at epoch 6
12:18:50 | INFO | Built resnet18 (11,177,538 params total). Pretrained weights: IMAGENET1K_V1
12:18:50 | INFO | Fold 3 — Phase 1: frozen backbone, 5 epochs
12:18:50 | INFO |   Trainable params: 1,026
12:19:41 | INFO |   [frozen] epoch 1/5 | train_loss=0.7925 | val_loss=0.7669 | val_stone_acc=0.470 | val_stone_f1=0.146 | 51s
12:20:33 | INFO |   [frozen] epoch 2/5 | train_loss=0.8183 | val_loss=0.7293 | val_stone_acc=0.470 | val_stone_f1=0.493 | 51s
12:21:24 | INFO |   [frozen] epoch 3/5 | train_loss=0.7768 | val_loss=0.7378 | val_stone_acc=0.455 | val_stone_f1=0.514 | 51s
12:22:15 | INFO |   [frozen] epoch 4/5 | train_loss=0.7227 | val_loss=0.7329 | val_stone_acc=0.530 | val_stone_f1=0.652 | 51s
12:23:05 | INFO |   [frozen] epoch 5/5 | train_loss=0.7274 | val_loss=0.7242 | val_stone_acc=0.515 | val_stone_f1=0.636 | 51s
12:23:06 | INFO |   Trainable params: 11,177,538
12:23:56 | INFO |   [finetune] epoch 1/20 | train_loss=0.7466 | val_loss=0.7216 | val_stone_acc=0.576 | val_stone_f1=0.696 | 51s
12:24:47 | INFO |   [finetune] epoch 2/20 | train_loss=0.7224 | val_loss=0.7095 | val_stone_acc=0.576 | val_stone_f1=0.696 | 51s
12:25:38 | INFO |   [finetune] epoch 3/20 | train_loss=0.7299 | val_loss=0.7241 | val_stone_acc=0.485 | val_stone_f1=0.528 | 51s
12:26:29 | INFO |   [finetune] epoch 4/20 | train_loss=0.7231 | val_loss=0.7123 | val_stone_acc=0.561 | val_stone_f1=0.659 | 51s
12:27:19 | INFO |   [finetune] epoch 5/20 | train_loss=0.6938 | val_loss=0.7157 | val_stone_acc=0.576 | val_stone_f1=0.696 | 51s
12:28:10 | INFO |   [finetune] epoch 6/20 | train_loss=0.6907 | val_loss=0.7310 | val_stone_acc=0.576 | val_stone_f1=0.674 | 51s
12:29:01 | INFO |   [finetune] epoch 7/20 | train_loss=0.6930 | val_loss=0.7468 | val_stone_acc=0.530 | val_stone_f1=0.659 | 51s
12:29:01 | INFO |   Early stopping (no improvement for 5 epochs)
12:29:01 | INFO | Fold 3 done. Best val_loss=0.7095 at epoch 6
12:29:01 | INFO | Built resnet18 (11,177,538 params total). Pretrained weights: IMAGENET1K_V1
12:29:01 | INFO | Fold 4 — Phase 1: frozen backbone, 5 epochs
12:29:01 | INFO |   Trainable params: 1,026
12:29:53 | INFO |   [frozen] epoch 1/5 | train_loss=0.8227 | val_loss=0.7141 | val_stone_acc=0.561 | val_stone_f1=0.718 | 51s
12:30:44 | INFO |   [frozen] epoch 2/5 | train_loss=0.7798 | val_loss=0.7243 | val_stone_acc=0.561 | val_stone_f1=0.718 | 51s
12:31:36 | INFO |   [frozen] epoch 3/5 | train_loss=0.7667 | val_loss=0.7203 | val_stone_acc=0.561 | val_stone_f1=0.718 | 51s
12:32:27 | INFO |   [frozen] epoch 4/5 | train_loss=0.7427 | val_loss=0.7002 | val_stone_acc=0.636 | val_stone_f1=0.707 | 51s
12:33:18 | INFO |   [frozen] epoch 5/5 | train_loss=0.7321 | val_loss=0.7047 | val_stone_acc=0.500 | val_stone_f1=0.492 | 51s
12:33:18 | INFO |   Trainable params: 11,177,538
12:34:09 | INFO |   [finetune] epoch 1/20 | train_loss=0.7406 | val_loss=0.7017 | val_stone_acc=0.576 | val_stone_f1=0.576 | 51s
12:34:59 | INFO |   [finetune] epoch 2/20 | train_loss=0.7034 | val_loss=0.7053 | val_stone_acc=0.561 | val_stone_f1=0.554 | 50s
12:35:49 | INFO |   [finetune] epoch 3/20 | train_loss=0.7239 | val_loss=0.7051 | val_stone_acc=0.515 | val_stone_f1=0.673 | 50s
12:36:39 | INFO |   [finetune] epoch 4/20 | train_loss=0.7105 | val_loss=0.7045 | val_stone_acc=0.515 | val_stone_f1=0.660 | 50s
12:37:28 | INFO |   [finetune] epoch 5/20 | train_loss=0.7439 | val_loss=0.7679 | val_stone_acc=0.439 | val_stone_f1=0.140 | 50s
12:38:18 | INFO |   [finetune] epoch 6/20 | train_loss=0.7093 | val_loss=0.7062 | val_stone_acc=0.470 | val_stone_f1=0.624 | 50s
12:38:18 | INFO |   Early stopping (no improvement for 5 epochs)
12:38:18 | INFO | Fold 4 done. Best val_loss=0.7017 at epoch 5
12:38:18 | INFO | Cross-fold summary:
12:38:18 | INFO | === Held-out test set evaluation ===
12:38:19 | INFO | Built resnet18 (11,177,538 params total). Pretrained weights: IMAGENET1K_V1
12:38:36 | INFO |   Fold 0 test: stone_acc=0.566 | stone_f1=0.710 | stone_roc_auc=0.518
12:38:36 | INFO | Built resnet18 (11,177,538 params total). Pretrained weights: IMAGENET1K_V1
12:38:53 | INFO |   Fold 1 test: stone_acc=0.506 | stone_f1=0.617 | stone_roc_auc=0.379
12:38:53 | INFO | Built resnet18 (11,177,538 params total). Pretrained weights: IMAGENET1K_V1
12:39:10 | INFO |   Fold 2 test: stone_acc=0.542 | stone_f1=0.620 | stone_roc_auc=0.516
12:39:10 | INFO | Built resnet18 (11,177,538 params total). Pretrained weights: IMAGENET1K_V1
12:39:27 | INFO |   Fold 3 test: stone_acc=0.566 | stone_f1=0.667 | stone_roc_auc=0.524
12:39:27 | INFO | Built resnet18 (11,177,538 params total). Pretrained weights: IMAGENET1K_V1
12:39:44 | INFO |   Fold 4 test: stone_acc=0.518 | stone_f1=0.512 | stone_roc_auc=0.496
12:39:44 | INFO | Test set summary (mean ± std across folds):
12:39:44 | INFO |   stone_accuracy: 0.540 ± 0.027
12:39:44 | INFO |   stone_f1: 0.625 ± 0.074
12:39:44 | INFO |   stone_roc_auc: 0.487 ± 0.061
