14:21:18 | INFO | Device: cuda
14:21:18 | INFO | cuDNN benchmark enabled
14:21:20 | WARNING | Skipped 6 rows whose image files are missing
14:21:21 | INFO | Built 993 compositional samples from 333 stones
14:21:21 | INFO | Excluded classes ['OTH'] → 5 classes remaining, 329 stones
14:21:21 | INFO | Test holdout: 66 stones (30 pure / 36 mixed, 198 images). Train+val pool: 263 stones (783 images).
14:21:21 | INFO |   Fold 0: train=210 stones (95 pure / 115 mixed, 625 images), val=53 stones (23 pure / 30 mixed, 158 images)
14:21:21 | INFO |   Fold 1: train=210 stones (94 pure / 116 mixed, 627 images), val=53 stones (24 pure / 29 mixed, 156 images)
14:21:21 | INFO |   Fold 2: train=210 stones (94 pure / 116 mixed, 625 images), val=53 stones (24 pure / 29 mixed, 158 images)
14:21:21 | INFO |   Fold 3: train=211 stones (94 pure / 117 mixed, 628 images), val=52 stones (24 pure / 28 mixed, 155 images)
14:21:21 | INFO |   Fold 4: train=211 stones (95 pure / 116 mixed, 627 images), val=52 stones (23 pure / 29 mixed, 156 images)
14:21:21 | INFO | Model type: simple  |  checkpoints → /gpfs/home3/ddboer/umc_thesis/outputs/checkpoints/composition
14:21:21 | INFO | use_weighted_kl=false — using standard (unweighted) KL divergence
14:21:21 | INFO | === Fold 0 ===
14:21:21 | INFO | Built SimpleCompositionModel: resnet18 backbone + single shared head + presence detection head (11,309,130 params total)
14:21:21 | INFO | Fold 0 — Phase 1: frozen backbone, 5 epochs
14:21:21 | INFO |   Trainable params: 132,618
14:22:12 | INFO |   [frozen] epoch 1/5 | train_total=1.3218 (comp=1.1506 aux=0.5708) | val_loss=1.1260 | val_stone_mae=0.2413 | val_stone_dom_acc=0.434 | 51s
14:23:02 | INFO |   [frozen] epoch 2/5 | train_total=1.2119 (comp=1.0568 aux=0.5170) | val_loss=1.0717 | val_stone_mae=0.2442 | val_stone_dom_acc=0.528 | 50s
14:23:52 | INFO |   [frozen] epoch 3/5 | train_total=1.1595 (comp=1.0081 aux=0.5048) | val_loss=1.0411 | val_stone_mae=0.2307 | val_stone_dom_acc=0.509 | 50s
14:24:41 | INFO |   [frozen] epoch 4/5 | train_total=1.1271 (comp=0.9803 aux=0.4895) | val_loss=1.0456 | val_stone_mae=0.2250 | val_stone_dom_acc=0.491 | 50s
14:25:31 | INFO |   [frozen] epoch 5/5 | train_total=1.1041 (comp=0.9600 aux=0.4804) | val_loss=1.0502 | val_stone_mae=0.2179 | val_stone_dom_acc=0.547 | 50s
14:25:31 | INFO | Fold 0 — Phase 2: fine-tune, 25 epochs
14:25:31 | INFO |   Trainable params: 11,309,130
14:26:22 | INFO |   [finetune] epoch 1/25 | train_total=1.0793 (comp=0.9364 aux=0.4762) | val_loss=1.0221 | val_stone_mae=0.2091 | val_stone_dom_acc=0.547 | 50s
14:27:12 | INFO |   [finetune] epoch 2/25 | train_total=1.0432 (comp=0.9016 aux=0.4719) | val_loss=0.9632 | val_stone_mae=0.2104 | val_stone_dom_acc=0.604 | 50s
14:28:01 | INFO |   [finetune] epoch 3/25 | train_total=1.0130 (comp=0.8785 aux=0.4484) | val_loss=1.0116 | val_stone_mae=0.2054 | val_stone_dom_acc=0.509 | 50s
14:28:51 | INFO |   [finetune] epoch 4/25 | train_total=0.9702 (comp=0.8379 aux=0.4409) | val_loss=0.9457 | val_stone_mae=0.2028 | val_stone_dom_acc=0.547 | 50s
14:29:41 | INFO |   [finetune] epoch 5/25 | train_total=0.9433 (comp=0.8139 aux=0.4311) | val_loss=0.9369 | val_stone_mae=0.1926 | val_stone_dom_acc=0.585 | 50s
14:30:30 | INFO |   [finetune] epoch 6/25 | train_total=0.9270 (comp=0.7993 aux=0.4257) | val_loss=0.8896 | val_stone_mae=0.1919 | val_stone_dom_acc=0.585 | 49s
14:31:20 | INFO |   [finetune] epoch 7/25 | train_total=0.8990 (comp=0.7749 aux=0.4139) | val_loss=0.9265 | val_stone_mae=0.1932 | val_stone_dom_acc=0.566 | 50s
14:32:10 | INFO |   [finetune] epoch 8/25 | train_total=0.8812 (comp=0.7599 aux=0.4046) | val_loss=0.9297 | val_stone_mae=0.1877 | val_stone_dom_acc=0.566 | 50s
14:33:00 | INFO |   [finetune] epoch 9/25 | train_total=0.8409 (comp=0.7208 aux=0.4001) | val_loss=0.8830 | val_stone_mae=0.1873 | val_stone_dom_acc=0.566 | 50s
14:33:49 | INFO |   [finetune] epoch 10/25 | train_total=0.8227 (comp=0.7037 aux=0.3966) | val_loss=0.8961 | val_stone_mae=0.1831 | val_stone_dom_acc=0.623 | 50s
14:34:39 | INFO |   [finetune] epoch 11/25 | train_total=0.8284 (comp=0.7128 aux=0.3852) | val_loss=0.8717 | val_stone_mae=0.1827 | val_stone_dom_acc=0.585 | 50s
14:35:30 | INFO |   [finetune] epoch 12/25 | train_total=0.8037 (comp=0.6887 aux=0.3834) | val_loss=0.8978 | val_stone_mae=0.1804 | val_stone_dom_acc=0.566 | 50s
14:36:19 | INFO |   [finetune] epoch 13/25 | train_total=0.7933 (comp=0.6820 aux=0.3710) | val_loss=0.8546 | val_stone_mae=0.1811 | val_stone_dom_acc=0.623 | 50s
14:37:09 | INFO |   [finetune] epoch 14/25 | train_total=0.7996 (comp=0.6855 aux=0.3805) | val_loss=0.8340 | val_stone_mae=0.1789 | val_stone_dom_acc=0.660 | 49s
14:37:59 | INFO |   [finetune] epoch 15/25 | train_total=0.7556 (comp=0.6440 aux=0.3722) | val_loss=0.8355 | val_stone_mae=0.1746 | val_stone_dom_acc=0.660 | 50s
14:38:48 | INFO |   [finetune] epoch 16/25 | train_total=0.7418 (comp=0.6297 aux=0.3738) | val_loss=0.8713 | val_stone_mae=0.1691 | val_stone_dom_acc=0.642 | 50s
14:39:38 | INFO |   [finetune] epoch 17/25 | train_total=0.7396 (comp=0.6279 aux=0.3724) | val_loss=0.8285 | val_stone_mae=0.1753 | val_stone_dom_acc=0.736 | 50s
14:40:27 | INFO |   [finetune] epoch 18/25 | train_total=0.7213 (comp=0.6162 aux=0.3505) | val_loss=0.8740 | val_stone_mae=0.1743 | val_stone_dom_acc=0.623 | 49s
14:41:17 | INFO |   [finetune] epoch 19/25 | train_total=0.6861 (comp=0.5813 aux=0.3492) | val_loss=0.8609 | val_stone_mae=0.1717 | val_stone_dom_acc=0.660 | 50s
14:42:06 | INFO |   [finetune] epoch 20/25 | train_total=0.6805 (comp=0.5781 aux=0.3413) | val_loss=0.8384 | val_stone_mae=0.1675 | val_stone_dom_acc=0.642 | 49s
14:42:56 | INFO |   [finetune] epoch 21/25 | train_total=0.6846 (comp=0.5812 aux=0.3445) | val_loss=0.8334 | val_stone_mae=0.1660 | val_stone_dom_acc=0.660 | 50s
14:43:45 | INFO |   [finetune] epoch 22/25 | train_total=0.6779 (comp=0.5742 aux=0.3455) | val_loss=0.8148 | val_stone_mae=0.1691 | val_stone_dom_acc=0.755 | 49s
14:44:35 | INFO |   [finetune] epoch 23/25 | train_total=0.6149 (comp=0.5171 aux=0.3259) | val_loss=0.8634 | val_stone_mae=0.1616 | val_stone_dom_acc=0.679 | 50s
14:45:25 | INFO |   [finetune] epoch 24/25 | train_total=0.6428 (comp=0.5432 aux=0.3321) | val_loss=0.8329 | val_stone_mae=0.1632 | val_stone_dom_acc=0.679 | 49s
14:46:14 | INFO |   [finetune] epoch 25/25 | train_total=0.6333 (comp=0.5346 aux=0.3292) | val_loss=0.8195 | val_stone_mae=0.1578 | val_stone_dom_acc=0.698 | 49s
14:46:14 | INFO | Fold 0 done. best_val_loss=0.8148 | stone_mae=0.1691 | stone_dom_acc=0.755 | stone_aitchison=11.3776
14:46:14 | INFO | === Fold 1 ===
14:46:14 | INFO | Built SimpleCompositionModel: resnet18 backbone + single shared head + presence detection head (11,309,130 params total)
14:46:14 | INFO | Fold 1 — Phase 1: frozen backbone, 5 epochs
14:46:14 | INFO |   Trainable params: 132,618
14:47:05 | INFO |   [frozen] epoch 1/5 | train_total=1.3160 (comp=1.1419 aux=0.5801) | val_loss=1.1421 | val_stone_mae=0.2597 | val_stone_dom_acc=0.434 | 50s
14:47:55 | INFO |   [frozen] epoch 2/5 | train_total=1.1932 (comp=1.0356 aux=0.5253) | val_loss=1.0797 | val_stone_mae=0.2359 | val_stone_dom_acc=0.434 | 50s
14:48:45 | INFO |   [frozen] epoch 3/5 | train_total=1.1539 (comp=0.9990 aux=0.5163) | val_loss=1.0507 | val_stone_mae=0.2345 | val_stone_dom_acc=0.434 | 50s
14:49:35 | INFO |   [frozen] epoch 4/5 | train_total=1.1313 (comp=0.9796 aux=0.5055) | val_loss=1.0222 | val_stone_mae=0.2294 | val_stone_dom_acc=0.491 | 50s
14:50:25 | INFO |   [frozen] epoch 5/5 | train_total=1.1090 (comp=0.9606 aux=0.4947) | val_loss=1.0168 | val_stone_mae=0.2222 | val_stone_dom_acc=0.434 | 50s
14:50:26 | INFO | Fold 1 — Phase 2: fine-tune, 25 epochs
14:50:26 | INFO |   Trainable params: 11,309,130
14:51:16 | INFO |   [finetune] epoch 1/25 | train_total=1.0811 (comp=0.9324 aux=0.4958) | val_loss=0.9744 | val_stone_mae=0.2164 | val_stone_dom_acc=0.528 | 50s
14:52:07 | INFO |   [finetune] epoch 2/25 | train_total=1.0503 (comp=0.9085 aux=0.4725) | val_loss=0.9321 | val_stone_mae=0.2167 | val_stone_dom_acc=0.566 | 51s
14:52:58 | INFO |   [finetune] epoch 3/25 | train_total=1.0024 (comp=0.8618 aux=0.4686) | val_loss=0.9493 | val_stone_mae=0.1962 | val_stone_dom_acc=0.528 | 51s
14:53:48 | INFO |   [finetune] epoch 4/25 | train_total=0.9539 (comp=0.8189 aux=0.4499) | val_loss=0.8943 | val_stone_mae=0.1984 | val_stone_dom_acc=0.528 | 50s
14:54:39 | INFO |   [finetune] epoch 5/25 | train_total=0.9508 (comp=0.8166 aux=0.4475) | val_loss=0.8798 | val_stone_mae=0.2000 | val_stone_dom_acc=0.547 | 50s
14:55:29 | INFO |   [finetune] epoch 6/25 | train_total=0.9230 (comp=0.7923 aux=0.4355) | val_loss=0.9042 | val_stone_mae=0.1935 | val_stone_dom_acc=0.509 | 50s
14:56:20 | INFO |   [finetune] epoch 7/25 | train_total=0.9090 (comp=0.7795 aux=0.4316) | val_loss=0.8749 | val_stone_mae=0.2023 | val_stone_dom_acc=0.566 | 51s
14:57:10 | INFO |   [finetune] epoch 8/25 | train_total=0.8623 (comp=0.7349 aux=0.4248) | val_loss=0.9219 | val_stone_mae=0.1890 | val_stone_dom_acc=0.547 | 51s
14:58:01 | INFO |   [finetune] epoch 9/25 | train_total=0.8489 (comp=0.7250 aux=0.4129) | val_loss=0.8521 | val_stone_mae=0.1892 | val_stone_dom_acc=0.528 | 51s
14:58:52 | INFO |   [finetune] epoch 10/25 | train_total=0.8106 (comp=0.6874 aux=0.4104) | val_loss=0.8399 | val_stone_mae=0.1871 | val_stone_dom_acc=0.604 | 51s
14:59:43 | INFO |   [finetune] epoch 11/25 | train_total=0.8516 (comp=0.7295 aux=0.4069) | val_loss=0.9425 | val_stone_mae=0.1874 | val_stone_dom_acc=0.491 | 51s
15:00:33 | INFO |   [finetune] epoch 12/25 | train_total=0.7966 (comp=0.6757 aux=0.4030) | val_loss=0.8195 | val_stone_mae=0.1786 | val_stone_dom_acc=0.604 | 50s
15:01:24 | INFO |   [finetune] epoch 13/25 | train_total=0.7990 (comp=0.6787 aux=0.4009) | val_loss=0.7966 | val_stone_mae=0.1777 | val_stone_dom_acc=0.604 | 51s
15:02:15 | INFO |   [finetune] epoch 14/25 | train_total=0.7616 (comp=0.6455 aux=0.3870) | val_loss=0.8372 | val_stone_mae=0.1729 | val_stone_dom_acc=0.642 | 50s
15:03:05 | INFO |   [finetune] epoch 15/25 | train_total=0.7668 (comp=0.6508 aux=0.3868) | val_loss=0.8033 | val_stone_mae=0.1731 | val_stone_dom_acc=0.642 | 50s
15:03:55 | INFO |   [finetune] epoch 16/25 | train_total=0.7411 (comp=0.6252 aux=0.3860) | val_loss=0.8226 | val_stone_mae=0.1713 | val_stone_dom_acc=0.566 | 50s
15:04:46 | INFO |   [finetune] epoch 17/25 | train_total=0.7540 (comp=0.6406 aux=0.3779) | val_loss=0.7759 | val_stone_mae=0.1725 | val_stone_dom_acc=0.604 | 51s
15:05:37 | INFO |   [finetune] epoch 18/25 | train_total=0.7220 (comp=0.6107 aux=0.3708) | val_loss=0.7681 | val_stone_mae=0.1710 | val_stone_dom_acc=0.642 | 51s
15:06:28 | INFO |   [finetune] epoch 19/25 | train_total=0.6919 (comp=0.5826 aux=0.3646) | val_loss=0.7661 | val_stone_mae=0.1660 | val_stone_dom_acc=0.679 | 51s
15:07:19 | INFO |   [finetune] epoch 20/25 | train_total=0.6680 (comp=0.5614 aux=0.3550) | val_loss=0.7613 | val_stone_mae=0.1645 | val_stone_dom_acc=0.660 | 51s
15:08:10 | INFO |   [finetune] epoch 21/25 | train_total=0.6556 (comp=0.5454 aux=0.3673) | val_loss=0.7804 | val_stone_mae=0.1641 | val_stone_dom_acc=0.623 | 51s
15:09:01 | INFO |   [finetune] epoch 22/25 | train_total=0.6630 (comp=0.5535 aux=0.3649) | val_loss=0.7541 | val_stone_mae=0.1632 | val_stone_dom_acc=0.660 | 51s
15:09:51 | INFO |   [finetune] epoch 23/25 | train_total=0.6627 (comp=0.5557 aux=0.3567) | val_loss=0.7285 | val_stone_mae=0.1613 | val_stone_dom_acc=0.717 | 51s
15:10:42 | INFO |   [finetune] epoch 24/25 | train_total=0.6692 (comp=0.5620 aux=0.3573) | val_loss=0.7543 | val_stone_mae=0.1596 | val_stone_dom_acc=0.679 | 50s
15:11:32 | INFO |   [finetune] epoch 25/25 | train_total=0.6776 (comp=0.5715 aux=0.3537) | val_loss=0.7185 | val_stone_mae=0.1556 | val_stone_dom_acc=0.698 | 50s
15:11:32 | INFO | Fold 1 done. best_val_loss=0.7185 | stone_mae=0.1556 | stone_dom_acc=0.698 | stone_aitchison=10.8746
15:11:32 | INFO | === Fold 2 ===
15:11:32 | INFO | Built SimpleCompositionModel: resnet18 backbone + single shared head + presence detection head (11,309,130 params total)
15:11:32 | INFO | Fold 2 — Phase 1: frozen backbone, 5 epochs
15:11:32 | INFO |   Trainable params: 132,618
15:12:22 | INFO |   [frozen] epoch 1/5 | train_total=1.4040 (comp=1.2316 aux=0.5746) | val_loss=1.0103 | val_stone_mae=0.2382 | val_stone_dom_acc=0.491 | 50s
15:13:12 | INFO |   [frozen] epoch 2/5 | train_total=1.2536 (comp=1.0986 aux=0.5166) | val_loss=0.9677 | val_stone_mae=0.2267 | val_stone_dom_acc=0.472 | 49s
15:14:01 | INFO |   [frozen] epoch 3/5 | train_total=1.2060 (comp=1.0568 aux=0.4974) | val_loss=0.9323 | val_stone_mae=0.2134 | val_stone_dom_acc=0.472 | 49s
15:14:50 | INFO |   [frozen] epoch 4/5 | train_total=1.1812 (comp=1.0347 aux=0.4885) | val_loss=0.9211 | val_stone_mae=0.2164 | val_stone_dom_acc=0.509 | 49s
15:15:40 | INFO |   [frozen] epoch 5/5 | train_total=1.1492 (comp=1.0063 aux=0.4765) | val_loss=0.9022 | val_stone_mae=0.2078 | val_stone_dom_acc=0.547 | 49s
15:15:40 | INFO | Fold 2 — Phase 2: fine-tune, 25 epochs
15:15:40 | INFO |   Trainable params: 11,309,130
15:16:29 | INFO |   [finetune] epoch 1/25 | train_total=1.1225 (comp=0.9804 aux=0.4736) | val_loss=0.8937 | val_stone_mae=0.1986 | val_stone_dom_acc=0.528 | 49s
15:17:18 | INFO |   [finetune] epoch 2/25 | train_total=1.0583 (comp=0.9239 aux=0.4480) | val_loss=0.8360 | val_stone_mae=0.1945 | val_stone_dom_acc=0.566 | 49s
15:18:07 | INFO |   [finetune] epoch 3/25 | train_total=1.0222 (comp=0.8900 aux=0.4407) | val_loss=0.7984 | val_stone_mae=0.1898 | val_stone_dom_acc=0.585 | 49s
15:18:56 | INFO |   [finetune] epoch 4/25 | train_total=0.9857 (comp=0.8594 aux=0.4211) | val_loss=0.7835 | val_stone_mae=0.1884 | val_stone_dom_acc=0.585 | 49s
15:19:45 | INFO |   [finetune] epoch 5/25 | train_total=0.9969 (comp=0.8677 aux=0.4308) | val_loss=0.8095 | val_stone_mae=0.1827 | val_stone_dom_acc=0.566 | 49s
15:20:35 | INFO |   [finetune] epoch 6/25 | train_total=0.9829 (comp=0.8564 aux=0.4218) | val_loss=0.7532 | val_stone_mae=0.1849 | val_stone_dom_acc=0.623 | 49s
15:21:24 | INFO |   [finetune] epoch 7/25 | train_total=0.9278 (comp=0.8040 aux=0.4127) | val_loss=0.7690 | val_stone_mae=0.1810 | val_stone_dom_acc=0.566 | 49s
15:22:12 | INFO |   [finetune] epoch 8/25 | train_total=0.9092 (comp=0.7876 aux=0.4052) | val_loss=0.7476 | val_stone_mae=0.1753 | val_stone_dom_acc=0.642 | 49s
15:23:01 | INFO |   [finetune] epoch 9/25 | train_total=0.9122 (comp=0.7903 aux=0.4064) | val_loss=0.7198 | val_stone_mae=0.1794 | val_stone_dom_acc=0.604 | 49s
15:23:50 | INFO |   [finetune] epoch 10/25 | train_total=0.8905 (comp=0.7726 aux=0.3931) | val_loss=0.7246 | val_stone_mae=0.1690 | val_stone_dom_acc=0.642 | 49s
15:24:39 | INFO |   [finetune] epoch 11/25 | train_total=0.8597 (comp=0.7427 aux=0.3903) | val_loss=0.6971 | val_stone_mae=0.1716 | val_stone_dom_acc=0.660 | 49s
15:25:28 | INFO |   [finetune] epoch 12/25 | train_total=0.8393 (comp=0.7235 aux=0.3858) | val_loss=0.6916 | val_stone_mae=0.1676 | val_stone_dom_acc=0.698 | 49s
15:26:17 | INFO |   [finetune] epoch 13/25 | train_total=0.8241 (comp=0.7106 aux=0.3786) | val_loss=0.6949 | val_stone_mae=0.1592 | val_stone_dom_acc=0.698 | 49s
15:27:06 | INFO |   [finetune] epoch 14/25 | train_total=0.7853 (comp=0.6770 aux=0.3612) | val_loss=0.7142 | val_stone_mae=0.1603 | val_stone_dom_acc=0.717 | 49s
15:27:55 | INFO |   [finetune] epoch 15/25 | train_total=0.7708 (comp=0.6623 aux=0.3618) | val_loss=0.6868 | val_stone_mae=0.1579 | val_stone_dom_acc=0.660 | 49s
15:28:43 | INFO |   [finetune] epoch 16/25 | train_total=0.7431 (comp=0.6354 aux=0.3589) | val_loss=0.6817 | val_stone_mae=0.1535 | val_stone_dom_acc=0.698 | 49s
15:29:32 | INFO |   [finetune] epoch 17/25 | train_total=0.7469 (comp=0.6411 aux=0.3527) | val_loss=0.7061 | val_stone_mae=0.1547 | val_stone_dom_acc=0.717 | 49s
15:30:21 | INFO |   [finetune] epoch 18/25 | train_total=0.7657 (comp=0.6593 aux=0.3549) | val_loss=0.6861 | val_stone_mae=0.1622 | val_stone_dom_acc=0.660 | 49s
15:31:10 | INFO |   [finetune] epoch 19/25 | train_total=0.7192 (comp=0.6113 aux=0.3595) | val_loss=0.6772 | val_stone_mae=0.1519 | val_stone_dom_acc=0.717 | 49s
15:31:59 | INFO |   [finetune] epoch 20/25 | train_total=0.7193 (comp=0.6163 aux=0.3431) | val_loss=0.6694 | val_stone_mae=0.1516 | val_stone_dom_acc=0.736 | 49s
15:32:48 | INFO |   [finetune] epoch 21/25 | train_total=0.6813 (comp=0.5770 aux=0.3475) | val_loss=0.7002 | val_stone_mae=0.1444 | val_stone_dom_acc=0.679 | 49s
15:33:37 | INFO |   [finetune] epoch 22/25 | train_total=0.6381 (comp=0.5379 aux=0.3339) | val_loss=0.6977 | val_stone_mae=0.1443 | val_stone_dom_acc=0.736 | 49s
15:34:26 | INFO |   [finetune] epoch 23/25 | train_total=0.6527 (comp=0.5535 aux=0.3306) | val_loss=0.7211 | val_stone_mae=0.1430 | val_stone_dom_acc=0.679 | 49s
15:35:15 | INFO |   [finetune] epoch 24/25 | train_total=0.6517 (comp=0.5528 aux=0.3295) | val_loss=0.6725 | val_stone_mae=0.1456 | val_stone_dom_acc=0.679 | 49s
15:36:03 | INFO |   [finetune] epoch 25/25 | train_total=0.6708 (comp=0.5714 aux=0.3313) | val_loss=0.6793 | val_stone_mae=0.1427 | val_stone_dom_acc=0.736 | 49s
15:36:03 | INFO | Fold 2 done. best_val_loss=0.6694 | stone_mae=0.1516 | stone_dom_acc=0.736 | stone_aitchison=11.4930
15:36:04 | INFO | === Fold 3 ===
15:36:04 | INFO | Built SimpleCompositionModel: resnet18 backbone + single shared head + presence detection head (11,309,130 params total)
15:36:04 | INFO | Fold 3 — Phase 1: frozen backbone, 5 epochs
15:36:04 | INFO |   Trainable params: 132,618
15:36:54 | INFO |   [frozen] epoch 1/5 | train_total=1.3390 (comp=1.1626 aux=0.5880) | val_loss=1.0371 | val_stone_mae=0.2429 | val_stone_dom_acc=0.423 | 50s
15:37:43 | INFO |   [frozen] epoch 2/5 | train_total=1.2737 (comp=1.1160 aux=0.5255) | val_loss=1.0017 | val_stone_mae=0.2212 | val_stone_dom_acc=0.442 | 50s
15:38:32 | INFO |   [frozen] epoch 3/5 | train_total=1.1801 (comp=1.0274 aux=0.5092) | val_loss=0.9854 | val_stone_mae=0.2232 | val_stone_dom_acc=0.462 | 49s
15:39:21 | INFO |   [frozen] epoch 4/5 | train_total=1.1176 (comp=0.9701 aux=0.4917) | val_loss=0.9943 | val_stone_mae=0.2153 | val_stone_dom_acc=0.481 | 49s
15:40:10 | INFO |   [frozen] epoch 5/5 | train_total=1.1051 (comp=0.9570 aux=0.4935) | val_loss=0.9851 | val_stone_mae=0.2110 | val_stone_dom_acc=0.481 | 49s
15:40:10 | INFO | Fold 3 — Phase 2: fine-tune, 25 epochs
15:40:10 | INFO |   Trainable params: 11,309,130
15:41:00 | INFO |   [finetune] epoch 1/25 | train_total=1.0835 (comp=0.9399 aux=0.4785) | val_loss=1.0020 | val_stone_mae=0.2047 | val_stone_dom_acc=0.500 | 49s
15:41:49 | INFO |   [finetune] epoch 2/25 | train_total=1.0251 (comp=0.8855 aux=0.4655) | val_loss=0.9446 | val_stone_mae=0.2060 | val_stone_dom_acc=0.500 | 49s
15:42:38 | INFO |   [finetune] epoch 3/25 | train_total=1.0162 (comp=0.8808 aux=0.4516) | val_loss=0.9404 | val_stone_mae=0.2079 | val_stone_dom_acc=0.462 | 49s
15:43:27 | INFO |   [finetune] epoch 4/25 | train_total=0.9818 (comp=0.8480 aux=0.4459) | val_loss=0.9287 | val_stone_mae=0.1986 | val_stone_dom_acc=0.500 | 49s
15:44:16 | INFO |   [finetune] epoch 5/25 | train_total=0.9390 (comp=0.8078 aux=0.4376) | val_loss=0.9080 | val_stone_mae=0.1931 | val_stone_dom_acc=0.500 | 49s
15:45:06 | INFO |   [finetune] epoch 6/25 | train_total=0.9199 (comp=0.7921 aux=0.4262) | val_loss=0.9083 | val_stone_mae=0.1902 | val_stone_dom_acc=0.558 | 49s
15:45:55 | INFO |   [finetune] epoch 7/25 | train_total=0.9381 (comp=0.8078 aux=0.4343) | val_loss=0.9114 | val_stone_mae=0.1907 | val_stone_dom_acc=0.558 | 49s
15:46:44 | INFO |   [finetune] epoch 8/25 | train_total=0.8791 (comp=0.7541 aux=0.4167) | val_loss=0.9448 | val_stone_mae=0.1857 | val_stone_dom_acc=0.558 | 49s
15:47:33 | INFO |   [finetune] epoch 9/25 | train_total=0.8361 (comp=0.7165 aux=0.3989) | val_loss=0.8628 | val_stone_mae=0.1843 | val_stone_dom_acc=0.577 | 49s
15:48:22 | INFO |   [finetune] epoch 10/25 | train_total=0.8290 (comp=0.7106 aux=0.3946) | val_loss=0.9517 | val_stone_mae=0.1831 | val_stone_dom_acc=0.577 | 49s
15:49:11 | INFO |   [finetune] epoch 11/25 | train_total=0.8257 (comp=0.7049 aux=0.4026) | val_loss=0.8453 | val_stone_mae=0.1900 | val_stone_dom_acc=0.558 | 49s
15:50:01 | INFO |   [finetune] epoch 12/25 | train_total=0.8041 (comp=0.6884 aux=0.3858) | val_loss=0.8618 | val_stone_mae=0.1857 | val_stone_dom_acc=0.558 | 49s
15:50:50 | INFO |   [finetune] epoch 13/25 | train_total=0.8110 (comp=0.6957 aux=0.3844) | val_loss=0.8989 | val_stone_mae=0.1796 | val_stone_dom_acc=0.615 | 49s
15:51:38 | INFO |   [finetune] epoch 14/25 | train_total=0.7736 (comp=0.6613 aux=0.3744) | val_loss=0.8528 | val_stone_mae=0.1820 | val_stone_dom_acc=0.615 | 49s
15:52:28 | INFO |   [finetune] epoch 15/25 | train_total=0.7514 (comp=0.6396 aux=0.3726) | val_loss=0.9028 | val_stone_mae=0.1746 | val_stone_dom_acc=0.596 | 49s
15:53:17 | INFO |   [finetune] epoch 16/25 | train_total=0.7277 (comp=0.6176 aux=0.3671) | val_loss=0.8651 | val_stone_mae=0.1767 | val_stone_dom_acc=0.615 | 49s
15:54:06 | INFO |   [finetune] epoch 17/25 | train_total=0.7705 (comp=0.6598 aux=0.3690) | val_loss=0.9659 | val_stone_mae=0.1733 | val_stone_dom_acc=0.615 | 49s
15:54:55 | INFO |   [finetune] epoch 18/25 | train_total=0.7500 (comp=0.6394 aux=0.3688) | val_loss=0.8205 | val_stone_mae=0.1812 | val_stone_dom_acc=0.577 | 49s
15:55:44 | INFO |   [finetune] epoch 19/25 | train_total=0.7299 (comp=0.6217 aux=0.3605) | val_loss=0.8837 | val_stone_mae=0.1708 | val_stone_dom_acc=0.596 | 49s
15:56:33 | INFO |   [finetune] epoch 20/25 | train_total=0.7204 (comp=0.6099 aux=0.3681) | val_loss=0.8318 | val_stone_mae=0.1858 | val_stone_dom_acc=0.538 | 49s
15:57:22 | INFO |   [finetune] epoch 21/25 | train_total=0.7347 (comp=0.6263 aux=0.3613) | val_loss=0.8547 | val_stone_mae=0.1726 | val_stone_dom_acc=0.596 | 49s
15:58:11 | INFO |   [finetune] epoch 22/25 | train_total=0.6920 (comp=0.5853 aux=0.3557) | val_loss=0.8384 | val_stone_mae=0.1739 | val_stone_dom_acc=0.577 | 49s
15:59:00 | INFO |   [finetune] epoch 23/25 | train_total=0.6799 (comp=0.5769 aux=0.3433) | val_loss=0.8983 | val_stone_mae=0.1730 | val_stone_dom_acc=0.558 | 49s
15:59:50 | INFO |   [finetune] epoch 24/25 | train_total=0.6578 (comp=0.5577 aux=0.3336) | val_loss=0.8715 | val_stone_mae=0.1703 | val_stone_dom_acc=0.596 | 49s
16:00:39 | INFO |   [finetune] epoch 25/25 | train_total=0.6239 (comp=0.5237 aux=0.3341) | val_loss=0.9235 | val_stone_mae=0.1716 | val_stone_dom_acc=0.558 | 49s
16:00:39 | INFO |   Early stopping (no improvement for 7 epochs)
16:00:39 | INFO | Fold 3 done. best_val_loss=0.8205 | stone_mae=0.1812 | stone_dom_acc=0.577 | stone_aitchison=11.5632
16:00:39 | INFO | === Fold 4 ===
16:00:39 | INFO | Built SimpleCompositionModel: resnet18 backbone + single shared head + presence detection head (11,309,130 params total)
16:00:39 | INFO | Fold 4 — Phase 1: frozen backbone, 5 epochs
16:00:39 | INFO |   Trainable params: 132,618
16:01:30 | INFO |   [frozen] epoch 1/5 | train_total=1.3029 (comp=1.1299 aux=0.5766) | val_loss=1.0926 | val_stone_mae=0.2515 | val_stone_dom_acc=0.462 | 51s
16:02:20 | INFO |   [frozen] epoch 2/5 | train_total=1.1930 (comp=1.0344 aux=0.5285) | val_loss=1.0354 | val_stone_mae=0.2288 | val_stone_dom_acc=0.462 | 50s
16:03:10 | INFO |   [frozen] epoch 3/5 | train_total=1.1748 (comp=1.0185 aux=0.5209) | val_loss=0.9996 | val_stone_mae=0.2300 | val_stone_dom_acc=0.558 | 50s
16:03:59 | INFO |   [frozen] epoch 4/5 | train_total=1.1282 (comp=0.9759 aux=0.5077) | val_loss=0.9823 | val_stone_mae=0.2115 | val_stone_dom_acc=0.442 | 49s
16:04:48 | INFO |   [frozen] epoch 5/5 | train_total=1.1051 (comp=0.9558 aux=0.4978) | val_loss=0.9500 | val_stone_mae=0.2163 | val_stone_dom_acc=0.596 | 49s
16:04:48 | INFO | Fold 4 — Phase 2: fine-tune, 25 epochs
16:04:48 | INFO |   Trainable params: 11,309,130
16:05:38 | INFO |   [finetune] epoch 1/25 | train_total=1.0637 (comp=0.9165 aux=0.4907) | val_loss=0.9423 | val_stone_mae=0.2196 | val_stone_dom_acc=0.577 | 49s
16:06:27 | INFO |   [finetune] epoch 2/25 | train_total=1.0628 (comp=0.9184 aux=0.4814) | val_loss=0.9217 | val_stone_mae=0.2068 | val_stone_dom_acc=0.577 | 49s
16:07:16 | INFO |   [finetune] epoch 3/25 | train_total=0.9984 (comp=0.8550 aux=0.4778) | val_loss=0.9228 | val_stone_mae=0.1972 | val_stone_dom_acc=0.538 | 49s
16:08:05 | INFO |   [finetune] epoch 4/25 | train_total=0.9672 (comp=0.8303 aux=0.4563) | val_loss=0.9094 | val_stone_mae=0.1971 | val_stone_dom_acc=0.538 | 49s
16:08:54 | INFO |   [finetune] epoch 5/25 | train_total=0.9359 (comp=0.8043 aux=0.4388) | val_loss=0.9168 | val_stone_mae=0.1963 | val_stone_dom_acc=0.538 | 49s
16:09:43 | INFO |   [finetune] epoch 6/25 | train_total=0.9213 (comp=0.7914 aux=0.4330) | val_loss=0.9197 | val_stone_mae=0.1939 | val_stone_dom_acc=0.519 | 49s
16:10:32 | INFO |   [finetune] epoch 7/25 | train_total=0.8992 (comp=0.7709 aux=0.4275) | val_loss=0.8974 | val_stone_mae=0.1953 | val_stone_dom_acc=0.500 | 49s
16:11:22 | INFO |   [finetune] epoch 8/25 | train_total=0.8884 (comp=0.7607 aux=0.4257) | val_loss=0.9173 | val_stone_mae=0.1854 | val_stone_dom_acc=0.577 | 50s
16:12:12 | INFO |   [finetune] epoch 9/25 | train_total=0.8758 (comp=0.7506 aux=0.4172) | val_loss=0.8587 | val_stone_mae=0.1996 | val_stone_dom_acc=0.596 | 50s
16:13:02 | INFO |   [finetune] epoch 10/25 | train_total=0.8665 (comp=0.7411 aux=0.4179) | val_loss=0.8507 | val_stone_mae=0.1841 | val_stone_dom_acc=0.558 | 50s
16:13:52 | INFO |   [finetune] epoch 11/25 | train_total=0.8067 (comp=0.6864 aux=0.4007) | val_loss=0.8751 | val_stone_mae=0.1833 | val_stone_dom_acc=0.538 | 50s
16:14:41 | INFO |   [finetune] epoch 12/25 | train_total=0.7932 (comp=0.6730 aux=0.4007) | val_loss=0.8480 | val_stone_mae=0.1828 | val_stone_dom_acc=0.538 | 50s
16:15:31 | INFO |   [finetune] epoch 13/25 | train_total=0.7976 (comp=0.6810 aux=0.3885) | val_loss=0.8654 | val_stone_mae=0.1790 | val_stone_dom_acc=0.558 | 50s
16:16:21 | INFO |   [finetune] epoch 14/25 | train_total=0.7933 (comp=0.6773 aux=0.3866) | val_loss=0.8723 | val_stone_mae=0.1847 | val_stone_dom_acc=0.558 | 50s
16:17:11 | INFO |   [finetune] epoch 15/25 | train_total=0.7720 (comp=0.6582 aux=0.3791) | val_loss=0.8308 | val_stone_mae=0.1828 | val_stone_dom_acc=0.577 | 50s
16:18:00 | INFO |   [finetune] epoch 16/25 | train_total=0.7249 (comp=0.6138 aux=0.3703) | val_loss=0.9211 | val_stone_mae=0.1744 | val_stone_dom_acc=0.558 | 50s
16:18:50 | INFO |   [finetune] epoch 17/25 | train_total=0.7179 (comp=0.6076 aux=0.3678) | val_loss=0.8812 | val_stone_mae=0.1793 | val_stone_dom_acc=0.577 | 50s
16:19:39 | INFO |   [finetune] epoch 18/25 | train_total=0.7368 (comp=0.6264 aux=0.3681) | val_loss=0.8654 | val_stone_mae=0.1740 | val_stone_dom_acc=0.596 | 50s
16:20:29 | INFO |   [finetune] epoch 19/25 | train_total=0.7271 (comp=0.6212 aux=0.3531) | val_loss=0.8238 | val_stone_mae=0.1760 | val_stone_dom_acc=0.577 | 50s
16:21:19 | INFO |   [finetune] epoch 20/25 | train_total=0.6676 (comp=0.5620 aux=0.3521) | val_loss=0.8294 | val_stone_mae=0.1698 | val_stone_dom_acc=0.538 | 50s
16:22:08 | INFO |   [finetune] epoch 21/25 | train_total=0.6949 (comp=0.5893 aux=0.3520) | val_loss=0.8199 | val_stone_mae=0.1694 | val_stone_dom_acc=0.615 | 49s
16:22:58 | INFO |   [finetune] epoch 22/25 | train_total=0.6720 (comp=0.5679 aux=0.3473) | val_loss=0.8591 | val_stone_mae=0.1697 | val_stone_dom_acc=0.596 | 50s
16:23:47 | INFO |   [finetune] epoch 23/25 | train_total=0.6784 (comp=0.5744 aux=0.3466) | val_loss=0.8281 | val_stone_mae=0.1685 | val_stone_dom_acc=0.558 | 50s
16:24:37 | INFO |   [finetune] epoch 24/25 | train_total=0.6736 (comp=0.5707 aux=0.3432) | val_loss=0.8139 | val_stone_mae=0.1689 | val_stone_dom_acc=0.577 | 50s
16:25:27 | INFO |   [finetune] epoch 25/25 | train_total=0.6517 (comp=0.5502 aux=0.3384) | val_loss=0.8157 | val_stone_mae=0.1695 | val_stone_dom_acc=0.615 | 50s
16:25:27 | INFO | Fold 4 done. best_val_loss=0.8139 | stone_mae=0.1689 | stone_dom_acc=0.577 | stone_aitchison=11.2002
16:25:27 | INFO | Cross-fold results:
16:25:27 | INFO |   best_stone_mae_overall: 0.1653 ± 0.0119
16:25:27 | INFO |   best_stone_dominant_acc: 0.6685 ± 0.0861
16:25:27 | INFO |   best_stone_aitchison: 11.3017 ± 0.2754
16:25:27 | INFO | === Held-out test set evaluation ===
16:25:27 | INFO | Built SimpleCompositionModel: resnet18 backbone + single shared head + presence detection head (11,309,130 params total)
16:25:44 | INFO |   Fold 0 test: stone_mae=0.1693 | stone_dom_acc=0.621 | stone_aitchison=11.3424
16:25:44 | INFO | Built SimpleCompositionModel: resnet18 backbone + single shared head + presence detection head (11,309,130 params total)
16:26:01 | INFO |   Fold 1 test: stone_mae=0.1755 | stone_dom_acc=0.576 | stone_aitchison=11.4282
16:26:01 | INFO | Built SimpleCompositionModel: resnet18 backbone + single shared head + presence detection head (11,309,130 params total)
16:26:17 | INFO |   Fold 2 test: stone_mae=0.1631 | stone_dom_acc=0.606 | stone_aitchison=11.2858
16:26:18 | INFO | Built SimpleCompositionModel: resnet18 backbone + single shared head + presence detection head (11,309,130 params total)
16:26:34 | INFO |   Fold 3 test: stone_mae=0.1715 | stone_dom_acc=0.621 | stone_aitchison=11.4240
16:26:35 | INFO | Built SimpleCompositionModel: resnet18 backbone + single shared head + presence detection head (11,309,130 params total)
16:26:51 | INFO |   Fold 4 test: stone_mae=0.1734 | stone_dom_acc=0.561 | stone_aitchison=11.4217
16:26:51 | INFO | Test set summary (mean ± std across folds):
16:26:51 | INFO |   stone_mae_overall: 0.1706 ± 0.0048
16:26:51 | INFO |   stone_dominant_acc: 0.5970 ± 0.0275
16:26:51 | INFO |   stone_aitchison: 11.3804 ± 0.0638
16:26:59 | INFO | Device: cuda
16:26:59 | INFO | cuDNN benchmark enabled
16:27:03 | WARNING | Skipped 6 rows whose image files are missing
16:27:03 | INFO | Built 993 compositional samples from 333 stones
16:27:03 | INFO | Excluded classes ['OTH'] → 5 classes remaining, 329 stones
16:27:03 | INFO | Test holdout: 66 stones (30 pure / 36 mixed, 198 images). Train+val pool: 263 stones (783 images).
16:27:03 | INFO | --random-labels: stone-level composition vectors have been shuffled (baseline mode)
16:27:03 | INFO |   Fold 0: train=210 stones (95 pure / 115 mixed, 625 images), val=53 stones (23 pure / 30 mixed, 158 images)
16:27:03 | INFO |   Fold 1: train=210 stones (94 pure / 116 mixed, 626 images), val=53 stones (24 pure / 29 mixed, 157 images)
16:27:03 | INFO |   Fold 2: train=210 stones (94 pure / 116 mixed, 624 images), val=53 stones (24 pure / 29 mixed, 159 images)
16:27:03 | INFO |   Fold 3: train=211 stones (94 pure / 117 mixed, 628 images), val=52 stones (24 pure / 28 mixed, 155 images)
16:27:03 | INFO |   Fold 4: train=211 stones (95 pure / 116 mixed, 629 images), val=52 stones (23 pure / 29 mixed, 154 images)
16:27:03 | INFO | Model type: simple_random  |  checkpoints → /gpfs/home3/ddboer/umc_thesis/outputs/checkpoints/composition
16:27:03 | INFO | use_weighted_kl=false — using standard (unweighted) KL divergence
16:27:03 | INFO | === Fold 0 ===
16:27:04 | INFO | Built SimpleCompositionModel: resnet18 backbone + single shared head + presence detection head (11,309,130 params total)
16:27:04 | INFO | Fold 0 — Phase 1: frozen backbone, 5 epochs
16:27:04 | INFO |   Trainable params: 132,618
16:27:54 | INFO |   [frozen] epoch 1/5 | train_total=1.3546 (comp=1.1835 aux=0.5702) | val_loss=1.0777 | val_stone_mae=0.2416 | val_stone_dom_acc=0.434 | 50s
16:28:44 | INFO |   [frozen] epoch 2/5 | train_total=1.2849 (comp=1.1228 aux=0.5403) | val_loss=1.0714 | val_stone_mae=0.2370 | val_stone_dom_acc=0.434 | 50s
16:29:34 | INFO |   [frozen] epoch 3/5 | train_total=1.2457 (comp=1.0867 aux=0.5300) | val_loss=1.0446 | val_stone_mae=0.2332 | val_stone_dom_acc=0.453 | 50s
16:30:23 | INFO |   [frozen] epoch 4/5 | train_total=1.2298 (comp=1.0721 aux=0.5258) | val_loss=1.0407 | val_stone_mae=0.2320 | val_stone_dom_acc=0.472 | 49s
16:31:13 | INFO |   [frozen] epoch 5/5 | train_total=1.2111 (comp=1.0540 aux=0.5237) | val_loss=1.0443 | val_stone_mae=0.2321 | val_stone_dom_acc=0.491 | 50s
16:31:13 | INFO | Fold 0 — Phase 2: fine-tune, 25 epochs
16:31:13 | INFO |   Trainable params: 11,309,130
16:32:02 | INFO |   [finetune] epoch 1/25 | train_total=1.2299 (comp=1.0739 aux=0.5197) | val_loss=1.0673 | val_stone_mae=0.2347 | val_stone_dom_acc=0.472 | 50s
16:32:52 | INFO |   [finetune] epoch 2/25 | train_total=1.2160 (comp=1.0606 aux=0.5180) | val_loss=1.0754 | val_stone_mae=0.2235 | val_stone_dom_acc=0.472 | 50s
16:33:42 | INFO |   [finetune] epoch 3/25 | train_total=1.2335 (comp=1.0795 aux=0.5132) | val_loss=1.0642 | val_stone_mae=0.2323 | val_stone_dom_acc=0.472 | 50s
16:34:31 | INFO |   [finetune] epoch 4/25 | train_total=1.1943 (comp=1.0392 aux=0.5169) | val_loss=1.0690 | val_stone_mae=0.2314 | val_stone_dom_acc=0.491 | 50s
16:35:21 | INFO |   [finetune] epoch 5/25 | train_total=1.1811 (comp=1.0293 aux=0.5058) | val_loss=1.0711 | val_stone_mae=0.2276 | val_stone_dom_acc=0.472 | 50s
16:36:11 | INFO |   [finetune] epoch 6/25 | train_total=1.1724 (comp=1.0202 aux=0.5072) | val_loss=1.0724 | val_stone_mae=0.2293 | val_stone_dom_acc=0.472 | 50s
16:37:00 | INFO |   [finetune] epoch 7/25 | train_total=1.1817 (comp=1.0310 aux=0.5024) | val_loss=1.0704 | val_stone_mae=0.2320 | val_stone_dom_acc=0.491 | 50s
16:37:50 | INFO |   [finetune] epoch 8/25 | train_total=1.1667 (comp=1.0157 aux=0.5033) | val_loss=1.0886 | val_stone_mae=0.2255 | val_stone_dom_acc=0.434 | 50s
16:38:41 | INFO |   [finetune] epoch 9/25 | train_total=1.1868 (comp=1.0359 aux=0.5028) | val_loss=1.0982 | val_stone_mae=0.2355 | val_stone_dom_acc=0.491 | 51s
16:39:31 | INFO |   [finetune] epoch 10/25 | train_total=1.1659 (comp=1.0172 aux=0.4959) | val_loss=1.1005 | val_stone_mae=0.2260 | val_stone_dom_acc=0.472 | 50s
16:39:31 | INFO |   Early stopping (no improvement for 7 epochs)
16:39:31 | INFO | Fold 0 done. best_val_loss=1.0642 | stone_mae=0.2323 | stone_dom_acc=0.472 | stone_aitchison=12.5395
16:39:31 | INFO | === Fold 1 ===
16:39:31 | INFO | Built SimpleCompositionModel: resnet18 backbone + single shared head + presence detection head (11,309,130 params total)
16:39:31 | INFO | Fold 1 — Phase 1: frozen backbone, 5 epochs
16:39:31 | INFO |   Trainable params: 132,618
16:40:22 | INFO |   [frozen] epoch 1/5 | train_total=1.3461 (comp=1.1768 aux=0.5645) | val_loss=1.1393 | val_stone_mae=0.2556 | val_stone_dom_acc=0.434 | 50s
16:41:11 | INFO |   [frozen] epoch 2/5 | train_total=1.2540 (comp=1.0918 aux=0.5404) | val_loss=1.1303 | val_stone_mae=0.2407 | val_stone_dom_acc=0.434 | 49s
16:42:01 | INFO |   [frozen] epoch 3/5 | train_total=1.2494 (comp=1.0907 aux=0.5287) | val_loss=1.1185 | val_stone_mae=0.2431 | val_stone_dom_acc=0.453 | 49s
16:42:50 | INFO |   [frozen] epoch 4/5 | train_total=1.2219 (comp=1.0656 aux=0.5211) | val_loss=1.1414 | val_stone_mae=0.2469 | val_stone_dom_acc=0.453 | 49s
16:43:39 | INFO |   [frozen] epoch 5/5 | train_total=1.2312 (comp=1.0773 aux=0.5129) | val_loss=1.1437 | val_stone_mae=0.2441 | val_stone_dom_acc=0.453 | 49s
16:43:39 | INFO | Fold 1 — Phase 2: fine-tune, 25 epochs
16:43:39 | INFO |   Trainable params: 11,309,130
16:44:29 | INFO |   [finetune] epoch 1/25 | train_total=1.2158 (comp=1.0605 aux=0.5179) | val_loss=1.1622 | val_stone_mae=0.2468 | val_stone_dom_acc=0.472 | 49s
16:45:18 | INFO |   [finetune] epoch 2/25 | train_total=1.1721 (comp=1.0180 aux=0.5134) | val_loss=1.2077 | val_stone_mae=0.2409 | val_stone_dom_acc=0.377 | 49s
16:46:08 | INFO |   [finetune] epoch 3/25 | train_total=1.1733 (comp=1.0189 aux=0.5148) | val_loss=1.1784 | val_stone_mae=0.2405 | val_stone_dom_acc=0.415 | 49s
16:46:57 | INFO |   [finetune] epoch 4/25 | train_total=1.1954 (comp=1.0411 aux=0.5142) | val_loss=1.2172 | val_stone_mae=0.2532 | val_stone_dom_acc=0.340 | 49s
16:47:46 | INFO |   [finetune] epoch 5/25 | train_total=1.1931 (comp=1.0405 aux=0.5089) | val_loss=1.1694 | val_stone_mae=0.2407 | val_stone_dom_acc=0.434 | 49s
16:48:35 | INFO |   [finetune] epoch 6/25 | train_total=1.1614 (comp=1.0118 aux=0.4986) | val_loss=1.1896 | val_stone_mae=0.2454 | val_stone_dom_acc=0.396 | 49s
16:49:24 | INFO |   [finetune] epoch 7/25 | train_total=1.1584 (comp=1.0081 aux=0.5010) | val_loss=1.2282 | val_stone_mae=0.2446 | val_stone_dom_acc=0.377 | 49s
16:50:13 | INFO |   [finetune] epoch 8/25 | train_total=1.1443 (comp=0.9940 aux=0.5010) | val_loss=1.2991 | val_stone_mae=0.2520 | val_stone_dom_acc=0.358 | 49s
16:50:13 | INFO |   Early stopping (no improvement for 7 epochs)
16:50:13 | INFO | Fold 1 done. best_val_loss=1.1622 | stone_mae=0.2468 | stone_dom_acc=0.472 | stone_aitchison=12.6431
16:50:13 | INFO | === Fold 2 ===
16:50:13 | INFO | Built SimpleCompositionModel: resnet18 backbone + single shared head + presence detection head (11,309,130 params total)
16:50:13 | INFO | Fold 2 — Phase 1: frozen backbone, 5 epochs
16:50:13 | INFO |   Trainable params: 132,618
16:51:04 | INFO |   [frozen] epoch 1/5 | train_total=1.3386 (comp=1.1643 aux=0.5811) | val_loss=1.0648 | val_stone_mae=0.2469 | val_stone_dom_acc=0.472 | 51s
16:51:54 | INFO |   [frozen] epoch 2/5 | train_total=1.3198 (comp=1.1536 aux=0.5540) | val_loss=1.0602 | val_stone_mae=0.2386 | val_stone_dom_acc=0.453 | 50s
16:52:44 | INFO |   [frozen] epoch 3/5 | train_total=1.2749 (comp=1.1118 aux=0.5436) | val_loss=1.0351 | val_stone_mae=0.2363 | val_stone_dom_acc=0.453 | 50s
16:53:34 | INFO |   [frozen] epoch 4/5 | train_total=1.2669 (comp=1.1065 aux=0.5348) | val_loss=1.0382 | val_stone_mae=0.2370 | val_stone_dom_acc=0.472 | 50s
16:54:24 | INFO |   [frozen] epoch 5/5 | train_total=1.2505 (comp=1.0912 aux=0.5312) | val_loss=1.0429 | val_stone_mae=0.2361 | val_stone_dom_acc=0.453 | 50s
16:54:24 | INFO | Fold 2 — Phase 2: fine-tune, 25 epochs
16:54:24 | INFO |   Trainable params: 11,309,130
16:55:14 | INFO |   [finetune] epoch 1/25 | train_total=1.2409 (comp=1.0841 aux=0.5226) | val_loss=1.0247 | val_stone_mae=0.2274 | val_stone_dom_acc=0.453 | 50s
16:56:05 | INFO |   [finetune] epoch 2/25 | train_total=1.2375 (comp=1.0780 aux=0.5318) | val_loss=1.0309 | val_stone_mae=0.2346 | val_stone_dom_acc=0.472 | 50s
16:56:54 | INFO |   [finetune] epoch 3/25 | train_total=1.2210 (comp=1.0646 aux=0.5212) | val_loss=1.0329 | val_stone_mae=0.2344 | val_stone_dom_acc=0.453 | 50s
16:57:44 | INFO |   [finetune] epoch 4/25 | train_total=1.2179 (comp=1.0612 aux=0.5223) | val_loss=1.0351 | val_stone_mae=0.2323 | val_stone_dom_acc=0.472 | 50s
16:58:34 | INFO |   [finetune] epoch 5/25 | train_total=1.2024 (comp=1.0486 aux=0.5127) | val_loss=1.0445 | val_stone_mae=0.2280 | val_stone_dom_acc=0.453 | 49s
16:59:23 | INFO |   [finetune] epoch 6/25 | train_total=1.2046 (comp=1.0497 aux=0.5162) | val_loss=1.0132 | val_stone_mae=0.2277 | val_stone_dom_acc=0.434 | 50s
17:00:14 | INFO |   [finetune] epoch 7/25 | train_total=1.1938 (comp=1.0407 aux=0.5103) | val_loss=1.0297 | val_stone_mae=0.2334 | val_stone_dom_acc=0.434 | 51s
17:01:06 | INFO |   [finetune] epoch 8/25 | train_total=1.1830 (comp=1.0301 aux=0.5094) | val_loss=1.0217 | val_stone_mae=0.2255 | val_stone_dom_acc=0.434 | 52s
17:01:59 | INFO |   [finetune] epoch 9/25 | train_total=1.1683 (comp=1.0170 aux=0.5043) | val_loss=1.0525 | val_stone_mae=0.2329 | val_stone_dom_acc=0.472 | 53s
17:02:51 | INFO |   [finetune] epoch 10/25 | train_total=1.1797 (comp=1.0284 aux=0.5044) | val_loss=1.0369 | val_stone_mae=0.2268 | val_stone_dom_acc=0.453 | 52s
17:03:43 | INFO |   [finetune] epoch 11/25 | train_total=1.1587 (comp=1.0072 aux=0.5052) | val_loss=1.0491 | val_stone_mae=0.2257 | val_stone_dom_acc=0.472 | 53s
17:04:44 | INFO |   [finetune] epoch 12/25 | train_total=1.1683 (comp=1.0167 aux=0.5053) | val_loss=1.0476 | val_stone_mae=0.2318 | val_stone_dom_acc=0.396 | 61s
17:05:45 | INFO |   [finetune] epoch 13/25 | train_total=1.1308 (comp=0.9820 aux=0.4963) | val_loss=1.0540 | val_stone_mae=0.2208 | val_stone_dom_acc=0.453 | 61s
17:05:45 | INFO |   Early stopping (no improvement for 7 epochs)
17:05:45 | INFO | Fold 2 done. best_val_loss=1.0132 | stone_mae=0.2277 | stone_dom_acc=0.434 | stone_aitchison=12.3690
17:05:45 | INFO | === Fold 3 ===
17:05:46 | INFO | Built SimpleCompositionModel: resnet18 backbone + single shared head + presence detection head (11,309,130 params total)
17:05:46 | INFO | Fold 3 — Phase 1: frozen backbone, 5 epochs
17:05:46 | INFO |   Trainable params: 132,618
17:06:44 | INFO |   [frozen] epoch 1/5 | train_total=1.3914 (comp=1.2166 aux=0.5826) | val_loss=1.0998 | val_stone_mae=0.2522 | val_stone_dom_acc=0.462 | 59s
17:07:44 | INFO |   [frozen] epoch 2/5 | train_total=1.3018 (comp=1.1402 aux=0.5388) | val_loss=1.0678 | val_stone_mae=0.2417 | val_stone_dom_acc=0.462 | 59s
17:08:45 | INFO |   [frozen] epoch 3/5 | train_total=1.2768 (comp=1.1171 aux=0.5324) | val_loss=1.0514 | val_stone_mae=0.2364 | val_stone_dom_acc=0.442 | 58s
17:09:43 | INFO |   [frozen] epoch 4/5 | train_total=1.2466 (comp=1.0914 aux=0.5175) | val_loss=1.0598 | val_stone_mae=0.2383 | val_stone_dom_acc=0.442 | 58s
17:10:39 | INFO |   [frozen] epoch 5/5 | train_total=1.2450 (comp=1.0890 aux=0.5202) | val_loss=1.0629 | val_stone_mae=0.2361 | val_stone_dom_acc=0.462 | 56s
17:10:39 | INFO | Fold 3 — Phase 2: fine-tune, 25 epochs
17:10:39 | INFO |   Trainable params: 11,309,130
17:11:41 | INFO |   [finetune] epoch 1/25 | train_total=1.2431 (comp=1.0871 aux=0.5202) | val_loss=1.0717 | val_stone_mae=0.2316 | val_stone_dom_acc=0.462 | 62s
17:12:43 | INFO |   [finetune] epoch 2/25 | train_total=1.2454 (comp=1.0885 aux=0.5230) | val_loss=1.0526 | val_stone_mae=0.2378 | val_stone_dom_acc=0.423 | 61s
17:13:41 | INFO |   [finetune] epoch 3/25 | train_total=1.2295 (comp=1.0754 aux=0.5138) | val_loss=1.0653 | val_stone_mae=0.2343 | val_stone_dom_acc=0.462 | 58s
17:14:40 | INFO |   [finetune] epoch 4/25 | train_total=1.2199 (comp=1.0661 aux=0.5125) | val_loss=1.0617 | val_stone_mae=0.2359 | val_stone_dom_acc=0.423 | 59s
17:15:37 | INFO |   [finetune] epoch 5/25 | train_total=1.2057 (comp=1.0535 aux=0.5076) | val_loss=1.0607 | val_stone_mae=0.2323 | val_stone_dom_acc=0.462 | 57s
17:16:32 | INFO |   [finetune] epoch 6/25 | train_total=1.1961 (comp=1.0447 aux=0.5048) | val_loss=1.0587 | val_stone_mae=0.2332 | val_stone_dom_acc=0.423 | 55s
17:17:27 | INFO |   [finetune] epoch 7/25 | train_total=1.1904 (comp=1.0395 aux=0.5032) | val_loss=1.0573 | val_stone_mae=0.2292 | val_stone_dom_acc=0.462 | 55s
17:18:21 | INFO |   [finetune] epoch 8/25 | train_total=1.1939 (comp=1.0436 aux=0.5009) | val_loss=1.0662 | val_stone_mae=0.2311 | val_stone_dom_acc=0.462 | 54s
17:19:21 | INFO |   [finetune] epoch 9/25 | train_total=1.1977 (comp=1.0484 aux=0.4975) | val_loss=1.0582 | val_stone_mae=0.2381 | val_stone_dom_acc=0.385 | 61s
17:19:21 | INFO |   Early stopping (no improvement for 7 epochs)
17:19:21 | INFO | Fold 3 done. best_val_loss=1.0526 | stone_mae=0.2378 | stone_dom_acc=0.423 | stone_aitchison=12.7638
17:19:22 | INFO | === Fold 4 ===
17:19:25 | INFO | Built SimpleCompositionModel: resnet18 backbone + single shared head + presence detection head (11,309,130 params total)
17:19:25 | INFO | Fold 4 — Phase 1: frozen backbone, 5 epochs
17:19:25 | INFO |   Trainable params: 132,618
17:20:22 | INFO |   [frozen] epoch 1/5 | train_total=1.3092 (comp=1.1353 aux=0.5794) | val_loss=1.1564 | val_stone_mae=0.2611 | val_stone_dom_acc=0.442 | 58s
17:21:28 | INFO |   [frozen] epoch 2/5 | train_total=1.2563 (comp=1.0955 aux=0.5358) | val_loss=1.1496 | val_stone_mae=0.2562 | val_stone_dom_acc=0.385 | 65s
17:22:30 | INFO |   [frozen] epoch 3/5 | train_total=1.2424 (comp=1.0828 aux=0.5321) | val_loss=1.1521 | val_stone_mae=0.2562 | val_stone_dom_acc=0.423 | 62s
17:23:25 | INFO |   [frozen] epoch 4/5 | train_total=1.2155 (comp=1.0574 aux=0.5270) | val_loss=1.1456 | val_stone_mae=0.2567 | val_stone_dom_acc=0.404 | 56s
17:24:24 | INFO |   [frozen] epoch 5/5 | train_total=1.2273 (comp=1.0708 aux=0.5218) | val_loss=1.1436 | val_stone_mae=0.2498 | val_stone_dom_acc=0.442 | 58s
17:24:24 | INFO | Fold 4 — Phase 2: fine-tune, 25 epochs
17:24:24 | INFO |   Trainable params: 11,309,130
17:25:19 | INFO |   [finetune] epoch 1/25 | train_total=1.2157 (comp=1.0594 aux=0.5209) | val_loss=1.1295 | val_stone_mae=0.2485 | val_stone_dom_acc=0.442 | 55s
17:26:19 | INFO |   [finetune] epoch 2/25 | train_total=1.2077 (comp=1.0518 aux=0.5196) | val_loss=1.1370 | val_stone_mae=0.2522 | val_stone_dom_acc=0.423 | 60s
17:27:16 | INFO |   [finetune] epoch 3/25 | train_total=1.1972 (comp=1.0437 aux=0.5119) | val_loss=1.1383 | val_stone_mae=0.2481 | val_stone_dom_acc=0.481 | 57s
17:28:10 | INFO |   [finetune] epoch 4/25 | train_total=1.1844 (comp=1.0306 aux=0.5128) | val_loss=1.1490 | val_stone_mae=0.2505 | val_stone_dom_acc=0.442 | 54s
17:29:07 | INFO |   [finetune] epoch 5/25 | train_total=1.1774 (comp=1.0234 aux=0.5134) | val_loss=1.1486 | val_stone_mae=0.2514 | val_stone_dom_acc=0.442 | 57s
17:29:59 | INFO |   [finetune] epoch 6/25 | train_total=1.1820 (comp=1.0285 aux=0.5118) | val_loss=1.1369 | val_stone_mae=0.2461 | val_stone_dom_acc=0.462 | 52s
17:30:50 | INFO |   [finetune] epoch 7/25 | train_total=1.1746 (comp=1.0222 aux=0.5080) | val_loss=1.1515 | val_stone_mae=0.2515 | val_stone_dom_acc=0.500 | 51s
17:31:43 | INFO |   [finetune] epoch 8/25 | train_total=1.1673 (comp=1.0151 aux=0.5071) | val_loss=1.1546 | val_stone_mae=0.2476 | val_stone_dom_acc=0.423 | 53s
17:31:43 | INFO |   Early stopping (no improvement for 7 epochs)
17:31:43 | INFO | Fold 4 done. best_val_loss=1.1295 | stone_mae=0.2485 | stone_dom_acc=0.442 | stone_aitchison=12.4116
17:31:43 | INFO | Cross-fold results:
17:31:43 | INFO |   best_stone_mae_overall: 0.2386 ± 0.0090
17:31:43 | INFO |   best_stone_dominant_acc: 0.4485 ± 0.0222
17:31:43 | INFO |   best_stone_aitchison: 12.5454 ± 0.1630
17:31:43 | INFO | === Held-out test set evaluation ===
17:31:44 | INFO | Built SimpleCompositionModel: resnet18 backbone + single shared head + presence detection head (11,309,130 params total)
17:32:04 | INFO |   Fold 0 test: stone_mae=0.2394 | stone_dom_acc=0.439 | stone_aitchison=12.6091
17:32:05 | INFO | Built SimpleCompositionModel: resnet18 backbone + single shared head + presence detection head (11,309,130 params total)
17:32:23 | INFO |   Fold 1 test: stone_mae=0.2370 | stone_dom_acc=0.439 | stone_aitchison=12.5686
17:32:24 | INFO | Built SimpleCompositionModel: resnet18 backbone + single shared head + presence detection head (11,309,130 params total)
17:32:42 | INFO |   Fold 2 test: stone_mae=0.2338 | stone_dom_acc=0.424 | stone_aitchison=12.5052
17:32:43 | INFO | Built SimpleCompositionModel: resnet18 backbone + single shared head + presence detection head (11,309,130 params total)
17:33:00 | INFO |   Fold 3 test: stone_mae=0.2422 | stone_dom_acc=0.364 | stone_aitchison=12.6342
17:33:01 | INFO | Built SimpleCompositionModel: resnet18 backbone + single shared head + presence detection head (11,309,130 params total)
17:33:18 | INFO |   Fold 4 test: stone_mae=0.2352 | stone_dom_acc=0.424 | stone_aitchison=12.5071
17:33:18 | INFO | Test set summary (mean ± std across folds):
17:33:18 | INFO |   stone_mae_overall: 0.2375 ± 0.0033
17:33:18 | INFO |   stone_dominant_acc: 0.4182 ± 0.0314
17:33:18 | INFO |   stone_aitchison: 12.5648 ± 0.0585
