15:46:25 | INFO | Device: cuda
15:46:25 | INFO | cuDNN benchmark enabled
15:46:27 | WARNING | Skipped 6 rows whose image files are missing
15:46:28 | INFO | Built 993 compositional samples from 333 stones
15:46:28 | INFO | Excluded classes ['OTH'] → 5 classes remaining, 329 stones
15:46:28 | INFO | Test holdout: 66 stones (30 pure / 36 mixed, 198 images). Train+val pool: 263 stones (783 images).
15:46:28 | INFO |   Fold 0: train=210 stones (95 pure / 115 mixed, 625 images), val=53 stones (23 pure / 30 mixed, 158 images)
15:46:28 | INFO |   Fold 1: train=210 stones (94 pure / 116 mixed, 627 images), val=53 stones (24 pure / 29 mixed, 156 images)
15:46:28 | INFO |   Fold 2: train=210 stones (94 pure / 116 mixed, 625 images), val=53 stones (24 pure / 29 mixed, 158 images)
15:46:28 | INFO |   Fold 3: train=211 stones (94 pure / 117 mixed, 628 images), val=52 stones (24 pure / 28 mixed, 155 images)
15:46:28 | INFO |   Fold 4: train=211 stones (95 pure / 116 mixed, 627 images), val=52 stones (23 pure / 29 mixed, 156 images)
15:46:28 | INFO | Model type: simple  |  checkpoints → /gpfs/home3/ddboer/umc_thesis/outputs/checkpoints/composition
15:46:28 | INFO | use_weighted_kl=false — using standard (unweighted) KL divergence
15:46:28 | INFO | === Fold 0 ===
15:46:28 | INFO | Built SimpleCompositionModel: resnet18 backbone + single shared head + presence detection head (11,309,130 params total)
15:46:28 | INFO | Fold 0 — Phase 1: frozen backbone, 5 epochs
15:46:28 | INFO |   Trainable params: 132,618
15:47:19 | INFO |   [frozen] epoch 1/5 | train_total=1.3218 (comp=1.1506 aux=0.5708) | val_loss=1.1260 | val_stone_mae=0.2413 | val_stone_dom_acc=0.434 | 51s
15:48:09 | INFO |   [frozen] epoch 2/5 | train_total=1.2119 (comp=1.0568 aux=0.5170) | val_loss=1.0717 | val_stone_mae=0.2442 | val_stone_dom_acc=0.528 | 50s
15:48:59 | INFO |   [frozen] epoch 3/5 | train_total=1.1595 (comp=1.0081 aux=0.5048) | val_loss=1.0411 | val_stone_mae=0.2307 | val_stone_dom_acc=0.509 | 50s
15:49:49 | INFO |   [frozen] epoch 4/5 | train_total=1.1271 (comp=0.9803 aux=0.4895) | val_loss=1.0456 | val_stone_mae=0.2250 | val_stone_dom_acc=0.491 | 50s
15:50:39 | INFO |   [frozen] epoch 5/5 | train_total=1.1041 (comp=0.9600 aux=0.4804) | val_loss=1.0502 | val_stone_mae=0.2179 | val_stone_dom_acc=0.547 | 50s
15:50:39 | INFO | Fold 0 — Phase 2: fine-tune, 25 epochs
15:50:39 | INFO |   Trainable params: 11,309,130
15:51:30 | INFO |   [finetune] epoch 1/25 | train_total=1.0794 (comp=0.9366 aux=0.4762) | val_loss=1.0219 | val_stone_mae=0.2089 | val_stone_dom_acc=0.547 | 50s
15:52:20 | INFO |   [finetune] epoch 2/25 | train_total=1.0432 (comp=0.9017 aux=0.4719) | val_loss=0.9633 | val_stone_mae=0.2106 | val_stone_dom_acc=0.604 | 50s
15:53:10 | INFO |   [finetune] epoch 3/25 | train_total=1.0121 (comp=0.8776 aux=0.4484) | val_loss=1.0130 | val_stone_mae=0.2054 | val_stone_dom_acc=0.509 | 50s
15:54:00 | INFO |   [finetune] epoch 4/25 | train_total=0.9705 (comp=0.8382 aux=0.4411) | val_loss=0.9477 | val_stone_mae=0.2029 | val_stone_dom_acc=0.547 | 50s
15:54:50 | INFO |   [finetune] epoch 5/25 | train_total=0.9446 (comp=0.8153 aux=0.4310) | val_loss=0.9355 | val_stone_mae=0.1935 | val_stone_dom_acc=0.585 | 50s
15:55:40 | INFO |   [finetune] epoch 6/25 | train_total=0.9313 (comp=0.8037 aux=0.4254) | val_loss=0.8875 | val_stone_mae=0.1924 | val_stone_dom_acc=0.604 | 50s
15:56:31 | INFO |   [finetune] epoch 7/25 | train_total=0.9018 (comp=0.7776 aux=0.4141) | val_loss=0.9273 | val_stone_mae=0.1931 | val_stone_dom_acc=0.566 | 50s
15:57:21 | INFO |   [finetune] epoch 8/25 | train_total=0.8833 (comp=0.7620 aux=0.4045) | val_loss=0.9098 | val_stone_mae=0.1876 | val_stone_dom_acc=0.585 | 50s
15:58:11 | INFO |   [finetune] epoch 9/25 | train_total=0.8400 (comp=0.7199 aux=0.4005) | val_loss=0.8901 | val_stone_mae=0.1872 | val_stone_dom_acc=0.566 | 50s
15:59:02 | INFO |   [finetune] epoch 10/25 | train_total=0.8207 (comp=0.7016 aux=0.3972) | val_loss=0.9024 | val_stone_mae=0.1829 | val_stone_dom_acc=0.660 | 50s
15:59:52 | INFO |   [finetune] epoch 11/25 | train_total=0.8318 (comp=0.7163 aux=0.3851) | val_loss=0.8775 | val_stone_mae=0.1827 | val_stone_dom_acc=0.585 | 50s
16:00:42 | INFO |   [finetune] epoch 12/25 | train_total=0.8095 (comp=0.6944 aux=0.3838) | val_loss=0.9063 | val_stone_mae=0.1813 | val_stone_dom_acc=0.585 | 51s
16:01:33 | INFO |   [finetune] epoch 13/25 | train_total=0.7947 (comp=0.6831 aux=0.3721) | val_loss=0.8523 | val_stone_mae=0.1809 | val_stone_dom_acc=0.623 | 50s
16:02:23 | INFO |   [finetune] epoch 14/25 | train_total=0.8030 (comp=0.6884 aux=0.3820) | val_loss=0.8383 | val_stone_mae=0.1797 | val_stone_dom_acc=0.660 | 50s
16:03:14 | INFO |   [finetune] epoch 15/25 | train_total=0.7542 (comp=0.6425 aux=0.3723) | val_loss=0.8465 | val_stone_mae=0.1758 | val_stone_dom_acc=0.623 | 51s
16:04:04 | INFO |   [finetune] epoch 16/25 | train_total=0.7384 (comp=0.6262 aux=0.3739) | val_loss=0.8566 | val_stone_mae=0.1693 | val_stone_dom_acc=0.623 | 50s
16:04:55 | INFO |   [finetune] epoch 17/25 | train_total=0.7355 (comp=0.6236 aux=0.3730) | val_loss=0.8312 | val_stone_mae=0.1754 | val_stone_dom_acc=0.717 | 50s
16:05:45 | INFO |   [finetune] epoch 18/25 | train_total=0.7208 (comp=0.6163 aux=0.3484) | val_loss=0.8799 | val_stone_mae=0.1748 | val_stone_dom_acc=0.585 | 50s
16:06:35 | INFO |   [finetune] epoch 19/25 | train_total=0.6887 (comp=0.5837 aux=0.3500) | val_loss=0.8649 | val_stone_mae=0.1716 | val_stone_dom_acc=0.604 | 50s
16:07:26 | INFO |   [finetune] epoch 20/25 | train_total=0.6827 (comp=0.5803 aux=0.3414) | val_loss=0.8430 | val_stone_mae=0.1673 | val_stone_dom_acc=0.642 | 51s
16:08:16 | INFO |   [finetune] epoch 21/25 | train_total=0.6847 (comp=0.5812 aux=0.3450) | val_loss=0.8365 | val_stone_mae=0.1664 | val_stone_dom_acc=0.642 | 50s
16:09:06 | INFO |   [finetune] epoch 22/25 | train_total=0.6787 (comp=0.5752 aux=0.3453) | val_loss=0.8129 | val_stone_mae=0.1674 | val_stone_dom_acc=0.698 | 50s
16:09:56 | INFO |   [finetune] epoch 23/25 | train_total=0.6115 (comp=0.5140 aux=0.3252) | val_loss=0.8732 | val_stone_mae=0.1618 | val_stone_dom_acc=0.642 | 50s
16:10:46 | INFO |   [finetune] epoch 24/25 | train_total=0.6453 (comp=0.5456 aux=0.3323) | val_loss=0.8289 | val_stone_mae=0.1614 | val_stone_dom_acc=0.679 | 50s
16:11:36 | INFO |   [finetune] epoch 25/25 | train_total=0.6308 (comp=0.5319 aux=0.3295) | val_loss=0.8210 | val_stone_mae=0.1588 | val_stone_dom_acc=0.698 | 50s
16:11:36 | INFO | Fold 0 done. best_val_loss=0.8129 | stone_mae=0.1674 | stone_dom_acc=0.698 | stone_aitchison=11.3392
16:11:36 | INFO | === Fold 1 ===
16:11:37 | INFO | Built SimpleCompositionModel: resnet18 backbone + single shared head + presence detection head (11,309,130 params total)
16:11:37 | INFO | Fold 1 — Phase 1: frozen backbone, 5 epochs
16:11:37 | INFO |   Trainable params: 132,618
16:12:27 | INFO |   [frozen] epoch 1/5 | train_total=1.3160 (comp=1.1419 aux=0.5801) | val_loss=1.1421 | val_stone_mae=0.2597 | val_stone_dom_acc=0.434 | 50s
16:13:17 | INFO |   [frozen] epoch 2/5 | train_total=1.1932 (comp=1.0356 aux=0.5253) | val_loss=1.0797 | val_stone_mae=0.2359 | val_stone_dom_acc=0.434 | 50s
16:14:07 | INFO |   [frozen] epoch 3/5 | train_total=1.1539 (comp=0.9990 aux=0.5163) | val_loss=1.0507 | val_stone_mae=0.2345 | val_stone_dom_acc=0.434 | 50s
16:14:57 | INFO |   [frozen] epoch 4/5 | train_total=1.1313 (comp=0.9796 aux=0.5055) | val_loss=1.0222 | val_stone_mae=0.2294 | val_stone_dom_acc=0.491 | 50s
16:15:47 | INFO |   [frozen] epoch 5/5 | train_total=1.1090 (comp=0.9606 aux=0.4947) | val_loss=1.0168 | val_stone_mae=0.2222 | val_stone_dom_acc=0.434 | 50s
16:15:47 | INFO | Fold 1 — Phase 2: fine-tune, 25 epochs
16:15:47 | INFO |   Trainable params: 11,309,130
16:16:37 | INFO |   [finetune] epoch 1/25 | train_total=1.0811 (comp=0.9324 aux=0.4958) | val_loss=0.9744 | val_stone_mae=0.2165 | val_stone_dom_acc=0.528 | 50s
16:17:26 | INFO |   [finetune] epoch 2/25 | train_total=1.0504 (comp=0.9087 aux=0.4725) | val_loss=0.9320 | val_stone_mae=0.2167 | val_stone_dom_acc=0.566 | 50s
16:18:16 | INFO |   [finetune] epoch 3/25 | train_total=1.0023 (comp=0.8618 aux=0.4686) | val_loss=0.9499 | val_stone_mae=0.1960 | val_stone_dom_acc=0.528 | 50s
16:19:06 | INFO |   [finetune] epoch 4/25 | train_total=0.9539 (comp=0.8189 aux=0.4499) | val_loss=0.8929 | val_stone_mae=0.1989 | val_stone_dom_acc=0.528 | 50s
16:19:55 | INFO |   [finetune] epoch 5/25 | train_total=0.9503 (comp=0.8160 aux=0.4477) | val_loss=0.8778 | val_stone_mae=0.2004 | val_stone_dom_acc=0.547 | 50s
16:20:45 | INFO |   [finetune] epoch 6/25 | train_total=0.9233 (comp=0.7926 aux=0.4357) | val_loss=0.9056 | val_stone_mae=0.1933 | val_stone_dom_acc=0.509 | 50s
16:21:35 | INFO |   [finetune] epoch 7/25 | train_total=0.9094 (comp=0.7798 aux=0.4321) | val_loss=0.8705 | val_stone_mae=0.2024 | val_stone_dom_acc=0.566 | 49s
16:22:24 | INFO |   [finetune] epoch 8/25 | train_total=0.8617 (comp=0.7341 aux=0.4253) | val_loss=0.9175 | val_stone_mae=0.1886 | val_stone_dom_acc=0.547 | 50s
16:23:14 | INFO |   [finetune] epoch 9/25 | train_total=0.8496 (comp=0.7257 aux=0.4128) | val_loss=0.8501 | val_stone_mae=0.1892 | val_stone_dom_acc=0.547 | 50s
16:24:04 | INFO |   [finetune] epoch 10/25 | train_total=0.8098 (comp=0.6869 aux=0.4095) | val_loss=0.8420 | val_stone_mae=0.1871 | val_stone_dom_acc=0.604 | 50s
16:24:53 | INFO |   [finetune] epoch 11/25 | train_total=0.8509 (comp=0.7289 aux=0.4067) | val_loss=0.9346 | val_stone_mae=0.1878 | val_stone_dom_acc=0.472 | 50s
16:25:43 | INFO |   [finetune] epoch 12/25 | train_total=0.7959 (comp=0.6747 aux=0.4041) | val_loss=0.8179 | val_stone_mae=0.1788 | val_stone_dom_acc=0.604 | 50s
16:26:33 | INFO |   [finetune] epoch 13/25 | train_total=0.7958 (comp=0.6758 aux=0.4000) | val_loss=0.7970 | val_stone_mae=0.1783 | val_stone_dom_acc=0.604 | 50s
16:27:23 | INFO |   [finetune] epoch 14/25 | train_total=0.7607 (comp=0.6447 aux=0.3866) | val_loss=0.8367 | val_stone_mae=0.1728 | val_stone_dom_acc=0.660 | 50s
16:28:12 | INFO |   [finetune] epoch 15/25 | train_total=0.7697 (comp=0.6536 aux=0.3869) | val_loss=0.8028 | val_stone_mae=0.1736 | val_stone_dom_acc=0.660 | 50s
16:29:02 | INFO |   [finetune] epoch 16/25 | train_total=0.7429 (comp=0.6273 aux=0.3854) | val_loss=0.8271 | val_stone_mae=0.1723 | val_stone_dom_acc=0.604 | 50s
16:29:52 | INFO |   [finetune] epoch 17/25 | train_total=0.7553 (comp=0.6421 aux=0.3776) | val_loss=0.7716 | val_stone_mae=0.1718 | val_stone_dom_acc=0.642 | 50s
16:30:42 | INFO |   [finetune] epoch 18/25 | train_total=0.7214 (comp=0.6103 aux=0.3702) | val_loss=0.7759 | val_stone_mae=0.1701 | val_stone_dom_acc=0.660 | 50s
16:31:32 | INFO |   [finetune] epoch 19/25 | train_total=0.6878 (comp=0.5786 aux=0.3641) | val_loss=0.7765 | val_stone_mae=0.1654 | val_stone_dom_acc=0.660 | 50s
16:32:22 | INFO |   [finetune] epoch 20/25 | train_total=0.6704 (comp=0.5640 aux=0.3546) | val_loss=0.7719 | val_stone_mae=0.1647 | val_stone_dom_acc=0.660 | 50s
16:33:11 | INFO |   [finetune] epoch 21/25 | train_total=0.6572 (comp=0.5469 aux=0.3676) | val_loss=0.7793 | val_stone_mae=0.1639 | val_stone_dom_acc=0.698 | 50s
16:34:01 | INFO |   [finetune] epoch 22/25 | train_total=0.6604 (comp=0.5513 aux=0.3637) | val_loss=0.7550 | val_stone_mae=0.1625 | val_stone_dom_acc=0.660 | 50s
16:34:51 | INFO |   [finetune] epoch 23/25 | train_total=0.6654 (comp=0.5577 aux=0.3591) | val_loss=0.7279 | val_stone_mae=0.1615 | val_stone_dom_acc=0.717 | 50s
16:35:41 | INFO |   [finetune] epoch 24/25 | train_total=0.6698 (comp=0.5623 aux=0.3580) | val_loss=0.7407 | val_stone_mae=0.1603 | val_stone_dom_acc=0.660 | 50s
16:36:31 | INFO |   [finetune] epoch 25/25 | train_total=0.6820 (comp=0.5755 aux=0.3550) | val_loss=0.7147 | val_stone_mae=0.1564 | val_stone_dom_acc=0.679 | 50s
16:36:31 | INFO | Fold 1 done. best_val_loss=0.7147 | stone_mae=0.1564 | stone_dom_acc=0.679 | stone_aitchison=10.8916
16:36:31 | INFO | === Fold 2 ===
16:36:32 | INFO | Built SimpleCompositionModel: resnet18 backbone + single shared head + presence detection head (11,309,130 params total)
16:36:32 | INFO | Fold 2 — Phase 1: frozen backbone, 5 epochs
16:36:32 | INFO |   Trainable params: 132,618
16:37:21 | INFO |   [frozen] epoch 1/5 | train_total=1.4040 (comp=1.2316 aux=0.5746) | val_loss=1.0103 | val_stone_mae=0.2382 | val_stone_dom_acc=0.491 | 49s
16:38:10 | INFO |   [frozen] epoch 2/5 | train_total=1.2536 (comp=1.0986 aux=0.5166) | val_loss=0.9677 | val_stone_mae=0.2267 | val_stone_dom_acc=0.472 | 49s
16:38:59 | INFO |   [frozen] epoch 3/5 | train_total=1.2060 (comp=1.0568 aux=0.4974) | val_loss=0.9323 | val_stone_mae=0.2134 | val_stone_dom_acc=0.472 | 49s
16:39:48 | INFO |   [frozen] epoch 4/5 | train_total=1.1812 (comp=1.0347 aux=0.4885) | val_loss=0.9211 | val_stone_mae=0.2164 | val_stone_dom_acc=0.509 | 49s
16:40:38 | INFO |   [frozen] epoch 5/5 | train_total=1.1492 (comp=1.0063 aux=0.4765) | val_loss=0.9022 | val_stone_mae=0.2078 | val_stone_dom_acc=0.547 | 50s
16:40:38 | INFO | Fold 2 — Phase 2: fine-tune, 25 epochs
16:40:38 | INFO |   Trainable params: 11,309,130
16:41:28 | INFO |   [finetune] epoch 1/25 | train_total=1.1225 (comp=0.9804 aux=0.4736) | val_loss=0.8936 | val_stone_mae=0.1986 | val_stone_dom_acc=0.528 | 50s
16:42:19 | INFO |   [finetune] epoch 2/25 | train_total=1.0583 (comp=0.9239 aux=0.4480) | val_loss=0.8359 | val_stone_mae=0.1944 | val_stone_dom_acc=0.566 | 50s
16:43:09 | INFO |   [finetune] epoch 3/25 | train_total=1.0225 (comp=0.8903 aux=0.4406) | val_loss=0.7988 | val_stone_mae=0.1900 | val_stone_dom_acc=0.585 | 50s
16:43:59 | INFO |   [finetune] epoch 4/25 | train_total=0.9857 (comp=0.8594 aux=0.4209) | val_loss=0.7850 | val_stone_mae=0.1883 | val_stone_dom_acc=0.566 | 50s
16:44:49 | INFO |   [finetune] epoch 5/25 | train_total=0.9971 (comp=0.8678 aux=0.4308) | val_loss=0.8069 | val_stone_mae=0.1828 | val_stone_dom_acc=0.566 | 50s
16:45:39 | INFO |   [finetune] epoch 6/25 | train_total=0.9817 (comp=0.8550 aux=0.4223) | val_loss=0.7520 | val_stone_mae=0.1848 | val_stone_dom_acc=0.604 | 50s
16:46:29 | INFO |   [finetune] epoch 7/25 | train_total=0.9277 (comp=0.8042 aux=0.4118) | val_loss=0.7670 | val_stone_mae=0.1809 | val_stone_dom_acc=0.566 | 50s
16:47:19 | INFO |   [finetune] epoch 8/25 | train_total=0.9089 (comp=0.7875 aux=0.4049) | val_loss=0.7508 | val_stone_mae=0.1750 | val_stone_dom_acc=0.642 | 50s
16:48:10 | INFO |   [finetune] epoch 9/25 | train_total=0.9116 (comp=0.7899 aux=0.4057) | val_loss=0.7183 | val_stone_mae=0.1797 | val_stone_dom_acc=0.604 | 50s
16:49:00 | INFO |   [finetune] epoch 10/25 | train_total=0.8930 (comp=0.7750 aux=0.3934) | val_loss=0.7281 | val_stone_mae=0.1693 | val_stone_dom_acc=0.642 | 50s
16:49:50 | INFO |   [finetune] epoch 11/25 | train_total=0.8612 (comp=0.7444 aux=0.3894) | val_loss=0.6981 | val_stone_mae=0.1718 | val_stone_dom_acc=0.660 | 50s
16:50:40 | INFO |   [finetune] epoch 12/25 | train_total=0.8343 (comp=0.7188 aux=0.3850) | val_loss=0.6904 | val_stone_mae=0.1672 | val_stone_dom_acc=0.717 | 50s
16:51:30 | INFO |   [finetune] epoch 13/25 | train_total=0.8253 (comp=0.7116 aux=0.3793) | val_loss=0.6944 | val_stone_mae=0.1592 | val_stone_dom_acc=0.698 | 50s
16:52:20 | INFO |   [finetune] epoch 14/25 | train_total=0.7823 (comp=0.6742 aux=0.3605) | val_loss=0.7141 | val_stone_mae=0.1613 | val_stone_dom_acc=0.717 | 50s
16:53:10 | INFO |   [finetune] epoch 15/25 | train_total=0.7673 (comp=0.6590 aux=0.3610) | val_loss=0.6890 | val_stone_mae=0.1587 | val_stone_dom_acc=0.660 | 50s
16:54:00 | INFO |   [finetune] epoch 16/25 | train_total=0.7424 (comp=0.6350 aux=0.3580) | val_loss=0.6830 | val_stone_mae=0.1538 | val_stone_dom_acc=0.717 | 50s
16:54:51 | INFO |   [finetune] epoch 17/25 | train_total=0.7486 (comp=0.6429 aux=0.3522) | val_loss=0.7140 | val_stone_mae=0.1549 | val_stone_dom_acc=0.717 | 50s
16:55:41 | INFO |   [finetune] epoch 18/25 | train_total=0.7650 (comp=0.6586 aux=0.3544) | val_loss=0.6910 | val_stone_mae=0.1637 | val_stone_dom_acc=0.660 | 50s
16:56:31 | INFO |   [finetune] epoch 19/25 | train_total=0.7213 (comp=0.6140 aux=0.3576) | val_loss=0.6769 | val_stone_mae=0.1517 | val_stone_dom_acc=0.736 | 50s
16:57:22 | INFO |   [finetune] epoch 20/25 | train_total=0.7142 (comp=0.6125 aux=0.3388) | val_loss=0.6716 | val_stone_mae=0.1520 | val_stone_dom_acc=0.736 | 50s
16:58:12 | INFO |   [finetune] epoch 21/25 | train_total=0.6819 (comp=0.5776 aux=0.3478) | val_loss=0.6936 | val_stone_mae=0.1456 | val_stone_dom_acc=0.660 | 50s
16:59:02 | INFO |   [finetune] epoch 22/25 | train_total=0.6377 (comp=0.5375 aux=0.3342) | val_loss=0.6987 | val_stone_mae=0.1429 | val_stone_dom_acc=0.736 | 50s
16:59:52 | INFO |   [finetune] epoch 23/25 | train_total=0.6512 (comp=0.5522 aux=0.3300) | val_loss=0.7083 | val_stone_mae=0.1425 | val_stone_dom_acc=0.698 | 50s
17:00:43 | INFO |   [finetune] epoch 24/25 | train_total=0.6480 (comp=0.5489 aux=0.3307) | val_loss=0.6645 | val_stone_mae=0.1447 | val_stone_dom_acc=0.717 | 50s
17:01:34 | INFO |   [finetune] epoch 25/25 | train_total=0.6657 (comp=0.5666 aux=0.3302) | val_loss=0.6775 | val_stone_mae=0.1415 | val_stone_dom_acc=0.736 | 52s
17:01:34 | INFO | Fold 2 done. best_val_loss=0.6645 | stone_mae=0.1447 | stone_dom_acc=0.717 | stone_aitchison=11.2773
17:01:35 | INFO | === Fold 3 ===
17:01:35 | INFO | Built SimpleCompositionModel: resnet18 backbone + single shared head + presence detection head (11,309,130 params total)
17:01:35 | INFO | Fold 3 — Phase 1: frozen backbone, 5 epochs
17:01:35 | INFO |   Trainable params: 132,618
17:02:28 | INFO |   [frozen] epoch 1/5 | train_total=1.3390 (comp=1.1626 aux=0.5880) | val_loss=1.0371 | val_stone_mae=0.2429 | val_stone_dom_acc=0.423 | 53s
17:03:21 | INFO |   [frozen] epoch 2/5 | train_total=1.2737 (comp=1.1160 aux=0.5255) | val_loss=1.0017 | val_stone_mae=0.2212 | val_stone_dom_acc=0.442 | 52s
17:04:17 | INFO |   [frozen] epoch 3/5 | train_total=1.1801 (comp=1.0274 aux=0.5092) | val_loss=0.9854 | val_stone_mae=0.2232 | val_stone_dom_acc=0.462 | 56s
17:05:30 | INFO |   [frozen] epoch 4/5 | train_total=1.1176 (comp=0.9701 aux=0.4917) | val_loss=0.9943 | val_stone_mae=0.2153 | val_stone_dom_acc=0.481 | 73s
17:06:30 | INFO |   [frozen] epoch 5/5 | train_total=1.1051 (comp=0.9570 aux=0.4935) | val_loss=0.9851 | val_stone_mae=0.2110 | val_stone_dom_acc=0.481 | 60s
17:06:30 | INFO | Fold 3 — Phase 2: fine-tune, 25 epochs
17:06:30 | INFO |   Trainable params: 11,309,130
17:07:31 | INFO |   [finetune] epoch 1/25 | train_total=1.0836 (comp=0.9400 aux=0.4785) | val_loss=1.0021 | val_stone_mae=0.2046 | val_stone_dom_acc=0.500 | 61s
17:08:28 | INFO |   [finetune] epoch 2/25 | train_total=1.0254 (comp=0.8857 aux=0.4655) | val_loss=0.9441 | val_stone_mae=0.2061 | val_stone_dom_acc=0.500 | 57s
17:09:28 | INFO |   [finetune] epoch 3/25 | train_total=1.0160 (comp=0.8806 aux=0.4515) | val_loss=0.9410 | val_stone_mae=0.2080 | val_stone_dom_acc=0.462 | 59s
17:10:27 | INFO |   [finetune] epoch 4/25 | train_total=0.9822 (comp=0.8485 aux=0.4458) | val_loss=0.9316 | val_stone_mae=0.1986 | val_stone_dom_acc=0.500 | 59s
17:11:26 | INFO |   [finetune] epoch 5/25 | train_total=0.9415 (comp=0.8103 aux=0.4374) | val_loss=0.9042 | val_stone_mae=0.1937 | val_stone_dom_acc=0.500 | 59s
17:12:26 | INFO |   [finetune] epoch 6/25 | train_total=0.9200 (comp=0.7922 aux=0.4260) | val_loss=0.9100 | val_stone_mae=0.1892 | val_stone_dom_acc=0.538 | 60s
17:13:32 | INFO |   [finetune] epoch 7/25 | train_total=0.9364 (comp=0.8060 aux=0.4348) | val_loss=0.9087 | val_stone_mae=0.1907 | val_stone_dom_acc=0.577 | 66s
17:14:30 | INFO |   [finetune] epoch 8/25 | train_total=0.8806 (comp=0.7555 aux=0.4172) | val_loss=0.9401 | val_stone_mae=0.1863 | val_stone_dom_acc=0.558 | 57s
17:15:29 | INFO |   [finetune] epoch 9/25 | train_total=0.8407 (comp=0.7211 aux=0.3989) | val_loss=0.8599 | val_stone_mae=0.1847 | val_stone_dom_acc=0.558 | 59s
17:16:36 | INFO |   [finetune] epoch 10/25 | train_total=0.8325 (comp=0.7139 aux=0.3953) | val_loss=0.9522 | val_stone_mae=0.1833 | val_stone_dom_acc=0.558 | 65s
17:17:35 | INFO |   [finetune] epoch 11/25 | train_total=0.8259 (comp=0.7049 aux=0.4031) | val_loss=0.8474 | val_stone_mae=0.1897 | val_stone_dom_acc=0.558 | 59s
17:18:34 | INFO |   [finetune] epoch 12/25 | train_total=0.8044 (comp=0.6883 aux=0.3871) | val_loss=0.8676 | val_stone_mae=0.1845 | val_stone_dom_acc=0.577 | 58s
17:19:30 | INFO |   [finetune] epoch 13/25 | train_total=0.8152 (comp=0.6998 aux=0.3850) | val_loss=0.9012 | val_stone_mae=0.1792 | val_stone_dom_acc=0.596 | 56s
17:20:25 | INFO |   [finetune] epoch 14/25 | train_total=0.7763 (comp=0.6640 aux=0.3746) | val_loss=0.8569 | val_stone_mae=0.1825 | val_stone_dom_acc=0.596 | 55s
17:21:28 | INFO |   [finetune] epoch 15/25 | train_total=0.7485 (comp=0.6364 aux=0.3738) | val_loss=0.8942 | val_stone_mae=0.1759 | val_stone_dom_acc=0.596 | 62s
17:22:28 | INFO |   [finetune] epoch 16/25 | train_total=0.7294 (comp=0.6188 aux=0.3687) | val_loss=0.8644 | val_stone_mae=0.1784 | val_stone_dom_acc=0.596 | 60s
17:23:30 | INFO |   [finetune] epoch 17/25 | train_total=0.7719 (comp=0.6607 aux=0.3707) | val_loss=0.9441 | val_stone_mae=0.1732 | val_stone_dom_acc=0.596 | 62s
17:24:55 | INFO |   [finetune] epoch 18/25 | train_total=0.7499 (comp=0.6389 aux=0.3700) | val_loss=0.8204 | val_stone_mae=0.1816 | val_stone_dom_acc=0.577 | 85s
17:26:25 | INFO |   [finetune] epoch 19/25 | train_total=0.7312 (comp=0.6227 aux=0.3619) | val_loss=0.8644 | val_stone_mae=0.1724 | val_stone_dom_acc=0.635 | 90s
17:27:36 | INFO |   [finetune] epoch 20/25 | train_total=0.7164 (comp=0.6058 aux=0.3688) | val_loss=0.8308 | val_stone_mae=0.1857 | val_stone_dom_acc=0.519 | 71s
17:28:35 | INFO |   [finetune] epoch 21/25 | train_total=0.7370 (comp=0.6282 aux=0.3628) | val_loss=0.8446 | val_stone_mae=0.1736 | val_stone_dom_acc=0.577 | 59s
17:29:41 | INFO |   [finetune] epoch 22/25 | train_total=0.6864 (comp=0.5796 aux=0.3561) | val_loss=0.8494 | val_stone_mae=0.1725 | val_stone_dom_acc=0.596 | 65s
17:30:40 | INFO |   [finetune] epoch 23/25 | train_total=0.6792 (comp=0.5756 aux=0.3455) | val_loss=0.9044 | val_stone_mae=0.1738 | val_stone_dom_acc=0.558 | 60s
17:31:35 | INFO |   [finetune] epoch 24/25 | train_total=0.6560 (comp=0.5558 aux=0.3340) | val_loss=0.8705 | val_stone_mae=0.1713 | val_stone_dom_acc=0.596 | 55s
17:32:27 | INFO |   [finetune] epoch 25/25 | train_total=0.6269 (comp=0.5264 aux=0.3350) | val_loss=0.9313 | val_stone_mae=0.1716 | val_stone_dom_acc=0.558 | 52s
17:32:27 | INFO |   Early stopping (no improvement for 7 epochs)
17:32:27 | INFO | Fold 3 done. best_val_loss=0.8204 | stone_mae=0.1816 | stone_dom_acc=0.577 | stone_aitchison=11.5563
17:32:27 | INFO | === Fold 4 ===
17:32:28 | INFO | Built SimpleCompositionModel: resnet18 backbone + single shared head + presence detection head (11,309,130 params total)
17:32:28 | INFO | Fold 4 — Phase 1: frozen backbone, 5 epochs
17:32:28 | INFO |   Trainable params: 132,618
17:33:22 | INFO |   [frozen] epoch 1/5 | train_total=1.3029 (comp=1.1299 aux=0.5766) | val_loss=1.0926 | val_stone_mae=0.2515 | val_stone_dom_acc=0.462 | 55s
17:34:20 | INFO |   [frozen] epoch 2/5 | train_total=1.1930 (comp=1.0344 aux=0.5285) | val_loss=1.0354 | val_stone_mae=0.2288 | val_stone_dom_acc=0.462 | 57s
17:35:12 | INFO |   [frozen] epoch 3/5 | train_total=1.1748 (comp=1.0185 aux=0.5209) | val_loss=0.9996 | val_stone_mae=0.2300 | val_stone_dom_acc=0.558 | 52s
17:36:05 | INFO |   [frozen] epoch 4/5 | train_total=1.1282 (comp=0.9759 aux=0.5077) | val_loss=0.9823 | val_stone_mae=0.2115 | val_stone_dom_acc=0.442 | 53s
17:36:58 | INFO |   [frozen] epoch 5/5 | train_total=1.1051 (comp=0.9558 aux=0.4978) | val_loss=0.9500 | val_stone_mae=0.2163 | val_stone_dom_acc=0.596 | 53s
17:36:59 | INFO | Fold 4 — Phase 2: fine-tune, 25 epochs
17:36:59 | INFO |   Trainable params: 11,309,130
17:37:53 | INFO |   [finetune] epoch 1/25 | train_total=1.0637 (comp=0.9165 aux=0.4907) | val_loss=0.9422 | val_stone_mae=0.2196 | val_stone_dom_acc=0.577 | 55s
17:38:48 | INFO |   [finetune] epoch 2/25 | train_total=1.0633 (comp=0.9189 aux=0.4814) | val_loss=0.9211 | val_stone_mae=0.2067 | val_stone_dom_acc=0.577 | 55s
17:39:45 | INFO |   [finetune] epoch 3/25 | train_total=0.9982 (comp=0.8549 aux=0.4779) | val_loss=0.9215 | val_stone_mae=0.1970 | val_stone_dom_acc=0.519 | 56s
17:40:39 | INFO |   [finetune] epoch 4/25 | train_total=0.9679 (comp=0.8309 aux=0.4566) | val_loss=0.9086 | val_stone_mae=0.1972 | val_stone_dom_acc=0.558 | 54s
17:41:32 | INFO |   [finetune] epoch 5/25 | train_total=0.9365 (comp=0.8049 aux=0.4388) | val_loss=0.9161 | val_stone_mae=0.1963 | val_stone_dom_acc=0.538 | 53s
17:42:24 | INFO |   [finetune] epoch 6/25 | train_total=0.9233 (comp=0.7934 aux=0.4329) | val_loss=0.9212 | val_stone_mae=0.1941 | val_stone_dom_acc=0.519 | 52s
17:43:20 | INFO |   [finetune] epoch 7/25 | train_total=0.8994 (comp=0.7710 aux=0.4277) | val_loss=0.9018 | val_stone_mae=0.1960 | val_stone_dom_acc=0.500 | 55s
17:44:15 | INFO |   [finetune] epoch 8/25 | train_total=0.8895 (comp=0.7617 aux=0.4260) | val_loss=0.9117 | val_stone_mae=0.1866 | val_stone_dom_acc=0.577 | 55s
17:45:08 | INFO |   [finetune] epoch 9/25 | train_total=0.8758 (comp=0.7508 aux=0.4164) | val_loss=0.8593 | val_stone_mae=0.1996 | val_stone_dom_acc=0.596 | 53s
17:46:02 | INFO |   [finetune] epoch 10/25 | train_total=0.8662 (comp=0.7409 aux=0.4177) | val_loss=0.8557 | val_stone_mae=0.1848 | val_stone_dom_acc=0.577 | 54s
17:46:53 | INFO |   [finetune] epoch 11/25 | train_total=0.8077 (comp=0.6877 aux=0.3998) | val_loss=0.8759 | val_stone_mae=0.1839 | val_stone_dom_acc=0.500 | 51s
17:47:42 | INFO |   [finetune] epoch 12/25 | train_total=0.7966 (comp=0.6764 aux=0.4008) | val_loss=0.8515 | val_stone_mae=0.1838 | val_stone_dom_acc=0.577 | 50s
17:48:34 | INFO |   [finetune] epoch 13/25 | train_total=0.7978 (comp=0.6814 aux=0.3882) | val_loss=0.8644 | val_stone_mae=0.1787 | val_stone_dom_acc=0.519 | 52s
17:49:25 | INFO |   [finetune] epoch 14/25 | train_total=0.7901 (comp=0.6745 aux=0.3855) | val_loss=0.8683 | val_stone_mae=0.1842 | val_stone_dom_acc=0.538 | 51s
17:50:15 | INFO |   [finetune] epoch 15/25 | train_total=0.7809 (comp=0.6670 aux=0.3795) | val_loss=0.8386 | val_stone_mae=0.1847 | val_stone_dom_acc=0.558 | 50s
17:51:06 | INFO |   [finetune] epoch 16/25 | train_total=0.7236 (comp=0.6122 aux=0.3713) | val_loss=0.9169 | val_stone_mae=0.1735 | val_stone_dom_acc=0.538 | 51s
17:51:57 | INFO |   [finetune] epoch 17/25 | train_total=0.7155 (comp=0.6053 aux=0.3672) | val_loss=0.8623 | val_stone_mae=0.1772 | val_stone_dom_acc=0.558 | 51s
17:52:47 | INFO |   [finetune] epoch 18/25 | train_total=0.7362 (comp=0.6260 aux=0.3674) | val_loss=0.8529 | val_stone_mae=0.1713 | val_stone_dom_acc=0.577 | 50s
17:53:37 | INFO |   [finetune] epoch 19/25 | train_total=0.7261 (comp=0.6202 aux=0.3532) | val_loss=0.8138 | val_stone_mae=0.1754 | val_stone_dom_acc=0.558 | 50s
17:54:27 | INFO |   [finetune] epoch 20/25 | train_total=0.6626 (comp=0.5570 aux=0.3520) | val_loss=0.8479 | val_stone_mae=0.1689 | val_stone_dom_acc=0.577 | 50s
17:55:18 | INFO |   [finetune] epoch 21/25 | train_total=0.6929 (comp=0.5872 aux=0.3523) | val_loss=0.8396 | val_stone_mae=0.1706 | val_stone_dom_acc=0.558 | 51s
17:56:08 | INFO |   [finetune] epoch 22/25 | train_total=0.6739 (comp=0.5693 aux=0.3487) | val_loss=0.8664 | val_stone_mae=0.1694 | val_stone_dom_acc=0.596 | 50s
17:56:57 | INFO |   [finetune] epoch 23/25 | train_total=0.6785 (comp=0.5744 aux=0.3470) | val_loss=0.8250 | val_stone_mae=0.1684 | val_stone_dom_acc=0.577 | 50s
17:57:47 | INFO |   [finetune] epoch 24/25 | train_total=0.6706 (comp=0.5683 aux=0.3409) | val_loss=0.8108 | val_stone_mae=0.1684 | val_stone_dom_acc=0.596 | 50s
17:58:37 | INFO |   [finetune] epoch 25/25 | train_total=0.6518 (comp=0.5507 aux=0.3369) | val_loss=0.8143 | val_stone_mae=0.1687 | val_stone_dom_acc=0.615 | 49s
17:58:37 | INFO | Fold 4 done. best_val_loss=0.8108 | stone_mae=0.1684 | stone_dom_acc=0.596 | stone_aitchison=11.1692
17:58:37 | INFO | Cross-fold results:
17:58:37 | INFO |   best_stone_mae_overall: 0.1637 ± 0.0139
17:58:37 | INFO |   best_stone_dominant_acc: 0.6535 ± 0.0629
17:58:37 | INFO |   best_stone_aitchison: 11.2467 ± 0.2436
17:58:37 | INFO | === Held-out test set evaluation ===
17:58:37 | INFO | Built SimpleCompositionModel: resnet18 backbone + single shared head + presence detection head (11,309,130 params total)
17:58:54 | INFO |   Fold 0 test: stone_mae=0.1693 | stone_dom_acc=0.621 | stone_aitchison=11.3424
17:58:54 | INFO | Built SimpleCompositionModel: resnet18 backbone + single shared head + presence detection head (11,309,130 params total)
17:59:10 | INFO |   Fold 1 test: stone_mae=0.1694 | stone_dom_acc=0.621 | stone_aitchison=11.3175
17:59:11 | INFO | Built SimpleCompositionModel: resnet18 backbone + single shared head + presence detection head (11,309,130 params total)
17:59:27 | INFO |   Fold 2 test: stone_mae=0.1556 | stone_dom_acc=0.636 | stone_aitchison=11.1210
17:59:27 | INFO | Built SimpleCompositionModel: resnet18 backbone + single shared head + presence detection head (11,309,130 params total)
17:59:43 | INFO |   Fold 3 test: stone_mae=0.1708 | stone_dom_acc=0.621 | stone_aitchison=11.4007
17:59:44 | INFO | Built SimpleCompositionModel: resnet18 backbone + single shared head + presence detection head (11,309,130 params total)
18:00:00 | INFO |   Fold 4 test: stone_mae=0.1714 | stone_dom_acc=0.561 | stone_aitchison=11.3709
18:00:00 | INFO | Test set summary (mean ± std across folds):
18:00:00 | INFO |   stone_mae_overall: 0.1673 ± 0.0066
18:00:00 | INFO |   stone_dominant_acc: 0.6121 ± 0.0295
18:00:00 | INFO |   stone_aitchison: 11.3105 ± 0.1104
18:00:07 | INFO | Device: cuda
18:00:07 | INFO | cuDNN benchmark enabled
18:00:09 | WARNING | Skipped 6 rows whose image files are missing
18:00:10 | INFO | Built 993 compositional samples from 333 stones
18:00:10 | INFO | Excluded classes ['OTH'] → 5 classes remaining, 329 stones
18:00:10 | INFO | Test holdout: 66 stones (30 pure / 36 mixed, 198 images). Train+val pool: 263 stones (783 images).
18:00:10 | INFO | --random-labels: stone-level composition vectors have been shuffled (baseline mode)
18:00:10 | INFO |   Fold 0: train=210 stones (95 pure / 115 mixed, 625 images), val=53 stones (23 pure / 30 mixed, 158 images)
18:00:10 | INFO |   Fold 1: train=210 stones (94 pure / 116 mixed, 626 images), val=53 stones (24 pure / 29 mixed, 157 images)
18:00:10 | INFO |   Fold 2: train=210 stones (94 pure / 116 mixed, 624 images), val=53 stones (24 pure / 29 mixed, 159 images)
18:00:10 | INFO |   Fold 3: train=211 stones (94 pure / 117 mixed, 628 images), val=52 stones (24 pure / 28 mixed, 155 images)
18:00:10 | INFO |   Fold 4: train=211 stones (95 pure / 116 mixed, 629 images), val=52 stones (23 pure / 29 mixed, 154 images)
18:00:10 | INFO | Model type: simple_random  |  checkpoints → /gpfs/home3/ddboer/umc_thesis/outputs/checkpoints/composition
18:00:10 | INFO | use_weighted_kl=false — using standard (unweighted) KL divergence
18:00:10 | INFO | === Fold 0 ===
18:00:10 | INFO | Built SimpleCompositionModel: resnet18 backbone + single shared head + presence detection head (11,309,130 params total)
18:00:10 | INFO | Fold 0 — Phase 1: frozen backbone, 5 epochs
18:00:10 | INFO |   Trainable params: 132,618
18:01:00 | INFO |   [frozen] epoch 1/5 | train_total=1.3546 (comp=1.1835 aux=0.5702) | val_loss=1.0777 | val_stone_mae=0.2416 | val_stone_dom_acc=0.434 | 50s
18:01:50 | INFO |   [frozen] epoch 2/5 | train_total=1.2849 (comp=1.1228 aux=0.5403) | val_loss=1.0714 | val_stone_mae=0.2370 | val_stone_dom_acc=0.434 | 49s
18:02:39 | INFO |   [frozen] epoch 3/5 | train_total=1.2457 (comp=1.0867 aux=0.5300) | val_loss=1.0446 | val_stone_mae=0.2332 | val_stone_dom_acc=0.453 | 49s
18:03:28 | INFO |   [frozen] epoch 4/5 | train_total=1.2298 (comp=1.0721 aux=0.5258) | val_loss=1.0407 | val_stone_mae=0.2320 | val_stone_dom_acc=0.472 | 49s
18:04:17 | INFO |   [frozen] epoch 5/5 | train_total=1.2111 (comp=1.0540 aux=0.5237) | val_loss=1.0443 | val_stone_mae=0.2321 | val_stone_dom_acc=0.491 | 49s
18:04:17 | INFO | Fold 0 — Phase 2: fine-tune, 25 epochs
18:04:17 | INFO |   Trainable params: 11,309,130
18:05:06 | INFO |   [finetune] epoch 1/25 | train_total=1.2300 (comp=1.0741 aux=0.5197) | val_loss=1.0678 | val_stone_mae=0.2349 | val_stone_dom_acc=0.472 | 49s
18:05:55 | INFO |   [finetune] epoch 2/25 | train_total=1.2162 (comp=1.0608 aux=0.5180) | val_loss=1.0763 | val_stone_mae=0.2235 | val_stone_dom_acc=0.472 | 49s
18:06:43 | INFO |   [finetune] epoch 3/25 | train_total=1.2343 (comp=1.0803 aux=0.5132) | val_loss=1.0644 | val_stone_mae=0.2325 | val_stone_dom_acc=0.472 | 49s
18:07:32 | INFO |   [finetune] epoch 4/25 | train_total=1.1939 (comp=1.0388 aux=0.5170) | val_loss=1.0678 | val_stone_mae=0.2307 | val_stone_dom_acc=0.491 | 49s
18:08:21 | INFO |   [finetune] epoch 5/25 | train_total=1.1801 (comp=1.0284 aux=0.5055) | val_loss=1.0698 | val_stone_mae=0.2275 | val_stone_dom_acc=0.472 | 49s
18:09:10 | INFO |   [finetune] epoch 6/25 | train_total=1.1734 (comp=1.0211 aux=0.5077) | val_loss=1.0741 | val_stone_mae=0.2298 | val_stone_dom_acc=0.472 | 49s
18:09:59 | INFO |   [finetune] epoch 7/25 | train_total=1.1832 (comp=1.0325 aux=0.5024) | val_loss=1.0730 | val_stone_mae=0.2323 | val_stone_dom_acc=0.491 | 49s
18:10:48 | INFO |   [finetune] epoch 8/25 | train_total=1.1664 (comp=1.0154 aux=0.5031) | val_loss=1.0879 | val_stone_mae=0.2261 | val_stone_dom_acc=0.472 | 49s
18:11:37 | INFO |   [finetune] epoch 9/25 | train_total=1.1893 (comp=1.0387 aux=0.5019) | val_loss=1.0987 | val_stone_mae=0.2349 | val_stone_dom_acc=0.509 | 49s
18:12:26 | INFO |   [finetune] epoch 10/25 | train_total=1.1619 (comp=1.0135 aux=0.4949) | val_loss=1.0978 | val_stone_mae=0.2265 | val_stone_dom_acc=0.453 | 49s
18:12:26 | INFO |   Early stopping (no improvement for 7 epochs)
18:12:26 | INFO | Fold 0 done. best_val_loss=1.0644 | stone_mae=0.2325 | stone_dom_acc=0.472 | stone_aitchison=12.5404
18:12:27 | INFO | === Fold 1 ===
18:12:27 | INFO | Built SimpleCompositionModel: resnet18 backbone + single shared head + presence detection head (11,309,130 params total)
18:12:27 | INFO | Fold 1 — Phase 1: frozen backbone, 5 epochs
18:12:27 | INFO |   Trainable params: 132,618
18:13:17 | INFO |   [frozen] epoch 1/5 | train_total=1.3461 (comp=1.1768 aux=0.5645) | val_loss=1.1393 | val_stone_mae=0.2556 | val_stone_dom_acc=0.434 | 50s
18:14:06 | INFO |   [frozen] epoch 2/5 | train_total=1.2540 (comp=1.0918 aux=0.5404) | val_loss=1.1303 | val_stone_mae=0.2407 | val_stone_dom_acc=0.434 | 49s
18:14:56 | INFO |   [frozen] epoch 3/5 | train_total=1.2494 (comp=1.0907 aux=0.5287) | val_loss=1.1185 | val_stone_mae=0.2431 | val_stone_dom_acc=0.453 | 49s
18:15:45 | INFO |   [frozen] epoch 4/5 | train_total=1.2219 (comp=1.0656 aux=0.5211) | val_loss=1.1414 | val_stone_mae=0.2469 | val_stone_dom_acc=0.453 | 49s
18:16:34 | INFO |   [frozen] epoch 5/5 | train_total=1.2312 (comp=1.0773 aux=0.5129) | val_loss=1.1437 | val_stone_mae=0.2441 | val_stone_dom_acc=0.453 | 49s
18:16:34 | INFO | Fold 1 — Phase 2: fine-tune, 25 epochs
18:16:34 | INFO |   Trainable params: 11,309,130
18:17:24 | INFO |   [finetune] epoch 1/25 | train_total=1.2158 (comp=1.0605 aux=0.5178) | val_loss=1.1620 | val_stone_mae=0.2468 | val_stone_dom_acc=0.472 | 49s
18:18:13 | INFO |   [finetune] epoch 2/25 | train_total=1.1725 (comp=1.0185 aux=0.5134) | val_loss=1.2062 | val_stone_mae=0.2409 | val_stone_dom_acc=0.377 | 49s
18:19:02 | INFO |   [finetune] epoch 3/25 | train_total=1.1735 (comp=1.0190 aux=0.5148) | val_loss=1.1801 | val_stone_mae=0.2404 | val_stone_dom_acc=0.396 | 49s
18:19:51 | INFO |   [finetune] epoch 4/25 | train_total=1.1956 (comp=1.0413 aux=0.5141) | val_loss=1.2266 | val_stone_mae=0.2542 | val_stone_dom_acc=0.321 | 49s
18:20:40 | INFO |   [finetune] epoch 5/25 | train_total=1.1954 (comp=1.0427 aux=0.5088) | val_loss=1.1730 | val_stone_mae=0.2394 | val_stone_dom_acc=0.453 | 49s
18:21:29 | INFO |   [finetune] epoch 6/25 | train_total=1.1664 (comp=1.0169 aux=0.4985) | val_loss=1.1896 | val_stone_mae=0.2462 | val_stone_dom_acc=0.377 | 49s
18:22:18 | INFO |   [finetune] epoch 7/25 | train_total=1.1554 (comp=1.0051 aux=0.5011) | val_loss=1.2283 | val_stone_mae=0.2448 | val_stone_dom_acc=0.377 | 49s
18:23:08 | INFO |   [finetune] epoch 8/25 | train_total=1.1476 (comp=0.9973 aux=0.5009) | val_loss=1.2905 | val_stone_mae=0.2518 | val_stone_dom_acc=0.358 | 49s
18:23:08 | INFO |   Early stopping (no improvement for 7 epochs)
18:23:08 | INFO | Fold 1 done. best_val_loss=1.1620 | stone_mae=0.2468 | stone_dom_acc=0.472 | stone_aitchison=12.6433
18:23:08 | INFO | === Fold 2 ===
18:23:08 | INFO | Built SimpleCompositionModel: resnet18 backbone + single shared head + presence detection head (11,309,130 params total)
18:23:08 | INFO | Fold 2 — Phase 1: frozen backbone, 5 epochs
18:23:08 | INFO |   Trainable params: 132,618
18:23:59 | INFO |   [frozen] epoch 1/5 | train_total=1.3386 (comp=1.1643 aux=0.5811) | val_loss=1.0648 | val_stone_mae=0.2469 | val_stone_dom_acc=0.472 | 51s
18:24:49 | INFO |   [frozen] epoch 2/5 | train_total=1.3198 (comp=1.1536 aux=0.5540) | val_loss=1.0602 | val_stone_mae=0.2386 | val_stone_dom_acc=0.453 | 50s
18:25:40 | INFO |   [frozen] epoch 3/5 | train_total=1.2749 (comp=1.1118 aux=0.5436) | val_loss=1.0351 | val_stone_mae=0.2363 | val_stone_dom_acc=0.453 | 50s
18:26:30 | INFO |   [frozen] epoch 4/5 | train_total=1.2669 (comp=1.1065 aux=0.5348) | val_loss=1.0382 | val_stone_mae=0.2370 | val_stone_dom_acc=0.472 | 51s
18:27:21 | INFO |   [frozen] epoch 5/5 | train_total=1.2505 (comp=1.0912 aux=0.5312) | val_loss=1.0429 | val_stone_mae=0.2361 | val_stone_dom_acc=0.453 | 51s
18:27:21 | INFO | Fold 2 — Phase 2: fine-tune, 25 epochs
18:27:21 | INFO |   Trainable params: 11,309,130
18:28:12 | INFO |   [finetune] epoch 1/25 | train_total=1.2409 (comp=1.0841 aux=0.5226) | val_loss=1.0245 | val_stone_mae=0.2273 | val_stone_dom_acc=0.453 | 51s
18:29:03 | INFO |   [finetune] epoch 2/25 | train_total=1.2375 (comp=1.0779 aux=0.5320) | val_loss=1.0307 | val_stone_mae=0.2345 | val_stone_dom_acc=0.472 | 51s
18:29:53 | INFO |   [finetune] epoch 3/25 | train_total=1.2211 (comp=1.0648 aux=0.5211) | val_loss=1.0325 | val_stone_mae=0.2342 | val_stone_dom_acc=0.453 | 50s
18:30:43 | INFO |   [finetune] epoch 4/25 | train_total=1.2172 (comp=1.0607 aux=0.5217) | val_loss=1.0337 | val_stone_mae=0.2318 | val_stone_dom_acc=0.472 | 50s
18:31:34 | INFO |   [finetune] epoch 5/25 | train_total=1.2016 (comp=1.0480 aux=0.5122) | val_loss=1.0447 | val_stone_mae=0.2278 | val_stone_dom_acc=0.453 | 51s
18:32:25 | INFO |   [finetune] epoch 6/25 | train_total=1.2034 (comp=1.0487 aux=0.5156) | val_loss=1.0141 | val_stone_mae=0.2275 | val_stone_dom_acc=0.434 | 51s
18:33:16 | INFO |   [finetune] epoch 7/25 | train_total=1.1928 (comp=1.0395 aux=0.5112) | val_loss=1.0321 | val_stone_mae=0.2335 | val_stone_dom_acc=0.453 | 50s
18:34:06 | INFO |   [finetune] epoch 8/25 | train_total=1.1822 (comp=1.0294 aux=0.5091) | val_loss=1.0232 | val_stone_mae=0.2255 | val_stone_dom_acc=0.415 | 51s
18:34:57 | INFO |   [finetune] epoch 9/25 | train_total=1.1670 (comp=1.0158 aux=0.5039) | val_loss=1.0530 | val_stone_mae=0.2328 | val_stone_dom_acc=0.472 | 51s
18:35:48 | INFO |   [finetune] epoch 10/25 | train_total=1.1786 (comp=1.0277 aux=0.5031) | val_loss=1.0371 | val_stone_mae=0.2270 | val_stone_dom_acc=0.453 | 51s
18:36:39 | INFO |   [finetune] epoch 11/25 | train_total=1.1611 (comp=1.0092 aux=0.5064) | val_loss=1.0466 | val_stone_mae=0.2263 | val_stone_dom_acc=0.472 | 51s
18:37:29 | INFO |   [finetune] epoch 12/25 | train_total=1.1647 (comp=1.0133 aux=0.5043) | val_loss=1.0433 | val_stone_mae=0.2308 | val_stone_dom_acc=0.415 | 51s
18:38:20 | INFO |   [finetune] epoch 13/25 | train_total=1.1330 (comp=0.9840 aux=0.4964) | val_loss=1.0509 | val_stone_mae=0.2218 | val_stone_dom_acc=0.453 | 51s
18:38:20 | INFO |   Early stopping (no improvement for 7 epochs)
18:38:20 | INFO | Fold 2 done. best_val_loss=1.0141 | stone_mae=0.2275 | stone_dom_acc=0.434 | stone_aitchison=12.3651
18:38:20 | INFO | === Fold 3 ===
18:38:20 | INFO | Built SimpleCompositionModel: resnet18 backbone + single shared head + presence detection head (11,309,130 params total)
18:38:20 | INFO | Fold 3 — Phase 1: frozen backbone, 5 epochs
18:38:20 | INFO |   Trainable params: 132,618
18:39:11 | INFO |   [frozen] epoch 1/5 | train_total=1.3914 (comp=1.2166 aux=0.5826) | val_loss=1.0998 | val_stone_mae=0.2522 | val_stone_dom_acc=0.462 | 50s
18:40:01 | INFO |   [frozen] epoch 2/5 | train_total=1.3018 (comp=1.1402 aux=0.5388) | val_loss=1.0678 | val_stone_mae=0.2417 | val_stone_dom_acc=0.462 | 50s
18:40:50 | INFO |   [frozen] epoch 3/5 | train_total=1.2768 (comp=1.1171 aux=0.5324) | val_loss=1.0514 | val_stone_mae=0.2364 | val_stone_dom_acc=0.442 | 50s
18:41:40 | INFO |   [frozen] epoch 4/5 | train_total=1.2466 (comp=1.0914 aux=0.5175) | val_loss=1.0598 | val_stone_mae=0.2383 | val_stone_dom_acc=0.442 | 50s
18:42:30 | INFO |   [frozen] epoch 5/5 | train_total=1.2450 (comp=1.0890 aux=0.5202) | val_loss=1.0629 | val_stone_mae=0.2361 | val_stone_dom_acc=0.462 | 50s
18:42:30 | INFO | Fold 3 — Phase 2: fine-tune, 25 epochs
18:42:30 | INFO |   Trainable params: 11,309,130
18:43:20 | INFO |   [finetune] epoch 1/25 | train_total=1.2432 (comp=1.0871 aux=0.5202) | val_loss=1.0718 | val_stone_mae=0.2316 | val_stone_dom_acc=0.462 | 50s
18:44:10 | INFO |   [finetune] epoch 2/25 | train_total=1.2446 (comp=1.0877 aux=0.5229) | val_loss=1.0549 | val_stone_mae=0.2379 | val_stone_dom_acc=0.404 | 50s
18:45:00 | INFO |   [finetune] epoch 3/25 | train_total=1.2304 (comp=1.0762 aux=0.5139) | val_loss=1.0680 | val_stone_mae=0.2346 | val_stone_dom_acc=0.462 | 50s
18:45:50 | INFO |   [finetune] epoch 4/25 | train_total=1.2207 (comp=1.0670 aux=0.5126) | val_loss=1.0635 | val_stone_mae=0.2359 | val_stone_dom_acc=0.423 | 50s
18:46:40 | INFO |   [finetune] epoch 5/25 | train_total=1.2077 (comp=1.0553 aux=0.5078) | val_loss=1.0618 | val_stone_mae=0.2323 | val_stone_dom_acc=0.462 | 50s
18:47:30 | INFO |   [finetune] epoch 6/25 | train_total=1.1962 (comp=1.0446 aux=0.5052) | val_loss=1.0597 | val_stone_mae=0.2330 | val_stone_dom_acc=0.423 | 50s
18:48:20 | INFO |   [finetune] epoch 7/25 | train_total=1.1904 (comp=1.0391 aux=0.5045) | val_loss=1.0589 | val_stone_mae=0.2295 | val_stone_dom_acc=0.462 | 50s
18:49:10 | INFO |   [finetune] epoch 8/25 | train_total=1.1932 (comp=1.0427 aux=0.5014) | val_loss=1.0661 | val_stone_mae=0.2314 | val_stone_dom_acc=0.462 | 50s
18:50:01 | INFO |   [finetune] epoch 9/25 | train_total=1.1976 (comp=1.0483 aux=0.4976) | val_loss=1.0598 | val_stone_mae=0.2385 | val_stone_dom_acc=0.365 | 50s
18:50:01 | INFO |   Early stopping (no improvement for 7 epochs)
18:50:01 | INFO | Fold 3 done. best_val_loss=1.0549 | stone_mae=0.2379 | stone_dom_acc=0.404 | stone_aitchison=12.7574
18:50:01 | INFO | === Fold 4 ===
18:50:01 | INFO | Built SimpleCompositionModel: resnet18 backbone + single shared head + presence detection head (11,309,130 params total)
18:50:01 | INFO | Fold 4 — Phase 1: frozen backbone, 5 epochs
18:50:01 | INFO |   Trainable params: 132,618
18:50:51 | INFO |   [frozen] epoch 1/5 | train_total=1.3092 (comp=1.1353 aux=0.5794) | val_loss=1.1564 | val_stone_mae=0.2611 | val_stone_dom_acc=0.442 | 50s
18:51:41 | INFO |   [frozen] epoch 2/5 | train_total=1.2563 (comp=1.0955 aux=0.5358) | val_loss=1.1496 | val_stone_mae=0.2562 | val_stone_dom_acc=0.385 | 50s
18:52:30 | INFO |   [frozen] epoch 3/5 | train_total=1.2424 (comp=1.0828 aux=0.5321) | val_loss=1.1521 | val_stone_mae=0.2562 | val_stone_dom_acc=0.423 | 49s
18:53:20 | INFO |   [frozen] epoch 4/5 | train_total=1.2155 (comp=1.0574 aux=0.5270) | val_loss=1.1456 | val_stone_mae=0.2567 | val_stone_dom_acc=0.404 | 50s
18:54:10 | INFO |   [frozen] epoch 5/5 | train_total=1.2273 (comp=1.0708 aux=0.5218) | val_loss=1.1436 | val_stone_mae=0.2498 | val_stone_dom_acc=0.442 | 50s
18:54:10 | INFO | Fold 4 — Phase 2: fine-tune, 25 epochs
18:54:10 | INFO |   Trainable params: 11,309,130
18:54:59 | INFO |   [finetune] epoch 1/25 | train_total=1.2157 (comp=1.0594 aux=0.5209) | val_loss=1.1296 | val_stone_mae=0.2486 | val_stone_dom_acc=0.442 | 49s
18:55:48 | INFO |   [finetune] epoch 2/25 | train_total=1.2078 (comp=1.0519 aux=0.5196) | val_loss=1.1374 | val_stone_mae=0.2522 | val_stone_dom_acc=0.404 | 49s
18:56:38 | INFO |   [finetune] epoch 3/25 | train_total=1.1977 (comp=1.0441 aux=0.5119) | val_loss=1.1382 | val_stone_mae=0.2481 | val_stone_dom_acc=0.481 | 49s
18:57:27 | INFO |   [finetune] epoch 4/25 | train_total=1.1834 (comp=1.0295 aux=0.5127) | val_loss=1.1495 | val_stone_mae=0.2503 | val_stone_dom_acc=0.404 | 50s
18:58:17 | INFO |   [finetune] epoch 5/25 | train_total=1.1794 (comp=1.0254 aux=0.5134) | val_loss=1.1495 | val_stone_mae=0.2519 | val_stone_dom_acc=0.442 | 50s
18:59:07 | INFO |   [finetune] epoch 6/25 | train_total=1.1821 (comp=1.0285 aux=0.5121) | val_loss=1.1340 | val_stone_mae=0.2455 | val_stone_dom_acc=0.442 | 50s
18:59:56 | INFO |   [finetune] epoch 7/25 | train_total=1.1754 (comp=1.0229 aux=0.5082) | val_loss=1.1493 | val_stone_mae=0.2517 | val_stone_dom_acc=0.442 | 50s
19:00:46 | INFO |   [finetune] epoch 8/25 | train_total=1.1628 (comp=1.0108 aux=0.5070) | val_loss=1.1580 | val_stone_mae=0.2468 | val_stone_dom_acc=0.365 | 50s
19:00:46 | INFO |   Early stopping (no improvement for 7 epochs)
19:00:46 | INFO | Fold 4 done. best_val_loss=1.1296 | stone_mae=0.2486 | stone_dom_acc=0.442 | stone_aitchison=12.4116
19:00:46 | INFO | Cross-fold results:
19:00:46 | INFO |   best_stone_mae_overall: 0.2386 ± 0.0091
19:00:46 | INFO |   best_stone_dominant_acc: 0.4447 ± 0.0285
19:00:46 | INFO |   best_stone_aitchison: 12.5436 ± 0.1620
19:00:46 | INFO | === Held-out test set evaluation ===
19:00:46 | INFO | Built SimpleCompositionModel: resnet18 backbone + single shared head + presence detection head (11,309,130 params total)
19:01:03 | INFO |   Fold 0 test: stone_mae=0.2393 | stone_dom_acc=0.439 | stone_aitchison=12.6085
19:01:03 | INFO | Built SimpleCompositionModel: resnet18 backbone + single shared head + presence detection head (11,309,130 params total)
19:01:20 | INFO |   Fold 1 test: stone_mae=0.2370 | stone_dom_acc=0.439 | stone_aitchison=12.5695
19:01:20 | INFO | Built SimpleCompositionModel: resnet18 backbone + single shared head + presence detection head (11,309,130 params total)
19:01:37 | INFO |   Fold 2 test: stone_mae=0.2336 | stone_dom_acc=0.424 | stone_aitchison=12.4977
19:01:37 | INFO | Built SimpleCompositionModel: resnet18 backbone + single shared head + presence detection head (11,309,130 params total)
19:01:54 | INFO |   Fold 3 test: stone_mae=0.2418 | stone_dom_acc=0.394 | stone_aitchison=12.6258
19:01:54 | INFO | Built SimpleCompositionModel: resnet18 backbone + single shared head + presence detection head (11,309,130 params total)
19:02:11 | INFO |   Fold 4 test: stone_mae=0.2353 | stone_dom_acc=0.439 | stone_aitchison=12.5072
19:02:11 | INFO | Test set summary (mean ± std across folds):
19:02:11 | INFO |   stone_mae_overall: 0.2374 ± 0.0033
19:02:11 | INFO |   stone_dominant_acc: 0.4273 ± 0.0198
19:02:11 | INFO |   stone_aitchison: 12.5617 ± 0.0579
