============================================================================================== 
Warning! Mixing Conda and module environments may lead to corruption of the
user environment. 
We do not recommend users mixing those two environments unless absolutely
necessary. Note that 
SURF does not provide any support for Conda environment.
For more information, please refer to our software policy page:
https://servicedesk.surf.nl/wiki/display/WIKI/Software+policy+Snellius#SoftwarepolicySnellius-UseofAnacondaandMinicondaenvironmentsonSnellius 

Remember that many packages have already been installed on the system and can
be loaded using 
the 'module load <package__name>' command. If you are uncertain if a package is
already available 
on the system, please use 'module avail' or 'module spider' to search for it.
============================================================================================== 
Lmod has detected the following error: These module(s) or extension(s) exist
but cannot be loaded as requested: "Anaconda3"
   Try: "module spider Anaconda3" to see how to load the module(s).



15:17:21 | INFO | Device: cuda
15:17:21 | INFO | cuDNN benchmark enabled
15:17:24 | WARNING | Skipped 6 rows whose image files are missing
15:17:24 | INFO | Built 993 compositional samples from 333 stones
15:17:24 | INFO | Excluded classes ['OTH'] → 5 classes remaining, 329 stones
15:17:24 | INFO | Test holdout: 66 stones (30 pure / 36 mixed, 198 images). Train+val pool: 263 stones (783 images).
15:17:24 | INFO |   Fold 0: train=210 stones (95 pure / 115 mixed, 625 images), val=53 stones (23 pure / 30 mixed, 158 images)
15:17:24 | INFO |   Fold 1: train=210 stones (94 pure / 116 mixed, 627 images), val=53 stones (24 pure / 29 mixed, 156 images)
15:17:24 | INFO |   Fold 2: train=210 stones (94 pure / 116 mixed, 625 images), val=53 stones (24 pure / 29 mixed, 158 images)
15:17:24 | INFO |   Fold 3: train=211 stones (94 pure / 117 mixed, 628 images), val=52 stones (24 pure / 28 mixed, 155 images)
15:17:24 | INFO |   Fold 4: train=211 stones (95 pure / 116 mixed, 627 images), val=52 stones (23 pure / 29 mixed, 156 images)
15:17:24 | INFO | Model type: simple  |  checkpoints → /gpfs/home3/ddboer/umc_thesis/outputs/checkpoints_composition
15:17:24 | INFO | === Fold 0 ===
15:17:24 | INFO | Built SimpleCompositionModel: resnet18 backbone + single shared head + presence detection head (11,309,130 params total)
15:17:25 | INFO | Fold 0 — Phase 1: frozen backbone, 5 epochs
15:17:25 | INFO |   Trainable params: 132,618
15:18:15 | INFO |   [frozen] epoch 1/5 | train_total=1.3167 (comp=1.1462 aux=0.5685) | val_loss=1.1171 | val_stone_mae=0.2424 | val_stone_dom_acc=0.434 | 50s
15:19:05 | INFO |   [frozen] epoch 2/5 | train_total=1.2246 (comp=1.0692 aux=0.5180) | val_loss=1.0851 | val_stone_mae=0.2490 | val_stone_dom_acc=0.566 | 50s
15:19:55 | INFO |   [frozen] epoch 3/5 | train_total=1.1756 (comp=1.0236 aux=0.5067) | val_loss=1.0525 | val_stone_mae=0.2319 | val_stone_dom_acc=0.472 | 50s
15:20:45 | INFO |   [frozen] epoch 4/5 | train_total=1.1321 (comp=0.9836 aux=0.4951) | val_loss=1.0365 | val_stone_mae=0.2293 | val_stone_dom_acc=0.491 | 50s
15:21:35 | INFO |   [frozen] epoch 5/5 | train_total=1.1117 (comp=0.9678 aux=0.4796) | val_loss=1.0297 | val_stone_mae=0.2200 | val_stone_dom_acc=0.491 | 50s
15:21:35 | INFO | Fold 0 — Phase 2: fine-tune, 25 epochs
15:21:35 | INFO |   Trainable params: 11,309,130
15:22:26 | INFO |   [finetune] epoch 1/25 | train_total=1.0864 (comp=0.9417 aux=0.4823) | val_loss=0.9899 | val_stone_mae=0.2136 | val_stone_dom_acc=0.528 | 50s
15:23:16 | INFO |   [finetune] epoch 2/25 | train_total=1.0386 (comp=0.8977 aux=0.4697) | val_loss=0.9504 | val_stone_mae=0.2097 | val_stone_dom_acc=0.585 | 50s
15:24:06 | INFO |   [finetune] epoch 3/25 | train_total=1.0063 (comp=0.8718 aux=0.4483) | val_loss=0.9874 | val_stone_mae=0.2005 | val_stone_dom_acc=0.509 | 50s
15:24:56 | INFO |   [finetune] epoch 4/25 | train_total=0.9714 (comp=0.8384 aux=0.4434) | val_loss=0.9275 | val_stone_mae=0.2032 | val_stone_dom_acc=0.547 | 50s
15:25:46 | INFO |   [finetune] epoch 5/25 | train_total=0.9400 (comp=0.8103 aux=0.4321) | val_loss=0.9057 | val_stone_mae=0.1936 | val_stone_dom_acc=0.604 | 50s
15:26:37 | INFO |   [finetune] epoch 6/25 | train_total=0.9089 (comp=0.7795 aux=0.4312) | val_loss=0.8676 | val_stone_mae=0.1921 | val_stone_dom_acc=0.679 | 50s
15:27:27 | INFO |   [finetune] epoch 7/25 | train_total=0.8845 (comp=0.7606 aux=0.4131) | val_loss=0.8661 | val_stone_mae=0.1874 | val_stone_dom_acc=0.604 | 50s
15:28:17 | INFO |   [finetune] epoch 8/25 | train_total=0.8732 (comp=0.7504 aux=0.4095) | val_loss=0.8608 | val_stone_mae=0.1820 | val_stone_dom_acc=0.660 | 50s
15:29:07 | INFO |   [finetune] epoch 9/25 | train_total=0.8359 (comp=0.7168 aux=0.3971) | val_loss=0.8551 | val_stone_mae=0.1857 | val_stone_dom_acc=0.679 | 50s
15:29:57 | INFO |   [finetune] epoch 10/25 | train_total=0.8156 (comp=0.6989 aux=0.3891) | val_loss=0.8814 | val_stone_mae=0.1788 | val_stone_dom_acc=0.698 | 50s
15:30:47 | INFO |   [finetune] epoch 11/25 | train_total=0.8087 (comp=0.6942 aux=0.3815) | val_loss=0.8303 | val_stone_mae=0.1794 | val_stone_dom_acc=0.642 | 50s
15:31:37 | INFO |   [finetune] epoch 12/25 | train_total=0.7892 (comp=0.6750 aux=0.3807) | val_loss=0.8459 | val_stone_mae=0.1718 | val_stone_dom_acc=0.736 | 50s
15:32:27 | INFO |   [finetune] epoch 13/25 | train_total=0.7696 (comp=0.6581 aux=0.3714) | val_loss=0.7874 | val_stone_mae=0.1780 | val_stone_dom_acc=0.755 | 50s
15:33:17 | INFO |   [finetune] epoch 14/25 | train_total=0.7495 (comp=0.6394 aux=0.3672) | val_loss=0.7963 | val_stone_mae=0.1750 | val_stone_dom_acc=0.717 | 50s
15:34:07 | INFO |   [finetune] epoch 15/25 | train_total=0.7157 (comp=0.6069 aux=0.3626) | val_loss=0.7753 | val_stone_mae=0.1682 | val_stone_dom_acc=0.774 | 50s
15:34:58 | INFO |   [finetune] epoch 16/25 | train_total=0.7127 (comp=0.6030 aux=0.3658) | val_loss=0.7999 | val_stone_mae=0.1611 | val_stone_dom_acc=0.774 | 51s
15:35:49 | INFO |   [finetune] epoch 17/25 | train_total=0.6879 (comp=0.5805 aux=0.3582) | val_loss=0.7863 | val_stone_mae=0.1684 | val_stone_dom_acc=0.755 | 51s
15:36:40 | INFO |   [finetune] epoch 18/25 | train_total=0.6640 (comp=0.5638 aux=0.3338) | val_loss=0.7757 | val_stone_mae=0.1606 | val_stone_dom_acc=0.755 | 51s
15:37:31 | INFO |   [finetune] epoch 19/25 | train_total=0.6542 (comp=0.5521 aux=0.3402) | val_loss=0.7786 | val_stone_mae=0.1606 | val_stone_dom_acc=0.755 | 51s
15:38:21 | INFO |   [finetune] epoch 20/25 | train_total=0.6210 (comp=0.5215 aux=0.3316) | val_loss=0.8112 | val_stone_mae=0.1600 | val_stone_dom_acc=0.755 | 51s
15:39:12 | INFO |   [finetune] epoch 21/25 | train_total=0.6542 (comp=0.5536 aux=0.3355) | val_loss=0.7802 | val_stone_mae=0.1612 | val_stone_dom_acc=0.755 | 51s
15:40:02 | INFO |   [finetune] epoch 22/25 | train_total=0.6273 (comp=0.5277 aux=0.3321) | val_loss=0.7775 | val_stone_mae=0.1659 | val_stone_dom_acc=0.774 | 50s
15:40:02 | INFO |   Early stopping (no improvement for 7 epochs)
15:40:02 | INFO | Fold 0 done. best_val_loss=0.7753 | stone_mae=0.1682 | stone_dom_acc=0.774 | stone_aitchison=11.5060
15:40:02 | INFO | === Fold 1 ===
15:40:02 | INFO | Built SimpleCompositionModel: resnet18 backbone + single shared head + presence detection head (11,309,130 params total)
15:40:02 | INFO | Fold 1 — Phase 1: frozen backbone, 5 epochs
15:40:02 | INFO |   Trainable params: 132,618
15:40:52 | INFO |   [frozen] epoch 1/5 | train_total=1.2925 (comp=1.1208 aux=0.5722) | val_loss=1.1072 | val_stone_mae=0.2543 | val_stone_dom_acc=0.472 | 49s
15:41:41 | INFO |   [frozen] epoch 2/5 | train_total=1.1934 (comp=1.0329 aux=0.5352) | val_loss=1.0526 | val_stone_mae=0.2388 | val_stone_dom_acc=0.472 | 49s
15:42:29 | INFO |   [frozen] epoch 3/5 | train_total=1.1430 (comp=0.9864 aux=0.5218) | val_loss=1.0068 | val_stone_mae=0.2294 | val_stone_dom_acc=0.509 | 49s
15:43:18 | INFO |   [frozen] epoch 4/5 | train_total=1.1119 (comp=0.9617 aux=0.5008) | val_loss=1.0000 | val_stone_mae=0.2234 | val_stone_dom_acc=0.472 | 49s
15:44:07 | INFO |   [frozen] epoch 5/5 | train_total=1.0841 (comp=0.9356 aux=0.4950) | val_loss=0.9953 | val_stone_mae=0.2129 | val_stone_dom_acc=0.491 | 49s
15:44:07 | INFO | Fold 1 — Phase 2: fine-tune, 25 epochs
15:44:07 | INFO |   Trainable params: 11,309,130
15:44:55 | INFO |   [finetune] epoch 1/25 | train_total=1.1155 (comp=0.9676 aux=0.4929) | val_loss=0.9731 | val_stone_mae=0.2056 | val_stone_dom_acc=0.509 | 48s
15:45:43 | INFO |   [finetune] epoch 2/25 | train_total=1.0494 (comp=0.9063 aux=0.4769) | val_loss=0.9309 | val_stone_mae=0.2097 | val_stone_dom_acc=0.528 | 48s
15:46:32 | INFO |   [finetune] epoch 3/25 | train_total=0.9976 (comp=0.8588 aux=0.4625) | val_loss=0.8936 | val_stone_mae=0.2000 | val_stone_dom_acc=0.547 | 48s
15:47:20 | INFO |   [finetune] epoch 4/25 | train_total=0.9764 (comp=0.8400 aux=0.4547) | val_loss=0.8701 | val_stone_mae=0.2080 | val_stone_dom_acc=0.566 | 48s
15:48:08 | INFO |   [finetune] epoch 5/25 | train_total=0.9325 (comp=0.7985 aux=0.4467) | val_loss=0.8530 | val_stone_mae=0.1988 | val_stone_dom_acc=0.566 | 48s
15:48:56 | INFO |   [finetune] epoch 6/25 | train_total=0.9003 (comp=0.7705 aux=0.4327) | val_loss=0.8613 | val_stone_mae=0.1873 | val_stone_dom_acc=0.566 | 48s
15:49:44 | INFO |   [finetune] epoch 7/25 | train_total=0.8658 (comp=0.7388 aux=0.4232) | val_loss=0.8284 | val_stone_mae=0.1894 | val_stone_dom_acc=0.604 | 48s
15:50:33 | INFO |   [finetune] epoch 8/25 | train_total=0.8609 (comp=0.7362 aux=0.4157) | val_loss=0.8175 | val_stone_mae=0.1884 | val_stone_dom_acc=0.566 | 48s
15:51:21 | INFO |   [finetune] epoch 9/25 | train_total=0.8540 (comp=0.7318 aux=0.4072) | val_loss=0.8269 | val_stone_mae=0.1819 | val_stone_dom_acc=0.623 | 48s
15:52:09 | INFO |   [finetune] epoch 10/25 | train_total=0.8412 (comp=0.7194 aux=0.4061) | val_loss=0.8213 | val_stone_mae=0.1880 | val_stone_dom_acc=0.547 | 48s
15:52:57 | INFO |   [finetune] epoch 11/25 | train_total=0.8019 (comp=0.6818 aux=0.4003) | val_loss=0.8283 | val_stone_mae=0.1811 | val_stone_dom_acc=0.585 | 48s
15:53:46 | INFO |   [finetune] epoch 12/25 | train_total=0.7895 (comp=0.6741 aux=0.3848) | val_loss=0.7844 | val_stone_mae=0.1836 | val_stone_dom_acc=0.585 | 48s
15:54:34 | INFO |   [finetune] epoch 13/25 | train_total=0.7697 (comp=0.6545 aux=0.3838) | val_loss=0.7823 | val_stone_mae=0.1793 | val_stone_dom_acc=0.604 | 48s
15:55:23 | INFO |   [finetune] epoch 14/25 | train_total=0.7629 (comp=0.6477 aux=0.3839) | val_loss=0.8598 | val_stone_mae=0.1736 | val_stone_dom_acc=0.623 | 48s
15:56:11 | INFO |   [finetune] epoch 15/25 | train_total=0.7307 (comp=0.6190 aux=0.3721) | val_loss=0.7842 | val_stone_mae=0.1741 | val_stone_dom_acc=0.623 | 48s
15:56:59 | INFO |   [finetune] epoch 16/25 | train_total=0.7163 (comp=0.6041 aux=0.3741) | val_loss=0.7595 | val_stone_mae=0.1768 | val_stone_dom_acc=0.642 | 48s
15:57:48 | INFO |   [finetune] epoch 17/25 | train_total=0.7052 (comp=0.5973 aux=0.3596) | val_loss=0.7834 | val_stone_mae=0.1687 | val_stone_dom_acc=0.642 | 48s
15:58:36 | INFO |   [finetune] epoch 18/25 | train_total=0.6538 (comp=0.5499 aux=0.3464) | val_loss=0.7566 | val_stone_mae=0.1712 | val_stone_dom_acc=0.623 | 48s
15:59:25 | INFO |   [finetune] epoch 19/25 | train_total=0.6734 (comp=0.5656 aux=0.3595) | val_loss=0.7769 | val_stone_mae=0.1657 | val_stone_dom_acc=0.679 | 48s
16:00:13 | INFO |   [finetune] epoch 20/25 | train_total=0.6397 (comp=0.5379 aux=0.3395) | val_loss=0.7535 | val_stone_mae=0.1690 | val_stone_dom_acc=0.642 | 48s
16:01:01 | INFO |   [finetune] epoch 21/25 | train_total=0.6367 (comp=0.5351 aux=0.3388) | val_loss=0.7556 | val_stone_mae=0.1670 | val_stone_dom_acc=0.642 | 48s
16:01:50 | INFO |   [finetune] epoch 22/25 | train_total=0.6568 (comp=0.5535 aux=0.3445) | val_loss=0.7436 | val_stone_mae=0.1599 | val_stone_dom_acc=0.679 | 48s
16:02:38 | INFO |   [finetune] epoch 23/25 | train_total=0.6515 (comp=0.5494 aux=0.3404) | val_loss=0.7288 | val_stone_mae=0.1625 | val_stone_dom_acc=0.698 | 48s
16:03:26 | INFO |   [finetune] epoch 24/25 | train_total=0.6086 (comp=0.5088 aux=0.3329) | val_loss=0.7403 | val_stone_mae=0.1592 | val_stone_dom_acc=0.698 | 48s
16:04:14 | INFO |   [finetune] epoch 25/25 | train_total=0.6015 (comp=0.5035 aux=0.3266) | val_loss=0.7396 | val_stone_mae=0.1552 | val_stone_dom_acc=0.698 | 48s
16:04:14 | INFO | Fold 1 done. best_val_loss=0.7288 | stone_mae=0.1625 | stone_dom_acc=0.698 | stone_aitchison=11.0053
16:04:14 | INFO | === Fold 2 ===
16:04:15 | INFO | Built SimpleCompositionModel: resnet18 backbone + single shared head + presence detection head (11,309,130 params total)
16:04:15 | INFO | Fold 2 — Phase 1: frozen backbone, 5 epochs
16:04:15 | INFO |   Trainable params: 132,618
16:05:04 | INFO |   [frozen] epoch 1/5 | train_total=1.3527 (comp=1.1843 aux=0.5613) | val_loss=1.0134 | val_stone_mae=0.2375 | val_stone_dom_acc=0.453 | 50s
16:05:53 | INFO |   [frozen] epoch 2/5 | train_total=1.2300 (comp=1.0763 aux=0.5124) | val_loss=0.9624 | val_stone_mae=0.2254 | val_stone_dom_acc=0.509 | 49s
16:06:42 | INFO |   [frozen] epoch 3/5 | train_total=1.1891 (comp=1.0374 aux=0.5059) | val_loss=0.9283 | val_stone_mae=0.2164 | val_stone_dom_acc=0.491 | 49s
16:07:31 | INFO |   [frozen] epoch 4/5 | train_total=1.1605 (comp=1.0140 aux=0.4883) | val_loss=0.9540 | val_stone_mae=0.2044 | val_stone_dom_acc=0.491 | 49s
16:08:19 | INFO |   [frozen] epoch 5/5 | train_total=1.1215 (comp=0.9752 aux=0.4875) | val_loss=0.8910 | val_stone_mae=0.2066 | val_stone_dom_acc=0.491 | 48s
16:08:20 | INFO | Fold 2 — Phase 2: fine-tune, 25 epochs
16:08:20 | INFO |   Trainable params: 11,309,130
16:09:08 | INFO |   [finetune] epoch 1/25 | train_total=1.1047 (comp=0.9643 aux=0.4679) | val_loss=0.8682 | val_stone_mae=0.1960 | val_stone_dom_acc=0.528 | 48s
16:09:56 | INFO |   [finetune] epoch 2/25 | train_total=1.0662 (comp=0.9283 aux=0.4595) | val_loss=0.9112 | val_stone_mae=0.1899 | val_stone_dom_acc=0.491 | 48s
16:10:45 | INFO |   [finetune] epoch 3/25 | train_total=1.0319 (comp=0.8968 aux=0.4503) | val_loss=0.8022 | val_stone_mae=0.1898 | val_stone_dom_acc=0.509 | 49s
16:11:35 | INFO |   [finetune] epoch 4/25 | train_total=0.9772 (comp=0.8458 aux=0.4381) | val_loss=0.8175 | val_stone_mae=0.1795 | val_stone_dom_acc=0.547 | 49s
16:12:24 | INFO |   [finetune] epoch 5/25 | train_total=0.9473 (comp=0.8224 aux=0.4162) | val_loss=0.7888 | val_stone_mae=0.1854 | val_stone_dom_acc=0.566 | 49s
16:13:13 | INFO |   [finetune] epoch 6/25 | train_total=0.9020 (comp=0.7819 aux=0.4003) | val_loss=0.7799 | val_stone_mae=0.1743 | val_stone_dom_acc=0.528 | 49s
16:14:02 | INFO |   [finetune] epoch 7/25 | train_total=0.8948 (comp=0.7739 aux=0.4030) | val_loss=0.7543 | val_stone_mae=0.1710 | val_stone_dom_acc=0.623 | 49s
16:14:52 | INFO |   [finetune] epoch 8/25 | train_total=0.8724 (comp=0.7536 aux=0.3962) | val_loss=0.7625 | val_stone_mae=0.1701 | val_stone_dom_acc=0.623 | 49s
16:15:41 | INFO |   [finetune] epoch 9/25 | train_total=0.8564 (comp=0.7420 aux=0.3815) | val_loss=0.7088 | val_stone_mae=0.1695 | val_stone_dom_acc=0.660 | 49s
16:16:31 | INFO |   [finetune] epoch 10/25 | train_total=0.8471 (comp=0.7328 aux=0.3809) | val_loss=0.7073 | val_stone_mae=0.1657 | val_stone_dom_acc=0.660 | 49s
16:17:20 | INFO |   [finetune] epoch 11/25 | train_total=0.7755 (comp=0.6640 aux=0.3718) | val_loss=0.7085 | val_stone_mae=0.1640 | val_stone_dom_acc=0.623 | 49s
16:18:09 | INFO |   [finetune] epoch 12/25 | train_total=0.7816 (comp=0.6741 aux=0.3584) | val_loss=0.7093 | val_stone_mae=0.1670 | val_stone_dom_acc=0.623 | 49s
16:18:59 | INFO |   [finetune] epoch 13/25 | train_total=0.7569 (comp=0.6470 aux=0.3664) | val_loss=0.7137 | val_stone_mae=0.1581 | val_stone_dom_acc=0.679 | 49s
16:19:48 | INFO |   [finetune] epoch 14/25 | train_total=0.7717 (comp=0.6630 aux=0.3622) | val_loss=0.6904 | val_stone_mae=0.1599 | val_stone_dom_acc=0.642 | 49s
16:20:37 | INFO |   [finetune] epoch 15/25 | train_total=0.7221 (comp=0.6177 aux=0.3480) | val_loss=0.6742 | val_stone_mae=0.1524 | val_stone_dom_acc=0.623 | 49s
16:21:27 | INFO |   [finetune] epoch 16/25 | train_total=0.7083 (comp=0.6058 aux=0.3417) | val_loss=0.6647 | val_stone_mae=0.1461 | val_stone_dom_acc=0.660 | 49s
16:22:16 | INFO |   [finetune] epoch 17/25 | train_total=0.6743 (comp=0.5743 aux=0.3332) | val_loss=0.6540 | val_stone_mae=0.1487 | val_stone_dom_acc=0.642 | 49s
16:23:06 | INFO |   [finetune] epoch 18/25 | train_total=0.6529 (comp=0.5554 aux=0.3251) | val_loss=0.6437 | val_stone_mae=0.1497 | val_stone_dom_acc=0.698 | 49s
16:23:55 | INFO |   [finetune] epoch 19/25 | train_total=0.6438 (comp=0.5471 aux=0.3223) | val_loss=0.6463 | val_stone_mae=0.1475 | val_stone_dom_acc=0.679 | 50s
16:24:45 | INFO |   [finetune] epoch 20/25 | train_total=0.6252 (comp=0.5281 aux=0.3237) | val_loss=0.6748 | val_stone_mae=0.1420 | val_stone_dom_acc=0.679 | 50s
16:25:35 | INFO |   [finetune] epoch 21/25 | train_total=0.6551 (comp=0.5565 aux=0.3287) | val_loss=0.6772 | val_stone_mae=0.1508 | val_stone_dom_acc=0.698 | 50s
16:26:25 | INFO |   [finetune] epoch 22/25 | train_total=0.6356 (comp=0.5398 aux=0.3192) | val_loss=0.6877 | val_stone_mae=0.1459 | val_stone_dom_acc=0.642 | 50s
16:27:14 | INFO |   [finetune] epoch 23/25 | train_total=0.5935 (comp=0.5003 aux=0.3109) | val_loss=0.6717 | val_stone_mae=0.1411 | val_stone_dom_acc=0.679 | 50s
16:28:04 | INFO |   [finetune] epoch 24/25 | train_total=0.6064 (comp=0.5126 aux=0.3124) | val_loss=0.6926 | val_stone_mae=0.1430 | val_stone_dom_acc=0.623 | 50s
16:28:54 | INFO |   [finetune] epoch 25/25 | train_total=0.5673 (comp=0.4754 aux=0.3063) | val_loss=0.6765 | val_stone_mae=0.1419 | val_stone_dom_acc=0.679 | 50s
16:28:54 | INFO |   Early stopping (no improvement for 7 epochs)
16:28:54 | INFO | Fold 2 done. best_val_loss=0.6437 | stone_mae=0.1497 | stone_dom_acc=0.698 | stone_aitchison=11.6627
16:28:54 | INFO | === Fold 3 ===
16:28:54 | INFO | Built SimpleCompositionModel: resnet18 backbone + single shared head + presence detection head (11,309,130 params total)
16:28:54 | INFO | Fold 3 — Phase 1: frozen backbone, 5 epochs
16:28:54 | INFO |   Trainable params: 132,618
16:29:45 | INFO |   [frozen] epoch 1/5 | train_total=1.3126 (comp=1.1435 aux=0.5637) | val_loss=1.0158 | val_stone_mae=0.2301 | val_stone_dom_acc=0.462 | 50s
16:30:34 | INFO |   [frozen] epoch 2/5 | train_total=1.2091 (comp=1.0497 aux=0.5316) | val_loss=1.0091 | val_stone_mae=0.2253 | val_stone_dom_acc=0.423 | 49s
16:31:23 | INFO |   [frozen] epoch 3/5 | train_total=1.1646 (comp=1.0118 aux=0.5093) | val_loss=1.0037 | val_stone_mae=0.2231 | val_stone_dom_acc=0.500 | 49s
16:32:11 | INFO |   [frozen] epoch 4/5 | train_total=1.1121 (comp=0.9638 aux=0.4945) | val_loss=1.0048 | val_stone_mae=0.2155 | val_stone_dom_acc=0.500 | 49s
16:33:00 | INFO |   [frozen] epoch 5/5 | train_total=1.1132 (comp=0.9670 aux=0.4875) | val_loss=1.0004 | val_stone_mae=0.2214 | val_stone_dom_acc=0.500 | 49s
16:33:00 | INFO | Fold 3 — Phase 2: fine-tune, 25 epochs
16:33:00 | INFO |   Trainable params: 11,309,130
16:33:49 | INFO |   [finetune] epoch 1/25 | train_total=1.1380 (comp=0.9929 aux=0.4839) | val_loss=1.0083 | val_stone_mae=0.2093 | val_stone_dom_acc=0.500 | 49s
16:34:39 | INFO |   [finetune] epoch 2/25 | train_total=1.0571 (comp=0.9161 aux=0.4700) | val_loss=0.9633 | val_stone_mae=0.2156 | val_stone_dom_acc=0.481 | 50s
16:35:29 | INFO |   [finetune] epoch 3/25 | train_total=1.0014 (comp=0.8666 aux=0.4492) | val_loss=0.9525 | val_stone_mae=0.2033 | val_stone_dom_acc=0.519 | 50s
16:36:19 | INFO |   [finetune] epoch 4/25 | train_total=0.9731 (comp=0.8383 aux=0.4490) | val_loss=0.9329 | val_stone_mae=0.2040 | val_stone_dom_acc=0.558 | 50s
16:37:09 | INFO |   [finetune] epoch 5/25 | train_total=0.9616 (comp=0.8311 aux=0.4350) | val_loss=0.9283 | val_stone_mae=0.2019 | val_stone_dom_acc=0.558 | 50s
16:37:59 | INFO |   [finetune] epoch 6/25 | train_total=0.9234 (comp=0.7977 aux=0.4189) | val_loss=0.9023 | val_stone_mae=0.2022 | val_stone_dom_acc=0.558 | 50s
16:38:49 | INFO |   [finetune] epoch 7/25 | train_total=0.9184 (comp=0.7918 aux=0.4221) | val_loss=0.9101 | val_stone_mae=0.1937 | val_stone_dom_acc=0.596 | 50s
16:39:39 | INFO |   [finetune] epoch 8/25 | train_total=0.8477 (comp=0.7278 aux=0.3996) | val_loss=0.9238 | val_stone_mae=0.1885 | val_stone_dom_acc=0.538 | 50s
16:40:29 | INFO |   [finetune] epoch 9/25 | train_total=0.8224 (comp=0.7035 aux=0.3964) | val_loss=0.8947 | val_stone_mae=0.1900 | val_stone_dom_acc=0.596 | 50s
16:41:19 | INFO |   [finetune] epoch 10/25 | train_total=0.8145 (comp=0.6976 aux=0.3897) | val_loss=0.8651 | val_stone_mae=0.1883 | val_stone_dom_acc=0.596 | 50s
16:42:09 | INFO |   [finetune] epoch 11/25 | train_total=0.7455 (comp=0.6328 aux=0.3756) | val_loss=0.8958 | val_stone_mae=0.1811 | val_stone_dom_acc=0.596 | 50s
16:42:59 | INFO |   [finetune] epoch 12/25 | train_total=0.7694 (comp=0.6563 aux=0.3770) | val_loss=0.8674 | val_stone_mae=0.1861 | val_stone_dom_acc=0.635 | 50s
16:43:49 | INFO |   [finetune] epoch 13/25 | train_total=0.7393 (comp=0.6302 aux=0.3636) | val_loss=0.8969 | val_stone_mae=0.1764 | val_stone_dom_acc=0.596 | 50s
16:44:39 | INFO |   [finetune] epoch 14/25 | train_total=0.7531 (comp=0.6418 aux=0.3710) | val_loss=0.8416 | val_stone_mae=0.1808 | val_stone_dom_acc=0.615 | 50s
16:45:29 | INFO |   [finetune] epoch 15/25 | train_total=0.7146 (comp=0.6057 aux=0.3632) | val_loss=0.8482 | val_stone_mae=0.1796 | val_stone_dom_acc=0.635 | 50s
16:46:20 | INFO |   [finetune] epoch 16/25 | train_total=0.7057 (comp=0.6018 aux=0.3463) | val_loss=0.9035 | val_stone_mae=0.1722 | val_stone_dom_acc=0.596 | 50s
16:47:09 | INFO |   [finetune] epoch 17/25 | train_total=0.6691 (comp=0.5680 aux=0.3370) | val_loss=0.8408 | val_stone_mae=0.1798 | val_stone_dom_acc=0.615 | 50s
16:48:00 | INFO |   [finetune] epoch 18/25 | train_total=0.6625 (comp=0.5580 aux=0.3484) | val_loss=0.9390 | val_stone_mae=0.1697 | val_stone_dom_acc=0.577 | 50s
16:48:49 | INFO |   [finetune] epoch 19/25 | train_total=0.6544 (comp=0.5552 aux=0.3304) | val_loss=0.8691 | val_stone_mae=0.1750 | val_stone_dom_acc=0.615 | 50s
16:49:39 | INFO |   [finetune] epoch 20/25 | train_total=0.6647 (comp=0.5625 aux=0.3407) | val_loss=0.9341 | val_stone_mae=0.1685 | val_stone_dom_acc=0.577 | 50s
16:50:29 | INFO |   [finetune] epoch 21/25 | train_total=0.6449 (comp=0.5433 aux=0.3386) | val_loss=0.8577 | val_stone_mae=0.1746 | val_stone_dom_acc=0.596 | 50s
16:51:20 | INFO |   [finetune] epoch 22/25 | train_total=0.5842 (comp=0.4880 aux=0.3206) | val_loss=0.8880 | val_stone_mae=0.1650 | val_stone_dom_acc=0.596 | 50s
16:52:09 | INFO |   [finetune] epoch 23/25 | train_total=0.6474 (comp=0.5463 aux=0.3369) | val_loss=0.8600 | val_stone_mae=0.1864 | val_stone_dom_acc=0.519 | 50s
16:52:59 | INFO |   [finetune] epoch 24/25 | train_total=0.6223 (comp=0.5272 aux=0.3172) | val_loss=0.8670 | val_stone_mae=0.1644 | val_stone_dom_acc=0.615 | 50s
16:52:59 | INFO |   Early stopping (no improvement for 7 epochs)
16:52:59 | INFO | Fold 3 done. best_val_loss=0.8408 | stone_mae=0.1798 | stone_dom_acc=0.615 | stone_aitchison=11.5783
16:52:59 | INFO | === Fold 4 ===
16:53:00 | INFO | Built SimpleCompositionModel: resnet18 backbone + single shared head + presence detection head (11,309,130 params total)
16:53:00 | INFO | Fold 4 — Phase 1: frozen backbone, 5 epochs
16:53:00 | INFO |   Trainable params: 132,618
16:53:51 | INFO |   [frozen] epoch 1/5 | train_total=1.3105 (comp=1.1396 aux=0.5695) | val_loss=1.1043 | val_stone_mae=0.2521 | val_stone_dom_acc=0.462 | 51s
16:54:42 | INFO |   [frozen] epoch 2/5 | train_total=1.1819 (comp=1.0267 aux=0.5174) | val_loss=1.0300 | val_stone_mae=0.2332 | val_stone_dom_acc=0.462 | 51s
16:55:33 | INFO |   [frozen] epoch 3/5 | train_total=1.1477 (comp=0.9953 aux=0.5080) | val_loss=1.0098 | val_stone_mae=0.2294 | val_stone_dom_acc=0.538 | 51s
16:56:23 | INFO |   [frozen] epoch 4/5 | train_total=1.1490 (comp=0.9985 aux=0.5018) | val_loss=1.0112 | val_stone_mae=0.2249 | val_stone_dom_acc=0.442 | 50s
16:57:13 | INFO |   [frozen] epoch 5/5 | train_total=1.1009 (comp=0.9544 aux=0.4883) | val_loss=0.9853 | val_stone_mae=0.2234 | val_stone_dom_acc=0.558 | 50s
16:57:13 | INFO | Fold 4 — Phase 2: fine-tune, 25 epochs
16:57:13 | INFO |   Trainable params: 11,309,130
16:58:03 | INFO |   [finetune] epoch 1/25 | train_total=1.1065 (comp=0.9591 aux=0.4913) | val_loss=0.9627 | val_stone_mae=0.2094 | val_stone_dom_acc=0.558 | 50s
16:58:53 | INFO |   [finetune] epoch 2/25 | train_total=1.0701 (comp=0.9280 aux=0.4735) | val_loss=0.9503 | val_stone_mae=0.2189 | val_stone_dom_acc=0.519 | 50s
16:59:43 | INFO |   [finetune] epoch 3/25 | train_total=1.0457 (comp=0.9060 aux=0.4657) | val_loss=0.9430 | val_stone_mae=0.2055 | val_stone_dom_acc=0.519 | 50s
17:00:33 | INFO |   [finetune] epoch 4/25 | train_total=0.9922 (comp=0.8567 aux=0.4516) | val_loss=0.9412 | val_stone_mae=0.2129 | val_stone_dom_acc=0.519 | 50s
17:01:23 | INFO |   [finetune] epoch 5/25 | train_total=0.9696 (comp=0.8362 aux=0.4447) | val_loss=0.9239 | val_stone_mae=0.2095 | val_stone_dom_acc=0.519 | 50s
17:02:14 | INFO |   [finetune] epoch 6/25 | train_total=0.9487 (comp=0.8179 aux=0.4359) | val_loss=0.9159 | val_stone_mae=0.1975 | val_stone_dom_acc=0.519 | 51s
17:03:05 | INFO |   [finetune] epoch 7/25 | train_total=0.9116 (comp=0.7852 aux=0.4212) | val_loss=0.8787 | val_stone_mae=0.1993 | val_stone_dom_acc=0.519 | 50s
17:03:55 | INFO |   [finetune] epoch 8/25 | train_total=0.9036 (comp=0.7788 aux=0.4162) | val_loss=0.9067 | val_stone_mae=0.1923 | val_stone_dom_acc=0.558 | 50s
17:04:46 | INFO |   [finetune] epoch 9/25 | train_total=0.8246 (comp=0.7045 aux=0.4006) | val_loss=0.8918 | val_stone_mae=0.1939 | val_stone_dom_acc=0.519 | 50s
17:05:36 | INFO |   [finetune] epoch 10/25 | train_total=0.8045 (comp=0.6863 aux=0.3940) | val_loss=0.8811 | val_stone_mae=0.1871 | val_stone_dom_acc=0.538 | 50s
17:06:26 | INFO |   [finetune] epoch 11/25 | train_total=0.8417 (comp=0.7228 aux=0.3962) | val_loss=0.8976 | val_stone_mae=0.1887 | val_stone_dom_acc=0.577 | 50s
17:07:17 | INFO |   [finetune] epoch 12/25 | train_total=0.8097 (comp=0.6940 aux=0.3856) | val_loss=0.8969 | val_stone_mae=0.1882 | val_stone_dom_acc=0.558 | 50s
17:08:07 | INFO |   [finetune] epoch 13/25 | train_total=0.7983 (comp=0.6819 aux=0.3878) | val_loss=0.8501 | val_stone_mae=0.1837 | val_stone_dom_acc=0.558 | 50s
17:08:58 | INFO |   [finetune] epoch 14/25 | train_total=0.7371 (comp=0.6260 aux=0.3705) | val_loss=0.9106 | val_stone_mae=0.1742 | val_stone_dom_acc=0.615 | 51s
17:09:48 | INFO |   [finetune] epoch 15/25 | train_total=0.7210 (comp=0.6110 aux=0.3667) | val_loss=0.8339 | val_stone_mae=0.1731 | val_stone_dom_acc=0.596 | 50s
17:10:39 | INFO |   [finetune] epoch 16/25 | train_total=0.7139 (comp=0.6039 aux=0.3669) | val_loss=0.8800 | val_stone_mae=0.1765 | val_stone_dom_acc=0.558 | 50s
17:11:29 | INFO |   [finetune] epoch 17/25 | train_total=0.6938 (comp=0.5870 aux=0.3559) | val_loss=0.9224 | val_stone_mae=0.1765 | val_stone_dom_acc=0.596 | 50s
17:12:19 | INFO |   [finetune] epoch 18/25 | train_total=0.6820 (comp=0.5756 aux=0.3546) | val_loss=0.8778 | val_stone_mae=0.1732 | val_stone_dom_acc=0.577 | 50s
17:13:10 | INFO |   [finetune] epoch 19/25 | train_total=0.6775 (comp=0.5684 aux=0.3634) | val_loss=0.8618 | val_stone_mae=0.1745 | val_stone_dom_acc=0.577 | 50s
17:14:00 | INFO |   [finetune] epoch 20/25 | train_total=0.6701 (comp=0.5656 aux=0.3484) | val_loss=0.8793 | val_stone_mae=0.1704 | val_stone_dom_acc=0.577 | 50s
17:14:50 | INFO |   [finetune] epoch 21/25 | train_total=0.6074 (comp=0.5096 aux=0.3260) | val_loss=0.8517 | val_stone_mae=0.1724 | val_stone_dom_acc=0.615 | 50s
17:15:40 | INFO |   [finetune] epoch 22/25 | train_total=0.6401 (comp=0.5393 aux=0.3361) | val_loss=0.8766 | val_stone_mae=0.1648 | val_stone_dom_acc=0.635 | 50s
17:15:40 | INFO |   Early stopping (no improvement for 7 epochs)
17:15:40 | INFO | Fold 4 done. best_val_loss=0.8339 | stone_mae=0.1731 | stone_dom_acc=0.596 | stone_aitchison=11.2691
17:15:41 | INFO | Cross-fold results:
17:15:41 | INFO |   best_stone_mae_overall: 0.1667 ± 0.0114
17:15:41 | INFO |   best_stone_dominant_acc: 0.6763 ± 0.0717
17:15:41 | INFO |   best_stone_aitchison: 11.4043 ± 0.2669
17:15:41 | INFO | === Held-out test set evaluation ===
17:15:41 | INFO | Built SimpleCompositionModel: resnet18 backbone + single shared head + presence detection head (11,309,130 params total)
17:15:58 | INFO |   Fold 0 test: stone_mae=0.1580 | stone_dom_acc=0.667 | stone_aitchison=11.1392
17:15:59 | INFO | Built SimpleCompositionModel: resnet18 backbone + single shared head + presence detection head (11,309,130 params total)
17:16:16 | INFO |   Fold 1 test: stone_mae=0.1612 | stone_dom_acc=0.667 | stone_aitchison=11.2788
17:16:16 | INFO | Built SimpleCompositionModel: resnet18 backbone + single shared head + presence detection head (11,309,130 params total)
17:16:33 | INFO |   Fold 2 test: stone_mae=0.1576 | stone_dom_acc=0.667 | stone_aitchison=11.1555
17:16:33 | INFO | Built SimpleCompositionModel: resnet18 backbone + single shared head + presence detection head (11,309,130 params total)
17:16:50 | INFO |   Fold 3 test: stone_mae=0.1612 | stone_dom_acc=0.606 | stone_aitchison=11.1811
17:16:50 | INFO | Built SimpleCompositionModel: resnet18 backbone + single shared head + presence detection head (11,309,130 params total)
17:17:07 | INFO |   Fold 4 test: stone_mae=0.1770 | stone_dom_acc=0.576 | stone_aitchison=11.4407
17:17:07 | INFO | Test set summary (mean ± std across folds):
17:17:07 | INFO |   stone_mae_overall: 0.1630 ± 0.0080
17:17:07 | INFO |   stone_dominant_acc: 0.6364 ± 0.0429
17:17:07 | INFO |   stone_aitchison: 11.2391 ± 0.1250
17:17:14 | INFO | Device: cuda
17:17:14 | INFO | cuDNN benchmark enabled
17:17:16 | WARNING | Skipped 6 rows whose image files are missing
17:17:16 | INFO | Built 993 compositional samples from 333 stones
17:17:16 | INFO | Excluded classes ['OTH'] → 5 classes remaining, 329 stones
17:17:16 | INFO | Test holdout: 66 stones (30 pure / 36 mixed, 198 images). Train+val pool: 263 stones (783 images).
17:17:16 | INFO | --random-labels: stone-level composition vectors have been shuffled (baseline mode)
17:17:17 | INFO |   Fold 0: train=210 stones (95 pure / 115 mixed, 625 images), val=53 stones (23 pure / 30 mixed, 158 images)
17:17:17 | INFO |   Fold 1: train=210 stones (94 pure / 116 mixed, 626 images), val=53 stones (24 pure / 29 mixed, 157 images)
17:17:17 | INFO |   Fold 2: train=210 stones (94 pure / 116 mixed, 624 images), val=53 stones (24 pure / 29 mixed, 159 images)
17:17:17 | INFO |   Fold 3: train=211 stones (94 pure / 117 mixed, 628 images), val=52 stones (24 pure / 28 mixed, 155 images)
17:17:17 | INFO |   Fold 4: train=211 stones (95 pure / 116 mixed, 629 images), val=52 stones (23 pure / 29 mixed, 154 images)
17:17:17 | INFO | Model type: simple_random  |  checkpoints → /gpfs/home3/ddboer/umc_thesis/outputs/checkpoints_composition
17:17:17 | INFO | === Fold 0 ===
17:17:17 | INFO | Built CompositionModel: resnet18 backbone + 5 regression heads + presence detection head (11,571,786 params total)
17:17:17 | INFO | Fold 0 — Phase 1: frozen backbone, 5 epochs
17:17:17 | INFO |   Trainable params: 395,274
17:18:08 | INFO |   [frozen] epoch 1/5 | train_total=1.4023 (comp=1.2245 aux=0.5927) | val_loss=1.1628 | val_stone_mae=0.2620 | val_stone_dom_acc=0.434 | 51s
17:18:58 | INFO |   [frozen] epoch 2/5 | train_total=1.2737 (comp=1.1119 aux=0.5396) | val_loss=1.0864 | val_stone_mae=0.2344 | val_stone_dom_acc=0.434 | 50s
17:19:48 | INFO |   [frozen] epoch 3/5 | train_total=1.2576 (comp=1.0959 aux=0.5391) | val_loss=1.0723 | val_stone_mae=0.2434 | val_stone_dom_acc=0.434 | 50s
17:20:38 | INFO |   [frozen] epoch 4/5 | train_total=1.2295 (comp=1.0710 aux=0.5285) | val_loss=1.0680 | val_stone_mae=0.2330 | val_stone_dom_acc=0.434 | 50s
17:21:27 | INFO |   [frozen] epoch 5/5 | train_total=1.2176 (comp=1.0610 aux=0.5221) | val_loss=1.0744 | val_stone_mae=0.2370 | val_stone_dom_acc=0.434 | 50s
17:21:27 | INFO | Fold 0 — Phase 2: fine-tune, 25 epochs
17:21:27 | INFO |   Trainable params: 11,571,786
17:22:17 | INFO |   [finetune] epoch 1/25 | train_total=1.2275 (comp=1.0709 aux=0.5221) | val_loss=1.0758 | val_stone_mae=0.2362 | val_stone_dom_acc=0.434 | 50s
17:23:07 | INFO |   [finetune] epoch 2/25 | train_total=1.2115 (comp=1.0561 aux=0.5181) | val_loss=1.0705 | val_stone_mae=0.2329 | val_stone_dom_acc=0.434 | 50s
17:23:57 | INFO |   [finetune] epoch 3/25 | train_total=1.2068 (comp=1.0515 aux=0.5178) | val_loss=1.0733 | val_stone_mae=0.2340 | val_stone_dom_acc=0.415 | 50s
17:24:47 | INFO |   [finetune] epoch 4/25 | train_total=1.1799 (comp=1.0261 aux=0.5127) | val_loss=1.0802 | val_stone_mae=0.2329 | val_stone_dom_acc=0.434 | 50s
17:25:38 | INFO |   [finetune] epoch 5/25 | train_total=1.1829 (comp=1.0304 aux=0.5083) | val_loss=1.0748 | val_stone_mae=0.2308 | val_stone_dom_acc=0.434 | 50s
17:26:28 | INFO |   [finetune] epoch 6/25 | train_total=1.1585 (comp=1.0067 aux=0.5062) | val_loss=1.0780 | val_stone_mae=0.2328 | val_stone_dom_acc=0.434 | 50s
17:27:18 | INFO |   [finetune] epoch 7/25 | train_total=1.1681 (comp=1.0173 aux=0.5029) | val_loss=1.0923 | val_stone_mae=0.2327 | val_stone_dom_acc=0.434 | 50s
17:28:08 | INFO |   [finetune] epoch 8/25 | train_total=1.1439 (comp=0.9952 aux=0.4957) | val_loss=1.0947 | val_stone_mae=0.2319 | val_stone_dom_acc=0.434 | 50s
17:28:58 | INFO |   [finetune] epoch 9/25 | train_total=1.1357 (comp=0.9868 aux=0.4961) | val_loss=1.0985 | val_stone_mae=0.2329 | val_stone_dom_acc=0.453 | 50s
17:28:58 | INFO |   Early stopping (no improvement for 7 epochs)
17:28:58 | INFO | Fold 0 done. best_val_loss=1.0705 | stone_mae=0.2329 | stone_dom_acc=0.434 | stone_aitchison=12.5028
17:28:58 | INFO | === Fold 1 ===
17:28:59 | INFO | Built CompositionModel: resnet18 backbone + 5 regression heads + presence detection head (11,571,786 params total)
17:28:59 | INFO | Fold 1 — Phase 1: frozen backbone, 5 epochs
17:28:59 | INFO |   Trainable params: 395,274
17:29:49 | INFO |   [frozen] epoch 1/5 | train_total=1.3513 (comp=1.1774 aux=0.5797) | val_loss=1.1633 | val_stone_mae=0.2584 | val_stone_dom_acc=0.453 | 50s
17:30:39 | INFO |   [frozen] epoch 2/5 | train_total=1.2594 (comp=1.0989 aux=0.5350) | val_loss=1.1464 | val_stone_mae=0.2483 | val_stone_dom_acc=0.453 | 50s
17:31:29 | INFO |   [frozen] epoch 3/5 | train_total=1.2326 (comp=1.0729 aux=0.5323) | val_loss=1.1913 | val_stone_mae=0.2498 | val_stone_dom_acc=0.340 | 50s
17:32:19 | INFO |   [frozen] epoch 4/5 | train_total=1.2268 (comp=1.0682 aux=0.5286) | val_loss=1.1779 | val_stone_mae=0.2399 | val_stone_dom_acc=0.453 | 50s
17:33:09 | INFO |   [frozen] epoch 5/5 | train_total=1.2032 (comp=1.0478 aux=0.5178) | val_loss=1.1560 | val_stone_mae=0.2467 | val_stone_dom_acc=0.453 | 49s
17:33:09 | INFO | Fold 1 — Phase 2: fine-tune, 25 epochs
17:33:09 | INFO |   Trainable params: 11,571,786
17:33:58 | INFO |   [finetune] epoch 1/25 | train_total=1.2205 (comp=1.0627 aux=0.5259) | val_loss=1.1806 | val_stone_mae=0.2552 | val_stone_dom_acc=0.358 | 50s
17:34:48 | INFO |   [finetune] epoch 2/25 | train_total=1.2185 (comp=1.0611 aux=0.5248) | val_loss=1.1819 | val_stone_mae=0.2404 | val_stone_dom_acc=0.434 | 49s
17:35:37 | INFO |   [finetune] epoch 3/25 | train_total=1.1694 (comp=1.0159 aux=0.5119) | val_loss=1.1809 | val_stone_mae=0.2448 | val_stone_dom_acc=0.396 | 49s
17:36:27 | INFO |   [finetune] epoch 4/25 | train_total=1.1636 (comp=1.0122 aux=0.5048) | val_loss=1.2005 | val_stone_mae=0.2406 | val_stone_dom_acc=0.453 | 49s
17:37:16 | INFO |   [finetune] epoch 5/25 | train_total=1.1441 (comp=0.9923 aux=0.5060) | val_loss=1.2143 | val_stone_mae=0.2465 | val_stone_dom_acc=0.358 | 49s
17:38:05 | INFO |   [finetune] epoch 6/25 | train_total=1.1249 (comp=0.9747 aux=0.5010) | val_loss=1.2374 | val_stone_mae=0.2426 | val_stone_dom_acc=0.434 | 49s
17:38:54 | INFO |   [finetune] epoch 7/25 | train_total=1.1224 (comp=0.9723 aux=0.5002) | val_loss=1.2560 | val_stone_mae=0.2396 | val_stone_dom_acc=0.434 | 49s
17:39:44 | INFO |   [finetune] epoch 8/25 | train_total=1.1200 (comp=0.9710 aux=0.4964) | val_loss=1.2871 | val_stone_mae=0.2513 | val_stone_dom_acc=0.321 | 49s
17:39:44 | INFO |   Early stopping (no improvement for 7 epochs)
17:39:44 | INFO | Fold 1 done. best_val_loss=1.1806 | stone_mae=0.2552 | stone_dom_acc=0.358 | stone_aitchison=12.7571
17:39:44 | INFO | === Fold 2 ===
17:39:44 | INFO | Built CompositionModel: resnet18 backbone + 5 regression heads + presence detection head (11,571,786 params total)
17:39:44 | INFO | Fold 2 — Phase 1: frozen backbone, 5 epochs
17:39:44 | INFO |   Trainable params: 395,274
17:40:34 | INFO |   [frozen] epoch 1/5 | train_total=1.3609 (comp=1.1917 aux=0.5641) | val_loss=1.0829 | val_stone_mae=0.2467 | val_stone_dom_acc=0.453 | 50s
17:41:24 | INFO |   [frozen] epoch 2/5 | train_total=1.2778 (comp=1.1153 aux=0.5417) | val_loss=1.0570 | val_stone_mae=0.2404 | val_stone_dom_acc=0.453 | 50s
17:42:14 | INFO |   [frozen] epoch 3/5 | train_total=1.2525 (comp=1.0909 aux=0.5387) | val_loss=1.0720 | val_stone_mae=0.2368 | val_stone_dom_acc=0.453 | 49s
17:43:03 | INFO |   [frozen] epoch 4/5 | train_total=1.2462 (comp=1.0862 aux=0.5335) | val_loss=1.0507 | val_stone_mae=0.2383 | val_stone_dom_acc=0.453 | 49s
17:43:52 | INFO |   [frozen] epoch 5/5 | train_total=1.2667 (comp=1.1082 aux=0.5283) | val_loss=1.0434 | val_stone_mae=0.2332 | val_stone_dom_acc=0.415 | 49s
17:43:52 | INFO | Fold 2 — Phase 2: fine-tune, 25 epochs
17:43:52 | INFO |   Trainable params: 11,571,786
17:44:42 | INFO |   [finetune] epoch 1/25 | train_total=1.2733 (comp=1.1117 aux=0.5385) | val_loss=1.0664 | val_stone_mae=0.2279 | val_stone_dom_acc=0.396 | 50s
17:45:31 | INFO |   [finetune] epoch 2/25 | train_total=1.2366 (comp=1.0774 aux=0.5307) | val_loss=1.0775 | val_stone_mae=0.2398 | val_stone_dom_acc=0.453 | 49s
17:46:21 | INFO |   [finetune] epoch 3/25 | train_total=1.2346 (comp=1.0789 aux=0.5192) | val_loss=1.0506 | val_stone_mae=0.2374 | val_stone_dom_acc=0.340 | 49s
17:47:10 | INFO |   [finetune] epoch 4/25 | train_total=1.2046 (comp=1.0495 aux=0.5171) | val_loss=1.0561 | val_stone_mae=0.2371 | val_stone_dom_acc=0.453 | 49s
17:48:00 | INFO |   [finetune] epoch 5/25 | train_total=1.1793 (comp=1.0237 aux=0.5188) | val_loss=1.0617 | val_stone_mae=0.2335 | val_stone_dom_acc=0.453 | 50s
17:48:49 | INFO |   [finetune] epoch 6/25 | train_total=1.1844 (comp=1.0279 aux=0.5218) | val_loss=1.0747 | val_stone_mae=0.2403 | val_stone_dom_acc=0.358 | 50s
17:49:39 | INFO |   [finetune] epoch 7/25 | train_total=1.1639 (comp=1.0117 aux=0.5075) | val_loss=1.0740 | val_stone_mae=0.2345 | val_stone_dom_acc=0.396 | 50s
17:50:29 | INFO |   [finetune] epoch 8/25 | train_total=1.1772 (comp=1.0253 aux=0.5062) | val_loss=1.0848 | val_stone_mae=0.2395 | val_stone_dom_acc=0.358 | 50s
17:51:19 | INFO |   [finetune] epoch 9/25 | train_total=1.1883 (comp=1.0348 aux=0.5117) | val_loss=1.0886 | val_stone_mae=0.2344 | val_stone_dom_acc=0.434 | 50s
17:52:08 | INFO |   [finetune] epoch 10/25 | train_total=1.1282 (comp=0.9774 aux=0.5026) | val_loss=1.0883 | val_stone_mae=0.2370 | val_stone_dom_acc=0.358 | 49s
17:52:08 | INFO |   Early stopping (no improvement for 7 epochs)
17:52:08 | INFO | Fold 2 done. best_val_loss=1.0506 | stone_mae=0.2374 | stone_dom_acc=0.340 | stone_aitchison=12.4984
17:52:08 | INFO | === Fold 3 ===
17:52:09 | INFO | Built CompositionModel: resnet18 backbone + 5 regression heads + presence detection head (11,571,786 params total)
17:52:09 | INFO | Fold 3 — Phase 1: frozen backbone, 5 epochs
17:52:09 | INFO |   Trainable params: 395,274
17:52:59 | INFO |   [frozen] epoch 1/5 | train_total=1.3554 (comp=1.1845 aux=0.5696) | val_loss=1.0874 | val_stone_mae=0.2462 | val_stone_dom_acc=0.462 | 50s
17:53:49 | INFO |   [frozen] epoch 2/5 | train_total=1.3200 (comp=1.1590 aux=0.5364) | val_loss=1.1117 | val_stone_mae=0.2332 | val_stone_dom_acc=0.462 | 50s
17:54:38 | INFO |   [frozen] epoch 3/5 | train_total=1.2623 (comp=1.1032 aux=0.5304) | val_loss=1.0568 | val_stone_mae=0.2379 | val_stone_dom_acc=0.346 | 50s
17:55:28 | INFO |   [frozen] epoch 4/5 | train_total=1.2453 (comp=1.0871 aux=0.5272) | val_loss=1.0620 | val_stone_mae=0.2365 | val_stone_dom_acc=0.442 | 50s
17:56:17 | INFO |   [frozen] epoch 5/5 | train_total=1.2391 (comp=1.0816 aux=0.5251) | val_loss=1.0685 | val_stone_mae=0.2365 | val_stone_dom_acc=0.462 | 50s
17:56:17 | INFO | Fold 3 — Phase 2: fine-tune, 25 epochs
17:56:17 | INFO |   Trainable params: 11,571,786
17:57:07 | INFO |   [finetune] epoch 1/25 | train_total=1.2329 (comp=1.0771 aux=0.5192) | val_loss=1.0884 | val_stone_mae=0.2416 | val_stone_dom_acc=0.462 | 50s
17:57:56 | INFO |   [finetune] epoch 2/25 | train_total=1.2283 (comp=1.0734 aux=0.5164) | val_loss=1.0585 | val_stone_mae=0.2315 | val_stone_dom_acc=0.462 | 49s
17:58:45 | INFO |   [finetune] epoch 3/25 | train_total=1.2187 (comp=1.0650 aux=0.5121) | val_loss=1.0746 | val_stone_mae=0.2375 | val_stone_dom_acc=0.462 | 49s
17:59:34 | INFO |   [finetune] epoch 4/25 | train_total=1.1901 (comp=1.0355 aux=0.5154) | val_loss=1.0598 | val_stone_mae=0.2308 | val_stone_dom_acc=0.462 | 49s
18:00:23 | INFO |   [finetune] epoch 5/25 | train_total=1.1908 (comp=1.0371 aux=0.5125) | val_loss=1.0705 | val_stone_mae=0.2304 | val_stone_dom_acc=0.462 | 49s
18:01:12 | INFO |   [finetune] epoch 6/25 | train_total=1.1895 (comp=1.0380 aux=0.5051) | val_loss=1.0823 | val_stone_mae=0.2329 | val_stone_dom_acc=0.462 | 49s
18:02:01 | INFO |   [finetune] epoch 7/25 | train_total=1.1801 (comp=1.0306 aux=0.4986) | val_loss=1.0805 | val_stone_mae=0.2382 | val_stone_dom_acc=0.442 | 49s
18:02:50 | INFO |   [finetune] epoch 8/25 | train_total=1.1680 (comp=1.0169 aux=0.5039) | val_loss=1.0976 | val_stone_mae=0.2305 | val_stone_dom_acc=0.462 | 49s
18:03:38 | INFO |   [finetune] epoch 9/25 | train_total=1.1496 (comp=0.9981 aux=0.5051) | val_loss=1.0972 | val_stone_mae=0.2330 | val_stone_dom_acc=0.442 | 49s
18:03:38 | INFO |   Early stopping (no improvement for 7 epochs)
18:03:38 | INFO | Fold 3 done. best_val_loss=1.0585 | stone_mae=0.2315 | stone_dom_acc=0.462 | stone_aitchison=12.7221
18:03:38 | INFO | === Fold 4 ===
18:03:39 | INFO | Built CompositionModel: resnet18 backbone + 5 regression heads + presence detection head (11,571,786 params total)
18:03:39 | INFO | Fold 4 — Phase 1: frozen backbone, 5 epochs
18:03:39 | INFO |   Trainable params: 395,274
18:04:28 | INFO |   [frozen] epoch 1/5 | train_total=1.3473 (comp=1.1765 aux=0.5693) | val_loss=1.1860 | val_stone_mae=0.2609 | val_stone_dom_acc=0.308 | 50s
18:05:18 | INFO |   [frozen] epoch 2/5 | train_total=1.2573 (comp=1.0948 aux=0.5417) | val_loss=1.1858 | val_stone_mae=0.2575 | val_stone_dom_acc=0.288 | 49s
18:06:06 | INFO |   [frozen] epoch 3/5 | train_total=1.2354 (comp=1.0732 aux=0.5407) | val_loss=1.1861 | val_stone_mae=0.2551 | val_stone_dom_acc=0.442 | 48s
18:06:55 | INFO |   [frozen] epoch 4/5 | train_total=1.2336 (comp=1.0755 aux=0.5272) | val_loss=1.1596 | val_stone_mae=0.2484 | val_stone_dom_acc=0.423 | 49s
18:07:44 | INFO |   [frozen] epoch 5/5 | train_total=1.1932 (comp=1.0359 aux=0.5244) | val_loss=1.1732 | val_stone_mae=0.2538 | val_stone_dom_acc=0.442 | 49s
18:07:44 | INFO | Fold 4 — Phase 2: fine-tune, 25 epochs
18:07:44 | INFO |   Trainable params: 11,571,786
18:08:33 | INFO |   [finetune] epoch 1/25 | train_total=1.2162 (comp=1.0575 aux=0.5290) | val_loss=1.1764 | val_stone_mae=0.2535 | val_stone_dom_acc=0.462 | 50s
18:09:23 | INFO |   [finetune] epoch 2/25 | train_total=1.2092 (comp=1.0520 aux=0.5238) | val_loss=1.1684 | val_stone_mae=0.2503 | val_stone_dom_acc=0.442 | 50s
18:10:12 | INFO |   [finetune] epoch 3/25 | train_total=1.1821 (comp=1.0261 aux=0.5201) | val_loss=1.1835 | val_stone_mae=0.2520 | val_stone_dom_acc=0.462 | 49s
18:11:02 | INFO |   [finetune] epoch 4/25 | train_total=1.1631 (comp=1.0067 aux=0.5214) | val_loss=1.2020 | val_stone_mae=0.2517 | val_stone_dom_acc=0.462 | 49s
18:11:51 | INFO |   [finetune] epoch 5/25 | train_total=1.1523 (comp=0.9996 aux=0.5091) | val_loss=1.2233 | val_stone_mae=0.2463 | val_stone_dom_acc=0.442 | 49s
18:12:41 | INFO |   [finetune] epoch 6/25 | train_total=1.1427 (comp=0.9902 aux=0.5086) | val_loss=1.2251 | val_stone_mae=0.2540 | val_stone_dom_acc=0.423 | 49s
18:13:30 | INFO |   [finetune] epoch 7/25 | train_total=1.1618 (comp=1.0076 aux=0.5139) | val_loss=1.2257 | val_stone_mae=0.2547 | val_stone_dom_acc=0.365 | 49s
18:14:20 | INFO |   [finetune] epoch 8/25 | train_total=1.1135 (comp=0.9637 aux=0.4993) | val_loss=1.2347 | val_stone_mae=0.2437 | val_stone_dom_acc=0.423 | 49s
18:15:09 | INFO |   [finetune] epoch 9/25 | train_total=1.1205 (comp=0.9690 aux=0.5050) | val_loss=1.2354 | val_stone_mae=0.2459 | val_stone_dom_acc=0.481 | 49s
18:15:09 | INFO |   Early stopping (no improvement for 7 epochs)
18:15:09 | INFO | Fold 4 done. best_val_loss=1.1684 | stone_mae=0.2503 | stone_dom_acc=0.442 | stone_aitchison=12.4586
18:15:09 | INFO | Cross-fold results:
18:15:09 | INFO |   best_stone_mae_overall: 0.2415 ± 0.0107
18:15:09 | INFO |   best_stone_dominant_acc: 0.4072 ± 0.0544
18:15:09 | INFO |   best_stone_aitchison: 12.5878 ± 0.1402
18:15:09 | INFO | === Held-out test set evaluation ===
18:15:09 | INFO | Built SimpleCompositionModel: resnet18 backbone + single shared head + presence detection head (11,309,130 params total)
Traceback (most recent call last):
  File "/gpfs/home3/ddboer/umc_thesis/scripts/05_train_composition.py", line 637, in <module>
    main()
  File "/gpfs/home3/ddboer/umc_thesis/scripts/05_train_composition.py", line 605, in main
    model.load_state_dict(checkpoint["model_state"])
  File "/home/ddboer/.conda/envs/umc_thesis/lib/python3.11/site-packages/torch/nn/modules/module.py", line 2584, in load_state_dict
    raise RuntimeError(
RuntimeError: Error(s) in loading state_dict for SimpleCompositionModel:
	Missing key(s) in state_dict: "composition_head.0.weight", "composition_head.0.bias", "composition_head.3.weight", "composition_head.3.bias". 
	Unexpected key(s) in state_dict: "composition_heads.0.net.0.weight", "composition_heads.0.net.0.bias", "composition_heads.0.net.3.weight", "composition_heads.0.net.3.bias", "composition_heads.1.net.0.weight", "composition_heads.1.net.0.bias", "composition_heads.1.net.3.weight", "composition_heads.1.net.3.bias", "composition_heads.2.net.0.weight", "composition_heads.2.net.0.bias", "composition_heads.2.net.3.weight", "composition_heads.2.net.3.bias", "composition_heads.3.net.0.weight", "composition_heads.3.net.0.bias", "composition_heads.3.net.3.weight", "composition_heads.3.net.3.bias", "composition_heads.4.net.0.weight", "composition_heads.4.net.0.bias", "composition_heads.4.net.3.weight", "composition_heads.4.net.3.bias". 
