18:08:46 | INFO | Device: cuda
18:08:46 | INFO | cuDNN benchmark enabled
18:08:49 | INFO | Skipped 21 rows with no composition data
18:08:49 | WARNING | Skipped 2 rows whose image files are missing
18:08:49 | INFO | Built 1240 compositional samples from 414 stones
18:08:49 | INFO | Excluded classes ['OTH'] → 5 classes remaining, 410 stones
18:08:49 | INFO | Test holdout: 82 stones (40 pure / 42 mixed, 246 images). Train+val pool: 328 stones (982 images).
18:08:49 | INFO |   Fold 0: train=262 stones (129 pure / 133 mixed, 785 images), val=66 stones (32 pure / 34 mixed, 197 images)
18:08:49 | INFO |   Fold 1: train=262 stones (128 pure / 134 mixed, 784 images), val=66 stones (33 pure / 33 mixed, 198 images)
18:08:49 | INFO |   Fold 2: train=262 stones (129 pure / 133 mixed, 785 images), val=66 stones (32 pure / 34 mixed, 197 images)
18:08:49 | INFO |   Fold 3: train=263 stones (129 pure / 134 mixed, 787 images), val=65 stones (32 pure / 33 mixed, 195 images)
18:08:49 | INFO |   Fold 4: train=263 stones (129 pure / 134 mixed, 787 images), val=65 stones (32 pure / 33 mixed, 195 images)
18:08:49 | INFO | Model type: simple  |  checkpoints → /gpfs/home3/ddboer/umc_thesis/outputs/checkpoints/composition
18:08:49 | INFO | use_weighted_kl=false — using standard (unweighted) KL divergence
18:08:49 | INFO | === Fold 0 ===
18:08:50 | INFO | Built SimpleCompositionModel: resnet18 backbone + single shared head + presence detection head (11,309,130 params total)
18:08:50 | INFO | Fold 0 — Phase 1: frozen backbone, 5 epochs
18:08:50 | INFO |   Trainable params: 132,618
18:09:41 | INFO |   [frozen] epoch 1/5 | train_total=1.1382 (comp=1.0841 aux=0.5410) | val_loss=1.0369 | val_stone_mae=0.2308 | val_stone_dom_acc=0.500 | 51s
18:10:32 | INFO |   [frozen] epoch 2/5 | train_total=1.0291 (comp=0.9808 aux=0.4836) | val_loss=0.9864 | val_stone_mae=0.2211 | val_stone_dom_acc=0.561 | 50s
18:11:23 | INFO |   [frozen] epoch 3/5 | train_total=1.0087 (comp=0.9622 aux=0.4650) | val_loss=0.9473 | val_stone_mae=0.2183 | val_stone_dom_acc=0.606 | 51s
18:12:13 | INFO |   [frozen] epoch 4/5 | train_total=0.9699 (comp=0.9252 aux=0.4476) | val_loss=0.9320 | val_stone_mae=0.2029 | val_stone_dom_acc=0.591 | 51s
18:13:04 | INFO |   [frozen] epoch 5/5 | train_total=0.9510 (comp=0.9061 aux=0.4492) | val_loss=0.9140 | val_stone_mae=0.2011 | val_stone_dom_acc=0.606 | 51s
18:13:04 | INFO | Fold 0 — Phase 2: fine-tune, 25 epochs
18:13:04 | INFO |   Trainable params: 11,309,130
18:13:55 | INFO |   [finetune] epoch 1/25 | train_total=0.9387 (comp=0.8940 aux=0.4470) | val_loss=0.8753 | val_stone_mae=0.1961 | val_stone_dom_acc=0.621 | 51s
18:14:46 | INFO |   [finetune] epoch 2/25 | train_total=0.9262 (comp=0.8826 aux=0.4358) | val_loss=0.8485 | val_stone_mae=0.1971 | val_stone_dom_acc=0.606 | 51s
18:15:37 | INFO |   [finetune] epoch 3/25 | train_total=0.8634 (comp=0.8211 aux=0.4225) | val_loss=0.8401 | val_stone_mae=0.1776 | val_stone_dom_acc=0.636 | 51s
18:16:28 | INFO |   [finetune] epoch 4/25 | train_total=0.8165 (comp=0.7758 aux=0.4070) | val_loss=0.8800 | val_stone_mae=0.1741 | val_stone_dom_acc=0.636 | 51s
18:17:18 | INFO |   [finetune] epoch 5/25 | train_total=0.8036 (comp=0.7640 aux=0.3958) | val_loss=0.8080 | val_stone_mae=0.1792 | val_stone_dom_acc=0.697 | 50s
18:18:08 | INFO |   [finetune] epoch 6/25 | train_total=0.7850 (comp=0.7451 aux=0.3987) | val_loss=0.8214 | val_stone_mae=0.1734 | val_stone_dom_acc=0.636 | 50s
18:18:59 | INFO |   [finetune] epoch 7/25 | train_total=0.7987 (comp=0.7590 aux=0.3972) | val_loss=0.7898 | val_stone_mae=0.1724 | val_stone_dom_acc=0.697 | 50s
18:19:49 | INFO |   [finetune] epoch 8/25 | train_total=0.7814 (comp=0.7425 aux=0.3889) | val_loss=0.9138 | val_stone_mae=0.1718 | val_stone_dom_acc=0.576 | 51s
18:20:40 | INFO |   [finetune] epoch 9/25 | train_total=0.7671 (comp=0.7288 aux=0.3825) | val_loss=0.8133 | val_stone_mae=0.1703 | val_stone_dom_acc=0.652 | 51s
18:21:31 | INFO |   [finetune] epoch 10/25 | train_total=0.7315 (comp=0.6942 aux=0.3730) | val_loss=0.8091 | val_stone_mae=0.1680 | val_stone_dom_acc=0.682 | 51s
18:22:21 | INFO |   [finetune] epoch 11/25 | train_total=0.7130 (comp=0.6760 aux=0.3701) | val_loss=0.7797 | val_stone_mae=0.1639 | val_stone_dom_acc=0.667 | 50s
18:23:12 | INFO |   [finetune] epoch 12/25 | train_total=0.6684 (comp=0.6322 aux=0.3624) | val_loss=0.7724 | val_stone_mae=0.1606 | val_stone_dom_acc=0.636 | 51s
18:24:03 | INFO |   [finetune] epoch 13/25 | train_total=0.6704 (comp=0.6338 aux=0.3659) | val_loss=0.7606 | val_stone_mae=0.1637 | val_stone_dom_acc=0.652 | 50s
18:24:53 | INFO |   [finetune] epoch 14/25 | train_total=0.6792 (comp=0.6434 aux=0.3579) | val_loss=0.7355 | val_stone_mae=0.1604 | val_stone_dom_acc=0.667 | 51s
18:25:44 | INFO |   [finetune] epoch 15/25 | train_total=0.6419 (comp=0.6061 aux=0.3583) | val_loss=0.7847 | val_stone_mae=0.1569 | val_stone_dom_acc=0.652 | 50s
18:26:34 | INFO |   [finetune] epoch 16/25 | train_total=0.6442 (comp=0.6084 aux=0.3580) | val_loss=0.7183 | val_stone_mae=0.1586 | val_stone_dom_acc=0.652 | 50s
18:27:24 | INFO |   [finetune] epoch 17/25 | train_total=0.6453 (comp=0.6110 aux=0.3433) | val_loss=0.7487 | val_stone_mae=0.1557 | val_stone_dom_acc=0.682 | 50s
18:28:15 | INFO |   [finetune] epoch 18/25 | train_total=0.6400 (comp=0.6045 aux=0.3548) | val_loss=0.7479 | val_stone_mae=0.1547 | val_stone_dom_acc=0.712 | 50s
18:29:05 | INFO |   [finetune] epoch 19/25 | train_total=0.5976 (comp=0.5631 aux=0.3452) | val_loss=0.7380 | val_stone_mae=0.1512 | val_stone_dom_acc=0.727 | 50s
18:29:55 | INFO |   [finetune] epoch 20/25 | train_total=0.5998 (comp=0.5655 aux=0.3424) | val_loss=0.7002 | val_stone_mae=0.1479 | val_stone_dom_acc=0.682 | 50s
18:30:46 | INFO |   [finetune] epoch 21/25 | train_total=0.5881 (comp=0.5544 aux=0.3367) | val_loss=0.7114 | val_stone_mae=0.1477 | val_stone_dom_acc=0.712 | 50s
18:31:36 | INFO |   [finetune] epoch 22/25 | train_total=0.5890 (comp=0.5547 aux=0.3434) | val_loss=0.7018 | val_stone_mae=0.1474 | val_stone_dom_acc=0.667 | 50s
18:32:26 | INFO |   [finetune] epoch 23/25 | train_total=0.5871 (comp=0.5538 aux=0.3331) | val_loss=0.6941 | val_stone_mae=0.1431 | val_stone_dom_acc=0.667 | 50s
18:33:17 | INFO |   [finetune] epoch 24/25 | train_total=0.5426 (comp=0.5098 aux=0.3280) | val_loss=0.7096 | val_stone_mae=0.1425 | val_stone_dom_acc=0.667 | 50s
18:34:07 | INFO |   [finetune] epoch 25/25 | train_total=0.5254 (comp=0.4935 aux=0.3186) | val_loss=0.6770 | val_stone_mae=0.1474 | val_stone_dom_acc=0.697 | 51s
18:34:07 | INFO | Fold 0 done. best_val_loss=0.6770 | stone_mae=0.1474 | stone_dom_acc=0.697 | stone_aitchison=10.9220
18:34:07 | INFO | === Fold 1 ===
18:34:08 | INFO | Built SimpleCompositionModel: resnet18 backbone + single shared head + presence detection head (11,309,130 params total)
18:34:08 | INFO | Fold 1 — Phase 1: frozen backbone, 5 epochs
18:34:08 | INFO |   Trainable params: 132,618
18:34:58 | INFO |   [frozen] epoch 1/5 | train_total=1.1622 (comp=1.1076 aux=0.5465) | val_loss=1.0579 | val_stone_mae=0.2334 | val_stone_dom_acc=0.500 | 50s
18:35:48 | INFO |   [frozen] epoch 2/5 | train_total=1.0610 (comp=1.0104 aux=0.5056) | val_loss=0.9741 | val_stone_mae=0.2203 | val_stone_dom_acc=0.515 | 50s
18:36:38 | INFO |   [frozen] epoch 3/5 | train_total=0.9968 (comp=0.9487 aux=0.4808) | val_loss=0.9317 | val_stone_mae=0.2025 | val_stone_dom_acc=0.545 | 50s
18:37:29 | INFO |   [frozen] epoch 4/5 | train_total=0.9725 (comp=0.9256 aux=0.4684) | val_loss=0.9620 | val_stone_mae=0.1970 | val_stone_dom_acc=0.500 | 50s
18:38:19 | INFO |   [frozen] epoch 5/5 | train_total=0.9505 (comp=0.9048 aux=0.4569) | val_loss=0.9623 | val_stone_mae=0.1902 | val_stone_dom_acc=0.515 | 50s
18:38:19 | INFO | Fold 1 — Phase 2: fine-tune, 25 epochs
18:38:19 | INFO |   Trainable params: 11,309,130
18:39:09 | INFO |   [finetune] epoch 1/25 | train_total=0.9414 (comp=0.8964 aux=0.4490) | val_loss=0.8844 | val_stone_mae=0.1888 | val_stone_dom_acc=0.545 | 50s
18:40:00 | INFO |   [finetune] epoch 2/25 | train_total=0.9065 (comp=0.8623 aux=0.4420) | val_loss=0.8720 | val_stone_mae=0.1809 | val_stone_dom_acc=0.561 | 50s
18:40:50 | INFO |   [finetune] epoch 3/25 | train_total=0.8639 (comp=0.8207 aux=0.4319) | val_loss=0.8331 | val_stone_mae=0.1771 | val_stone_dom_acc=0.576 | 50s
18:41:40 | INFO |   [finetune] epoch 4/25 | train_total=0.8415 (comp=0.7998 aux=0.4177) | val_loss=0.7928 | val_stone_mae=0.1783 | val_stone_dom_acc=0.576 | 50s
18:42:30 | INFO |   [finetune] epoch 5/25 | train_total=0.8122 (comp=0.7711 aux=0.4107) | val_loss=0.8439 | val_stone_mae=0.1761 | val_stone_dom_acc=0.545 | 50s
18:43:21 | INFO |   [finetune] epoch 6/25 | train_total=0.8071 (comp=0.7665 aux=0.4064) | val_loss=0.9935 | val_stone_mae=0.1723 | val_stone_dom_acc=0.515 | 50s
18:44:11 | INFO |   [finetune] epoch 7/25 | train_total=0.7991 (comp=0.7573 aux=0.4184) | val_loss=0.7945 | val_stone_mae=0.1726 | val_stone_dom_acc=0.621 | 50s
18:45:01 | INFO |   [finetune] epoch 8/25 | train_total=0.7664 (comp=0.7271 aux=0.3935) | val_loss=0.8305 | val_stone_mae=0.1683 | val_stone_dom_acc=0.576 | 50s
18:45:51 | INFO |   [finetune] epoch 9/25 | train_total=0.7422 (comp=0.7034 aux=0.3874) | val_loss=0.8619 | val_stone_mae=0.1697 | val_stone_dom_acc=0.591 | 50s
18:46:42 | INFO |   [finetune] epoch 10/25 | train_total=0.7179 (comp=0.6799 aux=0.3794) | val_loss=0.8742 | val_stone_mae=0.1667 | val_stone_dom_acc=0.591 | 50s
18:47:32 | INFO |   [finetune] epoch 11/25 | train_total=0.6760 (comp=0.6384 aux=0.3761) | val_loss=0.8090 | val_stone_mae=0.1664 | val_stone_dom_acc=0.606 | 51s
18:47:32 | INFO |   Early stopping (no improvement for 7 epochs)
18:47:32 | INFO | Fold 1 done. best_val_loss=0.7928 | stone_mae=0.1783 | stone_dom_acc=0.576 | stone_aitchison=11.3944
18:47:32 | INFO | === Fold 2 ===
18:47:33 | INFO | Built SimpleCompositionModel: resnet18 backbone + single shared head + presence detection head (11,309,130 params total)
18:47:33 | INFO | Fold 2 — Phase 1: frozen backbone, 5 epochs
18:47:33 | INFO |   Trainable params: 132,618
18:48:23 | INFO |   [frozen] epoch 1/5 | train_total=1.1741 (comp=1.1190 aux=0.5512) | val_loss=1.0992 | val_stone_mae=0.2530 | val_stone_dom_acc=0.500 | 50s
18:49:13 | INFO |   [frozen] epoch 2/5 | train_total=1.0358 (comp=0.9860 aux=0.4980) | val_loss=1.0153 | val_stone_mae=0.2201 | val_stone_dom_acc=0.515 | 50s
18:50:03 | INFO |   [frozen] epoch 3/5 | train_total=1.0050 (comp=0.9567 aux=0.4831) | val_loss=0.9777 | val_stone_mae=0.2181 | val_stone_dom_acc=0.515 | 50s
18:50:53 | INFO |   [frozen] epoch 4/5 | train_total=0.9824 (comp=0.9359 aux=0.4650) | val_loss=0.9977 | val_stone_mae=0.2055 | val_stone_dom_acc=0.515 | 50s
18:51:44 | INFO |   [frozen] epoch 5/5 | train_total=0.9480 (comp=0.9022 aux=0.4579) | val_loss=0.9283 | val_stone_mae=0.2100 | val_stone_dom_acc=0.545 | 50s
18:51:44 | INFO | Fold 2 — Phase 2: fine-tune, 25 epochs
18:51:44 | INFO |   Trainable params: 11,309,130
18:52:34 | INFO |   [finetune] epoch 1/25 | train_total=0.9381 (comp=0.8935 aux=0.4461) | val_loss=0.8982 | val_stone_mae=0.2070 | val_stone_dom_acc=0.545 | 50s
18:53:25 | INFO |   [finetune] epoch 2/25 | train_total=0.8969 (comp=0.8537 aux=0.4324) | val_loss=0.8599 | val_stone_mae=0.1887 | val_stone_dom_acc=0.576 | 51s
18:54:16 | INFO |   [finetune] epoch 3/25 | train_total=0.8790 (comp=0.8364 aux=0.4258) | val_loss=0.8261 | val_stone_mae=0.1857 | val_stone_dom_acc=0.591 | 51s
18:55:07 | INFO |   [finetune] epoch 4/25 | train_total=0.8428 (comp=0.8008 aux=0.4196) | val_loss=0.8537 | val_stone_mae=0.1788 | val_stone_dom_acc=0.561 | 51s
18:55:58 | INFO |   [finetune] epoch 5/25 | train_total=0.8108 (comp=0.7706 aux=0.4024) | val_loss=0.7861 | val_stone_mae=0.1767 | val_stone_dom_acc=0.621 | 51s
18:56:49 | INFO |   [finetune] epoch 6/25 | train_total=0.7653 (comp=0.7260 aux=0.3922) | val_loss=0.7746 | val_stone_mae=0.1766 | val_stone_dom_acc=0.591 | 51s
18:57:40 | INFO |   [finetune] epoch 7/25 | train_total=0.8128 (comp=0.7726 aux=0.4019) | val_loss=0.7534 | val_stone_mae=0.1686 | val_stone_dom_acc=0.712 | 51s
18:58:31 | INFO |   [finetune] epoch 8/25 | train_total=0.7837 (comp=0.7452 aux=0.3855) | val_loss=0.7518 | val_stone_mae=0.1654 | val_stone_dom_acc=0.682 | 51s
18:59:22 | INFO |   [finetune] epoch 9/25 | train_total=0.7777 (comp=0.7390 aux=0.3863) | val_loss=0.7435 | val_stone_mae=0.1720 | val_stone_dom_acc=0.636 | 51s
19:00:13 | INFO |   [finetune] epoch 10/25 | train_total=0.7335 (comp=0.6951 aux=0.3837) | val_loss=0.7132 | val_stone_mae=0.1672 | val_stone_dom_acc=0.742 | 51s
19:01:04 | INFO |   [finetune] epoch 11/25 | train_total=0.7326 (comp=0.6945 aux=0.3809) | val_loss=0.7025 | val_stone_mae=0.1647 | val_stone_dom_acc=0.742 | 51s
19:01:55 | INFO |   [finetune] epoch 12/25 | train_total=0.7163 (comp=0.6793 aux=0.3704) | val_loss=0.7019 | val_stone_mae=0.1660 | val_stone_dom_acc=0.712 | 51s
19:02:46 | INFO |   [finetune] epoch 13/25 | train_total=0.7142 (comp=0.6765 aux=0.3762) | val_loss=0.7653 | val_stone_mae=0.1564 | val_stone_dom_acc=0.712 | 51s
19:03:37 | INFO |   [finetune] epoch 14/25 | train_total=0.7034 (comp=0.6660 aux=0.3747) | val_loss=0.6933 | val_stone_mae=0.1613 | val_stone_dom_acc=0.727 | 51s
19:04:28 | INFO |   [finetune] epoch 15/25 | train_total=0.6783 (comp=0.6416 aux=0.3674) | val_loss=0.7645 | val_stone_mae=0.1533 | val_stone_dom_acc=0.682 | 51s
19:05:19 | INFO |   [finetune] epoch 16/25 | train_total=0.6485 (comp=0.6119 aux=0.3655) | val_loss=0.6880 | val_stone_mae=0.1580 | val_stone_dom_acc=0.697 | 51s
19:06:10 | INFO |   [finetune] epoch 17/25 | train_total=0.6542 (comp=0.6185 aux=0.3577) | val_loss=0.7475 | val_stone_mae=0.1480 | val_stone_dom_acc=0.697 | 51s
19:07:01 | INFO |   [finetune] epoch 18/25 | train_total=0.6329 (comp=0.5984 aux=0.3447) | val_loss=0.6875 | val_stone_mae=0.1537 | val_stone_dom_acc=0.758 | 51s
19:07:52 | INFO |   [finetune] epoch 19/25 | train_total=0.6371 (comp=0.6027 aux=0.3437) | val_loss=0.6959 | val_stone_mae=0.1479 | val_stone_dom_acc=0.742 | 51s
19:08:42 | INFO |   [finetune] epoch 20/25 | train_total=0.6094 (comp=0.5757 aux=0.3366) | val_loss=0.6827 | val_stone_mae=0.1419 | val_stone_dom_acc=0.742 | 51s
19:09:33 | INFO |   [finetune] epoch 21/25 | train_total=0.6190 (comp=0.5843 aux=0.3472) | val_loss=0.6390 | val_stone_mae=0.1539 | val_stone_dom_acc=0.727 | 51s
19:10:24 | INFO |   [finetune] epoch 22/25 | train_total=0.6090 (comp=0.5748 aux=0.3415) | val_loss=0.6505 | val_stone_mae=0.1367 | val_stone_dom_acc=0.773 | 51s
19:11:15 | INFO |   [finetune] epoch 23/25 | train_total=0.6082 (comp=0.5748 aux=0.3338) | val_loss=0.6637 | val_stone_mae=0.1496 | val_stone_dom_acc=0.742 | 51s
19:12:06 | INFO |   [finetune] epoch 24/25 | train_total=0.5970 (comp=0.5633 aux=0.3368) | val_loss=0.6747 | val_stone_mae=0.1405 | val_stone_dom_acc=0.742 | 51s
19:12:57 | INFO |   [finetune] epoch 25/25 | train_total=0.5914 (comp=0.5576 aux=0.3377) | val_loss=0.6626 | val_stone_mae=0.1388 | val_stone_dom_acc=0.742 | 51s
19:12:57 | INFO | Fold 2 done. best_val_loss=0.6390 | stone_mae=0.1539 | stone_dom_acc=0.727 | stone_aitchison=10.7915
19:12:57 | INFO | === Fold 3 ===
19:12:57 | INFO | Built SimpleCompositionModel: resnet18 backbone + single shared head + presence detection head (11,309,130 params total)
19:12:57 | INFO | Fold 3 — Phase 1: frozen backbone, 5 epochs
19:12:57 | INFO |   Trainable params: 132,618
19:13:48 | INFO |   [frozen] epoch 1/5 | train_total=1.1703 (comp=1.1159 aux=0.5448) | val_loss=0.9808 | val_stone_mae=0.2252 | val_stone_dom_acc=0.492 | 51s
19:14:38 | INFO |   [frozen] epoch 2/5 | train_total=1.0394 (comp=0.9910 aux=0.4841) | val_loss=0.9367 | val_stone_mae=0.2137 | val_stone_dom_acc=0.600 | 50s
19:15:28 | INFO |   [frozen] epoch 3/5 | train_total=0.9879 (comp=0.9406 aux=0.4726) | val_loss=0.8940 | val_stone_mae=0.1935 | val_stone_dom_acc=0.662 | 50s
19:16:19 | INFO |   [frozen] epoch 4/5 | train_total=0.9546 (comp=0.9090 aux=0.4557) | val_loss=0.8896 | val_stone_mae=0.1929 | val_stone_dom_acc=0.631 | 51s
19:17:10 | INFO |   [frozen] epoch 5/5 | train_total=0.9472 (comp=0.9029 aux=0.4426) | val_loss=0.8632 | val_stone_mae=0.1969 | val_stone_dom_acc=0.662 | 50s
19:17:10 | INFO | Fold 3 — Phase 2: fine-tune, 25 epochs
19:17:10 | INFO |   Trainable params: 11,309,130
19:18:01 | INFO |   [finetune] epoch 1/25 | train_total=0.9307 (comp=0.8861 aux=0.4459) | val_loss=0.8669 | val_stone_mae=0.1888 | val_stone_dom_acc=0.631 | 51s
19:18:52 | INFO |   [finetune] epoch 2/25 | train_total=0.8909 (comp=0.8481 aux=0.4276) | val_loss=0.8365 | val_stone_mae=0.1797 | val_stone_dom_acc=0.662 | 51s
19:19:42 | INFO |   [finetune] epoch 3/25 | train_total=0.8422 (comp=0.8007 aux=0.4145) | val_loss=0.8918 | val_stone_mae=0.1695 | val_stone_dom_acc=0.600 | 51s
19:20:33 | INFO |   [finetune] epoch 4/25 | train_total=0.8212 (comp=0.7799 aux=0.4124) | val_loss=0.8132 | val_stone_mae=0.1728 | val_stone_dom_acc=0.677 | 51s
19:21:24 | INFO |   [finetune] epoch 5/25 | train_total=0.8060 (comp=0.7659 aux=0.4003) | val_loss=0.7956 | val_stone_mae=0.1791 | val_stone_dom_acc=0.646 | 51s
19:22:15 | INFO |   [finetune] epoch 6/25 | train_total=0.8039 (comp=0.7639 aux=0.4002) | val_loss=0.8087 | val_stone_mae=0.1656 | val_stone_dom_acc=0.708 | 51s
19:23:06 | INFO |   [finetune] epoch 7/25 | train_total=0.8003 (comp=0.7611 aux=0.3918) | val_loss=0.7915 | val_stone_mae=0.1645 | val_stone_dom_acc=0.677 | 51s
19:23:56 | INFO |   [finetune] epoch 8/25 | train_total=0.7920 (comp=0.7527 aux=0.3927) | val_loss=0.8430 | val_stone_mae=0.1645 | val_stone_dom_acc=0.569 | 50s
19:24:47 | INFO |   [finetune] epoch 9/25 | train_total=0.7664 (comp=0.7283 aux=0.3816) | val_loss=0.8447 | val_stone_mae=0.1607 | val_stone_dom_acc=0.631 | 50s
19:25:37 | INFO |   [finetune] epoch 10/25 | train_total=0.7206 (comp=0.6834 aux=0.3716) | val_loss=0.7705 | val_stone_mae=0.1601 | val_stone_dom_acc=0.692 | 50s
19:26:28 | INFO |   [finetune] epoch 11/25 | train_total=0.7242 (comp=0.6867 aux=0.3750) | val_loss=0.7997 | val_stone_mae=0.1578 | val_stone_dom_acc=0.662 | 50s
19:27:18 | INFO |   [finetune] epoch 12/25 | train_total=0.7149 (comp=0.6779 aux=0.3704) | val_loss=0.8017 | val_stone_mae=0.1521 | val_stone_dom_acc=0.662 | 51s
19:28:09 | INFO |   [finetune] epoch 13/25 | train_total=0.7012 (comp=0.6641 aux=0.3702) | val_loss=0.7282 | val_stone_mae=0.1573 | val_stone_dom_acc=0.738 | 51s
19:29:00 | INFO |   [finetune] epoch 14/25 | train_total=0.6981 (comp=0.6619 aux=0.3615) | val_loss=0.7679 | val_stone_mae=0.1690 | val_stone_dom_acc=0.662 | 51s
19:29:50 | INFO |   [finetune] epoch 15/25 | train_total=0.6727 (comp=0.6369 aux=0.3586) | val_loss=0.7658 | val_stone_mae=0.1557 | val_stone_dom_acc=0.677 | 51s
19:30:41 | INFO |   [finetune] epoch 16/25 | train_total=0.6632 (comp=0.6278 aux=0.3540) | val_loss=0.7395 | val_stone_mae=0.1560 | val_stone_dom_acc=0.708 | 51s
19:31:31 | INFO |   [finetune] epoch 17/25 | train_total=0.6330 (comp=0.5983 aux=0.3476) | val_loss=0.7451 | val_stone_mae=0.1601 | val_stone_dom_acc=0.692 | 50s
19:32:22 | INFO |   [finetune] epoch 18/25 | train_total=0.6534 (comp=0.6189 aux=0.3449) | val_loss=0.7031 | val_stone_mae=0.1575 | val_stone_dom_acc=0.723 | 51s
19:33:13 | INFO |   [finetune] epoch 19/25 | train_total=0.6200 (comp=0.5858 aux=0.3415) | val_loss=0.7589 | val_stone_mae=0.1492 | val_stone_dom_acc=0.708 | 51s
19:34:03 | INFO |   [finetune] epoch 20/25 | train_total=0.5859 (comp=0.5519 aux=0.3397) | val_loss=0.7059 | val_stone_mae=0.1494 | val_stone_dom_acc=0.738 | 51s
19:34:54 | INFO |   [finetune] epoch 21/25 | train_total=0.6014 (comp=0.5677 aux=0.3372) | val_loss=0.7028 | val_stone_mae=0.1442 | val_stone_dom_acc=0.754 | 51s
19:35:45 | INFO |   [finetune] epoch 22/25 | train_total=0.5759 (comp=0.5426 aux=0.3328) | val_loss=0.7332 | val_stone_mae=0.1406 | val_stone_dom_acc=0.692 | 51s
19:36:36 | INFO |   [finetune] epoch 23/25 | train_total=0.5874 (comp=0.5550 aux=0.3231) | val_loss=0.7915 | val_stone_mae=0.1423 | val_stone_dom_acc=0.692 | 51s
19:37:26 | INFO |   [finetune] epoch 24/25 | train_total=0.5461 (comp=0.5143 aux=0.3183) | val_loss=0.7227 | val_stone_mae=0.1458 | val_stone_dom_acc=0.692 | 51s
19:38:17 | INFO |   [finetune] epoch 25/25 | train_total=0.5345 (comp=0.5035 aux=0.3095) | val_loss=0.7242 | val_stone_mae=0.1461 | val_stone_dom_acc=0.723 | 51s
19:38:17 | INFO | Fold 3 done. best_val_loss=0.7028 | stone_mae=0.1442 | stone_dom_acc=0.754 | stone_aitchison=11.0883
19:38:17 | INFO | === Fold 4 ===
19:38:18 | INFO | Built SimpleCompositionModel: resnet18 backbone + single shared head + presence detection head (11,309,130 params total)
19:38:18 | INFO | Fold 4 — Phase 1: frozen backbone, 5 epochs
19:38:18 | INFO |   Trainable params: 132,618
19:39:08 | INFO |   [frozen] epoch 1/5 | train_total=1.2070 (comp=1.1525 aux=0.5449) | val_loss=1.0310 | val_stone_mae=0.2431 | val_stone_dom_acc=0.508 | 51s
19:39:59 | INFO |   [frozen] epoch 2/5 | train_total=1.0641 (comp=1.0150 aux=0.4907) | val_loss=0.9180 | val_stone_mae=0.2110 | val_stone_dom_acc=0.569 | 51s
19:40:49 | INFO |   [frozen] epoch 3/5 | train_total=1.0251 (comp=0.9781 aux=0.4704) | val_loss=0.9143 | val_stone_mae=0.2005 | val_stone_dom_acc=0.492 | 50s
19:41:39 | INFO |   [frozen] epoch 4/5 | train_total=1.0012 (comp=0.9555 aux=0.4570) | val_loss=0.8742 | val_stone_mae=0.2030 | val_stone_dom_acc=0.569 | 50s
19:42:30 | INFO |   [frozen] epoch 5/5 | train_total=0.9672 (comp=0.9220 aux=0.4524) | val_loss=0.8759 | val_stone_mae=0.1991 | val_stone_dom_acc=0.600 | 50s
19:42:30 | INFO | Fold 4 — Phase 2: fine-tune, 25 epochs
19:42:30 | INFO |   Trainable params: 11,309,130
19:43:20 | INFO |   [finetune] epoch 1/25 | train_total=0.9592 (comp=0.9147 aux=0.4446) | val_loss=0.9812 | val_stone_mae=0.1869 | val_stone_dom_acc=0.492 | 51s
19:44:11 | INFO |   [finetune] epoch 2/25 | train_total=0.9272 (comp=0.8831 aux=0.4413) | val_loss=0.8358 | val_stone_mae=0.1818 | val_stone_dom_acc=0.554 | 50s
19:45:01 | INFO |   [finetune] epoch 3/25 | train_total=0.8523 (comp=0.8110 aux=0.4129) | val_loss=0.8096 | val_stone_mae=0.1822 | val_stone_dom_acc=0.569 | 50s
19:45:52 | INFO |   [finetune] epoch 4/25 | train_total=0.8505 (comp=0.8093 aux=0.4115) | val_loss=0.8669 | val_stone_mae=0.1734 | val_stone_dom_acc=0.538 | 50s
19:46:42 | INFO |   [finetune] epoch 5/25 | train_total=0.8311 (comp=0.7906 aux=0.4054) | val_loss=0.8748 | val_stone_mae=0.1718 | val_stone_dom_acc=0.538 | 50s
19:47:32 | INFO |   [finetune] epoch 6/25 | train_total=0.8140 (comp=0.7742 aux=0.3976) | val_loss=0.8061 | val_stone_mae=0.1715 | val_stone_dom_acc=0.600 | 50s
19:48:23 | INFO |   [finetune] epoch 7/25 | train_total=0.7450 (comp=0.7064 aux=0.3861) | val_loss=0.8146 | val_stone_mae=0.1699 | val_stone_dom_acc=0.600 | 51s
19:49:13 | INFO |   [finetune] epoch 8/25 | train_total=0.7607 (comp=0.7220 aux=0.3871) | val_loss=0.7943 | val_stone_mae=0.1708 | val_stone_dom_acc=0.600 | 51s
19:50:04 | INFO |   [finetune] epoch 9/25 | train_total=0.7297 (comp=0.6919 aux=0.3781) | val_loss=0.7912 | val_stone_mae=0.1652 | val_stone_dom_acc=0.615 | 51s
19:50:55 | INFO |   [finetune] epoch 10/25 | train_total=0.7087 (comp=0.6713 aux=0.3739) | val_loss=0.8121 | val_stone_mae=0.1672 | val_stone_dom_acc=0.600 | 50s
19:51:45 | INFO |   [finetune] epoch 11/25 | train_total=0.6976 (comp=0.6611 aux=0.3655) | val_loss=0.7523 | val_stone_mae=0.1624 | val_stone_dom_acc=0.615 | 51s
19:52:36 | INFO |   [finetune] epoch 12/25 | train_total=0.6731 (comp=0.6367 aux=0.3643) | val_loss=0.8090 | val_stone_mae=0.1599 | val_stone_dom_acc=0.600 | 51s
19:53:27 | INFO |   [finetune] epoch 13/25 | train_total=0.6682 (comp=0.6320 aux=0.3621) | val_loss=0.8246 | val_stone_mae=0.1609 | val_stone_dom_acc=0.569 | 51s
19:54:18 | INFO |   [finetune] epoch 14/25 | train_total=0.6760 (comp=0.6398 aux=0.3616) | val_loss=0.7758 | val_stone_mae=0.1601 | val_stone_dom_acc=0.600 | 51s
19:55:09 | INFO |   [finetune] epoch 15/25 | train_total=0.6498 (comp=0.6149 aux=0.3497) | val_loss=0.7637 | val_stone_mae=0.1544 | val_stone_dom_acc=0.646 | 51s
19:55:59 | INFO |   [finetune] epoch 16/25 | train_total=0.6355 (comp=0.6009 aux=0.3465) | val_loss=0.8074 | val_stone_mae=0.1574 | val_stone_dom_acc=0.615 | 51s
19:56:50 | INFO |   [finetune] epoch 17/25 | train_total=0.6184 (comp=0.5848 aux=0.3368) | val_loss=0.7571 | val_stone_mae=0.1521 | val_stone_dom_acc=0.631 | 51s
19:57:42 | INFO |   [finetune] epoch 18/25 | train_total=0.5936 (comp=0.5603 aux=0.3328) | val_loss=0.7824 | val_stone_mae=0.1517 | val_stone_dom_acc=0.615 | 51s
19:57:42 | INFO |   Early stopping (no improvement for 7 epochs)
19:57:42 | INFO | Fold 4 done. best_val_loss=0.7523 | stone_mae=0.1624 | stone_dom_acc=0.615 | stone_aitchison=11.2671
19:57:42 | INFO | Cross-fold results:
19:57:42 | INFO |   best_stone_mae_overall: 0.1572 ± 0.0137
19:57:42 | INFO |   best_stone_dominant_acc: 0.6738 ± 0.0755
19:57:42 | INFO |   best_stone_aitchison: 11.0926 ± 0.2456
19:57:42 | INFO | === Held-out test set evaluation ===
19:57:42 | INFO | Built SimpleCompositionModel: resnet18 backbone + single shared head + presence detection head (11,309,130 params total)
19:57:59 | INFO |   Fold 0 test: stone_mae=0.1632 | stone_dom_acc=0.646 | stone_aitchison=11.2838
19:57:59 | INFO | Built SimpleCompositionModel: resnet18 backbone + single shared head + presence detection head (11,309,130 params total)
19:58:16 | INFO |   Fold 1 test: stone_mae=0.1897 | stone_dom_acc=0.573 | stone_aitchison=11.7519
19:58:16 | INFO | Built SimpleCompositionModel: resnet18 backbone + single shared head + presence detection head (11,309,130 params total)
19:58:33 | INFO |   Fold 2 test: stone_mae=0.1748 | stone_dom_acc=0.622 | stone_aitchison=11.4502
19:58:33 | INFO | Built SimpleCompositionModel: resnet18 backbone + single shared head + presence detection head (11,309,130 params total)
19:58:50 | INFO |   Fold 3 test: stone_mae=0.1581 | stone_dom_acc=0.622 | stone_aitchison=11.0869
19:58:50 | INFO | Built SimpleCompositionModel: resnet18 backbone + single shared head + presence detection head (11,309,130 params total)
19:59:06 | INFO |   Fold 4 test: stone_mae=0.1738 | stone_dom_acc=0.598 | stone_aitchison=11.3818
19:59:06 | INFO | Test set summary (mean ± std across folds):
19:59:06 | INFO |   stone_mae_overall: 0.1719 ± 0.0122
19:59:06 | INFO |   stone_dominant_acc: 0.6122 ± 0.0278
19:59:06 | INFO |   stone_aitchison: 11.3909 ± 0.2439
19:59:13 | INFO | Device: cuda
19:59:13 | INFO | cuDNN benchmark enabled
19:59:15 | INFO | Skipped 21 rows with no composition data
19:59:15 | WARNING | Skipped 2 rows whose image files are missing
19:59:16 | INFO | Built 1240 compositional samples from 414 stones
19:59:16 | INFO | Excluded classes ['OTH'] → 5 classes remaining, 410 stones
19:59:16 | INFO | Test holdout: 82 stones (40 pure / 42 mixed, 246 images). Train+val pool: 328 stones (982 images).
19:59:16 | INFO | --random-labels: stone-level composition vectors have been shuffled (baseline mode)
19:59:16 | INFO |   Fold 0: train=262 stones (128 pure / 134 mixed, 785 images), val=66 stones (33 pure / 33 mixed, 197 images)
19:59:16 | INFO |   Fold 1: train=262 stones (129 pure / 133 mixed, 784 images), val=66 stones (32 pure / 34 mixed, 198 images)
19:59:16 | INFO |   Fold 2: train=262 stones (129 pure / 133 mixed, 785 images), val=66 stones (32 pure / 34 mixed, 197 images)
19:59:16 | INFO |   Fold 3: train=263 stones (129 pure / 134 mixed, 787 images), val=65 stones (32 pure / 33 mixed, 195 images)
19:59:16 | INFO |   Fold 4: train=263 stones (129 pure / 134 mixed, 787 images), val=65 stones (32 pure / 33 mixed, 195 images)
19:59:16 | INFO | Model type: simple_random  |  checkpoints → /gpfs/home3/ddboer/umc_thesis/outputs/checkpoints/composition
19:59:16 | INFO | use_weighted_kl=false — using standard (unweighted) KL divergence
19:59:16 | INFO | === Fold 0 ===
19:59:16 | INFO | Built SimpleCompositionModel: resnet18 backbone + single shared head + presence detection head (11,309,130 params total)
19:59:16 | INFO | Fold 0 — Phase 1: frozen backbone, 5 epochs
19:59:16 | INFO |   Trainable params: 132,618
20:00:08 | INFO |   [frozen] epoch 1/5 | train_total=1.2013 (comp=1.1468 aux=0.5448) | val_loss=1.0556 | val_stone_mae=0.2392 | val_stone_dom_acc=0.500 | 51s
20:00:59 | INFO |   [frozen] epoch 2/5 | train_total=1.1963 (comp=1.1442 aux=0.5206) | val_loss=1.0191 | val_stone_mae=0.2340 | val_stone_dom_acc=0.500 | 51s
20:01:50 | INFO |   [frozen] epoch 3/5 | train_total=1.1407 (comp=1.0899 aux=0.5080) | val_loss=1.0048 | val_stone_mae=0.2261 | val_stone_dom_acc=0.500 | 51s
20:02:41 | INFO |   [frozen] epoch 4/5 | train_total=1.1365 (comp=1.0869 aux=0.4964) | val_loss=1.0104 | val_stone_mae=0.2270 | val_stone_dom_acc=0.485 | 51s
20:03:32 | INFO |   [frozen] epoch 5/5 | train_total=1.1120 (comp=1.0624 aux=0.4954) | val_loss=1.0274 | val_stone_mae=0.2362 | val_stone_dom_acc=0.470 | 51s
20:03:32 | INFO | Fold 0 — Phase 2: fine-tune, 25 epochs
20:03:32 | INFO |   Trainable params: 11,309,130
20:04:23 | INFO |   [finetune] epoch 1/25 | train_total=1.1316 (comp=1.0816 aux=0.5006) | val_loss=1.0263 | val_stone_mae=0.2360 | val_stone_dom_acc=0.485 | 51s
20:05:14 | INFO |   [finetune] epoch 2/25 | train_total=1.1200 (comp=1.0709 aux=0.4911) | val_loss=1.0112 | val_stone_mae=0.2287 | val_stone_dom_acc=0.470 | 51s
20:06:05 | INFO |   [finetune] epoch 3/25 | train_total=1.1149 (comp=1.0653 aux=0.4959) | val_loss=1.0090 | val_stone_mae=0.2281 | val_stone_dom_acc=0.470 | 51s
20:06:56 | INFO |   [finetune] epoch 4/25 | train_total=1.1020 (comp=1.0524 aux=0.4957) | val_loss=1.0083 | val_stone_mae=0.2271 | val_stone_dom_acc=0.455 | 51s
20:07:48 | INFO |   [finetune] epoch 5/25 | train_total=1.0829 (comp=1.0343 aux=0.4856) | val_loss=1.0083 | val_stone_mae=0.2239 | val_stone_dom_acc=0.455 | 52s
20:08:39 | INFO |   [finetune] epoch 6/25 | train_total=1.0716 (comp=1.0230 aux=0.4868) | val_loss=1.0177 | val_stone_mae=0.2224 | val_stone_dom_acc=0.470 | 51s
20:09:30 | INFO |   [finetune] epoch 7/25 | train_total=1.0893 (comp=1.0415 aux=0.4784) | val_loss=1.0181 | val_stone_mae=0.2289 | val_stone_dom_acc=0.439 | 51s
20:10:21 | INFO |   [finetune] epoch 8/25 | train_total=1.0639 (comp=1.0161 aux=0.4785) | val_loss=1.0284 | val_stone_mae=0.2286 | val_stone_dom_acc=0.455 | 51s
20:11:12 | INFO |   [finetune] epoch 9/25 | train_total=1.0833 (comp=1.0350 aux=0.4828) | val_loss=1.0412 | val_stone_mae=0.2229 | val_stone_dom_acc=0.470 | 51s
20:12:03 | INFO |   [finetune] epoch 10/25 | train_total=1.0576 (comp=1.0095 aux=0.4813) | val_loss=1.0514 | val_stone_mae=0.2238 | val_stone_dom_acc=0.455 | 51s
20:12:54 | INFO |   [finetune] epoch 11/25 | train_total=1.0414 (comp=0.9937 aux=0.4763) | val_loss=1.0489 | val_stone_mae=0.2291 | val_stone_dom_acc=0.470 | 51s
20:12:54 | INFO |   Early stopping (no improvement for 7 epochs)
20:12:54 | INFO | Fold 0 done. best_val_loss=1.0083 | stone_mae=0.2271 | stone_dom_acc=0.455 | stone_aitchison=12.2548
20:12:54 | INFO | === Fold 1 ===
20:12:54 | INFO | Built SimpleCompositionModel: resnet18 backbone + single shared head + presence detection head (11,309,130 params total)
20:12:54 | INFO | Fold 1 — Phase 1: frozen backbone, 5 epochs
20:12:54 | INFO |   Trainable params: 132,618
20:13:45 | INFO |   [frozen] epoch 1/5 | train_total=1.1935 (comp=1.1386 aux=0.5485) | val_loss=1.0920 | val_stone_mae=0.2472 | val_stone_dom_acc=0.485 | 51s
20:14:36 | INFO |   [frozen] epoch 2/5 | train_total=1.1393 (comp=1.0881 aux=0.5121) | val_loss=1.0972 | val_stone_mae=0.2454 | val_stone_dom_acc=0.485 | 51s
20:15:27 | INFO |   [frozen] epoch 3/5 | train_total=1.1298 (comp=1.0790 aux=0.5073) | val_loss=1.1098 | val_stone_mae=0.2381 | val_stone_dom_acc=0.515 | 51s
20:16:18 | INFO |   [frozen] epoch 4/5 | train_total=1.1151 (comp=1.0653 aux=0.4988) | val_loss=1.1081 | val_stone_mae=0.2384 | val_stone_dom_acc=0.500 | 51s
20:17:08 | INFO |   [frozen] epoch 5/5 | train_total=1.1150 (comp=1.0649 aux=0.5011) | val_loss=1.1395 | val_stone_mae=0.2288 | val_stone_dom_acc=0.485 | 51s
20:17:08 | INFO | Fold 1 — Phase 2: fine-tune, 25 epochs
20:17:08 | INFO |   Trainable params: 11,309,130
20:17:59 | INFO |   [finetune] epoch 1/25 | train_total=1.1079 (comp=1.0585 aux=0.4943) | val_loss=1.1264 | val_stone_mae=0.2346 | val_stone_dom_acc=0.455 | 51s
20:18:50 | INFO |   [finetune] epoch 2/25 | train_total=1.0982 (comp=1.0489 aux=0.4932) | val_loss=1.1134 | val_stone_mae=0.2363 | val_stone_dom_acc=0.485 | 51s
20:19:41 | INFO |   [finetune] epoch 3/25 | train_total=1.0928 (comp=1.0439 aux=0.4892) | val_loss=1.1195 | val_stone_mae=0.2323 | val_stone_dom_acc=0.470 | 51s
20:20:31 | INFO |   [finetune] epoch 4/25 | train_total=1.1024 (comp=1.0533 aux=0.4909) | val_loss=1.1128 | val_stone_mae=0.2413 | val_stone_dom_acc=0.470 | 51s
20:21:22 | INFO |   [finetune] epoch 5/25 | train_total=1.0803 (comp=1.0316 aux=0.4874) | val_loss=1.1121 | val_stone_mae=0.2367 | val_stone_dom_acc=0.485 | 51s
20:22:13 | INFO |   [finetune] epoch 6/25 | train_total=1.0603 (comp=1.0122 aux=0.4816) | val_loss=1.1277 | val_stone_mae=0.2283 | val_stone_dom_acc=0.470 | 51s
20:23:04 | INFO |   [finetune] epoch 7/25 | train_total=1.0389 (comp=0.9910 aux=0.4790) | val_loss=1.1303 | val_stone_mae=0.2361 | val_stone_dom_acc=0.485 | 51s
20:23:54 | INFO |   [finetune] epoch 8/25 | train_total=1.0488 (comp=1.0010 aux=0.4783) | val_loss=1.1921 | val_stone_mae=0.2224 | val_stone_dom_acc=0.485 | 51s
20:24:45 | INFO |   [finetune] epoch 9/25 | train_total=1.0513 (comp=1.0031 aux=0.4824) | val_loss=1.1488 | val_stone_mae=0.2355 | val_stone_dom_acc=0.485 | 51s
20:25:36 | INFO |   [finetune] epoch 10/25 | train_total=1.0457 (comp=0.9982 aux=0.4752) | val_loss=1.1562 | val_stone_mae=0.2410 | val_stone_dom_acc=0.545 | 51s
20:26:26 | INFO |   [finetune] epoch 11/25 | train_total=1.0430 (comp=0.9946 aux=0.4844) | val_loss=1.1667 | val_stone_mae=0.2334 | val_stone_dom_acc=0.470 | 51s
20:27:17 | INFO |   [finetune] epoch 12/25 | train_total=1.0177 (comp=0.9702 aux=0.4754) | val_loss=1.1792 | val_stone_mae=0.2282 | val_stone_dom_acc=0.485 | 51s
20:27:17 | INFO |   Early stopping (no improvement for 7 epochs)
20:27:17 | INFO | Fold 1 done. best_val_loss=1.1121 | stone_mae=0.2367 | stone_dom_acc=0.485 | stone_aitchison=12.4846
20:27:17 | INFO | === Fold 2 ===
20:27:17 | INFO | Built SimpleCompositionModel: resnet18 backbone + single shared head + presence detection head (11,309,130 params total)
20:27:17 | INFO | Fold 2 — Phase 1: frozen backbone, 5 epochs
20:27:17 | INFO |   Trainable params: 132,618
20:28:08 | INFO |   [frozen] epoch 1/5 | train_total=1.2245 (comp=1.1693 aux=0.5523) | val_loss=1.0823 | val_stone_mae=0.2456 | val_stone_dom_acc=0.485 | 51s
20:28:59 | INFO |   [frozen] epoch 2/5 | train_total=1.1513 (comp=1.0998 aux=0.5147) | val_loss=1.0711 | val_stone_mae=0.2425 | val_stone_dom_acc=0.485 | 51s
20:29:50 | INFO |   [frozen] epoch 3/5 | train_total=1.1208 (comp=1.0704 aux=0.5046) | val_loss=1.0589 | val_stone_mae=0.2368 | val_stone_dom_acc=0.485 | 51s
20:30:41 | INFO |   [frozen] epoch 4/5 | train_total=1.1159 (comp=1.0654 aux=0.5048) | val_loss=1.0641 | val_stone_mae=0.2298 | val_stone_dom_acc=0.485 | 51s
20:31:31 | INFO |   [frozen] epoch 5/5 | train_total=1.1109 (comp=1.0603 aux=0.5058) | val_loss=1.0595 | val_stone_mae=0.2388 | val_stone_dom_acc=0.500 | 50s
20:31:31 | INFO | Fold 2 — Phase 2: fine-tune, 25 epochs
20:31:31 | INFO |   Trainable params: 11,309,130
20:32:22 | INFO |   [finetune] epoch 1/25 | train_total=1.1192 (comp=1.0693 aux=0.4991) | val_loss=1.0674 | val_stone_mae=0.2403 | val_stone_dom_acc=0.530 | 50s
20:33:12 | INFO |   [finetune] epoch 2/25 | train_total=1.1116 (comp=1.0621 aux=0.4949) | val_loss=1.0697 | val_stone_mae=0.2299 | val_stone_dom_acc=0.485 | 50s
20:34:02 | INFO |   [finetune] epoch 3/25 | train_total=1.0959 (comp=1.0462 aux=0.4970) | val_loss=1.0759 | val_stone_mae=0.2416 | val_stone_dom_acc=0.530 | 50s
20:34:52 | INFO |   [finetune] epoch 4/25 | train_total=1.0867 (comp=1.0374 aux=0.4931) | val_loss=1.0730 | val_stone_mae=0.2321 | val_stone_dom_acc=0.485 | 50s
20:35:42 | INFO |   [finetune] epoch 5/25 | train_total=1.0872 (comp=1.0381 aux=0.4909) | val_loss=1.0693 | val_stone_mae=0.2370 | val_stone_dom_acc=0.485 | 50s
20:36:32 | INFO |   [finetune] epoch 6/25 | train_total=1.0714 (comp=1.0221 aux=0.4930) | val_loss=1.0697 | val_stone_mae=0.2400 | val_stone_dom_acc=0.530 | 50s
20:37:22 | INFO |   [finetune] epoch 7/25 | train_total=1.0725 (comp=1.0235 aux=0.4899) | val_loss=1.0739 | val_stone_mae=0.2397 | val_stone_dom_acc=0.530 | 50s
20:38:12 | INFO |   [finetune] epoch 8/25 | train_total=1.0719 (comp=1.0235 aux=0.4839) | val_loss=1.0663 | val_stone_mae=0.2389 | val_stone_dom_acc=0.530 | 50s
20:39:02 | INFO |   [finetune] epoch 9/25 | train_total=1.0532 (comp=1.0043 aux=0.4888) | val_loss=1.0720 | val_stone_mae=0.2335 | val_stone_dom_acc=0.500 | 50s
20:39:52 | INFO |   [finetune] epoch 10/25 | train_total=1.0553 (comp=1.0071 aux=0.4824) | val_loss=1.0825 | val_stone_mae=0.2270 | val_stone_dom_acc=0.500 | 50s
20:40:42 | INFO |   [finetune] epoch 11/25 | train_total=1.0497 (comp=1.0015 aux=0.4823) | val_loss=1.0698 | val_stone_mae=0.2314 | val_stone_dom_acc=0.515 | 50s
20:41:32 | INFO |   [finetune] epoch 12/25 | train_total=1.0596 (comp=1.0111 aux=0.4854) | val_loss=1.0666 | val_stone_mae=0.2402 | val_stone_dom_acc=0.545 | 50s
20:42:22 | INFO |   [finetune] epoch 13/25 | train_total=1.0272 (comp=0.9791 aux=0.4813) | val_loss=1.0703 | val_stone_mae=0.2270 | val_stone_dom_acc=0.530 | 50s
20:43:13 | INFO |   [finetune] epoch 14/25 | train_total=1.0404 (comp=0.9926 aux=0.4785) | val_loss=1.0795 | val_stone_mae=0.2415 | val_stone_dom_acc=0.561 | 50s
20:44:03 | INFO |   [finetune] epoch 15/25 | train_total=1.0198 (comp=0.9720 aux=0.4787) | val_loss=1.0695 | val_stone_mae=0.2312 | val_stone_dom_acc=0.515 | 50s
20:44:03 | INFO |   Early stopping (no improvement for 7 epochs)
20:44:03 | INFO | Fold 2 done. best_val_loss=1.0663 | stone_mae=0.2389 | stone_dom_acc=0.530 | stone_aitchison=12.2859
20:44:03 | INFO | === Fold 3 ===
20:44:03 | INFO | Built SimpleCompositionModel: resnet18 backbone + single shared head + presence detection head (11,309,130 params total)
20:44:03 | INFO | Fold 3 — Phase 1: frozen backbone, 5 epochs
20:44:03 | INFO |   Trainable params: 132,618
20:44:54 | INFO |   [frozen] epoch 1/5 | train_total=1.2374 (comp=1.1814 aux=0.5597) | val_loss=1.0879 | val_stone_mae=0.2502 | val_stone_dom_acc=0.492 | 51s
20:45:45 | INFO |   [frozen] epoch 2/5 | train_total=1.1626 (comp=1.1118 aux=0.5077) | val_loss=1.0329 | val_stone_mae=0.2356 | val_stone_dom_acc=0.538 | 51s
20:46:36 | INFO |   [frozen] epoch 3/5 | train_total=1.1231 (comp=1.0730 aux=0.5014) | val_loss=1.0260 | val_stone_mae=0.2316 | val_stone_dom_acc=0.492 | 51s
20:47:27 | INFO |   [frozen] epoch 4/5 | train_total=1.1229 (comp=1.0727 aux=0.5019) | val_loss=1.0335 | val_stone_mae=0.2352 | val_stone_dom_acc=0.523 | 51s
20:48:18 | INFO |   [frozen] epoch 5/5 | train_total=1.1293 (comp=1.0799 aux=0.4939) | val_loss=1.0382 | val_stone_mae=0.2345 | val_stone_dom_acc=0.523 | 51s
20:48:18 | INFO | Fold 3 — Phase 2: fine-tune, 25 epochs
20:48:18 | INFO |   Trainable params: 11,309,130
20:49:10 | INFO |   [finetune] epoch 1/25 | train_total=1.1133 (comp=1.0635 aux=0.4975) | val_loss=1.0349 | val_stone_mae=0.2277 | val_stone_dom_acc=0.492 | 52s
20:50:01 | INFO |   [finetune] epoch 2/25 | train_total=1.1101 (comp=1.0608 aux=0.4936) | val_loss=1.0525 | val_stone_mae=0.2396 | val_stone_dom_acc=0.538 | 51s
20:50:53 | INFO |   [finetune] epoch 3/25 | train_total=1.0921 (comp=1.0434 aux=0.4872) | val_loss=1.0582 | val_stone_mae=0.2344 | val_stone_dom_acc=0.431 | 51s
20:51:43 | INFO |   [finetune] epoch 4/25 | train_total=1.0747 (comp=1.0259 aux=0.4884) | val_loss=1.0495 | val_stone_mae=0.2330 | val_stone_dom_acc=0.554 | 51s
20:52:33 | INFO |   [finetune] epoch 5/25 | train_total=1.0785 (comp=1.0299 aux=0.4862) | val_loss=1.0653 | val_stone_mae=0.2321 | val_stone_dom_acc=0.431 | 50s
20:53:23 | INFO |   [finetune] epoch 6/25 | train_total=1.0785 (comp=1.0299 aux=0.4858) | val_loss=1.0450 | val_stone_mae=0.2324 | val_stone_dom_acc=0.477 | 50s
20:54:13 | INFO |   [finetune] epoch 7/25 | train_total=1.0731 (comp=1.0250 aux=0.4817) | val_loss=1.0515 | val_stone_mae=0.2293 | val_stone_dom_acc=0.492 | 50s
20:55:03 | INFO |   [finetune] epoch 8/25 | train_total=1.0744 (comp=1.0263 aux=0.4807) | val_loss=1.0715 | val_stone_mae=0.2322 | val_stone_dom_acc=0.462 | 50s
20:55:03 | INFO |   Early stopping (no improvement for 7 epochs)
20:55:03 | INFO | Fold 3 done. best_val_loss=1.0349 | stone_mae=0.2277 | stone_dom_acc=0.492 | stone_aitchison=12.3097
20:55:03 | INFO | === Fold 4 ===
20:55:04 | INFO | Built SimpleCompositionModel: resnet18 backbone + single shared head + presence detection head (11,309,130 params total)
20:55:04 | INFO | Fold 4 — Phase 1: frozen backbone, 5 epochs
20:55:04 | INFO |   Trainable params: 132,618
20:55:54 | INFO |   [frozen] epoch 1/5 | train_total=1.2263 (comp=1.1718 aux=0.5455) | val_loss=1.1709 | val_stone_mae=0.2638 | val_stone_dom_acc=0.492 | 51s
20:56:45 | INFO |   [frozen] epoch 2/5 | train_total=1.1325 (comp=1.0808 aux=0.5170) | val_loss=1.0782 | val_stone_mae=0.2382 | val_stone_dom_acc=0.508 | 51s
20:57:35 | INFO |   [frozen] epoch 3/5 | train_total=1.1197 (comp=1.0690 aux=0.5069) | val_loss=1.0952 | val_stone_mae=0.2457 | val_stone_dom_acc=0.492 | 51s
20:58:26 | INFO |   [frozen] epoch 4/5 | train_total=1.1114 (comp=1.0611 aux=0.5035) | val_loss=1.0751 | val_stone_mae=0.2353 | val_stone_dom_acc=0.508 | 50s
20:59:17 | INFO |   [frozen] epoch 5/5 | train_total=1.1078 (comp=1.0581 aux=0.4962) | val_loss=1.0827 | val_stone_mae=0.2460 | val_stone_dom_acc=0.508 | 51s
20:59:17 | INFO | Fold 4 — Phase 2: fine-tune, 25 epochs
20:59:17 | INFO |   Trainable params: 11,309,130
21:00:07 | INFO |   [finetune] epoch 1/25 | train_total=1.1095 (comp=1.0590 aux=0.5053) | val_loss=1.0919 | val_stone_mae=0.2360 | val_stone_dom_acc=0.492 | 51s
21:00:58 | INFO |   [finetune] epoch 2/25 | train_total=1.0943 (comp=1.0447 aux=0.4952) | val_loss=1.0843 | val_stone_mae=0.2359 | val_stone_dom_acc=0.508 | 50s
21:01:48 | INFO |   [finetune] epoch 3/25 | train_total=1.0799 (comp=1.0304 aux=0.4950) | val_loss=1.0919 | val_stone_mae=0.2360 | val_stone_dom_acc=0.508 | 50s
21:02:39 | INFO |   [finetune] epoch 4/25 | train_total=1.0914 (comp=1.0424 aux=0.4903) | val_loss=1.0970 | val_stone_mae=0.2453 | val_stone_dom_acc=0.477 | 50s
21:03:29 | INFO |   [finetune] epoch 5/25 | train_total=1.0693 (comp=1.0200 aux=0.4928) | val_loss=1.1135 | val_stone_mae=0.2288 | val_stone_dom_acc=0.508 | 51s
21:04:20 | INFO |   [finetune] epoch 6/25 | train_total=1.0635 (comp=1.0147 aux=0.4879) | val_loss=1.1008 | val_stone_mae=0.2330 | val_stone_dom_acc=0.508 | 51s
21:05:11 | INFO |   [finetune] epoch 7/25 | train_total=1.0632 (comp=1.0141 aux=0.4916) | val_loss=1.1048 | val_stone_mae=0.2398 | val_stone_dom_acc=0.477 | 51s
21:06:02 | INFO |   [finetune] epoch 8/25 | train_total=1.0606 (comp=1.0116 aux=0.4897) | val_loss=1.1023 | val_stone_mae=0.2416 | val_stone_dom_acc=0.523 | 51s
21:06:52 | INFO |   [finetune] epoch 9/25 | train_total=1.0540 (comp=1.0056 aux=0.4840) | val_loss=1.1027 | val_stone_mae=0.2342 | val_stone_dom_acc=0.508 | 51s
21:06:52 | INFO |   Early stopping (no improvement for 7 epochs)
21:06:52 | INFO | Fold 4 done. best_val_loss=1.0843 | stone_mae=0.2359 | stone_dom_acc=0.508 | stone_aitchison=12.1319
21:06:53 | INFO | Cross-fold results:
21:06:53 | INFO |   best_stone_mae_overall: 0.2333 ± 0.0055
21:06:53 | INFO |   best_stone_dominant_acc: 0.4939 ± 0.0281
21:06:53 | INFO |   best_stone_aitchison: 12.2934 ± 0.1269
21:06:53 | INFO | === Held-out test set evaluation ===
21:06:53 | INFO | Built SimpleCompositionModel: resnet18 backbone + single shared head + presence detection head (11,309,130 params total)
21:07:09 | INFO |   Fold 0 test: stone_mae=0.2345 | stone_dom_acc=0.463 | stone_aitchison=12.4615
21:07:10 | INFO | Built SimpleCompositionModel: resnet18 backbone + single shared head + presence detection head (11,309,130 params total)
21:07:26 | INFO |   Fold 1 test: stone_mae=0.2352 | stone_dom_acc=0.476 | stone_aitchison=12.5256
21:07:27 | INFO | Built SimpleCompositionModel: resnet18 backbone + single shared head + presence detection head (11,309,130 params total)
21:07:43 | INFO |   Fold 2 test: stone_mae=0.2391 | stone_dom_acc=0.476 | stone_aitchison=12.5406
21:07:43 | INFO | Built SimpleCompositionModel: resnet18 backbone + single shared head + presence detection head (11,309,130 params total)
21:08:00 | INFO |   Fold 3 test: stone_mae=0.2322 | stone_dom_acc=0.476 | stone_aitchison=12.4088
21:08:00 | INFO | Built SimpleCompositionModel: resnet18 backbone + single shared head + presence detection head (11,309,130 params total)
21:08:16 | INFO |   Fold 4 test: stone_mae=0.2338 | stone_dom_acc=0.476 | stone_aitchison=12.4577
21:08:16 | INFO | Test set summary (mean ± std across folds):
21:08:16 | INFO |   stone_mae_overall: 0.2350 ± 0.0026
21:08:16 | INFO |   stone_dominant_acc: 0.4732 ± 0.0055
21:08:16 | INFO |   stone_aitchison: 12.4788 ± 0.0540
