09:09:42 | INFO | Device: cuda
09:09:42 | INFO | cuDNN benchmark enabled
09:09:45 | INFO | Skipped 21 rows with no composition data
09:09:45 | WARNING | Skipped 2 rows whose image files are missing
09:09:45 | INFO | Built 1240 compositional samples from 414 stones
09:09:45 | INFO | Excluded classes ['OTH'] → 5 classes remaining, 410 stones
09:09:45 | INFO | Test holdout: 82 stones (40 pure / 42 mixed, 246 images). Train+val pool: 328 stones (982 images).
09:09:45 | INFO |   Fold 0: train=262 stones (129 pure / 133 mixed, 785 images), val=66 stones (32 pure / 34 mixed, 197 images)
09:09:45 | INFO |   Fold 1: train=262 stones (128 pure / 134 mixed, 784 images), val=66 stones (33 pure / 33 mixed, 198 images)
09:09:45 | INFO |   Fold 2: train=262 stones (129 pure / 133 mixed, 785 images), val=66 stones (32 pure / 34 mixed, 197 images)
09:09:45 | INFO |   Fold 3: train=263 stones (129 pure / 134 mixed, 787 images), val=65 stones (32 pure / 33 mixed, 195 images)
09:09:45 | INFO |   Fold 4: train=263 stones (129 pure / 134 mixed, 787 images), val=65 stones (32 pure / 33 mixed, 195 images)
09:09:45 | INFO | Model type: simple  |  checkpoints → /gpfs/home3/ddboer/umc_thesis/outputs/checkpoints/composition
09:09:45 | INFO | use_weighted_kl=false — using standard (unweighted) KL divergence
09:09:45 | INFO | === Fold 0 ===
09:09:46 | INFO | Built SimpleCompositionModel: resnet18 backbone + single shared head + presence detection head (11,309,130 params total)
09:09:46 | INFO | Fold 0 — Phase 1: frozen backbone, 5 epochs
09:09:46 | INFO |   Trainable params: 132,618
09:10:37 | INFO |   [frozen] epoch 1/5 | train_total=1.2464 (comp=1.0841 aux=0.5411) | val_loss=1.0369 | val_stone_mae=0.2308 | val_stone_dom_acc=0.500 | 51s
09:11:27 | INFO |   [frozen] epoch 2/5 | train_total=1.1255 (comp=0.9808 aux=0.4823) | val_loss=0.9864 | val_stone_mae=0.2211 | val_stone_dom_acc=0.561 | 51s
09:12:18 | INFO |   [frozen] epoch 3/5 | train_total=1.1014 (comp=0.9622 aux=0.4640) | val_loss=0.9473 | val_stone_mae=0.2183 | val_stone_dom_acc=0.606 | 51s
09:13:09 | INFO |   [frozen] epoch 4/5 | train_total=1.0593 (comp=0.9253 aux=0.4466) | val_loss=0.9321 | val_stone_mae=0.2029 | val_stone_dom_acc=0.591 | 51s
09:14:00 | INFO |   [frozen] epoch 5/5 | train_total=1.0405 (comp=0.9064 aux=0.4469) | val_loss=0.9142 | val_stone_mae=0.2011 | val_stone_dom_acc=0.606 | 51s
09:14:00 | INFO | Fold 0 — Phase 2: fine-tune, 25 epochs
09:14:00 | INFO |   Trainable params: 11,309,130
09:14:51 | INFO |   [finetune] epoch 1/25 | train_total=1.0262 (comp=0.8928 aux=0.4445) | val_loss=0.8729 | val_stone_mae=0.1957 | val_stone_dom_acc=0.621 | 51s
09:15:41 | INFO |   [finetune] epoch 2/25 | train_total=1.0113 (comp=0.8816 aux=0.4323) | val_loss=0.8487 | val_stone_mae=0.1980 | val_stone_dom_acc=0.591 | 51s
09:16:32 | INFO |   [finetune] epoch 3/25 | train_total=0.9491 (comp=0.8235 aux=0.4187) | val_loss=0.8371 | val_stone_mae=0.1782 | val_stone_dom_acc=0.636 | 51s
09:17:23 | INFO |   [finetune] epoch 4/25 | train_total=0.8970 (comp=0.7770 aux=0.4002) | val_loss=0.8854 | val_stone_mae=0.1742 | val_stone_dom_acc=0.591 | 51s
09:18:13 | INFO |   [finetune] epoch 5/25 | train_total=0.8828 (comp=0.7650 aux=0.3927) | val_loss=0.8115 | val_stone_mae=0.1789 | val_stone_dom_acc=0.697 | 51s
09:19:04 | INFO |   [finetune] epoch 6/25 | train_total=0.8644 (comp=0.7461 aux=0.3944) | val_loss=0.8320 | val_stone_mae=0.1725 | val_stone_dom_acc=0.652 | 51s
09:19:55 | INFO |   [finetune] epoch 7/25 | train_total=0.8767 (comp=0.7595 aux=0.3906) | val_loss=0.7980 | val_stone_mae=0.1737 | val_stone_dom_acc=0.667 | 51s
09:20:45 | INFO |   [finetune] epoch 8/25 | train_total=0.8562 (comp=0.7416 aux=0.3821) | val_loss=0.8988 | val_stone_mae=0.1725 | val_stone_dom_acc=0.561 | 50s
09:21:36 | INFO |   [finetune] epoch 9/25 | train_total=0.8373 (comp=0.7250 aux=0.3743) | val_loss=0.8034 | val_stone_mae=0.1701 | val_stone_dom_acc=0.682 | 51s
09:22:26 | INFO |   [finetune] epoch 10/25 | train_total=0.8015 (comp=0.6924 aux=0.3637) | val_loss=0.7891 | val_stone_mae=0.1670 | val_stone_dom_acc=0.667 | 50s
09:23:17 | INFO |   [finetune] epoch 11/25 | train_total=0.7782 (comp=0.6696 aux=0.3620) | val_loss=0.7719 | val_stone_mae=0.1640 | val_stone_dom_acc=0.652 | 50s
09:24:07 | INFO |   [finetune] epoch 12/25 | train_total=0.7353 (comp=0.6290 aux=0.3540) | val_loss=0.7736 | val_stone_mae=0.1616 | val_stone_dom_acc=0.636 | 51s
09:24:58 | INFO |   [finetune] epoch 13/25 | train_total=0.7363 (comp=0.6280 aux=0.3608) | val_loss=0.7599 | val_stone_mae=0.1638 | val_stone_dom_acc=0.636 | 50s
09:25:48 | INFO |   [finetune] epoch 14/25 | train_total=0.7486 (comp=0.6445 aux=0.3472) | val_loss=0.7349 | val_stone_mae=0.1599 | val_stone_dom_acc=0.667 | 51s
09:26:39 | INFO |   [finetune] epoch 15/25 | train_total=0.7105 (comp=0.6069 aux=0.3454) | val_loss=0.7883 | val_stone_mae=0.1575 | val_stone_dom_acc=0.652 | 51s
09:27:29 | INFO |   [finetune] epoch 16/25 | train_total=0.7109 (comp=0.6060 aux=0.3495) | val_loss=0.7158 | val_stone_mae=0.1590 | val_stone_dom_acc=0.652 | 50s
09:28:20 | INFO |   [finetune] epoch 17/25 | train_total=0.7157 (comp=0.6147 aux=0.3369) | val_loss=0.7629 | val_stone_mae=0.1548 | val_stone_dom_acc=0.697 | 50s
09:29:10 | INFO |   [finetune] epoch 18/25 | train_total=0.7038 (comp=0.6009 aux=0.3430) | val_loss=0.7368 | val_stone_mae=0.1546 | val_stone_dom_acc=0.712 | 50s
09:30:00 | INFO |   [finetune] epoch 19/25 | train_total=0.6606 (comp=0.5618 aux=0.3294) | val_loss=0.7223 | val_stone_mae=0.1498 | val_stone_dom_acc=0.712 | 50s
09:30:51 | INFO |   [finetune] epoch 20/25 | train_total=0.6560 (comp=0.5573 aux=0.3289) | val_loss=0.6821 | val_stone_mae=0.1465 | val_stone_dom_acc=0.667 | 50s
09:31:41 | INFO |   [finetune] epoch 21/25 | train_total=0.6474 (comp=0.5502 aux=0.3240) | val_loss=0.6958 | val_stone_mae=0.1475 | val_stone_dom_acc=0.712 | 50s
09:32:31 | INFO |   [finetune] epoch 22/25 | train_total=0.6531 (comp=0.5546 aux=0.3282) | val_loss=0.6911 | val_stone_mae=0.1456 | val_stone_dom_acc=0.667 | 50s
09:33:21 | INFO |   [finetune] epoch 23/25 | train_total=0.6484 (comp=0.5534 aux=0.3168) | val_loss=0.6936 | val_stone_mae=0.1423 | val_stone_dom_acc=0.667 | 50s
09:34:12 | INFO |   [finetune] epoch 24/25 | train_total=0.5993 (comp=0.5061 aux=0.3106) | val_loss=0.6987 | val_stone_mae=0.1426 | val_stone_dom_acc=0.682 | 51s
09:35:02 | INFO |   [finetune] epoch 25/25 | train_total=0.5757 (comp=0.4849 aux=0.3026) | val_loss=0.6687 | val_stone_mae=0.1462 | val_stone_dom_acc=0.682 | 51s
09:35:03 | INFO | Fold 0 done. best_val_loss=0.6687 | stone_mae=0.1462 | stone_dom_acc=0.682 | stone_aitchison=10.9045
09:35:03 | INFO | === Fold 1 ===
09:35:03 | INFO | Built SimpleCompositionModel: resnet18 backbone + single shared head + presence detection head (11,309,130 params total)
09:35:03 | INFO | Fold 1 — Phase 1: frozen backbone, 5 epochs
09:35:03 | INFO |   Trainable params: 132,618
09:35:54 | INFO |   [frozen] epoch 1/5 | train_total=1.2716 (comp=1.1076 aux=0.5468) | val_loss=1.0579 | val_stone_mae=0.2334 | val_stone_dom_acc=0.500 | 51s
09:36:45 | INFO |   [frozen] epoch 2/5 | train_total=1.1618 (comp=1.0104 aux=0.5045) | val_loss=0.9741 | val_stone_mae=0.2203 | val_stone_dom_acc=0.515 | 51s
09:37:36 | INFO |   [frozen] epoch 3/5 | train_total=1.0926 (comp=0.9488 aux=0.4795) | val_loss=0.9317 | val_stone_mae=0.2025 | val_stone_dom_acc=0.545 | 51s
09:38:26 | INFO |   [frozen] epoch 4/5 | train_total=1.0656 (comp=0.9256 aux=0.4669) | val_loss=0.9626 | val_stone_mae=0.1970 | val_stone_dom_acc=0.500 | 51s
09:39:17 | INFO |   [frozen] epoch 5/5 | train_total=1.0416 (comp=0.9050 aux=0.4552) | val_loss=0.9625 | val_stone_mae=0.1903 | val_stone_dom_acc=0.515 | 51s
09:39:17 | INFO | Fold 1 — Phase 2: fine-tune, 25 epochs
09:39:17 | INFO |   Trainable params: 11,309,130
09:40:08 | INFO |   [finetune] epoch 1/25 | train_total=1.0283 (comp=0.8942 aux=0.4469) | val_loss=0.8828 | val_stone_mae=0.1888 | val_stone_dom_acc=0.545 | 51s
09:41:00 | INFO |   [finetune] epoch 2/25 | train_total=0.9924 (comp=0.8611 aux=0.4376) | val_loss=0.8767 | val_stone_mae=0.1809 | val_stone_dom_acc=0.545 | 51s
09:41:51 | INFO |   [finetune] epoch 3/25 | train_total=0.9481 (comp=0.8196 aux=0.4286) | val_loss=0.8323 | val_stone_mae=0.1770 | val_stone_dom_acc=0.576 | 51s
09:42:42 | INFO |   [finetune] epoch 4/25 | train_total=0.9232 (comp=0.7984 aux=0.4161) | val_loss=0.7893 | val_stone_mae=0.1774 | val_stone_dom_acc=0.576 | 51s
09:43:33 | INFO |   [finetune] epoch 5/25 | train_total=0.8918 (comp=0.7705 aux=0.4041) | val_loss=0.8517 | val_stone_mae=0.1771 | val_stone_dom_acc=0.561 | 51s
09:44:24 | INFO |   [finetune] epoch 6/25 | train_total=0.8851 (comp=0.7647 aux=0.4013) | val_loss=0.9975 | val_stone_mae=0.1727 | val_stone_dom_acc=0.515 | 51s
09:45:15 | INFO |   [finetune] epoch 7/25 | train_total=0.8847 (comp=0.7617 aux=0.4102) | val_loss=0.7907 | val_stone_mae=0.1734 | val_stone_dom_acc=0.636 | 51s
09:46:06 | INFO |   [finetune] epoch 8/25 | train_total=0.8404 (comp=0.7241 aux=0.3875) | val_loss=0.8296 | val_stone_mae=0.1683 | val_stone_dom_acc=0.591 | 51s
09:46:57 | INFO |   [finetune] epoch 9/25 | train_total=0.8148 (comp=0.7010 aux=0.3791) | val_loss=0.8608 | val_stone_mae=0.1693 | val_stone_dom_acc=0.606 | 50s
09:47:47 | INFO |   [finetune] epoch 10/25 | train_total=0.7811 (comp=0.6707 aux=0.3680) | val_loss=0.8725 | val_stone_mae=0.1659 | val_stone_dom_acc=0.606 | 50s
09:48:38 | INFO |   [finetune] epoch 11/25 | train_total=0.7461 (comp=0.6364 aux=0.3659) | val_loss=0.8115 | val_stone_mae=0.1657 | val_stone_dom_acc=0.606 | 50s
09:48:38 | INFO |   Early stopping (no improvement for 7 epochs)
09:48:38 | INFO | Fold 1 done. best_val_loss=0.7893 | stone_mae=0.1774 | stone_dom_acc=0.576 | stone_aitchison=11.3738
09:48:38 | INFO | === Fold 2 ===
09:48:38 | INFO | Built SimpleCompositionModel: resnet18 backbone + single shared head + presence detection head (11,309,130 params total)
09:48:38 | INFO | Fold 2 — Phase 1: frozen backbone, 5 epochs
09:48:38 | INFO |   Trainable params: 132,618
09:49:28 | INFO |   [frozen] epoch 1/5 | train_total=1.2844 (comp=1.1190 aux=0.5515) | val_loss=1.0992 | val_stone_mae=0.2530 | val_stone_dom_acc=0.500 | 50s
09:50:18 | INFO |   [frozen] epoch 2/5 | train_total=1.1354 (comp=0.9860 aux=0.4983) | val_loss=1.0154 | val_stone_mae=0.2201 | val_stone_dom_acc=0.515 | 50s
09:51:07 | INFO |   [frozen] epoch 3/5 | train_total=1.1017 (comp=0.9567 aux=0.4833) | val_loss=0.9777 | val_stone_mae=0.2181 | val_stone_dom_acc=0.515 | 49s
09:51:56 | INFO |   [frozen] epoch 4/5 | train_total=1.0753 (comp=0.9359 aux=0.4647) | val_loss=0.9977 | val_stone_mae=0.2055 | val_stone_dom_acc=0.515 | 49s
09:52:46 | INFO |   [frozen] epoch 5/5 | train_total=1.0395 (comp=0.9024 aux=0.4570) | val_loss=0.9286 | val_stone_mae=0.2099 | val_stone_dom_acc=0.545 | 50s
09:52:46 | INFO | Fold 2 — Phase 2: fine-tune, 25 epochs
09:52:46 | INFO |   Trainable params: 11,309,130
09:53:37 | INFO |   [finetune] epoch 1/25 | train_total=1.0265 (comp=0.8933 aux=0.4441) | val_loss=0.8980 | val_stone_mae=0.2067 | val_stone_dom_acc=0.545 | 50s
09:54:27 | INFO |   [finetune] epoch 2/25 | train_total=0.9829 (comp=0.8536 aux=0.4308) | val_loss=0.8583 | val_stone_mae=0.1885 | val_stone_dom_acc=0.591 | 50s
09:55:17 | INFO |   [finetune] epoch 3/25 | train_total=0.9661 (comp=0.8389 aux=0.4242) | val_loss=0.8234 | val_stone_mae=0.1840 | val_stone_dom_acc=0.621 | 50s
09:56:07 | INFO |   [finetune] epoch 4/25 | train_total=0.9240 (comp=0.7987 aux=0.4177) | val_loss=0.8492 | val_stone_mae=0.1785 | val_stone_dom_acc=0.576 | 50s
09:56:57 | INFO |   [finetune] epoch 5/25 | train_total=0.8889 (comp=0.7692 aux=0.3990) | val_loss=0.7807 | val_stone_mae=0.1774 | val_stone_dom_acc=0.621 | 50s
09:57:48 | INFO |   [finetune] epoch 6/25 | train_total=0.8431 (comp=0.7262 aux=0.3895) | val_loss=0.7656 | val_stone_mae=0.1765 | val_stone_dom_acc=0.652 | 50s
09:58:38 | INFO |   [finetune] epoch 7/25 | train_total=0.8880 (comp=0.7692 aux=0.3958) | val_loss=0.7529 | val_stone_mae=0.1694 | val_stone_dom_acc=0.712 | 50s
09:59:28 | INFO |   [finetune] epoch 8/25 | train_total=0.8559 (comp=0.7414 aux=0.3817) | val_loss=0.7523 | val_stone_mae=0.1651 | val_stone_dom_acc=0.682 | 50s
10:00:18 | INFO |   [finetune] epoch 9/25 | train_total=0.8533 (comp=0.7392 aux=0.3803) | val_loss=0.7415 | val_stone_mae=0.1715 | val_stone_dom_acc=0.652 | 50s
10:01:09 | INFO |   [finetune] epoch 10/25 | train_total=0.8092 (comp=0.6964 aux=0.3759) | val_loss=0.7116 | val_stone_mae=0.1672 | val_stone_dom_acc=0.727 | 50s
10:01:59 | INFO |   [finetune] epoch 11/25 | train_total=0.8086 (comp=0.6964 aux=0.3740) | val_loss=0.7055 | val_stone_mae=0.1649 | val_stone_dom_acc=0.742 | 50s
10:02:49 | INFO |   [finetune] epoch 12/25 | train_total=0.7867 (comp=0.6784 aux=0.3610) | val_loss=0.7035 | val_stone_mae=0.1668 | val_stone_dom_acc=0.712 | 50s
10:03:39 | INFO |   [finetune] epoch 13/25 | train_total=0.7902 (comp=0.6804 aux=0.3660) | val_loss=0.7594 | val_stone_mae=0.1574 | val_stone_dom_acc=0.682 | 50s
10:04:29 | INFO |   [finetune] epoch 14/25 | train_total=0.7727 (comp=0.6639 aux=0.3628) | val_loss=0.6883 | val_stone_mae=0.1605 | val_stone_dom_acc=0.742 | 50s
10:05:20 | INFO |   [finetune] epoch 15/25 | train_total=0.7402 (comp=0.6327 aux=0.3581) | val_loss=0.7452 | val_stone_mae=0.1521 | val_stone_dom_acc=0.712 | 50s
10:06:10 | INFO |   [finetune] epoch 16/25 | train_total=0.7256 (comp=0.6194 aux=0.3540) | val_loss=0.6851 | val_stone_mae=0.1583 | val_stone_dom_acc=0.727 | 50s
10:07:00 | INFO |   [finetune] epoch 17/25 | train_total=0.7269 (comp=0.6218 aux=0.3503) | val_loss=0.7441 | val_stone_mae=0.1491 | val_stone_dom_acc=0.667 | 50s
10:07:50 | INFO |   [finetune] epoch 18/25 | train_total=0.6952 (comp=0.5951 aux=0.3340) | val_loss=0.6909 | val_stone_mae=0.1547 | val_stone_dom_acc=0.742 | 50s
10:08:40 | INFO |   [finetune] epoch 19/25 | train_total=0.6993 (comp=0.5997 aux=0.3321) | val_loss=0.7148 | val_stone_mae=0.1480 | val_stone_dom_acc=0.742 | 50s
10:09:30 | INFO |   [finetune] epoch 20/25 | train_total=0.6766 (comp=0.5789 aux=0.3254) | val_loss=0.6801 | val_stone_mae=0.1428 | val_stone_dom_acc=0.742 | 50s
10:10:20 | INFO |   [finetune] epoch 21/25 | train_total=0.6881 (comp=0.5881 aux=0.3336) | val_loss=0.6378 | val_stone_mae=0.1535 | val_stone_dom_acc=0.727 | 50s
10:11:10 | INFO |   [finetune] epoch 22/25 | train_total=0.6789 (comp=0.5791 aux=0.3324) | val_loss=0.6496 | val_stone_mae=0.1368 | val_stone_dom_acc=0.758 | 50s
10:12:01 | INFO |   [finetune] epoch 23/25 | train_total=0.6659 (comp=0.5694 aux=0.3216) | val_loss=0.6573 | val_stone_mae=0.1479 | val_stone_dom_acc=0.758 | 50s
10:12:51 | INFO |   [finetune] epoch 24/25 | train_total=0.6596 (comp=0.5629 aux=0.3223) | val_loss=0.6682 | val_stone_mae=0.1394 | val_stone_dom_acc=0.742 | 50s
10:13:41 | INFO |   [finetune] epoch 25/25 | train_total=0.6524 (comp=0.5571 aux=0.3177) | val_loss=0.6566 | val_stone_mae=0.1380 | val_stone_dom_acc=0.742 | 50s
10:13:41 | INFO | Fold 2 done. best_val_loss=0.6378 | stone_mae=0.1535 | stone_dom_acc=0.727 | stone_aitchison=10.7761
10:13:41 | INFO | === Fold 3 ===
10:13:41 | INFO | Built SimpleCompositionModel: resnet18 backbone + single shared head + presence detection head (11,309,130 params total)
10:13:41 | INFO | Fold 3 — Phase 1: frozen backbone, 5 epochs
10:13:41 | INFO |   Trainable params: 132,618
10:14:31 | INFO |   [frozen] epoch 1/5 | train_total=1.2796 (comp=1.1159 aux=0.5459) | val_loss=0.9808 | val_stone_mae=0.2252 | val_stone_dom_acc=0.492 | 50s
10:15:21 | INFO |   [frozen] epoch 2/5 | train_total=1.1357 (comp=0.9910 aux=0.4825) | val_loss=0.9367 | val_stone_mae=0.2137 | val_stone_dom_acc=0.600 | 50s
10:16:11 | INFO |   [frozen] epoch 3/5 | train_total=1.0813 (comp=0.9406 aux=0.4690) | val_loss=0.8940 | val_stone_mae=0.1935 | val_stone_dom_acc=0.662 | 50s
10:17:00 | INFO |   [frozen] epoch 4/5 | train_total=1.0448 (comp=0.9090 aux=0.4528) | val_loss=0.8895 | val_stone_mae=0.1929 | val_stone_dom_acc=0.631 | 50s
10:17:50 | INFO |   [frozen] epoch 5/5 | train_total=1.0351 (comp=0.9029 aux=0.4406) | val_loss=0.8632 | val_stone_mae=0.1969 | val_stone_dom_acc=0.662 | 50s
10:17:50 | INFO | Fold 3 — Phase 2: fine-tune, 25 epochs
10:17:50 | INFO |   Trainable params: 11,309,130
10:18:40 | INFO |   [finetune] epoch 1/25 | train_total=1.0188 (comp=0.8861 aux=0.4424) | val_loss=0.8664 | val_stone_mae=0.1890 | val_stone_dom_acc=0.631 | 50s
10:19:29 | INFO |   [finetune] epoch 2/25 | train_total=0.9748 (comp=0.8475 aux=0.4243) | val_loss=0.8362 | val_stone_mae=0.1792 | val_stone_dom_acc=0.662 | 50s
10:20:19 | INFO |   [finetune] epoch 3/25 | train_total=0.9241 (comp=0.8002 aux=0.4130) | val_loss=0.8962 | val_stone_mae=0.1696 | val_stone_dom_acc=0.585 | 50s
10:21:09 | INFO |   [finetune] epoch 4/25 | train_total=0.9005 (comp=0.7779 aux=0.4084) | val_loss=0.8102 | val_stone_mae=0.1711 | val_stone_dom_acc=0.662 | 50s
10:21:59 | INFO |   [finetune] epoch 5/25 | train_total=0.8805 (comp=0.7614 aux=0.3970) | val_loss=0.7947 | val_stone_mae=0.1792 | val_stone_dom_acc=0.646 | 50s
10:22:48 | INFO |   [finetune] epoch 6/25 | train_total=0.8843 (comp=0.7654 aux=0.3963) | val_loss=0.8037 | val_stone_mae=0.1661 | val_stone_dom_acc=0.662 | 49s
10:23:38 | INFO |   [finetune] epoch 7/25 | train_total=0.8754 (comp=0.7596 aux=0.3860) | val_loss=0.7933 | val_stone_mae=0.1643 | val_stone_dom_acc=0.692 | 50s
10:24:28 | INFO |   [finetune] epoch 8/25 | train_total=0.8644 (comp=0.7488 aux=0.3851) | val_loss=0.8470 | val_stone_mae=0.1650 | val_stone_dom_acc=0.554 | 50s
10:25:18 | INFO |   [finetune] epoch 9/25 | train_total=0.8403 (comp=0.7285 aux=0.3727) | val_loss=0.8277 | val_stone_mae=0.1596 | val_stone_dom_acc=0.631 | 50s
10:26:07 | INFO |   [finetune] epoch 10/25 | train_total=0.7913 (comp=0.6821 aux=0.3641) | val_loss=0.7652 | val_stone_mae=0.1578 | val_stone_dom_acc=0.708 | 50s
10:26:57 | INFO |   [finetune] epoch 11/25 | train_total=0.7911 (comp=0.6812 aux=0.3664) | val_loss=0.7883 | val_stone_mae=0.1564 | val_stone_dom_acc=0.708 | 50s
10:27:47 | INFO |   [finetune] epoch 12/25 | train_total=0.7824 (comp=0.6743 aux=0.3601) | val_loss=0.8022 | val_stone_mae=0.1514 | val_stone_dom_acc=0.662 | 50s
10:28:36 | INFO |   [finetune] epoch 13/25 | train_total=0.7681 (comp=0.6601 aux=0.3602) | val_loss=0.7341 | val_stone_mae=0.1566 | val_stone_dom_acc=0.692 | 50s
10:29:26 | INFO |   [finetune] epoch 14/25 | train_total=0.7616 (comp=0.6562 aux=0.3514) | val_loss=0.7752 | val_stone_mae=0.1685 | val_stone_dom_acc=0.662 | 50s
10:30:16 | INFO |   [finetune] epoch 15/25 | train_total=0.7417 (comp=0.6374 aux=0.3474) | val_loss=0.7600 | val_stone_mae=0.1548 | val_stone_dom_acc=0.677 | 50s
10:31:05 | INFO |   [finetune] epoch 16/25 | train_total=0.7251 (comp=0.6232 aux=0.3398) | val_loss=0.7406 | val_stone_mae=0.1565 | val_stone_dom_acc=0.692 | 50s
10:31:55 | INFO |   [finetune] epoch 17/25 | train_total=0.7039 (comp=0.6030 aux=0.3365) | val_loss=0.7334 | val_stone_mae=0.1606 | val_stone_dom_acc=0.708 | 50s
10:32:44 | INFO |   [finetune] epoch 18/25 | train_total=0.7129 (comp=0.6130 aux=0.3331) | val_loss=0.6994 | val_stone_mae=0.1562 | val_stone_dom_acc=0.708 | 50s
10:33:34 | INFO |   [finetune] epoch 19/25 | train_total=0.6739 (comp=0.5763 aux=0.3254) | val_loss=0.7529 | val_stone_mae=0.1473 | val_stone_dom_acc=0.692 | 50s
10:34:24 | INFO |   [finetune] epoch 20/25 | train_total=0.6434 (comp=0.5459 aux=0.3250) | val_loss=0.7028 | val_stone_mae=0.1490 | val_stone_dom_acc=0.738 | 49s
10:35:13 | INFO |   [finetune] epoch 21/25 | train_total=0.6568 (comp=0.5593 aux=0.3253) | val_loss=0.7055 | val_stone_mae=0.1450 | val_stone_dom_acc=0.738 | 49s
10:36:02 | INFO |   [finetune] epoch 22/25 | train_total=0.6275 (comp=0.5341 aux=0.3113) | val_loss=0.7356 | val_stone_mae=0.1384 | val_stone_dom_acc=0.677 | 49s
10:36:52 | INFO |   [finetune] epoch 23/25 | train_total=0.6475 (comp=0.5556 aux=0.3061) | val_loss=0.7974 | val_stone_mae=0.1444 | val_stone_dom_acc=0.708 | 49s
10:37:41 | INFO |   [finetune] epoch 24/25 | train_total=0.5991 (comp=0.5074 aux=0.3055) | val_loss=0.7233 | val_stone_mae=0.1457 | val_stone_dom_acc=0.692 | 49s
10:38:30 | INFO |   [finetune] epoch 25/25 | train_total=0.5887 (comp=0.5003 aux=0.2947) | val_loss=0.7202 | val_stone_mae=0.1462 | val_stone_dom_acc=0.723 | 49s
10:38:30 | INFO |   Early stopping (no improvement for 7 epochs)
10:38:30 | INFO | Fold 3 done. best_val_loss=0.6994 | stone_mae=0.1562 | stone_dom_acc=0.708 | stone_aitchison=11.3842
10:38:30 | INFO | === Fold 4 ===
10:38:30 | INFO | Built SimpleCompositionModel: resnet18 backbone + single shared head + presence detection head (11,309,130 params total)
10:38:30 | INFO | Fold 4 — Phase 1: frozen backbone, 5 epochs
10:38:30 | INFO |   Trainable params: 132,618
10:39:21 | INFO |   [frozen] epoch 1/5 | train_total=1.3160 (comp=1.1525 aux=0.5452) | val_loss=1.0310 | val_stone_mae=0.2431 | val_stone_dom_acc=0.508 | 50s
10:40:11 | INFO |   [frozen] epoch 2/5 | train_total=1.1625 (comp=1.0150 aux=0.4916) | val_loss=0.9179 | val_stone_mae=0.2110 | val_stone_dom_acc=0.569 | 50s
10:41:01 | INFO |   [frozen] epoch 3/5 | train_total=1.1188 (comp=0.9781 aux=0.4691) | val_loss=0.9142 | val_stone_mae=0.2005 | val_stone_dom_acc=0.492 | 50s
10:41:51 | INFO |   [frozen] epoch 4/5 | train_total=1.0924 (comp=0.9555 aux=0.4565) | val_loss=0.8741 | val_stone_mae=0.2030 | val_stone_dom_acc=0.569 | 50s
10:42:40 | INFO |   [frozen] epoch 5/5 | train_total=1.0571 (comp=0.9220 aux=0.4507) | val_loss=0.8758 | val_stone_mae=0.1991 | val_stone_dom_acc=0.600 | 50s
10:42:40 | INFO | Fold 4 — Phase 2: fine-tune, 25 epochs
10:42:40 | INFO |   Trainable params: 11,309,130
10:43:30 | INFO |   [finetune] epoch 1/25 | train_total=1.0475 (comp=0.9145 aux=0.4433) | val_loss=0.9787 | val_stone_mae=0.1868 | val_stone_dom_acc=0.492 | 50s
10:44:20 | INFO |   [finetune] epoch 2/25 | train_total=1.0130 (comp=0.8821 aux=0.4366) | val_loss=0.8347 | val_stone_mae=0.1821 | val_stone_dom_acc=0.554 | 50s
10:45:10 | INFO |   [finetune] epoch 3/25 | train_total=0.9359 (comp=0.8127 aux=0.4105) | val_loss=0.8101 | val_stone_mae=0.1818 | val_stone_dom_acc=0.585 | 50s
10:46:00 | INFO |   [finetune] epoch 4/25 | train_total=0.9292 (comp=0.8073 aux=0.4064) | val_loss=0.8665 | val_stone_mae=0.1732 | val_stone_dom_acc=0.523 | 50s
10:46:50 | INFO |   [finetune] epoch 5/25 | train_total=0.9111 (comp=0.7910 aux=0.4005) | val_loss=0.8707 | val_stone_mae=0.1710 | val_stone_dom_acc=0.538 | 50s
10:47:40 | INFO |   [finetune] epoch 6/25 | train_total=0.8938 (comp=0.7761 aux=0.3922) | val_loss=0.8057 | val_stone_mae=0.1719 | val_stone_dom_acc=0.585 | 50s
10:48:29 | INFO |   [finetune] epoch 7/25 | train_total=0.8187 (comp=0.7051 aux=0.3786) | val_loss=0.8197 | val_stone_mae=0.1701 | val_stone_dom_acc=0.600 | 50s
10:49:19 | INFO |   [finetune] epoch 8/25 | train_total=0.8336 (comp=0.7197 aux=0.3795) | val_loss=0.7958 | val_stone_mae=0.1702 | val_stone_dom_acc=0.585 | 50s
10:50:09 | INFO |   [finetune] epoch 9/25 | train_total=0.8053 (comp=0.6936 aux=0.3722) | val_loss=0.7862 | val_stone_mae=0.1648 | val_stone_dom_acc=0.615 | 50s
10:50:59 | INFO |   [finetune] epoch 10/25 | train_total=0.7796 (comp=0.6688 aux=0.3693) | val_loss=0.8138 | val_stone_mae=0.1674 | val_stone_dom_acc=0.600 | 50s
10:51:48 | INFO |   [finetune] epoch 11/25 | train_total=0.7730 (comp=0.6655 aux=0.3582) | val_loss=0.7446 | val_stone_mae=0.1627 | val_stone_dom_acc=0.615 | 50s
10:52:38 | INFO |   [finetune] epoch 12/25 | train_total=0.7432 (comp=0.6361 aux=0.3571) | val_loss=0.8167 | val_stone_mae=0.1601 | val_stone_dom_acc=0.585 | 50s
10:53:28 | INFO |   [finetune] epoch 13/25 | train_total=0.7441 (comp=0.6376 aux=0.3550) | val_loss=0.8243 | val_stone_mae=0.1606 | val_stone_dom_acc=0.569 | 50s
10:54:18 | INFO |   [finetune] epoch 14/25 | train_total=0.7383 (comp=0.6326 aux=0.3522) | val_loss=0.7663 | val_stone_mae=0.1590 | val_stone_dom_acc=0.600 | 50s
10:55:07 | INFO |   [finetune] epoch 15/25 | train_total=0.7137 (comp=0.6118 aux=0.3398) | val_loss=0.7580 | val_stone_mae=0.1544 | val_stone_dom_acc=0.646 | 50s
10:55:57 | INFO |   [finetune] epoch 16/25 | train_total=0.7052 (comp=0.6032 aux=0.3398) | val_loss=0.8090 | val_stone_mae=0.1569 | val_stone_dom_acc=0.600 | 50s
10:56:47 | INFO |   [finetune] epoch 17/25 | train_total=0.6824 (comp=0.5847 aux=0.3260) | val_loss=0.7503 | val_stone_mae=0.1521 | val_stone_dom_acc=0.677 | 50s
10:57:37 | INFO |   [finetune] epoch 18/25 | train_total=0.6614 (comp=0.5641 aux=0.3242) | val_loss=0.7884 | val_stone_mae=0.1511 | val_stone_dom_acc=0.615 | 50s
10:57:37 | INFO |   Early stopping (no improvement for 7 epochs)
10:57:37 | INFO | Fold 4 done. best_val_loss=0.7446 | stone_mae=0.1627 | stone_dom_acc=0.615 | stone_aitchison=11.2689
10:57:37 | INFO | Cross-fold results:
10:57:37 | INFO |   best_stone_mae_overall: 0.1592 ± 0.0118
10:57:37 | INFO |   best_stone_dominant_acc: 0.6616 ± 0.0639
10:57:37 | INFO |   best_stone_aitchison: 11.1415 ± 0.2823
10:57:37 | INFO | === Held-out test set evaluation ===
10:57:37 | INFO | Built SimpleCompositionModel: resnet18 backbone + single shared head + presence detection head (11,309,130 params total)
10:57:54 | INFO |   Fold 0 test: stone_mae=0.1638 | stone_dom_acc=0.634 | stone_aitchison=11.2803
10:57:54 | INFO | Built SimpleCompositionModel: resnet18 backbone + single shared head + presence detection head (11,309,130 params total)
10:58:11 | INFO |   Fold 1 test: stone_mae=0.1886 | stone_dom_acc=0.573 | stone_aitchison=11.7408
10:58:11 | INFO | Built SimpleCompositionModel: resnet18 backbone + single shared head + presence detection head (11,309,130 params total)
10:58:28 | INFO |   Fold 2 test: stone_mae=0.1740 | stone_dom_acc=0.646 | stone_aitchison=11.4538
10:58:28 | INFO | Built SimpleCompositionModel: resnet18 backbone + single shared head + presence detection head (11,309,130 params total)
10:58:45 | INFO |   Fold 3 test: stone_mae=0.1691 | stone_dom_acc=0.646 | stone_aitchison=11.3639
10:58:45 | INFO | Built SimpleCompositionModel: resnet18 backbone + single shared head + presence detection head (11,309,130 params total)
10:59:02 | INFO |   Fold 4 test: stone_mae=0.1750 | stone_dom_acc=0.598 | stone_aitchison=11.3940
10:59:02 | INFO | Test set summary (mean ± std across folds):
10:59:02 | INFO |   stone_mae_overall: 0.1741 ± 0.0093
10:59:02 | INFO |   stone_dominant_acc: 0.6195 ± 0.0327
10:59:02 | INFO |   stone_aitchison: 11.4466 ± 0.1760
10:59:07 | INFO | Device: cuda
10:59:07 | INFO | cuDNN benchmark enabled
10:59:08 | INFO | Skipped 21 rows with no composition data
10:59:08 | WARNING | Skipped 2 rows whose image files are missing
10:59:09 | INFO | Built 1240 compositional samples from 414 stones
10:59:09 | INFO | Excluded classes ['OTH'] → 5 classes remaining, 410 stones
10:59:09 | INFO | Test holdout: 82 stones (40 pure / 42 mixed, 246 images). Train+val pool: 328 stones (982 images).
10:59:09 | INFO | --random-labels: stone-level composition vectors have been shuffled (baseline mode)
10:59:09 | INFO |   Fold 0: train=262 stones (128 pure / 134 mixed, 785 images), val=66 stones (33 pure / 33 mixed, 197 images)
10:59:09 | INFO |   Fold 1: train=262 stones (129 pure / 133 mixed, 784 images), val=66 stones (32 pure / 34 mixed, 198 images)
10:59:09 | INFO |   Fold 2: train=262 stones (129 pure / 133 mixed, 785 images), val=66 stones (32 pure / 34 mixed, 197 images)
10:59:09 | INFO |   Fold 3: train=263 stones (129 pure / 134 mixed, 787 images), val=65 stones (32 pure / 33 mixed, 195 images)
10:59:09 | INFO |   Fold 4: train=263 stones (129 pure / 134 mixed, 787 images), val=65 stones (32 pure / 33 mixed, 195 images)
10:59:09 | INFO | Model type: simple_random  |  checkpoints → /gpfs/home3/ddboer/umc_thesis/outputs/checkpoints/composition
10:59:09 | INFO | use_weighted_kl=false — using standard (unweighted) KL divergence
10:59:09 | INFO | === Fold 0 ===
10:59:09 | INFO | Built SimpleCompositionModel: resnet18 backbone + single shared head + presence detection head (11,309,130 params total)
10:59:10 | INFO | Fold 0 — Phase 1: frozen backbone, 5 epochs
10:59:10 | INFO |   Trainable params: 132,618
11:00:00 | INFO |   [frozen] epoch 1/5 | train_total=1.3104 (comp=1.1468 aux=0.5454) | val_loss=1.0556 | val_stone_mae=0.2392 | val_stone_dom_acc=0.500 | 51s
11:00:51 | INFO |   [frozen] epoch 2/5 | train_total=1.3006 (comp=1.1442 aux=0.5212) | val_loss=1.0191 | val_stone_mae=0.2340 | val_stone_dom_acc=0.500 | 50s
11:01:42 | INFO |   [frozen] epoch 3/5 | train_total=1.2427 (comp=1.0899 aux=0.5091) | val_loss=1.0048 | val_stone_mae=0.2261 | val_stone_dom_acc=0.500 | 51s
11:02:32 | INFO |   [frozen] epoch 4/5 | train_total=1.2356 (comp=1.0869 aux=0.4959) | val_loss=1.0104 | val_stone_mae=0.2270 | val_stone_dom_acc=0.485 | 50s
11:03:22 | INFO |   [frozen] epoch 5/5 | train_total=1.2111 (comp=1.0625 aux=0.4954) | val_loss=1.0275 | val_stone_mae=0.2362 | val_stone_dom_acc=0.470 | 50s
11:03:22 | INFO | Fold 0 — Phase 2: fine-tune, 25 epochs
11:03:22 | INFO |   Trainable params: 11,309,130
11:04:13 | INFO |   [finetune] epoch 1/25 | train_total=1.2315 (comp=1.0815 aux=0.4998) | val_loss=1.0262 | val_stone_mae=0.2360 | val_stone_dom_acc=0.485 | 50s
11:05:03 | INFO |   [finetune] epoch 2/25 | train_total=1.2187 (comp=1.0715 aux=0.4908) | val_loss=1.0111 | val_stone_mae=0.2289 | val_stone_dom_acc=0.470 | 50s
11:05:53 | INFO |   [finetune] epoch 3/25 | train_total=1.2162 (comp=1.0679 aux=0.4944) | val_loss=1.0059 | val_stone_mae=0.2276 | val_stone_dom_acc=0.470 | 50s
11:06:44 | INFO |   [finetune] epoch 4/25 | train_total=1.2047 (comp=1.0562 aux=0.4951) | val_loss=1.0098 | val_stone_mae=0.2268 | val_stone_dom_acc=0.455 | 50s
11:07:34 | INFO |   [finetune] epoch 5/25 | train_total=1.1749 (comp=1.0302 aux=0.4823) | val_loss=1.0096 | val_stone_mae=0.2251 | val_stone_dom_acc=0.455 | 51s
11:08:25 | INFO |   [finetune] epoch 6/25 | train_total=1.1697 (comp=1.0247 aux=0.4834) | val_loss=1.0195 | val_stone_mae=0.2241 | val_stone_dom_acc=0.455 | 50s
11:09:15 | INFO |   [finetune] epoch 7/25 | train_total=1.1839 (comp=1.0408 aux=0.4771) | val_loss=1.0256 | val_stone_mae=0.2297 | val_stone_dom_acc=0.455 | 50s
11:10:05 | INFO |   [finetune] epoch 8/25 | train_total=1.1537 (comp=1.0112 aux=0.4751) | val_loss=1.0322 | val_stone_mae=0.2303 | val_stone_dom_acc=0.470 | 50s
11:10:56 | INFO |   [finetune] epoch 9/25 | train_total=1.1795 (comp=1.0357 aux=0.4791) | val_loss=1.0472 | val_stone_mae=0.2211 | val_stone_dom_acc=0.470 | 50s
11:11:46 | INFO |   [finetune] epoch 10/25 | train_total=1.1530 (comp=1.0093 aux=0.4789) | val_loss=1.0570 | val_stone_mae=0.2228 | val_stone_dom_acc=0.455 | 51s
11:11:46 | INFO |   Early stopping (no improvement for 7 epochs)
11:11:46 | INFO | Fold 0 done. best_val_loss=1.0059 | stone_mae=0.2276 | stone_dom_acc=0.470 | stone_aitchison=12.3187
11:11:46 | INFO | === Fold 1 ===
11:11:46 | INFO | Built SimpleCompositionModel: resnet18 backbone + single shared head + presence detection head (11,309,130 params total)
11:11:47 | INFO | Fold 1 — Phase 1: frozen backbone, 5 epochs
11:11:47 | INFO |   Trainable params: 132,618
11:12:37 | INFO |   [frozen] epoch 1/5 | train_total=1.3668 (comp=1.2025 aux=0.5475) | val_loss=1.1185 | val_stone_mae=0.2548 | val_stone_dom_acc=0.485 | 51s
11:13:27 | INFO |   [frozen] epoch 2/5 | train_total=1.2598 (comp=1.1081 aux=0.5058) | val_loss=1.0773 | val_stone_mae=0.2360 | val_stone_dom_acc=0.500 | 50s
11:14:17 | INFO |   [frozen] epoch 3/5 | train_total=1.2119 (comp=1.0599 aux=0.5066) | val_loss=1.0847 | val_stone_mae=0.2379 | val_stone_dom_acc=0.500 | 50s
11:15:08 | INFO |   [frozen] epoch 4/5 | train_total=1.2160 (comp=1.0661 aux=0.4997) | val_loss=1.0873 | val_stone_mae=0.2389 | val_stone_dom_acc=0.500 | 50s
11:15:58 | INFO |   [frozen] epoch 5/5 | train_total=1.2094 (comp=1.0588 aux=0.5017) | val_loss=1.0911 | val_stone_mae=0.2380 | val_stone_dom_acc=0.515 | 50s
11:15:58 | INFO | Fold 1 — Phase 2: fine-tune, 25 epochs
11:15:58 | INFO |   Trainable params: 11,309,130
11:16:48 | INFO |   [finetune] epoch 1/25 | train_total=1.1755 (comp=1.0282 aux=0.4910) | val_loss=1.1107 | val_stone_mae=0.2309 | val_stone_dom_acc=0.500 | 50s
11:17:39 | INFO |   [finetune] epoch 2/25 | train_total=1.1939 (comp=1.0452 aux=0.4956) | val_loss=1.1161 | val_stone_mae=0.2338 | val_stone_dom_acc=0.500 | 50s
11:18:29 | INFO |   [finetune] epoch 3/25 | train_total=1.2054 (comp=1.0573 aux=0.4936) | val_loss=1.1084 | val_stone_mae=0.2365 | val_stone_dom_acc=0.485 | 50s
11:19:19 | INFO |   [finetune] epoch 4/25 | train_total=1.1643 (comp=1.0177 aux=0.4886) | val_loss=1.1057 | val_stone_mae=0.2306 | val_stone_dom_acc=0.485 | 50s
11:20:09 | INFO |   [finetune] epoch 5/25 | train_total=1.1690 (comp=1.0217 aux=0.4908) | val_loss=1.1028 | val_stone_mae=0.2388 | val_stone_dom_acc=0.485 | 50s
11:20:59 | INFO |   [finetune] epoch 6/25 | train_total=1.1486 (comp=1.0036 aux=0.4831) | val_loss=1.1087 | val_stone_mae=0.2386 | val_stone_dom_acc=0.485 | 50s
11:21:49 | INFO |   [finetune] epoch 7/25 | train_total=1.1536 (comp=1.0110 aux=0.4752) | val_loss=1.1282 | val_stone_mae=0.2312 | val_stone_dom_acc=0.470 | 50s
11:22:39 | INFO |   [finetune] epoch 8/25 | train_total=1.1379 (comp=0.9955 aux=0.4745) | val_loss=1.1172 | val_stone_mae=0.2376 | val_stone_dom_acc=0.485 | 50s
11:23:30 | INFO |   [finetune] epoch 9/25 | train_total=1.1257 (comp=0.9833 aux=0.4748) | val_loss=1.1895 | val_stone_mae=0.2236 | val_stone_dom_acc=0.470 | 50s
11:24:20 | INFO |   [finetune] epoch 10/25 | train_total=1.1191 (comp=0.9765 aux=0.4751) | val_loss=1.1420 | val_stone_mae=0.2351 | val_stone_dom_acc=0.470 | 50s
11:25:10 | INFO |   [finetune] epoch 11/25 | train_total=1.1281 (comp=0.9872 aux=0.4696) | val_loss=1.1320 | val_stone_mae=0.2414 | val_stone_dom_acc=0.485 | 50s
11:26:00 | INFO |   [finetune] epoch 12/25 | train_total=1.1424 (comp=0.9976 aux=0.4829) | val_loss=1.1723 | val_stone_mae=0.2342 | val_stone_dom_acc=0.500 | 50s
11:26:00 | INFO |   Early stopping (no improvement for 7 epochs)
11:26:00 | INFO | Fold 1 done. best_val_loss=1.1028 | stone_mae=0.2388 | stone_dom_acc=0.485 | stone_aitchison=12.4798
11:26:00 | INFO | === Fold 2 ===
11:26:01 | INFO | Built SimpleCompositionModel: resnet18 backbone + single shared head + presence detection head (11,309,130 params total)
11:26:01 | INFO | Fold 2 — Phase 1: frozen backbone, 5 epochs
11:26:01 | INFO |   Trainable params: 132,618
11:26:51 | INFO |   [frozen] epoch 1/5 | train_total=1.3321 (comp=1.1644 aux=0.5590) | val_loss=1.1260 | val_stone_mae=0.2548 | val_stone_dom_acc=0.485 | 51s
11:27:42 | INFO |   [frozen] epoch 2/5 | train_total=1.2411 (comp=1.0839 aux=0.5241) | val_loss=1.0823 | val_stone_mae=0.2340 | val_stone_dom_acc=0.485 | 51s
11:28:33 | INFO |   [frozen] epoch 3/5 | train_total=1.2479 (comp=1.0934 aux=0.5149) | val_loss=1.0905 | val_stone_mae=0.2467 | val_stone_dom_acc=0.485 | 51s
11:29:23 | INFO |   [frozen] epoch 4/5 | train_total=1.2305 (comp=1.0785 aux=0.5065) | val_loss=1.0686 | val_stone_mae=0.2368 | val_stone_dom_acc=0.485 | 51s
11:30:14 | INFO |   [frozen] epoch 5/5 | train_total=1.2148 (comp=1.0644 aux=0.5012) | val_loss=1.0719 | val_stone_mae=0.2327 | val_stone_dom_acc=0.485 | 51s
11:30:14 | INFO | Fold 2 — Phase 2: fine-tune, 25 epochs
11:30:14 | INFO |   Trainable params: 11,309,130
11:31:05 | INFO |   [finetune] epoch 1/25 | train_total=1.2231 (comp=1.0707 aux=0.5081) | val_loss=1.0711 | val_stone_mae=0.2355 | val_stone_dom_acc=0.515 | 51s
11:31:56 | INFO |   [finetune] epoch 2/25 | train_total=1.1925 (comp=1.0436 aux=0.4963) | val_loss=1.0760 | val_stone_mae=0.2427 | val_stone_dom_acc=0.515 | 51s
11:32:46 | INFO |   [finetune] epoch 3/25 | train_total=1.1975 (comp=1.0502 aux=0.4913) | val_loss=1.0750 | val_stone_mae=0.2316 | val_stone_dom_acc=0.485 | 51s
11:33:37 | INFO |   [finetune] epoch 4/25 | train_total=1.1850 (comp=1.0378 aux=0.4906) | val_loss=1.0784 | val_stone_mae=0.2428 | val_stone_dom_acc=0.515 | 51s
11:34:27 | INFO |   [finetune] epoch 5/25 | train_total=1.1686 (comp=1.0215 aux=0.4905) | val_loss=1.0698 | val_stone_mae=0.2355 | val_stone_dom_acc=0.530 | 50s
11:35:18 | INFO |   [finetune] epoch 6/25 | train_total=1.1753 (comp=1.0292 aux=0.4870) | val_loss=1.0772 | val_stone_mae=0.2298 | val_stone_dom_acc=0.485 | 50s
11:36:08 | INFO |   [finetune] epoch 7/25 | train_total=1.1652 (comp=1.0187 aux=0.4884) | val_loss=1.0689 | val_stone_mae=0.2357 | val_stone_dom_acc=0.530 | 50s
11:36:58 | INFO |   [finetune] epoch 8/25 | train_total=1.1648 (comp=1.0181 aux=0.4888) | val_loss=1.0705 | val_stone_mae=0.2405 | val_stone_dom_acc=0.530 | 50s
11:37:48 | INFO |   [finetune] epoch 9/25 | train_total=1.1536 (comp=1.0102 aux=0.4781) | val_loss=1.0698 | val_stone_mae=0.2392 | val_stone_dom_acc=0.530 | 50s
11:38:39 | INFO |   [finetune] epoch 10/25 | train_total=1.1443 (comp=1.0009 aux=0.4781) | val_loss=1.0701 | val_stone_mae=0.2336 | val_stone_dom_acc=0.515 | 50s
11:39:29 | INFO |   [finetune] epoch 11/25 | train_total=1.1438 (comp=1.0011 aux=0.4755) | val_loss=1.0763 | val_stone_mae=0.2256 | val_stone_dom_acc=0.515 | 50s
11:40:19 | INFO |   [finetune] epoch 12/25 | train_total=1.1291 (comp=0.9855 aux=0.4787) | val_loss=1.0728 | val_stone_mae=0.2305 | val_stone_dom_acc=0.545 | 50s
11:41:10 | INFO |   [finetune] epoch 13/25 | train_total=1.1432 (comp=1.0007 aux=0.4752) | val_loss=1.0784 | val_stone_mae=0.2439 | val_stone_dom_acc=0.530 | 50s
11:42:00 | INFO |   [finetune] epoch 14/25 | train_total=1.1159 (comp=0.9753 aux=0.4686) | val_loss=1.0793 | val_stone_mae=0.2330 | val_stone_dom_acc=0.515 | 50s
11:42:00 | INFO |   Early stopping (no improvement for 7 epochs)
11:42:00 | INFO | Fold 2 done. best_val_loss=1.0689 | stone_mae=0.2357 | stone_dom_acc=0.530 | stone_aitchison=12.2494
11:42:00 | INFO | === Fold 3 ===
11:42:00 | INFO | Built SimpleCompositionModel: resnet18 backbone + single shared head + presence detection head (11,309,130 params total)
11:42:00 | INFO | Fold 3 — Phase 1: frozen backbone, 5 epochs
11:42:00 | INFO |   Trainable params: 132,618
11:42:50 | INFO |   [frozen] epoch 1/5 | train_total=1.3202 (comp=1.1536 aux=0.5553) | val_loss=1.1021 | val_stone_mae=0.2531 | val_stone_dom_acc=0.508 | 50s
11:43:40 | INFO |   [frozen] epoch 2/5 | train_total=1.2630 (comp=1.1087 aux=0.5146) | val_loss=1.0416 | val_stone_mae=0.2325 | val_stone_dom_acc=0.492 | 50s
11:44:31 | INFO |   [frozen] epoch 3/5 | train_total=1.2405 (comp=1.0880 aux=0.5083) | val_loss=1.0392 | val_stone_mae=0.2322 | val_stone_dom_acc=0.554 | 50s
11:45:20 | INFO |   [frozen] epoch 4/5 | train_total=1.2124 (comp=1.0616 aux=0.5029) | val_loss=1.0444 | val_stone_mae=0.2369 | val_stone_dom_acc=0.554 | 50s
11:46:10 | INFO |   [frozen] epoch 5/5 | train_total=1.2034 (comp=1.0544 aux=0.4964) | val_loss=1.0452 | val_stone_mae=0.2289 | val_stone_dom_acc=0.569 | 50s
11:46:10 | INFO | Fold 3 — Phase 2: fine-tune, 25 epochs
11:46:10 | INFO |   Trainable params: 11,309,130
11:47:00 | INFO |   [finetune] epoch 1/25 | train_total=1.2082 (comp=1.0581 aux=0.5002) | val_loss=1.0571 | val_stone_mae=0.2348 | val_stone_dom_acc=0.477 | 50s
11:47:50 | INFO |   [finetune] epoch 2/25 | train_total=1.2078 (comp=1.0599 aux=0.4931) | val_loss=1.0599 | val_stone_mae=0.2384 | val_stone_dom_acc=0.492 | 50s
11:48:39 | INFO |   [finetune] epoch 3/25 | train_total=1.1806 (comp=1.0337 aux=0.4896) | val_loss=1.0623 | val_stone_mae=0.2295 | val_stone_dom_acc=0.554 | 50s
11:49:29 | INFO |   [finetune] epoch 4/25 | train_total=1.1746 (comp=1.0285 aux=0.4869) | val_loss=1.0691 | val_stone_mae=0.2341 | val_stone_dom_acc=0.538 | 50s
11:50:19 | INFO |   [finetune] epoch 5/25 | train_total=1.1577 (comp=1.0131 aux=0.4821) | val_loss=1.0736 | val_stone_mae=0.2311 | val_stone_dom_acc=0.554 | 50s
11:51:08 | INFO |   [finetune] epoch 6/25 | train_total=1.1598 (comp=1.0147 aux=0.4838) | val_loss=1.0845 | val_stone_mae=0.2377 | val_stone_dom_acc=0.508 | 50s
11:51:58 | INFO |   [finetune] epoch 7/25 | train_total=1.1523 (comp=1.0091 aux=0.4773) | val_loss=1.1092 | val_stone_mae=0.2334 | val_stone_dom_acc=0.477 | 50s
11:52:48 | INFO |   [finetune] epoch 8/25 | train_total=1.1669 (comp=1.0237 aux=0.4774) | val_loss=1.1001 | val_stone_mae=0.2303 | val_stone_dom_acc=0.523 | 50s
11:52:48 | INFO |   Early stopping (no improvement for 7 epochs)
11:52:48 | INFO | Fold 3 done. best_val_loss=1.0571 | stone_mae=0.2348 | stone_dom_acc=0.477 | stone_aitchison=12.4419
11:52:48 | INFO | === Fold 4 ===
11:52:48 | INFO | Built SimpleCompositionModel: resnet18 backbone + single shared head + presence detection head (11,309,130 params total)
11:52:48 | INFO | Fold 4 — Phase 1: frozen backbone, 5 epochs
11:52:48 | INFO |   Trainable params: 132,618
11:53:39 | INFO |   [frozen] epoch 1/5 | train_total=1.2991 (comp=1.1369 aux=0.5406) | val_loss=1.1098 | val_stone_mae=0.2450 | val_stone_dom_acc=0.492 | 51s
11:54:29 | INFO |   [frozen] epoch 2/5 | train_total=1.2274 (comp=1.0743 aux=0.5104) | val_loss=1.1050 | val_stone_mae=0.2510 | val_stone_dom_acc=0.508 | 50s
11:55:20 | INFO |   [frozen] epoch 3/5 | train_total=1.2283 (comp=1.0761 aux=0.5071) | val_loss=1.0993 | val_stone_mae=0.2364 | val_stone_dom_acc=0.492 | 50s
11:56:10 | INFO |   [frozen] epoch 4/5 | train_total=1.2041 (comp=1.0533 aux=0.5029) | val_loss=1.0909 | val_stone_mae=0.2361 | val_stone_dom_acc=0.492 | 51s
11:57:01 | INFO |   [frozen] epoch 5/5 | train_total=1.2140 (comp=1.0634 aux=0.5017) | val_loss=1.0945 | val_stone_mae=0.2459 | val_stone_dom_acc=0.492 | 50s
11:57:01 | INFO | Fold 4 — Phase 2: fine-tune, 25 epochs
11:57:01 | INFO |   Trainable params: 11,309,130
11:57:52 | INFO |   [finetune] epoch 1/25 | train_total=1.2023 (comp=1.0517 aux=0.5019) | val_loss=1.0955 | val_stone_mae=0.2390 | val_stone_dom_acc=0.492 | 51s
11:58:42 | INFO |   [finetune] epoch 2/25 | train_total=1.1880 (comp=1.0404 aux=0.4919) | val_loss=1.0973 | val_stone_mae=0.2420 | val_stone_dom_acc=0.508 | 51s
11:59:33 | INFO |   [finetune] epoch 3/25 | train_total=1.1807 (comp=1.0323 aux=0.4946) | val_loss=1.1026 | val_stone_mae=0.2348 | val_stone_dom_acc=0.492 | 51s
12:00:23 | INFO |   [finetune] epoch 4/25 | train_total=1.1726 (comp=1.0247 aux=0.4932) | val_loss=1.1094 | val_stone_mae=0.2332 | val_stone_dom_acc=0.492 | 51s
12:01:14 | INFO |   [finetune] epoch 5/25 | train_total=1.1641 (comp=1.0160 aux=0.4937) | val_loss=1.1070 | val_stone_mae=0.2396 | val_stone_dom_acc=0.508 | 50s
12:02:04 | INFO |   [finetune] epoch 6/25 | train_total=1.1668 (comp=1.0207 aux=0.4870) | val_loss=1.1044 | val_stone_mae=0.2447 | val_stone_dom_acc=0.508 | 50s
12:02:55 | INFO |   [finetune] epoch 7/25 | train_total=1.1601 (comp=1.0118 aux=0.4942) | val_loss=1.1364 | val_stone_mae=0.2315 | val_stone_dom_acc=0.492 | 51s
12:03:45 | INFO |   [finetune] epoch 8/25 | train_total=1.1414 (comp=0.9972 aux=0.4806) | val_loss=1.1349 | val_stone_mae=0.2346 | val_stone_dom_acc=0.508 | 51s
12:03:45 | INFO |   Early stopping (no improvement for 7 epochs)
12:03:45 | INFO | Fold 4 done. best_val_loss=1.0955 | stone_mae=0.2390 | stone_dom_acc=0.492 | stone_aitchison=12.1741
12:03:46 | INFO | Cross-fold results:
12:03:46 | INFO |   best_stone_mae_overall: 0.2352 ± 0.0046
12:03:46 | INFO |   best_stone_dominant_acc: 0.4908 ± 0.0236
12:03:46 | INFO |   best_stone_aitchison: 12.3328 ± 0.1283
12:03:46 | INFO | === Held-out test set evaluation ===
12:03:46 | INFO | Built SimpleCompositionModel: resnet18 backbone + single shared head + presence detection head (11,309,130 params total)
12:04:03 | INFO |   Fold 0 test: stone_mae=0.2354 | stone_dom_acc=0.476 | stone_aitchison=12.5193
12:04:03 | INFO | Built SimpleCompositionModel: resnet18 backbone + single shared head + presence detection head (11,309,130 params total)
12:04:20 | INFO |   Fold 1 test: stone_mae=0.2391 | stone_dom_acc=0.476 | stone_aitchison=12.5591
12:04:20 | INFO | Built SimpleCompositionModel: resnet18 backbone + single shared head + presence detection head (11,309,130 params total)
12:04:36 | INFO |   Fold 2 test: stone_mae=0.2365 | stone_dom_acc=0.463 | stone_aitchison=12.4912
12:04:37 | INFO | Built SimpleCompositionModel: resnet18 backbone + single shared head + presence detection head (11,309,130 params total)
12:04:53 | INFO |   Fold 3 test: stone_mae=0.2396 | stone_dom_acc=0.476 | stone_aitchison=12.5052
12:04:53 | INFO | Built SimpleCompositionModel: resnet18 backbone + single shared head + presence detection head (11,309,130 params total)
12:05:10 | INFO |   Fold 4 test: stone_mae=0.2364 | stone_dom_acc=0.488 | stone_aitchison=12.4860
12:05:10 | INFO | Test set summary (mean ± std across folds):
12:05:10 | INFO |   stone_mae_overall: 0.2374 ± 0.0018
12:05:10 | INFO |   stone_dominant_acc: 0.4756 ± 0.0086
12:05:10 | INFO |   stone_aitchison: 12.5121 ± 0.0293
