22:46:37 | INFO | Device: cuda
22:46:37 | INFO | cuDNN benchmark enabled
22:46:40 | INFO | Skipped 21 rows with no composition data
22:46:40 | WARNING | Skipped 2 rows whose image files are missing
22:46:40 | INFO | Built 1240 compositional samples from 414 stones
22:46:40 | INFO | Excluded classes ['OTH'] → 5 classes remaining, 410 stones
22:46:40 | INFO | Test holdout: 82 stones (40 pure / 42 mixed, 246 images). Train+val pool: 328 stones (982 images).
22:46:40 | INFO |   Fold 0: train=262 stones (128 pure / 134 mixed, 784 images), val=66 stones (33 pure / 33 mixed, 198 images)
22:46:40 | INFO |   Fold 1: train=262 stones (129 pure / 133 mixed, 785 images), val=66 stones (32 pure / 34 mixed, 197 images)
22:46:40 | INFO |   Fold 2: train=262 stones (129 pure / 133 mixed, 784 images), val=66 stones (32 pure / 34 mixed, 198 images)
22:46:40 | INFO |   Fold 3: train=263 stones (129 pure / 134 mixed, 787 images), val=65 stones (32 pure / 33 mixed, 195 images)
22:46:41 | INFO |   Fold 4: train=263 stones (129 pure / 134 mixed, 788 images), val=65 stones (32 pure / 33 mixed, 194 images)
22:46:41 | INFO | Model type: simple  |  checkpoints → /gpfs/home3/ddboer/umc_thesis/outputs/checkpoints/composition
22:46:41 | INFO | use_weighted_kl=false — using standard (unweighted) KL divergence
22:46:41 | INFO | === Fold 0 ===
22:46:41 | INFO | Built SimpleCompositionModel: resnet18 backbone + single shared head + presence detection head (11,309,130 params total)
22:46:41 | INFO | Fold 0 — Phase 1: frozen backbone, 5 epochs
22:46:41 | INFO |   Trainable params: 132,618
22:47:32 | INFO |   [frozen] epoch 1/5 | train_total=1.2756 (comp=1.1134 aux=0.5407) | val_loss=1.0753 | val_stone_mae=0.2496 | val_stone_dom_acc=0.530 | 51s
22:48:22 | INFO |   [frozen] epoch 2/5 | train_total=1.1254 (comp=0.9803 aux=0.4835) | val_loss=1.0394 | val_stone_mae=0.2207 | val_stone_dom_acc=0.500 | 50s
22:49:12 | INFO |   [frozen] epoch 3/5 | train_total=1.0776 (comp=0.9369 aux=0.4693) | val_loss=1.0019 | val_stone_mae=0.2283 | val_stone_dom_acc=0.530 | 50s
22:50:02 | INFO |   [frozen] epoch 4/5 | train_total=1.0336 (comp=0.8993 aux=0.4479) | val_loss=0.9948 | val_stone_mae=0.2158 | val_stone_dom_acc=0.545 | 50s
22:50:52 | INFO |   [frozen] epoch 5/5 | train_total=1.0146 (comp=0.8809 aux=0.4456) | val_loss=1.0605 | val_stone_mae=0.2074 | val_stone_dom_acc=0.500 | 50s
22:50:52 | INFO | Fold 0 — Phase 2: fine-tune, 25 epochs
22:50:52 | INFO |   Trainable params: 11,309,130
22:51:42 | INFO |   [finetune] epoch 1/25 | train_total=0.9957 (comp=0.8651 aux=0.4351) | val_loss=0.9680 | val_stone_mae=0.2170 | val_stone_dom_acc=0.545 | 50s
22:52:32 | INFO |   [finetune] epoch 2/25 | train_total=0.9622 (comp=0.8346 aux=0.4253) | val_loss=1.0013 | val_stone_mae=0.1974 | val_stone_dom_acc=0.545 | 50s
22:53:22 | INFO |   [finetune] epoch 3/25 | train_total=0.9113 (comp=0.7902 aux=0.4037) | val_loss=0.9463 | val_stone_mae=0.2018 | val_stone_dom_acc=0.561 | 50s
22:54:12 | INFO |   [finetune] epoch 4/25 | train_total=0.8964 (comp=0.7774 aux=0.3967) | val_loss=0.9705 | val_stone_mae=0.1944 | val_stone_dom_acc=0.545 | 50s
22:55:02 | INFO |   [finetune] epoch 5/25 | train_total=0.8447 (comp=0.7292 aux=0.3850) | val_loss=0.9565 | val_stone_mae=0.1904 | val_stone_dom_acc=0.530 | 50s
22:55:53 | INFO |   [finetune] epoch 6/25 | train_total=0.8114 (comp=0.6987 aux=0.3756) | val_loss=0.9376 | val_stone_mae=0.1926 | val_stone_dom_acc=0.515 | 50s
22:56:43 | INFO |   [finetune] epoch 7/25 | train_total=0.8099 (comp=0.6969 aux=0.3768) | val_loss=0.9342 | val_stone_mae=0.1940 | val_stone_dom_acc=0.470 | 50s
22:57:33 | INFO |   [finetune] epoch 8/25 | train_total=0.7797 (comp=0.6688 aux=0.3695) | val_loss=0.9436 | val_stone_mae=0.1887 | val_stone_dom_acc=0.561 | 50s
22:58:23 | INFO |   [finetune] epoch 9/25 | train_total=0.7686 (comp=0.6578 aux=0.3692) | val_loss=0.8588 | val_stone_mae=0.1873 | val_stone_dom_acc=0.561 | 50s
22:59:13 | INFO |   [finetune] epoch 10/25 | train_total=0.7448 (comp=0.6382 aux=0.3551) | val_loss=0.8927 | val_stone_mae=0.1818 | val_stone_dom_acc=0.576 | 50s
23:00:03 | INFO |   [finetune] epoch 11/25 | train_total=0.7520 (comp=0.6456 aux=0.3548) | val_loss=0.9479 | val_stone_mae=0.1800 | val_stone_dom_acc=0.621 | 50s
23:00:53 | INFO |   [finetune] epoch 12/25 | train_total=0.7185 (comp=0.6128 aux=0.3521) | val_loss=0.9153 | val_stone_mae=0.1833 | val_stone_dom_acc=0.606 | 50s
23:01:43 | INFO |   [finetune] epoch 13/25 | train_total=0.7056 (comp=0.6015 aux=0.3470) | val_loss=0.9091 | val_stone_mae=0.1852 | val_stone_dom_acc=0.561 | 50s
23:02:33 | INFO |   [finetune] epoch 14/25 | train_total=0.7091 (comp=0.6072 aux=0.3398) | val_loss=0.9189 | val_stone_mae=0.1797 | val_stone_dom_acc=0.576 | 50s
23:03:23 | INFO |   [finetune] epoch 15/25 | train_total=0.6932 (comp=0.5917 aux=0.3383) | val_loss=0.9053 | val_stone_mae=0.1797 | val_stone_dom_acc=0.621 | 50s
23:04:13 | INFO |   [finetune] epoch 16/25 | train_total=0.6858 (comp=0.5859 aux=0.3329) | val_loss=0.8595 | val_stone_mae=0.1749 | val_stone_dom_acc=0.606 | 50s
23:04:13 | INFO |   Early stopping (no improvement for 7 epochs)
23:04:13 | INFO | Fold 0 done. best_val_loss=0.8588 | stone_mae=0.1873 | stone_dom_acc=0.561 | stone_aitchison=11.3317
23:04:13 | INFO | === Fold 1 ===
23:04:13 | INFO | Built SimpleCompositionModel: resnet18 backbone + single shared head + presence detection head (11,309,130 params total)
23:04:13 | INFO | Fold 1 — Phase 1: frozen backbone, 5 epochs
23:04:13 | INFO |   Trainable params: 132,618
23:05:03 | INFO |   [frozen] epoch 1/5 | train_total=1.3100 (comp=1.1460 aux=0.5467) | val_loss=1.0727 | val_stone_mae=0.2442 | val_stone_dom_acc=0.485 | 50s
23:05:54 | INFO |   [frozen] epoch 2/5 | train_total=1.1372 (comp=0.9905 aux=0.4888) | val_loss=0.9851 | val_stone_mae=0.2126 | val_stone_dom_acc=0.515 | 50s
23:06:43 | INFO |   [frozen] epoch 3/5 | train_total=1.1150 (comp=0.9735 aux=0.4717) | val_loss=0.9573 | val_stone_mae=0.2091 | val_stone_dom_acc=0.515 | 50s
23:07:32 | INFO |   [frozen] epoch 4/5 | train_total=1.0720 (comp=0.9354 aux=0.4554) | val_loss=0.9108 | val_stone_mae=0.2081 | val_stone_dom_acc=0.591 | 49s
23:08:22 | INFO |   [frozen] epoch 5/5 | train_total=1.0550 (comp=0.9189 aux=0.4536) | val_loss=0.9009 | val_stone_mae=0.1983 | val_stone_dom_acc=0.621 | 49s
23:08:22 | INFO | Fold 1 — Phase 2: fine-tune, 25 epochs
23:08:22 | INFO |   Trainable params: 11,309,130
23:09:11 | INFO |   [finetune] epoch 1/25 | train_total=1.0346 (comp=0.9019 aux=0.4424) | val_loss=0.9609 | val_stone_mae=0.1891 | val_stone_dom_acc=0.500 | 49s
23:10:01 | INFO |   [finetune] epoch 2/25 | train_total=1.0185 (comp=0.8887 aux=0.4326) | val_loss=0.8274 | val_stone_mae=0.1816 | val_stone_dom_acc=0.621 | 49s
23:10:50 | INFO |   [finetune] epoch 3/25 | train_total=0.9596 (comp=0.8316 aux=0.4265) | val_loss=0.7956 | val_stone_mae=0.1729 | val_stone_dom_acc=0.652 | 49s
23:11:39 | INFO |   [finetune] epoch 4/25 | train_total=0.9171 (comp=0.7944 aux=0.4089) | val_loss=0.8079 | val_stone_mae=0.1693 | val_stone_dom_acc=0.636 | 49s
23:12:28 | INFO |   [finetune] epoch 5/25 | train_total=0.9009 (comp=0.7802 aux=0.4023) | val_loss=0.8396 | val_stone_mae=0.1709 | val_stone_dom_acc=0.576 | 49s
23:13:17 | INFO |   [finetune] epoch 6/25 | train_total=0.8490 (comp=0.7339 aux=0.3835) | val_loss=0.7567 | val_stone_mae=0.1654 | val_stone_dom_acc=0.652 | 49s
23:14:06 | INFO |   [finetune] epoch 7/25 | train_total=0.8312 (comp=0.7165 aux=0.3825) | val_loss=0.7410 | val_stone_mae=0.1587 | val_stone_dom_acc=0.682 | 49s
23:14:56 | INFO |   [finetune] epoch 8/25 | train_total=0.8349 (comp=0.7198 aux=0.3838) | val_loss=0.7678 | val_stone_mae=0.1567 | val_stone_dom_acc=0.667 | 49s
23:15:45 | INFO |   [finetune] epoch 9/25 | train_total=0.8190 (comp=0.7078 aux=0.3707) | val_loss=0.8134 | val_stone_mae=0.1584 | val_stone_dom_acc=0.591 | 49s
23:16:34 | INFO |   [finetune] epoch 10/25 | train_total=0.8183 (comp=0.7060 aux=0.3744) | val_loss=0.7378 | val_stone_mae=0.1567 | val_stone_dom_acc=0.667 | 49s
23:17:23 | INFO |   [finetune] epoch 11/25 | train_total=0.8141 (comp=0.7050 aux=0.3638) | val_loss=0.7365 | val_stone_mae=0.1644 | val_stone_dom_acc=0.682 | 49s
23:18:12 | INFO |   [finetune] epoch 12/25 | train_total=0.7717 (comp=0.6642 aux=0.3584) | val_loss=0.7210 | val_stone_mae=0.1510 | val_stone_dom_acc=0.712 | 49s
23:19:01 | INFO |   [finetune] epoch 13/25 | train_total=0.7639 (comp=0.6586 aux=0.3508) | val_loss=0.7119 | val_stone_mae=0.1482 | val_stone_dom_acc=0.697 | 49s
23:19:50 | INFO |   [finetune] epoch 14/25 | train_total=0.7256 (comp=0.6225 aux=0.3437) | val_loss=0.7045 | val_stone_mae=0.1482 | val_stone_dom_acc=0.697 | 49s
23:20:39 | INFO |   [finetune] epoch 15/25 | train_total=0.7143 (comp=0.6097 aux=0.3488) | val_loss=0.7319 | val_stone_mae=0.1484 | val_stone_dom_acc=0.682 | 49s
23:21:29 | INFO |   [finetune] epoch 16/25 | train_total=0.7059 (comp=0.6060 aux=0.3327) | val_loss=0.7291 | val_stone_mae=0.1484 | val_stone_dom_acc=0.652 | 49s
23:22:18 | INFO |   [finetune] epoch 17/25 | train_total=0.6776 (comp=0.5795 aux=0.3271) | val_loss=0.6778 | val_stone_mae=0.1396 | val_stone_dom_acc=0.727 | 49s
23:23:07 | INFO |   [finetune] epoch 18/25 | train_total=0.6948 (comp=0.5940 aux=0.3362) | val_loss=0.7502 | val_stone_mae=0.1434 | val_stone_dom_acc=0.667 | 49s
23:23:56 | INFO |   [finetune] epoch 19/25 | train_total=0.6461 (comp=0.5490 aux=0.3238) | val_loss=0.6658 | val_stone_mae=0.1446 | val_stone_dom_acc=0.727 | 49s
23:24:45 | INFO |   [finetune] epoch 20/25 | train_total=0.6529 (comp=0.5565 aux=0.3215) | val_loss=0.7128 | val_stone_mae=0.1418 | val_stone_dom_acc=0.697 | 49s
23:25:34 | INFO |   [finetune] epoch 21/25 | train_total=0.6301 (comp=0.5331 aux=0.3233) | val_loss=0.6909 | val_stone_mae=0.1445 | val_stone_dom_acc=0.682 | 49s
23:26:23 | INFO |   [finetune] epoch 22/25 | train_total=0.6311 (comp=0.5376 aux=0.3118) | val_loss=0.6913 | val_stone_mae=0.1419 | val_stone_dom_acc=0.652 | 49s
23:27:12 | INFO |   [finetune] epoch 23/25 | train_total=0.6161 (comp=0.5213 aux=0.3159) | val_loss=0.7382 | val_stone_mae=0.1393 | val_stone_dom_acc=0.667 | 49s
23:28:01 | INFO |   [finetune] epoch 24/25 | train_total=0.6555 (comp=0.5612 aux=0.3145) | val_loss=0.6559 | val_stone_mae=0.1379 | val_stone_dom_acc=0.742 | 49s
23:28:50 | INFO |   [finetune] epoch 25/25 | train_total=0.6130 (comp=0.5202 aux=0.3094) | val_loss=0.6492 | val_stone_mae=0.1401 | val_stone_dom_acc=0.727 | 49s
23:28:50 | INFO | Fold 1 done. best_val_loss=0.6492 | stone_mae=0.1401 | stone_dom_acc=0.727 | stone_aitchison=10.6558
23:28:50 | INFO | === Fold 2 ===
23:28:51 | INFO | Built SimpleCompositionModel: resnet18 backbone + single shared head + presence detection head (11,309,130 params total)
23:28:51 | INFO | Fold 2 — Phase 1: frozen backbone, 5 epochs
23:28:51 | INFO |   Trainable params: 132,618
23:29:41 | INFO |   [frozen] epoch 1/5 | train_total=1.2675 (comp=1.1047 aux=0.5425) | val_loss=1.0421 | val_stone_mae=0.2358 | val_stone_dom_acc=0.485 | 50s
23:30:30 | INFO |   [frozen] epoch 2/5 | train_total=1.1429 (comp=0.9975 aux=0.4848) | val_loss=1.0111 | val_stone_mae=0.2266 | val_stone_dom_acc=0.545 | 50s
23:31:20 | INFO |   [frozen] epoch 3/5 | train_total=1.0862 (comp=0.9455 aux=0.4690) | val_loss=0.9841 | val_stone_mae=0.2064 | val_stone_dom_acc=0.545 | 50s
23:32:10 | INFO |   [frozen] epoch 4/5 | train_total=1.0697 (comp=0.9327 aux=0.4567) | val_loss=0.9515 | val_stone_mae=0.2078 | val_stone_dom_acc=0.561 | 50s
23:33:00 | INFO |   [frozen] epoch 5/5 | train_total=1.0327 (comp=0.8997 aux=0.4431) | val_loss=0.9659 | val_stone_mae=0.1989 | val_stone_dom_acc=0.576 | 50s
23:33:00 | INFO | Fold 2 — Phase 2: fine-tune, 25 epochs
23:33:00 | INFO |   Trainable params: 11,309,130
23:33:49 | INFO |   [finetune] epoch 1/25 | train_total=1.0127 (comp=0.8825 aux=0.4340) | val_loss=0.9065 | val_stone_mae=0.1967 | val_stone_dom_acc=0.561 | 50s
23:34:39 | INFO |   [finetune] epoch 2/25 | train_total=0.9208 (comp=0.7967 aux=0.4138) | val_loss=0.8944 | val_stone_mae=0.1936 | val_stone_dom_acc=0.530 | 50s
23:35:29 | INFO |   [finetune] epoch 3/25 | train_total=0.9120 (comp=0.7907 aux=0.4046) | val_loss=0.9349 | val_stone_mae=0.1838 | val_stone_dom_acc=0.545 | 50s
23:36:18 | INFO |   [finetune] epoch 4/25 | train_total=0.9118 (comp=0.7923 aux=0.3983) | val_loss=0.8698 | val_stone_mae=0.1883 | val_stone_dom_acc=0.576 | 49s
23:37:07 | INFO |   [finetune] epoch 5/25 | train_total=0.8803 (comp=0.7636 aux=0.3888) | val_loss=0.8740 | val_stone_mae=0.1810 | val_stone_dom_acc=0.576 | 49s
23:37:57 | INFO |   [finetune] epoch 6/25 | train_total=0.8599 (comp=0.7436 aux=0.3875) | val_loss=0.8866 | val_stone_mae=0.1818 | val_stone_dom_acc=0.591 | 49s
23:38:46 | INFO |   [finetune] epoch 7/25 | train_total=0.8178 (comp=0.7056 aux=0.3742) | val_loss=0.8533 | val_stone_mae=0.1867 | val_stone_dom_acc=0.545 | 49s
23:39:35 | INFO |   [finetune] epoch 8/25 | train_total=0.8102 (comp=0.6981 aux=0.3737) | val_loss=0.8444 | val_stone_mae=0.1792 | val_stone_dom_acc=0.621 | 49s
23:40:24 | INFO |   [finetune] epoch 9/25 | train_total=0.7932 (comp=0.6827 aux=0.3683) | val_loss=0.8542 | val_stone_mae=0.1783 | val_stone_dom_acc=0.621 | 49s
23:41:13 | INFO |   [finetune] epoch 10/25 | train_total=0.7904 (comp=0.6807 aux=0.3657) | val_loss=0.8915 | val_stone_mae=0.1752 | val_stone_dom_acc=0.576 | 49s
23:42:03 | INFO |   [finetune] epoch 11/25 | train_total=0.7537 (comp=0.6464 aux=0.3576) | val_loss=0.8449 | val_stone_mae=0.1732 | val_stone_dom_acc=0.636 | 49s
23:42:52 | INFO |   [finetune] epoch 12/25 | train_total=0.7313 (comp=0.6268 aux=0.3485) | val_loss=0.8607 | val_stone_mae=0.1702 | val_stone_dom_acc=0.636 | 49s
23:43:41 | INFO |   [finetune] epoch 13/25 | train_total=0.7497 (comp=0.6442 aux=0.3517) | val_loss=0.8396 | val_stone_mae=0.1713 | val_stone_dom_acc=0.621 | 49s
23:44:30 | INFO |   [finetune] epoch 14/25 | train_total=0.7370 (comp=0.6301 aux=0.3563) | val_loss=0.8602 | val_stone_mae=0.1755 | val_stone_dom_acc=0.576 | 49s
23:45:19 | INFO |   [finetune] epoch 15/25 | train_total=0.7109 (comp=0.6067 aux=0.3472) | val_loss=0.8485 | val_stone_mae=0.1698 | val_stone_dom_acc=0.606 | 49s
23:46:08 | INFO |   [finetune] epoch 16/25 | train_total=0.6842 (comp=0.5822 aux=0.3400) | val_loss=0.8403 | val_stone_mae=0.1660 | val_stone_dom_acc=0.621 | 49s
23:46:57 | INFO |   [finetune] epoch 17/25 | train_total=0.6701 (comp=0.5710 aux=0.3304) | val_loss=0.8814 | val_stone_mae=0.1661 | val_stone_dom_acc=0.621 | 49s
23:47:46 | INFO |   [finetune] epoch 18/25 | train_total=0.6535 (comp=0.5561 aux=0.3246) | val_loss=0.8694 | val_stone_mae=0.1671 | val_stone_dom_acc=0.621 | 49s
23:48:35 | INFO |   [finetune] epoch 19/25 | train_total=0.6446 (comp=0.5466 aux=0.3265) | val_loss=0.8640 | val_stone_mae=0.1643 | val_stone_dom_acc=0.621 | 49s
23:49:25 | INFO |   [finetune] epoch 20/25 | train_total=0.6517 (comp=0.5557 aux=0.3201) | val_loss=0.8244 | val_stone_mae=0.1638 | val_stone_dom_acc=0.636 | 49s
23:50:14 | INFO |   [finetune] epoch 21/25 | train_total=0.6686 (comp=0.5698 aux=0.3293) | val_loss=0.8614 | val_stone_mae=0.1665 | val_stone_dom_acc=0.621 | 49s
23:51:03 | INFO |   [finetune] epoch 22/25 | train_total=0.6151 (comp=0.5220 aux=0.3105) | val_loss=0.8561 | val_stone_mae=0.1707 | val_stone_dom_acc=0.576 | 49s
23:51:52 | INFO |   [finetune] epoch 23/25 | train_total=0.6262 (comp=0.5320 aux=0.3140) | val_loss=0.8739 | val_stone_mae=0.1575 | val_stone_dom_acc=0.606 | 49s
23:52:41 | INFO |   [finetune] epoch 24/25 | train_total=0.6024 (comp=0.5082 aux=0.3140) | val_loss=0.8749 | val_stone_mae=0.1565 | val_stone_dom_acc=0.621 | 49s
23:53:30 | INFO |   [finetune] epoch 25/25 | train_total=0.6222 (comp=0.5259 aux=0.3208) | val_loss=0.8436 | val_stone_mae=0.1574 | val_stone_dom_acc=0.667 | 49s
23:53:30 | INFO | Fold 2 done. best_val_loss=0.8244 | stone_mae=0.1638 | stone_dom_acc=0.636 | stone_aitchison=10.9774
23:53:30 | INFO | === Fold 3 ===
23:53:30 | INFO | Built SimpleCompositionModel: resnet18 backbone + single shared head + presence detection head (11,309,130 params total)
23:53:30 | INFO | Fold 3 — Phase 1: frozen backbone, 5 epochs
23:53:30 | INFO |   Trainable params: 132,618
23:54:20 | INFO |   [frozen] epoch 1/5 | train_total=1.2845 (comp=1.1284 aux=0.5201) | val_loss=0.9307 | val_stone_mae=0.2188 | val_stone_dom_acc=0.492 | 50s
23:55:10 | INFO |   [frozen] epoch 2/5 | train_total=1.1435 (comp=0.9996 aux=0.4795) | val_loss=0.8570 | val_stone_mae=0.1963 | val_stone_dom_acc=0.523 | 50s
23:56:00 | INFO |   [frozen] epoch 3/5 | train_total=1.1160 (comp=0.9756 aux=0.4682) | val_loss=0.8246 | val_stone_mae=0.1838 | val_stone_dom_acc=0.523 | 50s
23:56:50 | INFO |   [frozen] epoch 4/5 | train_total=1.0860 (comp=0.9485 aux=0.4584) | val_loss=0.7697 | val_stone_mae=0.1850 | val_stone_dom_acc=0.600 | 50s
23:57:40 | INFO |   [frozen] epoch 5/5 | train_total=1.0460 (comp=0.9123 aux=0.4457) | val_loss=0.7625 | val_stone_mae=0.1770 | val_stone_dom_acc=0.554 | 50s
23:57:40 | INFO | Fold 3 — Phase 2: fine-tune, 25 epochs
23:57:40 | INFO |   Trainable params: 11,309,130
23:58:30 | INFO |   [finetune] epoch 1/25 | train_total=1.0484 (comp=0.9158 aux=0.4421) | val_loss=0.7879 | val_stone_mae=0.1613 | val_stone_dom_acc=0.554 | 50s
23:59:20 | INFO |   [finetune] epoch 2/25 | train_total=0.9752 (comp=0.8477 aux=0.4253) | val_loss=0.6948 | val_stone_mae=0.1671 | val_stone_dom_acc=0.646 | 50s
00:00:09 | INFO |   [finetune] epoch 3/25 | train_total=0.9411 (comp=0.8165 aux=0.4156) | val_loss=0.7246 | val_stone_mae=0.1551 | val_stone_dom_acc=0.585 | 50s
00:00:59 | INFO |   [finetune] epoch 4/25 | train_total=0.9185 (comp=0.7991 aux=0.3980) | val_loss=0.7877 | val_stone_mae=0.1536 | val_stone_dom_acc=0.554 | 50s
00:01:49 | INFO |   [finetune] epoch 5/25 | train_total=0.9176 (comp=0.7964 aux=0.4041) | val_loss=0.6826 | val_stone_mae=0.1591 | val_stone_dom_acc=0.600 | 50s
00:02:39 | INFO |   [finetune] epoch 6/25 | train_total=0.8730 (comp=0.7548 aux=0.3942) | val_loss=0.6861 | val_stone_mae=0.1450 | val_stone_dom_acc=0.615 | 50s
00:03:29 | INFO |   [finetune] epoch 7/25 | train_total=0.8665 (comp=0.7499 aux=0.3886) | val_loss=0.7058 | val_stone_mae=0.1459 | val_stone_dom_acc=0.600 | 50s
00:04:19 | INFO |   [finetune] epoch 8/25 | train_total=0.8503 (comp=0.7369 aux=0.3781) | val_loss=0.6789 | val_stone_mae=0.1486 | val_stone_dom_acc=0.631 | 50s
00:05:09 | INFO |   [finetune] epoch 9/25 | train_total=0.8369 (comp=0.7219 aux=0.3832) | val_loss=0.6785 | val_stone_mae=0.1423 | val_stone_dom_acc=0.631 | 50s
00:05:59 | INFO |   [finetune] epoch 10/25 | train_total=0.8177 (comp=0.7073 aux=0.3680) | val_loss=0.6408 | val_stone_mae=0.1464 | val_stone_dom_acc=0.615 | 50s
00:06:49 | INFO |   [finetune] epoch 11/25 | train_total=0.7885 (comp=0.6775 aux=0.3699) | val_loss=0.7345 | val_stone_mae=0.1459 | val_stone_dom_acc=0.631 | 50s
00:07:39 | INFO |   [finetune] epoch 12/25 | train_total=0.7836 (comp=0.6749 aux=0.3624) | val_loss=0.6765 | val_stone_mae=0.1425 | val_stone_dom_acc=0.615 | 50s
00:08:29 | INFO |   [finetune] epoch 13/25 | train_total=0.7533 (comp=0.6484 aux=0.3498) | val_loss=0.6323 | val_stone_mae=0.1414 | val_stone_dom_acc=0.646 | 50s
00:09:18 | INFO |   [finetune] epoch 14/25 | train_total=0.7584 (comp=0.6524 aux=0.3533) | val_loss=0.6478 | val_stone_mae=0.1380 | val_stone_dom_acc=0.662 | 50s
00:10:08 | INFO |   [finetune] epoch 15/25 | train_total=0.7486 (comp=0.6457 aux=0.3432) | val_loss=0.6311 | val_stone_mae=0.1400 | val_stone_dom_acc=0.708 | 50s
00:10:58 | INFO |   [finetune] epoch 16/25 | train_total=0.7249 (comp=0.6219 aux=0.3432) | val_loss=0.6697 | val_stone_mae=0.1381 | val_stone_dom_acc=0.631 | 50s
00:11:48 | INFO |   [finetune] epoch 17/25 | train_total=0.7117 (comp=0.6100 aux=0.3390) | val_loss=0.7048 | val_stone_mae=0.1386 | val_stone_dom_acc=0.615 | 50s
00:12:38 | INFO |   [finetune] epoch 18/25 | train_total=0.6759 (comp=0.5761 aux=0.3328) | val_loss=0.6148 | val_stone_mae=0.1371 | val_stone_dom_acc=0.723 | 50s
00:13:28 | INFO |   [finetune] epoch 19/25 | train_total=0.6875 (comp=0.5887 aux=0.3295) | val_loss=0.6463 | val_stone_mae=0.1341 | val_stone_dom_acc=0.646 | 50s
00:14:18 | INFO |   [finetune] epoch 20/25 | train_total=0.7034 (comp=0.6075 aux=0.3197) | val_loss=0.6682 | val_stone_mae=0.1357 | val_stone_dom_acc=0.646 | 50s
00:15:10 | INFO |   [finetune] epoch 21/25 | train_total=0.6805 (comp=0.5825 aux=0.3267) | val_loss=0.7651 | val_stone_mae=0.1377 | val_stone_dom_acc=0.615 | 52s
00:16:00 | INFO |   [finetune] epoch 22/25 | train_total=0.6791 (comp=0.5788 aux=0.3342) | val_loss=0.6608 | val_stone_mae=0.1315 | val_stone_dom_acc=0.662 | 50s
00:16:50 | INFO |   [finetune] epoch 23/25 | train_total=0.6648 (comp=0.5688 aux=0.3200) | val_loss=0.6297 | val_stone_mae=0.1283 | val_stone_dom_acc=0.754 | 50s
00:17:39 | INFO |   [finetune] epoch 24/25 | train_total=0.6572 (comp=0.5639 aux=0.3111) | val_loss=0.7540 | val_stone_mae=0.1309 | val_stone_dom_acc=0.646 | 50s
00:18:29 | INFO |   [finetune] epoch 25/25 | train_total=0.6165 (comp=0.5241 aux=0.3081) | val_loss=0.6447 | val_stone_mae=0.1289 | val_stone_dom_acc=0.692 | 50s
00:18:29 | INFO |   Early stopping (no improvement for 7 epochs)
00:18:29 | INFO | Fold 3 done. best_val_loss=0.6148 | stone_mae=0.1371 | stone_dom_acc=0.723 | stone_aitchison=10.8932
00:18:29 | INFO | === Fold 4 ===
00:18:29 | INFO | Built SimpleCompositionModel: resnet18 backbone + single shared head + presence detection head (11,309,130 params total)
00:18:29 | INFO | Fold 4 — Phase 1: frozen backbone, 5 epochs
00:18:29 | INFO |   Trainable params: 132,618
00:19:19 | INFO |   [frozen] epoch 1/5 | train_total=1.3020 (comp=1.1398 aux=0.5405) | val_loss=1.0230 | val_stone_mae=0.2348 | val_stone_dom_acc=0.492 | 50s
00:20:09 | INFO |   [frozen] epoch 2/5 | train_total=1.1507 (comp=1.0045 aux=0.4870) | val_loss=0.9493 | val_stone_mae=0.2145 | val_stone_dom_acc=0.508 | 50s
00:20:59 | INFO |   [frozen] epoch 3/5 | train_total=1.1065 (comp=0.9658 aux=0.4688) | val_loss=0.9449 | val_stone_mae=0.2028 | val_stone_dom_acc=0.508 | 50s
00:21:49 | INFO |   [frozen] epoch 4/5 | train_total=1.0560 (comp=0.9193 aux=0.4554) | val_loss=0.9595 | val_stone_mae=0.1939 | val_stone_dom_acc=0.508 | 50s
00:22:38 | INFO |   [frozen] epoch 5/5 | train_total=1.0706 (comp=0.9368 aux=0.4460) | val_loss=0.8762 | val_stone_mae=0.1967 | val_stone_dom_acc=0.631 | 49s
00:22:38 | INFO | Fold 4 — Phase 2: fine-tune, 25 epochs
00:22:38 | INFO |   Trainable params: 11,309,130
00:23:28 | INFO |   [finetune] epoch 1/25 | train_total=1.0192 (comp=0.8870 aux=0.4409) | val_loss=0.8299 | val_stone_mae=0.1873 | val_stone_dom_acc=0.569 | 50s
00:24:18 | INFO |   [finetune] epoch 2/25 | train_total=0.9594 (comp=0.8344 aux=0.4167) | val_loss=0.7883 | val_stone_mae=0.1732 | val_stone_dom_acc=0.600 | 50s
00:25:08 | INFO |   [finetune] epoch 3/25 | train_total=0.9326 (comp=0.8095 aux=0.4104) | val_loss=0.7673 | val_stone_mae=0.1709 | val_stone_dom_acc=0.615 | 50s
00:25:58 | INFO |   [finetune] epoch 4/25 | train_total=0.9201 (comp=0.8004 aux=0.3989) | val_loss=0.8037 | val_stone_mae=0.1745 | val_stone_dom_acc=0.615 | 50s
00:26:47 | INFO |   [finetune] epoch 5/25 | train_total=0.9018 (comp=0.7828 aux=0.3965) | val_loss=0.7753 | val_stone_mae=0.1655 | val_stone_dom_acc=0.615 | 50s
00:27:37 | INFO |   [finetune] epoch 6/25 | train_total=0.8552 (comp=0.7392 aux=0.3867) | val_loss=0.7428 | val_stone_mae=0.1662 | val_stone_dom_acc=0.615 | 50s
00:28:27 | INFO |   [finetune] epoch 7/25 | train_total=0.8409 (comp=0.7265 aux=0.3814) | val_loss=0.7817 | val_stone_mae=0.1678 | val_stone_dom_acc=0.646 | 50s
00:29:18 | INFO |   [finetune] epoch 8/25 | train_total=0.8325 (comp=0.7193 aux=0.3775) | val_loss=0.7604 | val_stone_mae=0.1620 | val_stone_dom_acc=0.631 | 50s
00:30:08 | INFO |   [finetune] epoch 9/25 | train_total=0.8298 (comp=0.7154 aux=0.3814) | val_loss=0.7227 | val_stone_mae=0.1655 | val_stone_dom_acc=0.631 | 50s
00:30:58 | INFO |   [finetune] epoch 10/25 | train_total=0.8024 (comp=0.6918 aux=0.3685) | val_loss=0.7736 | val_stone_mae=0.1558 | val_stone_dom_acc=0.631 | 50s
00:31:49 | INFO |   [finetune] epoch 11/25 | train_total=0.8108 (comp=0.7010 aux=0.3661) | val_loss=0.7402 | val_stone_mae=0.1645 | val_stone_dom_acc=0.646 | 50s
00:32:39 | INFO |   [finetune] epoch 12/25 | train_total=0.8023 (comp=0.6939 aux=0.3614) | val_loss=0.7362 | val_stone_mae=0.1583 | val_stone_dom_acc=0.662 | 50s
00:33:29 | INFO |   [finetune] epoch 13/25 | train_total=0.7323 (comp=0.6304 aux=0.3396) | val_loss=0.7192 | val_stone_mae=0.1559 | val_stone_dom_acc=0.631 | 50s
00:34:19 | INFO |   [finetune] epoch 14/25 | train_total=0.7597 (comp=0.6563 aux=0.3444) | val_loss=0.7177 | val_stone_mae=0.1561 | val_stone_dom_acc=0.646 | 50s
00:35:10 | INFO |   [finetune] epoch 15/25 | train_total=0.7523 (comp=0.6465 aux=0.3525) | val_loss=0.6982 | val_stone_mae=0.1518 | val_stone_dom_acc=0.646 | 50s
00:36:00 | INFO |   [finetune] epoch 16/25 | train_total=0.7313 (comp=0.6286 aux=0.3422) | val_loss=0.7202 | val_stone_mae=0.1514 | val_stone_dom_acc=0.615 | 50s
00:36:50 | INFO |   [finetune] epoch 17/25 | train_total=0.6891 (comp=0.5900 aux=0.3302) | val_loss=0.7501 | val_stone_mae=0.1519 | val_stone_dom_acc=0.662 | 50s
00:37:40 | INFO |   [finetune] epoch 18/25 | train_total=0.7381 (comp=0.6378 aux=0.3342) | val_loss=0.6719 | val_stone_mae=0.1573 | val_stone_dom_acc=0.569 | 50s
00:38:30 | INFO |   [finetune] epoch 19/25 | train_total=0.6924 (comp=0.5953 aux=0.3234) | val_loss=0.7117 | val_stone_mae=0.1517 | val_stone_dom_acc=0.615 | 50s
00:39:20 | INFO |   [finetune] epoch 20/25 | train_total=0.6877 (comp=0.5907 aux=0.3234) | val_loss=0.6768 | val_stone_mae=0.1493 | val_stone_dom_acc=0.631 | 50s
00:40:10 | INFO |   [finetune] epoch 21/25 | train_total=0.6696 (comp=0.5721 aux=0.3251) | val_loss=0.6896 | val_stone_mae=0.1474 | val_stone_dom_acc=0.646 | 50s
00:41:00 | INFO |   [finetune] epoch 22/25 | train_total=0.6511 (comp=0.5549 aux=0.3205) | val_loss=0.7108 | val_stone_mae=0.1466 | val_stone_dom_acc=0.646 | 50s
00:41:50 | INFO |   [finetune] epoch 23/25 | train_total=0.6629 (comp=0.5702 aux=0.3089) | val_loss=0.6667 | val_stone_mae=0.1559 | val_stone_dom_acc=0.600 | 50s
00:42:40 | INFO |   [finetune] epoch 24/25 | train_total=0.6260 (comp=0.5326 aux=0.3114) | val_loss=0.6837 | val_stone_mae=0.1446 | val_stone_dom_acc=0.646 | 50s
00:43:30 | INFO |   [finetune] epoch 25/25 | train_total=0.6296 (comp=0.5338 aux=0.3192) | val_loss=0.6762 | val_stone_mae=0.1440 | val_stone_dom_acc=0.631 | 50s
00:43:30 | INFO | Fold 4 done. best_val_loss=0.6667 | stone_mae=0.1559 | stone_dom_acc=0.600 | stone_aitchison=11.1623
00:43:30 | INFO | Cross-fold results:
00:43:30 | INFO |   best_stone_mae_overall: 0.1568 ± 0.0203
00:43:30 | INFO |   best_stone_dominant_acc: 0.6495 ± 0.0741
00:43:30 | INFO |   best_stone_aitchison: 11.0041 ± 0.2582
00:43:30 | INFO | === Held-out test set evaluation ===
00:43:31 | INFO | Built SimpleCompositionModel: resnet18 backbone + single shared head + presence detection head (11,309,130 params total)
00:43:48 | INFO |   Fold 0 test: stone_mae=0.1718 | stone_dom_acc=0.659 | stone_aitchison=11.3947
00:43:48 | INFO | Built SimpleCompositionModel: resnet18 backbone + single shared head + presence detection head (11,309,130 params total)
00:44:04 | INFO |   Fold 1 test: stone_mae=0.1573 | stone_dom_acc=0.646 | stone_aitchison=11.0273
00:44:05 | INFO | Built SimpleCompositionModel: resnet18 backbone + single shared head + presence detection head (11,309,130 params total)
00:44:21 | INFO |   Fold 2 test: stone_mae=0.1593 | stone_dom_acc=0.646 | stone_aitchison=11.0074
00:44:21 | INFO | Built SimpleCompositionModel: resnet18 backbone + single shared head + presence detection head (11,309,130 params total)
00:44:38 | INFO |   Fold 3 test: stone_mae=0.1601 | stone_dom_acc=0.720 | stone_aitchison=11.1586
00:44:38 | INFO | Built SimpleCompositionModel: resnet18 backbone + single shared head + presence detection head (11,309,130 params total)
00:44:54 | INFO |   Fold 4 test: stone_mae=0.1625 | stone_dom_acc=0.683 | stone_aitchison=11.2762
00:44:54 | INFO | Test set summary (mean ± std across folds):
00:44:54 | INFO |   stone_mae_overall: 0.1622 ± 0.0057
00:44:54 | INFO |   stone_dominant_acc: 0.6707 ± 0.0311
00:44:54 | INFO |   stone_aitchison: 11.1728 ± 0.1648
00:45:02 | INFO | Device: cuda
00:45:02 | INFO | cuDNN benchmark enabled
00:45:06 | INFO | Skipped 21 rows with no composition data
00:45:06 | WARNING | Skipped 2 rows whose image files are missing
00:45:06 | INFO | Built 1240 compositional samples from 414 stones
00:45:06 | INFO | Excluded classes ['OTH'] → 5 classes remaining, 410 stones
00:45:06 | INFO | Test holdout: 82 stones (40 pure / 42 mixed, 246 images). Train+val pool: 328 stones (982 images).
00:45:06 | INFO | --random-labels: stone-level composition vectors have been shuffled (baseline mode)
00:45:06 | INFO |   Fold 0: train=262 stones (129 pure / 133 mixed, 784 images), val=66 stones (32 pure / 34 mixed, 198 images)
00:45:06 | INFO |   Fold 1: train=262 stones (128 pure / 134 mixed, 784 images), val=66 stones (33 pure / 33 mixed, 198 images)
00:45:07 | INFO |   Fold 2: train=262 stones (129 pure / 133 mixed, 784 images), val=66 stones (32 pure / 34 mixed, 198 images)
00:45:07 | INFO |   Fold 3: train=263 stones (129 pure / 134 mixed, 787 images), val=65 stones (32 pure / 33 mixed, 195 images)
00:45:07 | INFO |   Fold 4: train=263 stones (129 pure / 134 mixed, 789 images), val=65 stones (32 pure / 33 mixed, 193 images)
00:45:07 | INFO | Model type: simple_random  |  checkpoints → /gpfs/home3/ddboer/umc_thesis/outputs/checkpoints/composition
00:45:07 | INFO | use_weighted_kl=false — using standard (unweighted) KL divergence
00:45:07 | INFO | === Fold 0 ===
00:45:07 | INFO | Built SimpleCompositionModel: resnet18 backbone + single shared head + presence detection head (11,309,130 params total)
00:45:07 | INFO | Fold 0 — Phase 1: frozen backbone, 5 epochs
00:45:07 | INFO |   Trainable params: 132,618
00:45:58 | INFO |   [frozen] epoch 1/5 | train_total=1.2902 (comp=1.1283 aux=0.5397) | val_loss=1.0466 | val_stone_mae=0.2369 | val_stone_dom_acc=0.485 | 50s
00:46:48 | INFO |   [frozen] epoch 2/5 | train_total=1.2437 (comp=1.0900 aux=0.5123) | val_loss=1.0670 | val_stone_mae=0.2391 | val_stone_dom_acc=0.485 | 50s
00:47:37 | INFO |   [frozen] epoch 3/5 | train_total=1.2090 (comp=1.0593 aux=0.4989) | val_loss=1.0654 | val_stone_mae=0.2266 | val_stone_dom_acc=0.485 | 50s
00:48:27 | INFO |   [frozen] epoch 4/5 | train_total=1.1997 (comp=1.0516 aux=0.4936) | val_loss=1.0559 | val_stone_mae=0.2326 | val_stone_dom_acc=0.485 | 50s
00:49:17 | INFO |   [frozen] epoch 5/5 | train_total=1.1968 (comp=1.0490 aux=0.4929) | val_loss=1.0694 | val_stone_mae=0.2255 | val_stone_dom_acc=0.485 | 50s
00:49:17 | INFO | Fold 0 — Phase 2: fine-tune, 25 epochs
00:49:17 | INFO |   Trainable params: 11,309,130
00:50:08 | INFO |   [finetune] epoch 1/25 | train_total=1.2063 (comp=1.0589 aux=0.4913) | val_loss=1.0674 | val_stone_mae=0.2267 | val_stone_dom_acc=0.485 | 50s
00:50:58 | INFO |   [finetune] epoch 2/25 | train_total=1.1994 (comp=1.0514 aux=0.4933) | val_loss=1.0560 | val_stone_mae=0.2317 | val_stone_dom_acc=0.500 | 50s
00:51:48 | INFO |   [finetune] epoch 3/25 | train_total=1.1864 (comp=1.0390 aux=0.4916) | val_loss=1.0632 | val_stone_mae=0.2258 | val_stone_dom_acc=0.485 | 50s
00:52:38 | INFO |   [finetune] epoch 4/25 | train_total=1.1680 (comp=1.0243 aux=0.4790) | val_loss=1.0715 | val_stone_mae=0.2241 | val_stone_dom_acc=0.485 | 50s
00:53:28 | INFO |   [finetune] epoch 5/25 | train_total=1.1659 (comp=1.0197 aux=0.4874) | val_loss=1.0669 | val_stone_mae=0.2377 | val_stone_dom_acc=0.424 | 50s
00:54:19 | INFO |   [finetune] epoch 6/25 | train_total=1.1596 (comp=1.0155 aux=0.4803) | val_loss=1.1151 | val_stone_mae=0.2199 | val_stone_dom_acc=0.485 | 51s
00:55:09 | INFO |   [finetune] epoch 7/25 | train_total=1.1504 (comp=1.0067 aux=0.4788) | val_loss=1.0714 | val_stone_mae=0.2340 | val_stone_dom_acc=0.470 | 51s
00:56:00 | INFO |   [finetune] epoch 8/25 | train_total=1.1433 (comp=1.0004 aux=0.4762) | val_loss=1.0877 | val_stone_mae=0.2290 | val_stone_dom_acc=0.439 | 51s
00:56:51 | INFO |   [finetune] epoch 9/25 | train_total=1.1319 (comp=0.9897 aux=0.4740) | val_loss=1.1008 | val_stone_mae=0.2310 | val_stone_dom_acc=0.439 | 51s
00:56:51 | INFO |   Early stopping (no improvement for 7 epochs)
00:56:51 | INFO | Fold 0 done. best_val_loss=1.0560 | stone_mae=0.2317 | stone_dom_acc=0.500 | stone_aitchison=12.4364
00:56:51 | INFO | === Fold 1 ===
00:56:51 | INFO | Built SimpleCompositionModel: resnet18 backbone + single shared head + presence detection head (11,309,130 params total)
00:56:51 | INFO | Fold 1 — Phase 1: frozen backbone, 5 epochs
00:56:51 | INFO |   Trainable params: 132,618
00:57:41 | INFO |   [frozen] epoch 1/5 | train_total=1.3233 (comp=1.1559 aux=0.5579) | val_loss=1.0944 | val_stone_mae=0.2503 | val_stone_dom_acc=0.470 | 50s
00:58:31 | INFO |   [frozen] epoch 2/5 | train_total=1.2461 (comp=1.0936 aux=0.5081) | val_loss=1.0568 | val_stone_mae=0.2372 | val_stone_dom_acc=0.485 | 50s
00:59:21 | INFO |   [frozen] epoch 3/5 | train_total=1.2147 (comp=1.0645 aux=0.5009) | val_loss=1.0578 | val_stone_mae=0.2372 | val_stone_dom_acc=0.500 | 50s
01:00:11 | INFO |   [frozen] epoch 4/5 | train_total=1.2046 (comp=1.0548 aux=0.4993) | val_loss=1.0571 | val_stone_mae=0.2342 | val_stone_dom_acc=0.500 | 50s
01:01:01 | INFO |   [frozen] epoch 5/5 | train_total=1.1949 (comp=1.0475 aux=0.4912) | val_loss=1.0542 | val_stone_mae=0.2372 | val_stone_dom_acc=0.500 | 50s
01:01:01 | INFO | Fold 1 — Phase 2: fine-tune, 25 epochs
01:01:01 | INFO |   Trainable params: 11,309,130
01:01:52 | INFO |   [finetune] epoch 1/25 | train_total=1.2124 (comp=1.0635 aux=0.4963) | val_loss=1.0759 | val_stone_mae=0.2393 | val_stone_dom_acc=0.455 | 50s
01:02:41 | INFO |   [finetune] epoch 2/25 | train_total=1.1749 (comp=1.0281 aux=0.4893) | val_loss=1.0681 | val_stone_mae=0.2403 | val_stone_dom_acc=0.500 | 50s
01:03:31 | INFO |   [finetune] epoch 3/25 | train_total=1.1842 (comp=1.0382 aux=0.4868) | val_loss=1.0752 | val_stone_mae=0.2318 | val_stone_dom_acc=0.485 | 50s
01:04:21 | INFO |   [finetune] epoch 4/25 | train_total=1.1785 (comp=1.0317 aux=0.4893) | val_loss=1.0680 | val_stone_mae=0.2368 | val_stone_dom_acc=0.515 | 50s
01:05:11 | INFO |   [finetune] epoch 5/25 | train_total=1.1632 (comp=1.0175 aux=0.4858) | val_loss=1.0693 | val_stone_mae=0.2343 | val_stone_dom_acc=0.500 | 50s
01:06:01 | INFO |   [finetune] epoch 6/25 | train_total=1.1617 (comp=1.0160 aux=0.4856) | val_loss=1.0922 | val_stone_mae=0.2322 | val_stone_dom_acc=0.515 | 50s
01:06:51 | INFO |   [finetune] epoch 7/25 | train_total=1.1650 (comp=1.0203 aux=0.4825) | val_loss=1.0729 | val_stone_mae=0.2395 | val_stone_dom_acc=0.530 | 50s
01:07:41 | INFO |   [finetune] epoch 8/25 | train_total=1.1404 (comp=0.9975 aux=0.4763) | val_loss=1.0805 | val_stone_mae=0.2344 | val_stone_dom_acc=0.470 | 50s
01:08:31 | INFO |   [finetune] epoch 9/25 | train_total=1.1354 (comp=0.9917 aux=0.4791) | val_loss=1.0700 | val_stone_mae=0.2321 | val_stone_dom_acc=0.530 | 50s
01:09:21 | INFO |   [finetune] epoch 10/25 | train_total=1.1204 (comp=0.9780 aux=0.4748) | val_loss=1.0730 | val_stone_mae=0.2305 | val_stone_dom_acc=0.530 | 50s
01:10:12 | INFO |   [finetune] epoch 11/25 | train_total=1.1204 (comp=0.9787 aux=0.4725) | val_loss=1.0840 | val_stone_mae=0.2312 | val_stone_dom_acc=0.485 | 50s
01:10:12 | INFO |   Early stopping (no improvement for 7 epochs)
01:10:12 | INFO | Fold 1 done. best_val_loss=1.0680 | stone_mae=0.2368 | stone_dom_acc=0.515 | stone_aitchison=12.4525
01:10:12 | INFO | === Fold 2 ===
01:10:12 | INFO | Built SimpleCompositionModel: resnet18 backbone + single shared head + presence detection head (11,309,130 params total)
01:10:12 | INFO | Fold 2 — Phase 1: frozen backbone, 5 epochs
01:10:12 | INFO |   Trainable params: 132,618
01:11:01 | INFO |   [frozen] epoch 1/5 | train_total=1.3085 (comp=1.1437 aux=0.5492) | val_loss=1.0378 | val_stone_mae=0.2404 | val_stone_dom_acc=0.500 | 49s
01:11:51 | INFO |   [frozen] epoch 2/5 | train_total=1.2331 (comp=1.0797 aux=0.5112) | val_loss=1.0052 | val_stone_mae=0.2252 | val_stone_dom_acc=0.485 | 49s
01:12:40 | INFO |   [frozen] epoch 3/5 | train_total=1.2123 (comp=1.0611 aux=0.5042) | val_loss=1.0047 | val_stone_mae=0.2277 | val_stone_dom_acc=0.485 | 49s
01:13:29 | INFO |   [frozen] epoch 4/5 | train_total=1.2034 (comp=1.0538 aux=0.4986) | val_loss=1.0032 | val_stone_mae=0.2271 | val_stone_dom_acc=0.485 | 49s
01:14:18 | INFO |   [frozen] epoch 5/5 | train_total=1.2015 (comp=1.0531 aux=0.4948) | val_loss=1.0092 | val_stone_mae=0.2287 | val_stone_dom_acc=0.500 | 49s
01:14:18 | INFO | Fold 2 — Phase 2: fine-tune, 25 epochs
01:14:18 | INFO |   Trainable params: 11,309,130
01:15:07 | INFO |   [finetune] epoch 1/25 | train_total=1.2094 (comp=1.0598 aux=0.4987) | val_loss=1.0306 | val_stone_mae=0.2156 | val_stone_dom_acc=0.485 | 49s
01:15:57 | INFO |   [finetune] epoch 2/25 | train_total=1.1974 (comp=1.0476 aux=0.4992) | val_loss=1.0127 | val_stone_mae=0.2290 | val_stone_dom_acc=0.500 | 49s
01:16:46 | INFO |   [finetune] epoch 3/25 | train_total=1.1856 (comp=1.0374 aux=0.4942) | val_loss=1.0265 | val_stone_mae=0.2243 | val_stone_dom_acc=0.485 | 50s
01:17:36 | INFO |   [finetune] epoch 4/25 | train_total=1.1690 (comp=1.0223 aux=0.4890) | val_loss=1.0198 | val_stone_mae=0.2314 | val_stone_dom_acc=0.500 | 49s
01:18:25 | INFO |   [finetune] epoch 5/25 | train_total=1.1657 (comp=1.0174 aux=0.4944) | val_loss=1.0272 | val_stone_mae=0.2253 | val_stone_dom_acc=0.485 | 49s
01:19:14 | INFO |   [finetune] epoch 6/25 | train_total=1.1625 (comp=1.0165 aux=0.4868) | val_loss=1.0528 | val_stone_mae=0.2248 | val_stone_dom_acc=0.485 | 49s
01:20:04 | INFO |   [finetune] epoch 7/25 | train_total=1.1500 (comp=1.0057 aux=0.4812) | val_loss=1.0307 | val_stone_mae=0.2307 | val_stone_dom_acc=0.485 | 49s
01:20:53 | INFO |   [finetune] epoch 8/25 | train_total=1.1355 (comp=0.9921 aux=0.4779) | val_loss=1.0258 | val_stone_mae=0.2268 | val_stone_dom_acc=0.470 | 49s
01:21:43 | INFO |   [finetune] epoch 9/25 | train_total=1.1399 (comp=0.9972 aux=0.4754) | val_loss=1.0333 | val_stone_mae=0.2255 | val_stone_dom_acc=0.485 | 50s
01:21:43 | INFO |   Early stopping (no improvement for 7 epochs)
01:21:43 | INFO | Fold 2 done. best_val_loss=1.0127 | stone_mae=0.2290 | stone_dom_acc=0.500 | stone_aitchison=12.4546
01:21:43 | INFO | === Fold 3 ===
01:21:43 | INFO | Built SimpleCompositionModel: resnet18 backbone + single shared head + presence detection head (11,309,130 params total)
01:21:43 | INFO | Fold 3 — Phase 1: frozen backbone, 5 epochs
01:21:43 | INFO |   Trainable params: 132,618
01:22:34 | INFO |   [frozen] epoch 1/5 | train_total=1.2881 (comp=1.1212 aux=0.5562) | val_loss=1.0761 | val_stone_mae=0.2469 | val_stone_dom_acc=0.492 | 50s
01:23:24 | INFO |   [frozen] epoch 2/5 | train_total=1.2344 (comp=1.0797 aux=0.5154) | val_loss=1.0972 | val_stone_mae=0.2461 | val_stone_dom_acc=0.492 | 50s
01:24:14 | INFO |   [frozen] epoch 3/5 | train_total=1.2153 (comp=1.0618 aux=0.5118) | val_loss=1.0746 | val_stone_mae=0.2342 | val_stone_dom_acc=0.492 | 50s
01:25:04 | INFO |   [frozen] epoch 4/5 | train_total=1.1969 (comp=1.0452 aux=0.5056) | val_loss=1.0769 | val_stone_mae=0.2392 | val_stone_dom_acc=0.492 | 50s
01:25:53 | INFO |   [frozen] epoch 5/5 | train_total=1.1936 (comp=1.0443 aux=0.4979) | val_loss=1.0790 | val_stone_mae=0.2336 | val_stone_dom_acc=0.492 | 50s
01:25:53 | INFO | Fold 3 — Phase 2: fine-tune, 25 epochs
01:25:53 | INFO |   Trainable params: 11,309,130
01:26:43 | INFO |   [finetune] epoch 1/25 | train_total=1.2060 (comp=1.0558 aux=0.5008) | val_loss=1.0837 | val_stone_mae=0.2356 | val_stone_dom_acc=0.492 | 50s
01:27:33 | INFO |   [finetune] epoch 2/25 | train_total=1.1969 (comp=1.0466 aux=0.5010) | val_loss=1.0779 | val_stone_mae=0.2387 | val_stone_dom_acc=0.508 | 50s
01:28:23 | INFO |   [finetune] epoch 3/25 | train_total=1.1925 (comp=1.0427 aux=0.4992) | val_loss=1.0763 | val_stone_mae=0.2402 | val_stone_dom_acc=0.508 | 50s
01:29:13 | INFO |   [finetune] epoch 4/25 | train_total=1.1815 (comp=1.0332 aux=0.4944) | val_loss=1.0745 | val_stone_mae=0.2309 | val_stone_dom_acc=0.508 | 50s
01:30:03 | INFO |   [finetune] epoch 5/25 | train_total=1.1608 (comp=1.0143 aux=0.4884) | val_loss=1.0772 | val_stone_mae=0.2286 | val_stone_dom_acc=0.492 | 50s
01:30:52 | INFO |   [finetune] epoch 6/25 | train_total=1.1594 (comp=1.0121 aux=0.4909) | val_loss=1.1132 | val_stone_mae=0.2508 | val_stone_dom_acc=0.508 | 50s
01:31:42 | INFO |   [finetune] epoch 7/25 | train_total=1.1679 (comp=1.0204 aux=0.4915) | val_loss=1.0967 | val_stone_mae=0.2350 | val_stone_dom_acc=0.523 | 50s
01:32:32 | INFO |   [finetune] epoch 8/25 | train_total=1.1575 (comp=1.0111 aux=0.4880) | val_loss=1.1036 | val_stone_mae=0.2418 | val_stone_dom_acc=0.508 | 50s
01:33:22 | INFO |   [finetune] epoch 9/25 | train_total=1.1478 (comp=1.0027 aux=0.4838) | val_loss=1.0910 | val_stone_mae=0.2268 | val_stone_dom_acc=0.508 | 50s
01:34:12 | INFO |   [finetune] epoch 10/25 | train_total=1.1345 (comp=0.9901 aux=0.4815) | val_loss=1.1036 | val_stone_mae=0.2331 | val_stone_dom_acc=0.523 | 50s
01:35:01 | INFO |   [finetune] epoch 11/25 | train_total=1.1193 (comp=0.9760 aux=0.4776) | val_loss=1.0925 | val_stone_mae=0.2322 | val_stone_dom_acc=0.508 | 50s
01:35:01 | INFO |   Early stopping (no improvement for 7 epochs)
01:35:01 | INFO | Fold 3 done. best_val_loss=1.0745 | stone_mae=0.2309 | stone_dom_acc=0.508 | stone_aitchison=12.0731
01:35:02 | INFO | === Fold 4 ===
01:35:02 | INFO | Built SimpleCompositionModel: resnet18 backbone + single shared head + presence detection head (11,309,130 params total)
01:35:02 | INFO | Fold 4 — Phase 1: frozen backbone, 5 epochs
01:35:02 | INFO |   Trainable params: 132,618
01:35:51 | INFO |   [frozen] epoch 1/5 | train_total=1.3283 (comp=1.1635 aux=0.5493) | val_loss=1.1099 | val_stone_mae=0.2513 | val_stone_dom_acc=0.492 | 50s
01:36:41 | INFO |   [frozen] epoch 2/5 | train_total=1.2444 (comp=1.0888 aux=0.5188) | val_loss=1.0786 | val_stone_mae=0.2354 | val_stone_dom_acc=0.492 | 49s
01:37:30 | INFO |   [frozen] epoch 3/5 | train_total=1.2307 (comp=1.0784 aux=0.5077) | val_loss=1.0874 | val_stone_mae=0.2383 | val_stone_dom_acc=0.477 | 49s
01:38:19 | INFO |   [frozen] epoch 4/5 | train_total=1.2021 (comp=1.0508 aux=0.5044) | val_loss=1.0739 | val_stone_mae=0.2320 | val_stone_dom_acc=0.492 | 49s
01:39:08 | INFO |   [frozen] epoch 5/5 | train_total=1.1863 (comp=1.0349 aux=0.5049) | val_loss=1.0773 | val_stone_mae=0.2360 | val_stone_dom_acc=0.492 | 49s
01:39:08 | INFO | Fold 4 — Phase 2: fine-tune, 25 epochs
01:39:08 | INFO |   Trainable params: 11,309,130
01:39:57 | INFO |   [finetune] epoch 1/25 | train_total=1.2173 (comp=1.0661 aux=0.5043) | val_loss=1.0933 | val_stone_mae=0.2469 | val_stone_dom_acc=0.492 | 49s
01:40:47 | INFO |   [finetune] epoch 2/25 | train_total=1.1773 (comp=1.0280 aux=0.4975) | val_loss=1.0908 | val_stone_mae=0.2313 | val_stone_dom_acc=0.492 | 49s
01:41:36 | INFO |   [finetune] epoch 3/25 | train_total=1.1705 (comp=1.0234 aux=0.4903) | val_loss=1.0893 | val_stone_mae=0.2341 | val_stone_dom_acc=0.492 | 49s
01:42:25 | INFO |   [finetune] epoch 4/25 | train_total=1.1662 (comp=1.0208 aux=0.4844) | val_loss=1.0889 | val_stone_mae=0.2397 | val_stone_dom_acc=0.477 | 49s
01:43:14 | INFO |   [finetune] epoch 5/25 | train_total=1.1527 (comp=1.0080 aux=0.4822) | val_loss=1.0933 | val_stone_mae=0.2343 | val_stone_dom_acc=0.477 | 49s
01:44:03 | INFO |   [finetune] epoch 6/25 | train_total=1.1399 (comp=0.9975 aux=0.4748) | val_loss=1.1132 | val_stone_mae=0.2289 | val_stone_dom_acc=0.446 | 49s
01:44:53 | INFO |   [finetune] epoch 7/25 | train_total=1.1393 (comp=0.9958 aux=0.4784) | val_loss=1.1288 | val_stone_mae=0.2439 | val_stone_dom_acc=0.400 | 49s
01:45:42 | INFO |   [finetune] epoch 8/25 | train_total=1.1154 (comp=0.9706 aux=0.4828) | val_loss=1.1318 | val_stone_mae=0.2423 | val_stone_dom_acc=0.415 | 49s
01:46:31 | INFO |   [finetune] epoch 9/25 | train_total=1.1037 (comp=0.9619 aux=0.4729) | val_loss=1.1350 | val_stone_mae=0.2389 | val_stone_dom_acc=0.446 | 49s
01:47:20 | INFO |   [finetune] epoch 10/25 | train_total=1.1168 (comp=0.9734 aux=0.4780) | val_loss=1.1760 | val_stone_mae=0.2417 | val_stone_dom_acc=0.431 | 49s
01:48:09 | INFO |   [finetune] epoch 11/25 | train_total=1.0984 (comp=0.9590 aux=0.4646) | val_loss=1.1522 | val_stone_mae=0.2401 | val_stone_dom_acc=0.415 | 49s
01:48:09 | INFO |   Early stopping (no improvement for 7 epochs)
01:48:09 | INFO | Fold 4 done. best_val_loss=1.0889 | stone_mae=0.2397 | stone_dom_acc=0.477 | stone_aitchison=12.3495
01:48:09 | INFO | Cross-fold results:
01:48:09 | INFO |   best_stone_mae_overall: 0.2336 ± 0.0045
01:48:09 | INFO |   best_stone_dominant_acc: 0.5000 ± 0.0143
01:48:09 | INFO |   best_stone_aitchison: 12.3532 ± 0.1624
01:48:09 | INFO | === Held-out test set evaluation ===
01:48:09 | INFO | Built SimpleCompositionModel: resnet18 backbone + single shared head + presence detection head (11,309,130 params total)
01:48:26 | INFO |   Fold 0 test: stone_mae=0.2392 | stone_dom_acc=0.512 | stone_aitchison=12.3960
01:48:26 | INFO | Built SimpleCompositionModel: resnet18 backbone + single shared head + presence detection head (11,309,130 params total)
01:48:42 | INFO |   Fold 1 test: stone_mae=0.2418 | stone_dom_acc=0.500 | stone_aitchison=12.4056
01:48:43 | INFO | Built SimpleCompositionModel: resnet18 backbone + single shared head + presence detection head (11,309,130 params total)
01:48:59 | INFO |   Fold 2 test: stone_mae=0.2420 | stone_dom_acc=0.512 | stone_aitchison=12.4106
01:49:00 | INFO | Built SimpleCompositionModel: resnet18 backbone + single shared head + presence detection head (11,309,130 params total)
01:49:16 | INFO |   Fold 3 test: stone_mae=0.2351 | stone_dom_acc=0.488 | stone_aitchison=12.3202
01:49:16 | INFO | Built SimpleCompositionModel: resnet18 backbone + single shared head + presence detection head (11,309,130 params total)
01:49:33 | INFO |   Fold 4 test: stone_mae=0.2386 | stone_dom_acc=0.488 | stone_aitchison=12.3655
01:49:33 | INFO | Test set summary (mean ± std across folds):
01:49:33 | INFO |   stone_mae_overall: 0.2394 ± 0.0028
01:49:33 | INFO |   stone_dominant_acc: 0.5000 ± 0.0122
01:49:33 | INFO |   stone_aitchison: 12.3796 ± 0.0375
