16:54:08 | INFO | Device: cuda
16:54:08 | INFO | cuDNN benchmark enabled
16:54:10 | INFO | Skipped 21 rows with no composition data
16:54:10 | WARNING | Skipped 2 rows whose image files are missing
16:54:10 | INFO | Built 1240 compositional samples from 414 stones
16:54:10 | INFO | Excluded classes ['OTH'] → 5 classes remaining, 410 stones
16:54:10 | INFO | Test holdout: 82 stones (40 pure / 42 mixed, 246 images). Train+val pool: 328 stones (982 images).
16:54:10 | INFO |   Fold 0: train=262 stones (129 pure / 133 mixed, 785 images), val=66 stones (32 pure / 34 mixed, 197 images)
16:54:10 | INFO |   Fold 1: train=262 stones (128 pure / 134 mixed, 784 images), val=66 stones (33 pure / 33 mixed, 198 images)
16:54:10 | INFO |   Fold 2: train=262 stones (129 pure / 133 mixed, 785 images), val=66 stones (32 pure / 34 mixed, 197 images)
16:54:10 | INFO |   Fold 3: train=263 stones (129 pure / 134 mixed, 787 images), val=65 stones (32 pure / 33 mixed, 195 images)
16:54:11 | INFO |   Fold 4: train=263 stones (129 pure / 134 mixed, 787 images), val=65 stones (32 pure / 33 mixed, 195 images)
16:54:11 | INFO | Model type: simple  |  checkpoints → /gpfs/home3/ddboer/umc_thesis/outputs/checkpoints/composition
16:54:11 | INFO | use_weighted_kl=true — computing inverse-frequency weights from train+val pool
16:54:11 | INFO | Weighted KL class weights (inv-freq, normalised):
16:54:11 | INFO |   CaOx: mean_frac=0.4726  weight=0.197
16:54:11 | INFO |   CaP: mean_frac=0.3045  weight=0.306
16:54:11 | INFO |   UA: mean_frac=0.0956  weight=0.975
16:54:11 | INFO |   MAP: mean_frac=0.0376  weight=2.482
16:54:11 | INFO |   CYS: mean_frac=0.0897  weight=1.039
16:54:11 | INFO | === Fold 0 ===
16:54:11 | INFO | Built SimpleCompositionModel: resnet18 backbone + single shared head + presence detection head (11,309,130 params total)
16:54:11 | INFO | Fold 0 — Phase 1: frozen backbone, 5 epochs
16:54:11 | INFO |   Trainable params: 132,618
16:55:02 | INFO |   [frozen] epoch 1/5 | train_total=0.7605 (comp=0.5981 aux=0.5411) | val_loss=0.5990 | val_stone_mae=0.2691 | val_stone_dom_acc=0.470 | 51s
16:55:53 | INFO |   [frozen] epoch 2/5 | train_total=0.7005 (comp=0.5558 aux=0.4823) | val_loss=0.5664 | val_stone_mae=0.2645 | val_stone_dom_acc=0.439 | 51s
16:56:43 | INFO |   [frozen] epoch 3/5 | train_total=0.6773 (comp=0.5383 aux=0.4633) | val_loss=0.5328 | val_stone_mae=0.2623 | val_stone_dom_acc=0.424 | 50s
16:57:33 | INFO |   [frozen] epoch 4/5 | train_total=0.6549 (comp=0.5209 aux=0.4466) | val_loss=0.5307 | val_stone_mae=0.2434 | val_stone_dom_acc=0.545 | 50s
16:58:24 | INFO |   [frozen] epoch 5/5 | train_total=0.6538 (comp=0.5196 aux=0.4473) | val_loss=0.5114 | val_stone_mae=0.2479 | val_stone_dom_acc=0.455 | 50s
16:58:24 | INFO | Fold 0 — Phase 2: fine-tune, 25 epochs
16:58:24 | INFO |   Trainable params: 11,309,130
16:59:14 | INFO |   [finetune] epoch 1/25 | train_total=0.6528 (comp=0.5196 aux=0.4439) | val_loss=0.4938 | val_stone_mae=0.2406 | val_stone_dom_acc=0.424 | 50s
17:00:04 | INFO |   [finetune] epoch 2/25 | train_total=0.6352 (comp=0.5048 aux=0.4346) | val_loss=0.4728 | val_stone_mae=0.2415 | val_stone_dom_acc=0.500 | 51s
17:00:54 | INFO |   [finetune] epoch 3/25 | train_total=0.5920 (comp=0.4658 aux=0.4207) | val_loss=0.4695 | val_stone_mae=0.2091 | val_stone_dom_acc=0.576 | 50s
17:01:45 | INFO |   [finetune] epoch 4/25 | train_total=0.5526 (comp=0.4319 aux=0.4024) | val_loss=0.4578 | val_stone_mae=0.2001 | val_stone_dom_acc=0.606 | 50s
17:02:35 | INFO |   [finetune] epoch 5/25 | train_total=0.5371 (comp=0.4191 aux=0.3932) | val_loss=0.4095 | val_stone_mae=0.2086 | val_stone_dom_acc=0.545 | 50s
17:03:25 | INFO |   [finetune] epoch 6/25 | train_total=0.5306 (comp=0.4115 aux=0.3971) | val_loss=0.4493 | val_stone_mae=0.1966 | val_stone_dom_acc=0.591 | 50s
17:04:15 | INFO |   [finetune] epoch 7/25 | train_total=0.5586 (comp=0.4409 aux=0.3922) | val_loss=0.3979 | val_stone_mae=0.2031 | val_stone_dom_acc=0.606 | 50s
17:05:06 | INFO |   [finetune] epoch 8/25 | train_total=0.5298 (comp=0.4135 aux=0.3880) | val_loss=0.4671 | val_stone_mae=0.1902 | val_stone_dom_acc=0.530 | 50s
17:05:56 | INFO |   [finetune] epoch 9/25 | train_total=0.5135 (comp=0.4007 aux=0.3760) | val_loss=0.4075 | val_stone_mae=0.1991 | val_stone_dom_acc=0.545 | 50s
17:06:46 | INFO |   [finetune] epoch 10/25 | train_total=0.4877 (comp=0.3775 aux=0.3675) | val_loss=0.4320 | val_stone_mae=0.1863 | val_stone_dom_acc=0.545 | 50s
17:07:36 | INFO |   [finetune] epoch 11/25 | train_total=0.4602 (comp=0.3508 aux=0.3648) | val_loss=0.3951 | val_stone_mae=0.1854 | val_stone_dom_acc=0.545 | 50s
17:08:27 | INFO |   [finetune] epoch 12/25 | train_total=0.4454 (comp=0.3378 aux=0.3587) | val_loss=0.4081 | val_stone_mae=0.1934 | val_stone_dom_acc=0.545 | 50s
17:09:17 | INFO |   [finetune] epoch 13/25 | train_total=0.4483 (comp=0.3398 aux=0.3617) | val_loss=0.3856 | val_stone_mae=0.1885 | val_stone_dom_acc=0.576 | 50s
17:10:07 | INFO |   [finetune] epoch 14/25 | train_total=0.4332 (comp=0.3288 aux=0.3481) | val_loss=0.3820 | val_stone_mae=0.1880 | val_stone_dom_acc=0.545 | 50s
17:10:57 | INFO |   [finetune] epoch 15/25 | train_total=0.4163 (comp=0.3128 aux=0.3449) | val_loss=0.3640 | val_stone_mae=0.1846 | val_stone_dom_acc=0.606 | 50s
17:11:47 | INFO |   [finetune] epoch 16/25 | train_total=0.4321 (comp=0.3259 aux=0.3539) | val_loss=0.3599 | val_stone_mae=0.1822 | val_stone_dom_acc=0.530 | 50s
17:12:38 | INFO |   [finetune] epoch 17/25 | train_total=0.4049 (comp=0.3046 aux=0.3342) | val_loss=0.3579 | val_stone_mae=0.1728 | val_stone_dom_acc=0.636 | 50s
17:13:28 | INFO |   [finetune] epoch 18/25 | train_total=0.4005 (comp=0.2975 aux=0.3431) | val_loss=0.3369 | val_stone_mae=0.1667 | val_stone_dom_acc=0.561 | 51s
17:14:19 | INFO |   [finetune] epoch 19/25 | train_total=0.3896 (comp=0.2890 aux=0.3353) | val_loss=0.3541 | val_stone_mae=0.1656 | val_stone_dom_acc=0.652 | 50s
17:15:09 | INFO |   [finetune] epoch 20/25 | train_total=0.3907 (comp=0.2909 aux=0.3327) | val_loss=0.3273 | val_stone_mae=0.1678 | val_stone_dom_acc=0.591 | 50s
17:15:59 | INFO |   [finetune] epoch 21/25 | train_total=0.3723 (comp=0.2736 aux=0.3290) | val_loss=0.3421 | val_stone_mae=0.1649 | val_stone_dom_acc=0.697 | 50s
17:16:49 | INFO |   [finetune] epoch 22/25 | train_total=0.3712 (comp=0.2718 aux=0.3311) | val_loss=0.3335 | val_stone_mae=0.1626 | val_stone_dom_acc=0.667 | 50s
17:17:39 | INFO |   [finetune] epoch 23/25 | train_total=0.3807 (comp=0.2842 aux=0.3217) | val_loss=0.3381 | val_stone_mae=0.1643 | val_stone_dom_acc=0.636 | 50s
17:18:29 | INFO |   [finetune] epoch 24/25 | train_total=0.3476 (comp=0.2523 aux=0.3175) | val_loss=0.3322 | val_stone_mae=0.1592 | val_stone_dom_acc=0.667 | 50s
17:19:20 | INFO |   [finetune] epoch 25/25 | train_total=0.3390 (comp=0.2460 aux=0.3097) | val_loss=0.3238 | val_stone_mae=0.1669 | val_stone_dom_acc=0.636 | 50s
17:19:20 | INFO | Fold 0 done. best_val_loss=0.3238 | stone_mae=0.1669 | stone_dom_acc=0.636 | stone_aitchison=11.4359
17:19:20 | INFO | === Fold 1 ===
17:19:20 | INFO | Built SimpleCompositionModel: resnet18 backbone + single shared head + presence detection head (11,309,130 params total)
17:19:20 | INFO | Fold 1 — Phase 1: frozen backbone, 5 epochs
17:19:20 | INFO |   Trainable params: 132,618
17:20:11 | INFO |   [frozen] epoch 1/5 | train_total=0.7661 (comp=0.6020 aux=0.5468) | val_loss=0.6016 | val_stone_mae=0.2845 | val_stone_dom_acc=0.394 | 51s
17:21:01 | INFO |   [frozen] epoch 2/5 | train_total=0.7055 (comp=0.5541 aux=0.5045) | val_loss=0.5835 | val_stone_mae=0.2744 | val_stone_dom_acc=0.485 | 51s
17:21:52 | INFO |   [frozen] epoch 3/5 | train_total=0.6710 (comp=0.5271 aux=0.4795) | val_loss=0.5856 | val_stone_mae=0.2574 | val_stone_dom_acc=0.515 | 51s
17:22:43 | INFO |   [frozen] epoch 4/5 | train_total=0.6670 (comp=0.5270 aux=0.4669) | val_loss=0.5744 | val_stone_mae=0.2647 | val_stone_dom_acc=0.424 | 51s
17:23:34 | INFO |   [frozen] epoch 5/5 | train_total=0.6350 (comp=0.4984 aux=0.4552) | val_loss=0.5732 | val_stone_mae=0.2509 | val_stone_dom_acc=0.561 | 51s
17:23:34 | INFO | Fold 1 — Phase 2: fine-tune, 25 epochs
17:23:34 | INFO |   Trainable params: 11,309,130
17:24:26 | INFO |   [finetune] epoch 1/25 | train_total=0.6228 (comp=0.4887 aux=0.4468) | val_loss=0.5776 | val_stone_mae=0.2419 | val_stone_dom_acc=0.470 | 51s
17:25:16 | INFO |   [finetune] epoch 2/25 | train_total=0.6129 (comp=0.4812 aux=0.4390) | val_loss=0.5498 | val_stone_mae=0.2420 | val_stone_dom_acc=0.470 | 51s
17:26:06 | INFO |   [finetune] epoch 3/25 | train_total=0.5765 (comp=0.4478 aux=0.4293) | val_loss=0.5482 | val_stone_mae=0.2249 | val_stone_dom_acc=0.500 | 50s
17:26:57 | INFO |   [finetune] epoch 4/25 | train_total=0.5495 (comp=0.4242 aux=0.4177) | val_loss=0.5300 | val_stone_mae=0.2250 | val_stone_dom_acc=0.545 | 50s
17:27:47 | INFO |   [finetune] epoch 5/25 | train_total=0.5312 (comp=0.4099 aux=0.4044) | val_loss=0.5701 | val_stone_mae=0.2158 | val_stone_dom_acc=0.515 | 50s
17:28:37 | INFO |   [finetune] epoch 6/25 | train_total=0.5244 (comp=0.4038 aux=0.4022) | val_loss=0.5740 | val_stone_mae=0.1931 | val_stone_dom_acc=0.606 | 50s
17:29:28 | INFO |   [finetune] epoch 7/25 | train_total=0.5054 (comp=0.3821 aux=0.4111) | val_loss=0.5532 | val_stone_mae=0.2255 | val_stone_dom_acc=0.470 | 50s
17:30:18 | INFO |   [finetune] epoch 8/25 | train_total=0.4927 (comp=0.3773 aux=0.3847) | val_loss=0.5907 | val_stone_mae=0.2061 | val_stone_dom_acc=0.576 | 50s
17:31:08 | INFO |   [finetune] epoch 9/25 | train_total=0.4530 (comp=0.3398 aux=0.3776) | val_loss=0.5850 | val_stone_mae=0.2115 | val_stone_dom_acc=0.591 | 50s
17:31:58 | INFO |   [finetune] epoch 10/25 | train_total=0.4386 (comp=0.3290 aux=0.3653) | val_loss=0.5548 | val_stone_mae=0.1939 | val_stone_dom_acc=0.576 | 50s
17:32:48 | INFO |   [finetune] epoch 11/25 | train_total=0.4323 (comp=0.3227 aux=0.3655) | val_loss=0.5729 | val_stone_mae=0.2060 | val_stone_dom_acc=0.545 | 50s
17:32:48 | INFO |   Early stopping (no improvement for 7 epochs)
17:32:48 | INFO | Fold 1 done. best_val_loss=0.5300 | stone_mae=0.2250 | stone_dom_acc=0.545 | stone_aitchison=12.2691
17:32:48 | INFO | === Fold 2 ===
17:32:49 | INFO | Built SimpleCompositionModel: resnet18 backbone + single shared head + presence detection head (11,309,130 params total)
17:32:49 | INFO | Fold 2 — Phase 1: frozen backbone, 5 epochs
17:32:49 | INFO |   Trainable params: 132,618
17:33:39 | INFO |   [frozen] epoch 1/5 | train_total=0.7781 (comp=0.6126 aux=0.5515) | val_loss=0.5892 | val_stone_mae=0.2961 | val_stone_dom_acc=0.182 | 50s
17:34:29 | INFO |   [frozen] epoch 2/5 | train_total=0.7054 (comp=0.5559 aux=0.4983) | val_loss=0.5525 | val_stone_mae=0.2739 | val_stone_dom_acc=0.591 | 50s
17:35:19 | INFO |   [frozen] epoch 3/5 | train_total=0.6946 (comp=0.5496 aux=0.4833) | val_loss=0.5290 | val_stone_mae=0.2765 | val_stone_dom_acc=0.545 | 50s
17:36:09 | INFO |   [frozen] epoch 4/5 | train_total=0.6728 (comp=0.5334 aux=0.4647) | val_loss=0.5458 | val_stone_mae=0.2715 | val_stone_dom_acc=0.470 | 50s
17:36:59 | INFO |   [frozen] epoch 5/5 | train_total=0.6469 (comp=0.5098 aux=0.4570) | val_loss=0.5006 | val_stone_mae=0.2713 | val_stone_dom_acc=0.545 | 50s
17:36:59 | INFO | Fold 2 — Phase 2: fine-tune, 25 epochs
17:36:59 | INFO |   Trainable params: 11,309,130
17:37:48 | INFO |   [finetune] epoch 1/25 | train_total=0.6510 (comp=0.5180 aux=0.4435) | val_loss=0.4737 | val_stone_mae=0.2529 | val_stone_dom_acc=0.591 | 50s
17:38:38 | INFO |   [finetune] epoch 2/25 | train_total=0.6131 (comp=0.4836 aux=0.4317) | val_loss=0.4579 | val_stone_mae=0.2339 | val_stone_dom_acc=0.545 | 50s
17:39:28 | INFO |   [finetune] epoch 3/25 | train_total=0.6006 (comp=0.4726 aux=0.4266) | val_loss=0.4568 | val_stone_mae=0.2351 | val_stone_dom_acc=0.500 | 50s
17:40:17 | INFO |   [finetune] epoch 4/25 | train_total=0.5692 (comp=0.4434 aux=0.4194) | val_loss=0.4286 | val_stone_mae=0.2170 | val_stone_dom_acc=0.576 | 50s
17:41:07 | INFO |   [finetune] epoch 5/25 | train_total=0.5452 (comp=0.4246 aux=0.4019) | val_loss=0.4050 | val_stone_mae=0.2295 | val_stone_dom_acc=0.621 | 49s
17:41:56 | INFO |   [finetune] epoch 6/25 | train_total=0.5224 (comp=0.4047 aux=0.3923) | val_loss=0.4214 | val_stone_mae=0.2196 | val_stone_dom_acc=0.561 | 49s
17:42:46 | INFO |   [finetune] epoch 7/25 | train_total=0.5300 (comp=0.4105 aux=0.3985) | val_loss=0.3884 | val_stone_mae=0.2085 | val_stone_dom_acc=0.682 | 50s
17:43:35 | INFO |   [finetune] epoch 8/25 | train_total=0.5333 (comp=0.4175 aux=0.3858) | val_loss=0.4051 | val_stone_mae=0.2182 | val_stone_dom_acc=0.576 | 49s
17:44:25 | INFO |   [finetune] epoch 9/25 | train_total=0.4930 (comp=0.3782 aux=0.3828) | val_loss=0.3767 | val_stone_mae=0.2076 | val_stone_dom_acc=0.621 | 49s
17:45:14 | INFO |   [finetune] epoch 10/25 | train_total=0.4765 (comp=0.3623 aux=0.3808) | val_loss=0.3786 | val_stone_mae=0.2117 | val_stone_dom_acc=0.606 | 49s
17:46:04 | INFO |   [finetune] epoch 11/25 | train_total=0.4843 (comp=0.3716 aux=0.3756) | val_loss=0.3496 | val_stone_mae=0.2055 | val_stone_dom_acc=0.636 | 49s
17:46:53 | INFO |   [finetune] epoch 12/25 | train_total=0.4591 (comp=0.3516 aux=0.3582) | val_loss=0.3578 | val_stone_mae=0.2085 | val_stone_dom_acc=0.636 | 49s
17:47:43 | INFO |   [finetune] epoch 13/25 | train_total=0.4555 (comp=0.3458 aux=0.3658) | val_loss=0.3421 | val_stone_mae=0.1941 | val_stone_dom_acc=0.636 | 50s
17:48:32 | INFO |   [finetune] epoch 14/25 | train_total=0.4573 (comp=0.3475 aux=0.3662) | val_loss=0.3418 | val_stone_mae=0.1990 | val_stone_dom_acc=0.636 | 50s
17:49:22 | INFO |   [finetune] epoch 15/25 | train_total=0.4401 (comp=0.3324 aux=0.3590) | val_loss=0.3391 | val_stone_mae=0.1930 | val_stone_dom_acc=0.636 | 50s
17:50:11 | INFO |   [finetune] epoch 16/25 | train_total=0.4159 (comp=0.3098 aux=0.3536) | val_loss=0.3397 | val_stone_mae=0.1973 | val_stone_dom_acc=0.667 | 49s
17:51:01 | INFO |   [finetune] epoch 17/25 | train_total=0.4347 (comp=0.3299 aux=0.3495) | val_loss=0.3271 | val_stone_mae=0.1878 | val_stone_dom_acc=0.682 | 49s
17:51:50 | INFO |   [finetune] epoch 18/25 | train_total=0.3809 (comp=0.2800 aux=0.3362) | val_loss=0.3295 | val_stone_mae=0.1877 | val_stone_dom_acc=0.667 | 49s
17:52:40 | INFO |   [finetune] epoch 19/25 | train_total=0.4149 (comp=0.3157 aux=0.3308) | val_loss=0.3260 | val_stone_mae=0.1791 | val_stone_dom_acc=0.667 | 49s
17:53:29 | INFO |   [finetune] epoch 20/25 | train_total=0.3747 (comp=0.2771 aux=0.3255) | val_loss=0.3174 | val_stone_mae=0.1837 | val_stone_dom_acc=0.682 | 50s
17:54:19 | INFO |   [finetune] epoch 21/25 | train_total=0.3841 (comp=0.2845 aux=0.3320) | val_loss=0.3081 | val_stone_mae=0.1885 | val_stone_dom_acc=0.682 | 49s
17:55:08 | INFO |   [finetune] epoch 22/25 | train_total=0.3770 (comp=0.2776 aux=0.3315) | val_loss=0.3101 | val_stone_mae=0.1878 | val_stone_dom_acc=0.682 | 50s
17:55:58 | INFO |   [finetune] epoch 23/25 | train_total=0.3740 (comp=0.2779 aux=0.3203) | val_loss=0.3069 | val_stone_mae=0.1880 | val_stone_dom_acc=0.667 | 49s
17:56:47 | INFO |   [finetune] epoch 24/25 | train_total=0.3798 (comp=0.2829 aux=0.3233) | val_loss=0.2958 | val_stone_mae=0.1875 | val_stone_dom_acc=0.667 | 49s
17:57:37 | INFO |   [finetune] epoch 25/25 | train_total=0.3646 (comp=0.2679 aux=0.3224) | val_loss=0.3124 | val_stone_mae=0.1730 | val_stone_dom_acc=0.667 | 49s
17:57:37 | INFO | Fold 2 done. best_val_loss=0.2958 | stone_mae=0.1875 | stone_dom_acc=0.667 | stone_aitchison=11.3759
17:57:37 | INFO | === Fold 3 ===
17:57:37 | INFO | Built SimpleCompositionModel: resnet18 backbone + single shared head + presence detection head (11,309,130 params total)
17:57:37 | INFO | Fold 3 — Phase 1: frozen backbone, 5 epochs
17:57:37 | INFO |   Trainable params: 132,618
17:58:27 | INFO |   [frozen] epoch 1/5 | train_total=0.7681 (comp=0.6044 aux=0.5459) | val_loss=0.5683 | val_stone_mae=0.2623 | val_stone_dom_acc=0.554 | 50s
17:59:17 | INFO |   [frozen] epoch 2/5 | train_total=0.6929 (comp=0.5482 aux=0.4825) | val_loss=0.5331 | val_stone_mae=0.2547 | val_stone_dom_acc=0.492 | 50s
18:00:07 | INFO |   [frozen] epoch 3/5 | train_total=0.6736 (comp=0.5329 aux=0.4690) | val_loss=0.5404 | val_stone_mae=0.2356 | val_stone_dom_acc=0.569 | 50s
18:00:57 | INFO |   [frozen] epoch 4/5 | train_total=0.6413 (comp=0.5054 aux=0.4528) | val_loss=0.5179 | val_stone_mae=0.2343 | val_stone_dom_acc=0.569 | 50s
18:01:47 | INFO |   [frozen] epoch 5/5 | train_total=0.6381 (comp=0.5060 aux=0.4406) | val_loss=0.4972 | val_stone_mae=0.2518 | val_stone_dom_acc=0.446 | 50s
18:01:47 | INFO | Fold 3 — Phase 2: fine-tune, 25 epochs
18:01:47 | INFO |   Trainable params: 11,309,130
18:02:36 | INFO |   [finetune] epoch 1/25 | train_total=0.6233 (comp=0.4905 aux=0.4426) | val_loss=0.4900 | val_stone_mae=0.2485 | val_stone_dom_acc=0.385 | 50s
18:03:27 | INFO |   [finetune] epoch 2/25 | train_total=0.5973 (comp=0.4693 aux=0.4265) | val_loss=0.5309 | val_stone_mae=0.2102 | val_stone_dom_acc=0.538 | 50s
18:04:17 | INFO |   [finetune] epoch 3/25 | train_total=0.5619 (comp=0.4375 aux=0.4149) | val_loss=0.5140 | val_stone_mae=0.2092 | val_stone_dom_acc=0.523 | 50s
18:05:07 | INFO |   [finetune] epoch 4/25 | train_total=0.5495 (comp=0.4267 aux=0.4094) | val_loss=0.4759 | val_stone_mae=0.2233 | val_stone_dom_acc=0.462 | 50s
18:05:57 | INFO |   [finetune] epoch 5/25 | train_total=0.5271 (comp=0.4076 aux=0.3984) | val_loss=0.4843 | val_stone_mae=0.2091 | val_stone_dom_acc=0.554 | 50s
18:06:47 | INFO |   [finetune] epoch 6/25 | train_total=0.5249 (comp=0.4057 aux=0.3972) | val_loss=0.4718 | val_stone_mae=0.2056 | val_stone_dom_acc=0.569 | 50s
18:07:36 | INFO |   [finetune] epoch 7/25 | train_total=0.5100 (comp=0.3937 aux=0.3875) | val_loss=0.4767 | val_stone_mae=0.2022 | val_stone_dom_acc=0.569 | 50s
18:08:26 | INFO |   [finetune] epoch 8/25 | train_total=0.5081 (comp=0.3917 aux=0.3881) | val_loss=0.5082 | val_stone_mae=0.2005 | val_stone_dom_acc=0.631 | 50s
18:09:16 | INFO |   [finetune] epoch 9/25 | train_total=0.4736 (comp=0.3606 aux=0.3767) | val_loss=0.4860 | val_stone_mae=0.1963 | val_stone_dom_acc=0.569 | 50s
18:10:06 | INFO |   [finetune] epoch 10/25 | train_total=0.4596 (comp=0.3495 aux=0.3670) | val_loss=0.4714 | val_stone_mae=0.1906 | val_stone_dom_acc=0.554 | 50s
18:10:56 | INFO |   [finetune] epoch 11/25 | train_total=0.4530 (comp=0.3433 aux=0.3657) | val_loss=0.4627 | val_stone_mae=0.1990 | val_stone_dom_acc=0.554 | 50s
18:11:46 | INFO |   [finetune] epoch 12/25 | train_total=0.4376 (comp=0.3294 aux=0.3608) | val_loss=0.4554 | val_stone_mae=0.1892 | val_stone_dom_acc=0.600 | 50s
18:12:36 | INFO |   [finetune] epoch 13/25 | train_total=0.4146 (comp=0.3065 aux=0.3602) | val_loss=0.4633 | val_stone_mae=0.1921 | val_stone_dom_acc=0.569 | 50s
18:13:26 | INFO |   [finetune] epoch 14/25 | train_total=0.4317 (comp=0.3264 aux=0.3510) | val_loss=0.4892 | val_stone_mae=0.1913 | val_stone_dom_acc=0.615 | 50s
18:14:16 | INFO |   [finetune] epoch 15/25 | train_total=0.4190 (comp=0.3146 aux=0.3480) | val_loss=0.4511 | val_stone_mae=0.1835 | val_stone_dom_acc=0.646 | 50s
18:15:06 | INFO |   [finetune] epoch 16/25 | train_total=0.4005 (comp=0.2976 aux=0.3431) | val_loss=0.4464 | val_stone_mae=0.1881 | val_stone_dom_acc=0.615 | 50s
18:15:56 | INFO |   [finetune] epoch 17/25 | train_total=0.3767 (comp=0.2756 aux=0.3370) | val_loss=0.4392 | val_stone_mae=0.1813 | val_stone_dom_acc=0.646 | 50s
18:16:46 | INFO |   [finetune] epoch 18/25 | train_total=0.4002 (comp=0.2992 aux=0.3369) | val_loss=0.4442 | val_stone_mae=0.1940 | val_stone_dom_acc=0.631 | 50s
18:17:36 | INFO |   [finetune] epoch 19/25 | train_total=0.3946 (comp=0.2961 aux=0.3286) | val_loss=0.4493 | val_stone_mae=0.1815 | val_stone_dom_acc=0.631 | 50s
18:18:26 | INFO |   [finetune] epoch 20/25 | train_total=0.3651 (comp=0.2672 aux=0.3261) | val_loss=0.4418 | val_stone_mae=0.1863 | val_stone_dom_acc=0.615 | 50s
18:19:16 | INFO |   [finetune] epoch 21/25 | train_total=0.3751 (comp=0.2769 aux=0.3273) | val_loss=0.4686 | val_stone_mae=0.1828 | val_stone_dom_acc=0.662 | 50s
18:20:06 | INFO |   [finetune] epoch 22/25 | train_total=0.3640 (comp=0.2684 aux=0.3188) | val_loss=0.4629 | val_stone_mae=0.1852 | val_stone_dom_acc=0.662 | 50s
18:20:56 | INFO |   [finetune] epoch 23/25 | train_total=0.3415 (comp=0.2478 aux=0.3125) | val_loss=0.5157 | val_stone_mae=0.1702 | val_stone_dom_acc=0.631 | 50s
18:21:46 | INFO |   [finetune] epoch 24/25 | train_total=0.3366 (comp=0.2425 aux=0.3136) | val_loss=0.4538 | val_stone_mae=0.1785 | val_stone_dom_acc=0.677 | 50s
18:21:46 | INFO |   Early stopping (no improvement for 7 epochs)
18:21:46 | INFO | Fold 3 done. best_val_loss=0.4392 | stone_mae=0.1813 | stone_dom_acc=0.646 | stone_aitchison=11.7945
18:21:46 | INFO | === Fold 4 ===
18:21:46 | INFO | Built SimpleCompositionModel: resnet18 backbone + single shared head + presence detection head (11,309,130 params total)
18:21:46 | INFO | Fold 4 — Phase 1: frozen backbone, 5 epochs
18:21:46 | INFO |   Trainable params: 132,618
18:22:35 | INFO |   [frozen] epoch 1/5 | train_total=0.7727 (comp=0.6108 aux=0.5397) | val_loss=0.5556 | val_stone_mae=0.2768 | val_stone_dom_acc=0.462 | 49s
18:23:25 | INFO |   [frozen] epoch 2/5 | train_total=0.7170 (comp=0.5715 aux=0.4850) | val_loss=0.5356 | val_stone_mae=0.2650 | val_stone_dom_acc=0.477 | 50s
18:24:14 | INFO |   [frozen] epoch 3/5 | train_total=0.6840 (comp=0.5449 aux=0.4634) | val_loss=0.5299 | val_stone_mae=0.2498 | val_stone_dom_acc=0.462 | 49s
18:25:03 | INFO |   [frozen] epoch 4/5 | train_total=0.6697 (comp=0.5326 aux=0.4570) | val_loss=0.5380 | val_stone_mae=0.2391 | val_stone_dom_acc=0.538 | 49s
18:25:53 | INFO |   [frozen] epoch 5/5 | train_total=0.6291 (comp=0.4973 aux=0.4395) | val_loss=0.5159 | val_stone_mae=0.2561 | val_stone_dom_acc=0.462 | 49s
18:25:53 | INFO | Fold 4 — Phase 2: fine-tune, 25 epochs
18:25:53 | INFO |   Trainable params: 11,309,130
18:26:42 | INFO |   [finetune] epoch 1/25 | train_total=0.6362 (comp=0.5048 aux=0.4381) | val_loss=0.4996 | val_stone_mae=0.2408 | val_stone_dom_acc=0.538 | 49s
18:27:31 | INFO |   [finetune] epoch 2/25 | train_total=0.6006 (comp=0.4729 aux=0.4256) | val_loss=0.5027 | val_stone_mae=0.2210 | val_stone_dom_acc=0.554 | 49s
18:28:21 | INFO |   [finetune] epoch 3/25 | train_total=0.5710 (comp=0.4433 aux=0.4255) | val_loss=0.4871 | val_stone_mae=0.2109 | val_stone_dom_acc=0.569 | 49s
18:29:10 | INFO |   [finetune] epoch 4/25 | train_total=0.5500 (comp=0.4286 aux=0.4049) | val_loss=0.4734 | val_stone_mae=0.2128 | val_stone_dom_acc=0.538 | 49s
18:30:00 | INFO |   [finetune] epoch 5/25 | train_total=0.5468 (comp=0.4248 aux=0.4066) | val_loss=0.4796 | val_stone_mae=0.2000 | val_stone_dom_acc=0.585 | 49s
18:30:49 | INFO |   [finetune] epoch 6/25 | train_total=0.4961 (comp=0.3799 aux=0.3874) | val_loss=0.4945 | val_stone_mae=0.1968 | val_stone_dom_acc=0.585 | 50s
18:31:39 | INFO |   [finetune] epoch 7/25 | train_total=0.5027 (comp=0.3853 aux=0.3912) | val_loss=0.4627 | val_stone_mae=0.1981 | val_stone_dom_acc=0.600 | 50s
18:32:29 | INFO |   [finetune] epoch 8/25 | train_total=0.5072 (comp=0.3945 aux=0.3757) | val_loss=0.4555 | val_stone_mae=0.1993 | val_stone_dom_acc=0.554 | 50s
18:33:19 | INFO |   [finetune] epoch 9/25 | train_total=0.4653 (comp=0.3536 aux=0.3723) | val_loss=0.4802 | val_stone_mae=0.1991 | val_stone_dom_acc=0.554 | 50s
18:34:09 | INFO |   [finetune] epoch 10/25 | train_total=0.4381 (comp=0.3288 aux=0.3644) | val_loss=0.4882 | val_stone_mae=0.1916 | val_stone_dom_acc=0.569 | 50s
18:34:59 | INFO |   [finetune] epoch 11/25 | train_total=0.4481 (comp=0.3367 aux=0.3715) | val_loss=0.4806 | val_stone_mae=0.1924 | val_stone_dom_acc=0.569 | 50s
18:35:49 | INFO |   [finetune] epoch 12/25 | train_total=0.4313 (comp=0.3247 aux=0.3555) | val_loss=0.4398 | val_stone_mae=0.1919 | val_stone_dom_acc=0.585 | 50s
18:36:39 | INFO |   [finetune] epoch 13/25 | train_total=0.4163 (comp=0.3097 aux=0.3555) | val_loss=0.4547 | val_stone_mae=0.1812 | val_stone_dom_acc=0.585 | 50s
18:37:29 | INFO |   [finetune] epoch 14/25 | train_total=0.4235 (comp=0.3178 aux=0.3524) | val_loss=0.4578 | val_stone_mae=0.1839 | val_stone_dom_acc=0.585 | 50s
18:38:19 | INFO |   [finetune] epoch 15/25 | train_total=0.4137 (comp=0.3096 aux=0.3469) | val_loss=0.4410 | val_stone_mae=0.1781 | val_stone_dom_acc=0.600 | 50s
18:39:08 | INFO |   [finetune] epoch 16/25 | train_total=0.3968 (comp=0.2951 aux=0.3388) | val_loss=0.4139 | val_stone_mae=0.1858 | val_stone_dom_acc=0.615 | 50s
18:39:58 | INFO |   [finetune] epoch 17/25 | train_total=0.3939 (comp=0.2900 aux=0.3462) | val_loss=0.4377 | val_stone_mae=0.1755 | val_stone_dom_acc=0.600 | 49s
18:40:47 | INFO |   [finetune] epoch 18/25 | train_total=0.3793 (comp=0.2780 aux=0.3378) | val_loss=0.4187 | val_stone_mae=0.1786 | val_stone_dom_acc=0.631 | 49s
18:41:36 | INFO |   [finetune] epoch 19/25 | train_total=0.3646 (comp=0.2634 aux=0.3375) | val_loss=0.4422 | val_stone_mae=0.1748 | val_stone_dom_acc=0.600 | 49s
18:42:26 | INFO |   [finetune] epoch 20/25 | train_total=0.3618 (comp=0.2617 aux=0.3337) | val_loss=0.4426 | val_stone_mae=0.1735 | val_stone_dom_acc=0.615 | 49s
18:43:15 | INFO |   [finetune] epoch 21/25 | train_total=0.3523 (comp=0.2585 aux=0.3129) | val_loss=0.4327 | val_stone_mae=0.1773 | val_stone_dom_acc=0.615 | 49s
18:44:04 | INFO |   [finetune] epoch 22/25 | train_total=0.3640 (comp=0.2695 aux=0.3150) | val_loss=0.4605 | val_stone_mae=0.1729 | val_stone_dom_acc=0.585 | 49s
18:44:53 | INFO |   [finetune] epoch 23/25 | train_total=0.3590 (comp=0.2630 aux=0.3200) | val_loss=0.4279 | val_stone_mae=0.1842 | val_stone_dom_acc=0.600 | 49s
18:44:53 | INFO |   Early stopping (no improvement for 7 epochs)
18:44:53 | INFO | Fold 4 done. best_val_loss=0.4139 | stone_mae=0.1858 | stone_dom_acc=0.615 | stone_aitchison=11.8706
18:44:53 | INFO | Cross-fold results:
18:44:53 | INFO |   best_stone_mae_overall: 0.1893 ± 0.0215
18:44:53 | INFO |   best_stone_dominant_acc: 0.6220 ± 0.0466
18:44:53 | INFO |   best_stone_aitchison: 11.7492 ± 0.3621
18:44:53 | INFO | === Held-out test set evaluation ===
18:44:54 | INFO | Built SimpleCompositionModel: resnet18 backbone + single shared head + presence detection head (11,309,130 params total)
18:45:11 | INFO |   Fold 0 test: stone_mae=0.1969 | stone_dom_acc=0.524 | stone_aitchison=11.8946
18:45:11 | INFO | Built SimpleCompositionModel: resnet18 backbone + single shared head + presence detection head (11,309,130 params total)
18:45:28 | INFO |   Fold 1 test: stone_mae=0.2229 | stone_dom_acc=0.537 | stone_aitchison=12.4032
18:45:28 | INFO | Built SimpleCompositionModel: resnet18 backbone + single shared head + presence detection head (11,309,130 params total)
18:45:44 | INFO |   Fold 2 test: stone_mae=0.1909 | stone_dom_acc=0.610 | stone_aitchison=11.8541
18:45:45 | INFO | Built SimpleCompositionModel: resnet18 backbone + single shared head + presence detection head (11,309,130 params total)
18:46:01 | INFO |   Fold 3 test: stone_mae=0.1912 | stone_dom_acc=0.585 | stone_aitchison=11.7417
18:46:01 | INFO | Built SimpleCompositionModel: resnet18 backbone + single shared head + presence detection head (11,309,130 params total)
18:46:18 | INFO |   Fold 4 test: stone_mae=0.1956 | stone_dom_acc=0.537 | stone_aitchison=11.8595
18:46:18 | INFO | Test set summary (mean ± std across folds):
18:46:18 | INFO |   stone_mae_overall: 0.1995 ± 0.0133
18:46:18 | INFO |   stone_dominant_acc: 0.5585 ± 0.0370
18:46:18 | INFO |   stone_aitchison: 11.9506 ± 0.2594
18:46:25 | INFO | Device: cuda
18:46:25 | INFO | cuDNN benchmark enabled
18:46:27 | INFO | Skipped 21 rows with no composition data
18:46:27 | WARNING | Skipped 2 rows whose image files are missing
18:46:28 | INFO | Built 1240 compositional samples from 414 stones
18:46:28 | INFO | Excluded classes ['OTH'] → 5 classes remaining, 410 stones
18:46:28 | INFO | Test holdout: 82 stones (40 pure / 42 mixed, 246 images). Train+val pool: 328 stones (982 images).
18:46:28 | INFO | --random-labels: stone-level composition vectors have been shuffled (baseline mode)
18:46:28 | INFO |   Fold 0: train=262 stones (128 pure / 134 mixed, 785 images), val=66 stones (33 pure / 33 mixed, 197 images)
18:46:28 | INFO |   Fold 1: train=262 stones (129 pure / 133 mixed, 784 images), val=66 stones (32 pure / 34 mixed, 198 images)
18:46:28 | INFO |   Fold 2: train=262 stones (129 pure / 133 mixed, 785 images), val=66 stones (32 pure / 34 mixed, 197 images)
18:46:28 | INFO |   Fold 3: train=263 stones (129 pure / 134 mixed, 787 images), val=65 stones (32 pure / 33 mixed, 195 images)
18:46:28 | INFO |   Fold 4: train=263 stones (129 pure / 134 mixed, 787 images), val=65 stones (32 pure / 33 mixed, 195 images)
18:46:28 | INFO | Model type: simple_random  |  checkpoints → /gpfs/home3/ddboer/umc_thesis/outputs/checkpoints/composition
18:46:28 | INFO | use_weighted_kl=true — computing inverse-frequency weights from train+val pool
18:46:28 | INFO | Weighted KL class weights (inv-freq, normalised):
18:46:28 | INFO |   CaOx: mean_frac=0.4717  weight=0.198
18:46:28 | INFO |   CaP: mean_frac=0.3044  weight=0.307
18:46:28 | INFO |   UA: mean_frac=0.0956  weight=0.977
18:46:28 | INFO |   MAP: mean_frac=0.0376  weight=2.487
18:46:28 | INFO |   CYS: mean_frac=0.0907  weight=1.030
18:46:28 | INFO | === Fold 0 ===
18:46:29 | INFO | Built SimpleCompositionModel: resnet18 backbone + single shared head + presence detection head (11,309,130 params total)
18:46:29 | INFO | Fold 0 — Phase 1: frozen backbone, 5 epochs
18:46:29 | INFO |   Trainable params: 132,618
18:47:20 | INFO |   [frozen] epoch 1/5 | train_total=0.7980 (comp=0.6344 aux=0.5454) | val_loss=0.5865 | val_stone_mae=0.2815 | val_stone_dom_acc=0.273 | 51s
18:48:10 | INFO |   [frozen] epoch 2/5 | train_total=0.7817 (comp=0.6253 aux=0.5212) | val_loss=0.5746 | val_stone_mae=0.2870 | val_stone_dom_acc=0.197 | 50s
18:49:00 | INFO |   [frozen] epoch 3/5 | train_total=0.7556 (comp=0.6028 aux=0.5091) | val_loss=0.5765 | val_stone_mae=0.2829 | val_stone_dom_acc=0.485 | 50s
18:49:50 | INFO |   [frozen] epoch 4/5 | train_total=0.7557 (comp=0.6070 aux=0.4959) | val_loss=0.5733 | val_stone_mae=0.2855 | val_stone_dom_acc=0.288 | 50s
18:50:40 | INFO |   [frozen] epoch 5/5 | train_total=0.7495 (comp=0.6009 aux=0.4954) | val_loss=0.5769 | val_stone_mae=0.2882 | val_stone_dom_acc=0.197 | 50s
18:50:40 | INFO | Fold 0 — Phase 2: fine-tune, 25 epochs
18:50:40 | INFO |   Trainable params: 11,309,130
18:51:30 | INFO |   [finetune] epoch 1/25 | train_total=0.7476 (comp=0.5978 aux=0.4994) | val_loss=0.5730 | val_stone_mae=0.2855 | val_stone_dom_acc=0.212 | 50s
18:52:20 | INFO |   [finetune] epoch 2/25 | train_total=0.7423 (comp=0.5949 aux=0.4914) | val_loss=0.5728 | val_stone_mae=0.2898 | val_stone_dom_acc=0.136 | 50s
18:53:11 | INFO |   [finetune] epoch 3/25 | train_total=0.7366 (comp=0.5881 aux=0.4950) | val_loss=0.5739 | val_stone_mae=0.2888 | val_stone_dom_acc=0.136 | 50s
18:54:01 | INFO |   [finetune] epoch 4/25 | train_total=0.7375 (comp=0.5885 aux=0.4968) | val_loss=0.5675 | val_stone_mae=0.2838 | val_stone_dom_acc=0.242 | 50s
18:54:51 | INFO |   [finetune] epoch 5/25 | train_total=0.7255 (comp=0.5805 aux=0.4833) | val_loss=0.5616 | val_stone_mae=0.2800 | val_stone_dom_acc=0.348 | 50s
18:55:42 | INFO |   [finetune] epoch 6/25 | train_total=0.7147 (comp=0.5689 aux=0.4859) | val_loss=0.5582 | val_stone_mae=0.2820 | val_stone_dom_acc=0.258 | 51s
18:56:33 | INFO |   [finetune] epoch 7/25 | train_total=0.7156 (comp=0.5718 aux=0.4793) | val_loss=0.5595 | val_stone_mae=0.2864 | val_stone_dom_acc=0.197 | 51s
18:57:23 | INFO |   [finetune] epoch 8/25 | train_total=0.7202 (comp=0.5765 aux=0.4791) | val_loss=0.5608 | val_stone_mae=0.2801 | val_stone_dom_acc=0.333 | 51s
18:58:14 | INFO |   [finetune] epoch 9/25 | train_total=0.7095 (comp=0.5651 aux=0.4814) | val_loss=0.5586 | val_stone_mae=0.2819 | val_stone_dom_acc=0.258 | 51s
18:59:05 | INFO |   [finetune] epoch 10/25 | train_total=0.7138 (comp=0.5700 aux=0.4795) | val_loss=0.5623 | val_stone_mae=0.2821 | val_stone_dom_acc=0.288 | 51s
18:59:56 | INFO |   [finetune] epoch 11/25 | train_total=0.7081 (comp=0.5648 aux=0.4776) | val_loss=0.5558 | val_stone_mae=0.2824 | val_stone_dom_acc=0.242 | 51s
19:00:46 | INFO |   [finetune] epoch 12/25 | train_total=0.7023 (comp=0.5592 aux=0.4771) | val_loss=0.5581 | val_stone_mae=0.2848 | val_stone_dom_acc=0.197 | 51s
19:01:37 | INFO |   [finetune] epoch 13/25 | train_total=0.6792 (comp=0.5372 aux=0.4733) | val_loss=0.5593 | val_stone_mae=0.2770 | val_stone_dom_acc=0.242 | 51s
19:02:28 | INFO |   [finetune] epoch 14/25 | train_total=0.6808 (comp=0.5384 aux=0.4746) | val_loss=0.5576 | val_stone_mae=0.2826 | val_stone_dom_acc=0.212 | 51s
19:03:18 | INFO |   [finetune] epoch 15/25 | train_total=0.6851 (comp=0.5435 aux=0.4719) | val_loss=0.5588 | val_stone_mae=0.2791 | val_stone_dom_acc=0.273 | 51s
19:04:09 | INFO |   [finetune] epoch 16/25 | train_total=0.6739 (comp=0.5309 aux=0.4766) | val_loss=0.5668 | val_stone_mae=0.2843 | val_stone_dom_acc=0.182 | 51s
19:05:00 | INFO |   [finetune] epoch 17/25 | train_total=0.6666 (comp=0.5256 aux=0.4699) | val_loss=0.5641 | val_stone_mae=0.2752 | val_stone_dom_acc=0.348 | 51s
19:05:50 | INFO |   [finetune] epoch 18/25 | train_total=0.6689 (comp=0.5291 aux=0.4661) | val_loss=0.5736 | val_stone_mae=0.2835 | val_stone_dom_acc=0.182 | 51s
19:05:50 | INFO |   Early stopping (no improvement for 7 epochs)
19:05:50 | INFO | Fold 0 done. best_val_loss=0.5558 | stone_mae=0.2824 | stone_dom_acc=0.242 | stone_aitchison=13.1017
19:05:50 | INFO | === Fold 1 ===
19:05:51 | INFO | Built SimpleCompositionModel: resnet18 backbone + single shared head + presence detection head (11,309,130 params total)
19:05:51 | INFO | Fold 1 — Phase 1: frozen backbone, 5 epochs
19:05:51 | INFO |   Trainable params: 132,618
19:06:41 | INFO |   [frozen] epoch 1/5 | train_total=0.7911 (comp=0.6267 aux=0.5478) | val_loss=0.6141 | val_stone_mae=0.2900 | val_stone_dom_acc=0.121 | 51s
19:07:32 | INFO |   [frozen] epoch 2/5 | train_total=0.7542 (comp=0.5974 aux=0.5227) | val_loss=0.6177 | val_stone_mae=0.2882 | val_stone_dom_acc=0.258 | 51s
19:08:22 | INFO |   [frozen] epoch 3/5 | train_total=0.7371 (comp=0.5837 aux=0.5114) | val_loss=0.6199 | val_stone_mae=0.2868 | val_stone_dom_acc=0.288 | 50s
19:09:13 | INFO |   [frozen] epoch 4/5 | train_total=0.7346 (comp=0.5847 aux=0.4995) | val_loss=0.6274 | val_stone_mae=0.2853 | val_stone_dom_acc=0.348 | 50s
19:10:03 | INFO |   [frozen] epoch 5/5 | train_total=0.7323 (comp=0.5837 aux=0.4952) | val_loss=0.6325 | val_stone_mae=0.2895 | val_stone_dom_acc=0.030 | 50s
19:10:03 | INFO | Fold 1 — Phase 2: fine-tune, 25 epochs
19:10:03 | INFO |   Trainable params: 11,309,130
19:10:53 | INFO |   [finetune] epoch 1/25 | train_total=0.7319 (comp=0.5820 aux=0.4994) | val_loss=0.6369 | val_stone_mae=0.2868 | val_stone_dom_acc=0.288 | 51s
19:11:45 | INFO |   [finetune] epoch 2/25 | train_total=0.7195 (comp=0.5716 aux=0.4932) | val_loss=0.6285 | val_stone_mae=0.2883 | val_stone_dom_acc=0.288 | 51s
19:12:36 | INFO |   [finetune] epoch 3/25 | train_total=0.7076 (comp=0.5613 aux=0.4877) | val_loss=0.6359 | val_stone_mae=0.2882 | val_stone_dom_acc=0.273 | 51s
19:13:27 | INFO |   [finetune] epoch 4/25 | train_total=0.7144 (comp=0.5676 aux=0.4896) | val_loss=0.6542 | val_stone_mae=0.2901 | val_stone_dom_acc=0.121 | 51s
19:14:17 | INFO |   [finetune] epoch 5/25 | train_total=0.7187 (comp=0.5740 aux=0.4824) | val_loss=0.6526 | val_stone_mae=0.2837 | val_stone_dom_acc=0.348 | 51s
19:15:08 | INFO |   [finetune] epoch 6/25 | train_total=0.7056 (comp=0.5615 aux=0.4804) | val_loss=0.6611 | val_stone_mae=0.2876 | val_stone_dom_acc=0.227 | 50s
19:15:58 | INFO |   [finetune] epoch 7/25 | train_total=0.6825 (comp=0.5392 aux=0.4776) | val_loss=0.6627 | val_stone_mae=0.2873 | val_stone_dom_acc=0.197 | 50s
19:16:48 | INFO |   [finetune] epoch 8/25 | train_total=0.6865 (comp=0.5428 aux=0.4789) | val_loss=0.6738 | val_stone_mae=0.2880 | val_stone_dom_acc=0.227 | 50s
19:17:38 | INFO |   [finetune] epoch 9/25 | train_total=0.6791 (comp=0.5361 aux=0.4766) | val_loss=0.6800 | val_stone_mae=0.2931 | val_stone_dom_acc=0.136 | 50s
19:17:38 | INFO |   Early stopping (no improvement for 7 epochs)
19:17:38 | INFO | Fold 1 done. best_val_loss=0.6285 | stone_mae=0.2883 | stone_dom_acc=0.288 | stone_aitchison=13.1996
19:17:39 | INFO | === Fold 2 ===
19:17:39 | INFO | Built SimpleCompositionModel: resnet18 backbone + single shared head + presence detection head (11,309,130 params total)
19:17:39 | INFO | Fold 2 — Phase 1: frozen backbone, 5 epochs
19:17:39 | INFO |   Trainable params: 132,618
19:18:30 | INFO |   [frozen] epoch 1/5 | train_total=0.7966 (comp=0.6304 aux=0.5540) | val_loss=0.5934 | val_stone_mae=0.2825 | val_stone_dom_acc=0.424 | 51s
19:19:21 | INFO |   [frozen] epoch 2/5 | train_total=0.7664 (comp=0.6120 aux=0.5147) | val_loss=0.5855 | val_stone_mae=0.2930 | val_stone_dom_acc=0.091 | 51s
19:20:11 | INFO |   [frozen] epoch 3/5 | train_total=0.7549 (comp=0.6022 aux=0.5090) | val_loss=0.5879 | val_stone_mae=0.2874 | val_stone_dom_acc=0.242 | 51s
19:21:02 | INFO |   [frozen] epoch 4/5 | train_total=0.7441 (comp=0.5940 aux=0.5004) | val_loss=0.5876 | val_stone_mae=0.2895 | val_stone_dom_acc=0.197 | 50s
19:21:52 | INFO |   [frozen] epoch 5/5 | train_total=0.7417 (comp=0.5920 aux=0.4992) | val_loss=0.5834 | val_stone_mae=0.2892 | val_stone_dom_acc=0.182 | 51s
19:21:53 | INFO | Fold 2 — Phase 2: fine-tune, 25 epochs
19:21:53 | INFO |   Trainable params: 11,309,130
19:22:43 | INFO |   [finetune] epoch 1/25 | train_total=0.7371 (comp=0.5872 aux=0.4997) | val_loss=0.5852 | val_stone_mae=0.2885 | val_stone_dom_acc=0.288 | 50s
19:23:33 | INFO |   [finetune] epoch 2/25 | train_total=0.7345 (comp=0.5853 aux=0.4973) | val_loss=0.5830 | val_stone_mae=0.2869 | val_stone_dom_acc=0.182 | 50s
19:24:24 | INFO |   [finetune] epoch 3/25 | train_total=0.7239 (comp=0.5773 aux=0.4887) | val_loss=0.5871 | val_stone_mae=0.2875 | val_stone_dom_acc=0.167 | 51s
19:25:15 | INFO |   [finetune] epoch 4/25 | train_total=0.7197 (comp=0.5709 aux=0.4959) | val_loss=0.5804 | val_stone_mae=0.2899 | val_stone_dom_acc=0.167 | 51s
19:26:05 | INFO |   [finetune] epoch 5/25 | train_total=0.7106 (comp=0.5631 aux=0.4916) | val_loss=0.5884 | val_stone_mae=0.2856 | val_stone_dom_acc=0.136 | 50s
19:26:56 | INFO |   [finetune] epoch 6/25 | train_total=0.7222 (comp=0.5759 aux=0.4875) | val_loss=0.5876 | val_stone_mae=0.2845 | val_stone_dom_acc=0.242 | 51s
19:27:47 | INFO |   [finetune] epoch 7/25 | train_total=0.7014 (comp=0.5560 aux=0.4849) | val_loss=0.5836 | val_stone_mae=0.2823 | val_stone_dom_acc=0.303 | 51s
19:28:37 | INFO |   [finetune] epoch 8/25 | train_total=0.6969 (comp=0.5524 aux=0.4817) | val_loss=0.5863 | val_stone_mae=0.2906 | val_stone_dom_acc=0.182 | 51s
19:29:28 | INFO |   [finetune] epoch 9/25 | train_total=0.6920 (comp=0.5473 aux=0.4822) | val_loss=0.5979 | val_stone_mae=0.2854 | val_stone_dom_acc=0.227 | 51s
19:30:18 | INFO |   [finetune] epoch 10/25 | train_total=0.6908 (comp=0.5473 aux=0.4781) | val_loss=0.6096 | val_stone_mae=0.2893 | val_stone_dom_acc=0.212 | 50s
19:31:09 | INFO |   [finetune] epoch 11/25 | train_total=0.6716 (comp=0.5260 aux=0.4856) | val_loss=0.6013 | val_stone_mae=0.2850 | val_stone_dom_acc=0.288 | 50s
19:31:09 | INFO |   Early stopping (no improvement for 7 epochs)
19:31:09 | INFO | Fold 2 done. best_val_loss=0.5804 | stone_mae=0.2899 | stone_dom_acc=0.167 | stone_aitchison=13.0688
19:31:09 | INFO | === Fold 3 ===
19:31:09 | INFO | Built SimpleCompositionModel: resnet18 backbone + single shared head + presence detection head (11,309,130 params total)
19:31:09 | INFO | Fold 3 — Phase 1: frozen backbone, 5 epochs
19:31:09 | INFO |   Trainable params: 132,618
19:32:00 | INFO |   [frozen] epoch 1/5 | train_total=0.7903 (comp=0.6223 aux=0.5602) | val_loss=0.5877 | val_stone_mae=0.2908 | val_stone_dom_acc=0.092 | 51s
19:32:51 | INFO |   [frozen] epoch 2/5 | train_total=0.7576 (comp=0.6052 aux=0.5082) | val_loss=0.5931 | val_stone_mae=0.2883 | val_stone_dom_acc=0.077 | 51s
19:33:41 | INFO |   [frozen] epoch 3/5 | train_total=0.7443 (comp=0.5938 aux=0.5017) | val_loss=0.5969 | val_stone_mae=0.2853 | val_stone_dom_acc=0.246 | 51s
19:34:32 | INFO |   [frozen] epoch 4/5 | train_total=0.7398 (comp=0.5896 aux=0.5007) | val_loss=0.5993 | val_stone_mae=0.2886 | val_stone_dom_acc=0.169 | 51s
19:35:23 | INFO |   [frozen] epoch 5/5 | train_total=0.7415 (comp=0.5932 aux=0.4942) | val_loss=0.6006 | val_stone_mae=0.2855 | val_stone_dom_acc=0.200 | 51s
19:35:23 | INFO | Fold 3 — Phase 2: fine-tune, 25 epochs
19:35:23 | INFO |   Trainable params: 11,309,130
19:36:14 | INFO |   [finetune] epoch 1/25 | train_total=0.7197 (comp=0.5712 aux=0.4950) | val_loss=0.6050 | val_stone_mae=0.2867 | val_stone_dom_acc=0.185 | 51s
19:37:04 | INFO |   [finetune] epoch 2/25 | train_total=0.7301 (comp=0.5819 aux=0.4941) | val_loss=0.6117 | val_stone_mae=0.2877 | val_stone_dom_acc=0.108 | 51s
19:37:55 | INFO |   [finetune] epoch 3/25 | train_total=0.7091 (comp=0.5637 aux=0.4848) | val_loss=0.6177 | val_stone_mae=0.2926 | val_stone_dom_acc=0.092 | 51s
19:38:46 | INFO |   [finetune] epoch 4/25 | train_total=0.7097 (comp=0.5642 aux=0.4850) | val_loss=0.6164 | val_stone_mae=0.2872 | val_stone_dom_acc=0.077 | 51s
19:39:37 | INFO |   [finetune] epoch 5/25 | train_total=0.7037 (comp=0.5580 aux=0.4857) | val_loss=0.6306 | val_stone_mae=0.2876 | val_stone_dom_acc=0.123 | 51s
19:40:28 | INFO |   [finetune] epoch 6/25 | train_total=0.6945 (comp=0.5491 aux=0.4847) | val_loss=0.6452 | val_stone_mae=0.2874 | val_stone_dom_acc=0.154 | 51s
19:41:18 | INFO |   [finetune] epoch 7/25 | train_total=0.6988 (comp=0.5541 aux=0.4822) | val_loss=0.6413 | val_stone_mae=0.2864 | val_stone_dom_acc=0.138 | 51s
19:42:09 | INFO |   [finetune] epoch 8/25 | train_total=0.6797 (comp=0.5360 aux=0.4789) | val_loss=0.6432 | val_stone_mae=0.2889 | val_stone_dom_acc=0.108 | 51s
19:42:09 | INFO |   Early stopping (no improvement for 7 epochs)
19:42:09 | INFO | Fold 3 done. best_val_loss=0.6050 | stone_mae=0.2867 | stone_dom_acc=0.185 | stone_aitchison=13.2575
19:42:09 | INFO | === Fold 4 ===
19:42:10 | INFO | Built SimpleCompositionModel: resnet18 backbone + single shared head + presence detection head (11,309,130 params total)
19:42:10 | INFO | Fold 4 — Phase 1: frozen backbone, 5 epochs
19:42:10 | INFO |   Trainable params: 132,618
19:43:00 | INFO |   [frozen] epoch 1/5 | train_total=0.7803 (comp=0.6165 aux=0.5463) | val_loss=0.6098 | val_stone_mae=0.3010 | val_stone_dom_acc=0.108 | 50s
19:43:50 | INFO |   [frozen] epoch 2/5 | train_total=0.7604 (comp=0.6056 aux=0.5161) | val_loss=0.6174 | val_stone_mae=0.2892 | val_stone_dom_acc=0.292 | 50s
19:44:40 | INFO |   [frozen] epoch 3/5 | train_total=0.7400 (comp=0.5877 aux=0.5077) | val_loss=0.6213 | val_stone_mae=0.2971 | val_stone_dom_acc=0.092 | 50s
19:45:30 | INFO |   [frozen] epoch 4/5 | train_total=0.7385 (comp=0.5870 aux=0.5048) | val_loss=0.6220 | val_stone_mae=0.2907 | val_stone_dom_acc=0.308 | 50s
19:46:19 | INFO |   [frozen] epoch 5/5 | train_total=0.7283 (comp=0.5795 aux=0.4962) | val_loss=0.6266 | val_stone_mae=0.2943 | val_stone_dom_acc=0.154 | 50s
19:46:19 | INFO | Fold 4 — Phase 2: fine-tune, 25 epochs
19:46:19 | INFO |   Trainable params: 11,309,130
19:47:09 | INFO |   [finetune] epoch 1/25 | train_total=0.7282 (comp=0.5772 aux=0.5035) | val_loss=0.6381 | val_stone_mae=0.2907 | val_stone_dom_acc=0.277 | 50s
19:47:59 | INFO |   [finetune] epoch 2/25 | train_total=0.7261 (comp=0.5779 aux=0.4940) | val_loss=0.6332 | val_stone_mae=0.2946 | val_stone_dom_acc=0.123 | 49s
19:48:48 | INFO |   [finetune] epoch 3/25 | train_total=0.7173 (comp=0.5683 aux=0.4967) | val_loss=0.6421 | val_stone_mae=0.2894 | val_stone_dom_acc=0.231 | 50s
19:49:38 | INFO |   [finetune] epoch 4/25 | train_total=0.7122 (comp=0.5650 aux=0.4909) | val_loss=0.6457 | val_stone_mae=0.2942 | val_stone_dom_acc=0.092 | 50s
19:50:27 | INFO |   [finetune] epoch 5/25 | train_total=0.7017 (comp=0.5550 aux=0.4892) | val_loss=0.6430 | val_stone_mae=0.2945 | val_stone_dom_acc=0.123 | 49s
19:51:16 | INFO |   [finetune] epoch 6/25 | train_total=0.7028 (comp=0.5564 aux=0.4877) | val_loss=0.6596 | val_stone_mae=0.2935 | val_stone_dom_acc=0.077 | 49s
19:52:06 | INFO |   [finetune] epoch 7/25 | train_total=0.6945 (comp=0.5471 aux=0.4917) | val_loss=0.6650 | val_stone_mae=0.2933 | val_stone_dom_acc=0.185 | 49s
19:52:55 | INFO |   [finetune] epoch 8/25 | train_total=0.6892 (comp=0.5436 aux=0.4851) | val_loss=0.6722 | val_stone_mae=0.2908 | val_stone_dom_acc=0.200 | 49s
19:53:44 | INFO |   [finetune] epoch 9/25 | train_total=0.6848 (comp=0.5396 aux=0.4839) | val_loss=0.6838 | val_stone_mae=0.2968 | val_stone_dom_acc=0.108 | 50s
19:53:44 | INFO |   Early stopping (no improvement for 7 epochs)
19:53:44 | INFO | Fold 4 done. best_val_loss=0.6332 | stone_mae=0.2946 | stone_dom_acc=0.123 | stone_aitchison=13.0006
19:53:44 | INFO | Cross-fold results:
19:53:44 | INFO |   best_stone_mae_overall: 0.2884 ± 0.0045
19:53:44 | INFO |   best_stone_dominant_acc: 0.2009 ± 0.0648
19:53:44 | INFO |   best_stone_aitchison: 13.1257 ± 0.1028
19:53:44 | INFO | === Held-out test set evaluation ===
19:53:45 | INFO | Built SimpleCompositionModel: resnet18 backbone + single shared head + presence detection head (11,309,130 params total)
19:54:02 | INFO |   Fold 0 test: stone_mae=0.2873 | stone_dom_acc=0.171 | stone_aitchison=13.2975
19:54:02 | INFO | Built SimpleCompositionModel: resnet18 backbone + single shared head + presence detection head (11,309,130 params total)
19:54:19 | INFO |   Fold 1 test: stone_mae=0.2851 | stone_dom_acc=0.244 | stone_aitchison=13.2846
19:54:19 | INFO | Built SimpleCompositionModel: resnet18 backbone + single shared head + presence detection head (11,309,130 params total)
19:54:36 | INFO |   Fold 2 test: stone_mae=0.2896 | stone_dom_acc=0.073 | stone_aitchison=13.3293
19:54:36 | INFO | Built SimpleCompositionModel: resnet18 backbone + single shared head + presence detection head (11,309,130 params total)
19:54:53 | INFO |   Fold 3 test: stone_mae=0.2855 | stone_dom_acc=0.110 | stone_aitchison=13.2687
19:54:53 | INFO | Built SimpleCompositionModel: resnet18 backbone + single shared head + presence detection head (11,309,130 params total)
19:55:10 | INFO |   Fold 4 test: stone_mae=0.2881 | stone_dom_acc=0.110 | stone_aitchison=13.3036
19:55:10 | INFO | Test set summary (mean ± std across folds):
19:55:10 | INFO |   stone_mae_overall: 0.2871 ± 0.0019
19:55:10 | INFO |   stone_dominant_acc: 0.1415 ± 0.0671
19:55:10 | INFO |   stone_aitchison: 13.2967 ± 0.0226
