18:17:55 | INFO | Device: cuda
18:17:55 | INFO | cuDNN benchmark enabled
18:17:57 | INFO | Skipped 21 rows with no composition data
18:17:57 | WARNING | Skipped 2 rows whose image files are missing
18:17:57 | INFO | Built 1240 multiclass samples from 414 stones. Primary component distribution: CaOx=603, CaP=356, UA=117, MAP=36, CYS=116, OTH=12
18:17:57 | INFO | Excluded classes ['OTH'] → 5 classes remaining, 410 stones
18:17:57 | INFO | Classes (5): ['CaOx', 'CaP', 'UA', 'MAP', 'CYS']
18:17:57 | INFO | Test holdout: 82 stones (40 pure / 42 mixed, 246 images). Train+val pool: 328 stones (982 images).
18:17:57 | INFO |   Fold 0: train=262 stones (129 pure / 133 mixed, 785 images), val=66 stones (32 pure / 34 mixed, 197 images)
18:17:57 | INFO |   Fold 1: train=262 stones (128 pure / 134 mixed, 784 images), val=66 stones (33 pure / 33 mixed, 198 images)
18:17:58 | INFO |   Fold 2: train=262 stones (129 pure / 133 mixed, 785 images), val=66 stones (32 pure / 34 mixed, 197 images)
18:17:58 | INFO |   Fold 3: train=263 stones (129 pure / 134 mixed, 787 images), val=65 stones (32 pure / 33 mixed, 195 images)
18:17:58 | INFO |   Fold 4: train=263 stones (129 pure / 134 mixed, 787 images), val=65 stones (32 pure / 33 mixed, 195 images)
18:17:58 | INFO | === Fold 0 ===
18:17:58 | INFO | Fold 0 — Phase 1: frozen backbone, 5 epochs
18:17:58 | INFO |   Trainable params: 2,565
18:18:51 | INFO |   [frozen] epoch 1/5 | train_loss=1.8423 | val_loss=1.6664 | val_stone_acc=0.197 | val_stone_macro_f1=0.071 | 52s
18:19:43 | INFO |   [frozen] epoch 2/5 | train_loss=1.7769 | val_loss=1.5153 | val_stone_acc=0.485 | val_stone_macro_f1=0.238 | 52s
18:20:35 | INFO |   [frozen] epoch 3/5 | train_loss=1.6597 | val_loss=1.4646 | val_stone_acc=0.273 | val_stone_macro_f1=0.198 | 52s
18:21:27 | INFO |   [frozen] epoch 4/5 | train_loss=1.5666 | val_loss=1.4121 | val_stone_acc=0.515 | val_stone_macro_f1=0.412 | 52s
18:22:19 | INFO |   [frozen] epoch 5/5 | train_loss=1.5786 | val_loss=1.3835 | val_stone_acc=0.394 | val_stone_macro_f1=0.268 | 52s
18:22:19 | INFO | Fold 0 — Phase 2: fine-tune, 25 epochs
18:22:19 | INFO |   Trainable params: 11,179,077
18:23:11 | INFO |   [finetune] epoch 1/25 | train_loss=1.5850 | val_loss=1.3376 | val_stone_acc=0.500 | val_stone_macro_f1=0.283 | 52s
18:24:03 | INFO |   [finetune] epoch 2/25 | train_loss=1.4933 | val_loss=1.2711 | val_stone_acc=0.545 | val_stone_macro_f1=0.320 | 52s
18:24:56 | INFO |   [finetune] epoch 3/25 | train_loss=1.3763 | val_loss=1.2232 | val_stone_acc=0.485 | val_stone_macro_f1=0.373 | 52s
18:25:48 | INFO |   [finetune] epoch 4/25 | train_loss=1.3280 | val_loss=1.2231 | val_stone_acc=0.561 | val_stone_macro_f1=0.463 | 52s
18:26:40 | INFO |   [finetune] epoch 5/25 | train_loss=1.3010 | val_loss=1.2001 | val_stone_acc=0.500 | val_stone_macro_f1=0.355 | 52s
18:27:31 | INFO |   [finetune] epoch 6/25 | train_loss=1.3280 | val_loss=1.1479 | val_stone_acc=0.636 | val_stone_macro_f1=0.561 | 52s
18:28:23 | INFO |   [finetune] epoch 7/25 | train_loss=1.2562 | val_loss=1.1420 | val_stone_acc=0.576 | val_stone_macro_f1=0.502 | 52s
18:29:15 | INFO |   [finetune] epoch 8/25 | train_loss=1.2203 | val_loss=1.1309 | val_stone_acc=0.576 | val_stone_macro_f1=0.520 | 52s
18:30:06 | INFO |   [finetune] epoch 9/25 | train_loss=1.1406 | val_loss=1.1439 | val_stone_acc=0.545 | val_stone_macro_f1=0.496 | 52s
18:30:58 | INFO |   [finetune] epoch 10/25 | train_loss=1.2001 | val_loss=1.1325 | val_stone_acc=0.591 | val_stone_macro_f1=0.525 | 52s
18:31:49 | INFO |   [finetune] epoch 11/25 | train_loss=1.1584 | val_loss=1.1061 | val_stone_acc=0.606 | val_stone_macro_f1=0.557 | 52s
18:32:41 | INFO |   [finetune] epoch 12/25 | train_loss=1.1630 | val_loss=1.0777 | val_stone_acc=0.591 | val_stone_macro_f1=0.501 | 52s
18:33:33 | INFO |   [finetune] epoch 13/25 | train_loss=1.0720 | val_loss=1.0942 | val_stone_acc=0.606 | val_stone_macro_f1=0.563 | 52s
18:34:25 | INFO |   [finetune] epoch 14/25 | train_loss=1.0427 | val_loss=1.0735 | val_stone_acc=0.606 | val_stone_macro_f1=0.536 | 52s
18:35:17 | INFO |   [finetune] epoch 15/25 | train_loss=1.1218 | val_loss=1.0418 | val_stone_acc=0.591 | val_stone_macro_f1=0.516 | 52s
18:36:09 | INFO |   [finetune] epoch 16/25 | train_loss=1.0096 | val_loss=1.0605 | val_stone_acc=0.621 | val_stone_macro_f1=0.579 | 52s
18:37:00 | INFO |   [finetune] epoch 17/25 | train_loss=1.0252 | val_loss=1.0908 | val_stone_acc=0.621 | val_stone_macro_f1=0.587 | 51s
18:37:52 | INFO |   [finetune] epoch 18/25 | train_loss=0.9719 | val_loss=1.0653 | val_stone_acc=0.606 | val_stone_macro_f1=0.520 | 52s
18:38:43 | INFO |   [finetune] epoch 19/25 | train_loss=0.9621 | val_loss=1.0411 | val_stone_acc=0.636 | val_stone_macro_f1=0.583 | 52s
18:39:35 | INFO |   [finetune] epoch 20/25 | train_loss=0.9530 | val_loss=1.0866 | val_stone_acc=0.636 | val_stone_macro_f1=0.600 | 51s
18:40:26 | INFO |   [finetune] epoch 21/25 | train_loss=0.9183 | val_loss=1.0332 | val_stone_acc=0.636 | val_stone_macro_f1=0.583 | 51s
18:41:18 | INFO |   [finetune] epoch 22/25 | train_loss=0.8647 | val_loss=1.0560 | val_stone_acc=0.652 | val_stone_macro_f1=0.564 | 52s
18:42:09 | INFO |   [finetune] epoch 23/25 | train_loss=0.8833 | val_loss=1.0488 | val_stone_acc=0.636 | val_stone_macro_f1=0.561 | 52s
18:43:01 | INFO |   [finetune] epoch 24/25 | train_loss=0.9102 | val_loss=1.0856 | val_stone_acc=0.636 | val_stone_macro_f1=0.558 | 52s
18:43:52 | INFO |   [finetune] epoch 25/25 | train_loss=0.8945 | val_loss=1.0879 | val_stone_acc=0.636 | val_stone_macro_f1=0.564 | 51s
18:43:52 | INFO | Fold 0 done. best_val_loss=1.0332 | stone_acc=0.636 | stone_macro_f1=0.583
18:43:52 | INFO | === Fold 1 ===
18:43:53 | INFO | Fold 1 — Phase 1: frozen backbone, 5 epochs
18:43:53 | INFO |   Trainable params: 2,565
18:44:45 | INFO |   [frozen] epoch 1/5 | train_loss=1.8753 | val_loss=1.6836 | val_stone_acc=0.485 | val_stone_macro_f1=0.192 | 53s
18:45:38 | INFO |   [frozen] epoch 2/5 | train_loss=1.7245 | val_loss=1.6537 | val_stone_acc=0.576 | val_stone_macro_f1=0.273 | 53s
18:46:31 | INFO |   [frozen] epoch 3/5 | train_loss=1.6553 | val_loss=1.6138 | val_stone_acc=0.485 | val_stone_macro_f1=0.273 | 53s
18:47:24 | INFO |   [frozen] epoch 4/5 | train_loss=1.5604 | val_loss=1.6443 | val_stone_acc=0.500 | val_stone_macro_f1=0.253 | 53s
18:48:17 | INFO |   [frozen] epoch 5/5 | train_loss=1.4862 | val_loss=1.6437 | val_stone_acc=0.545 | val_stone_macro_f1=0.289 | 53s
18:48:17 | INFO | Fold 1 — Phase 2: fine-tune, 25 epochs
18:48:17 | INFO |   Trainable params: 11,179,077
18:49:09 | INFO |   [finetune] epoch 1/25 | train_loss=1.4810 | val_loss=1.6263 | val_stone_acc=0.500 | val_stone_macro_f1=0.272 | 53s
18:50:02 | INFO |   [finetune] epoch 2/25 | train_loss=1.3936 | val_loss=1.6936 | val_stone_acc=0.561 | val_stone_macro_f1=0.339 | 53s
18:50:54 | INFO |   [finetune] epoch 3/25 | train_loss=1.3997 | val_loss=1.5800 | val_stone_acc=0.545 | val_stone_macro_f1=0.340 | 53s
18:51:47 | INFO |   [finetune] epoch 4/25 | train_loss=1.2647 | val_loss=1.6503 | val_stone_acc=0.545 | val_stone_macro_f1=0.320 | 53s
18:52:40 | INFO |   [finetune] epoch 5/25 | train_loss=1.1897 | val_loss=1.5506 | val_stone_acc=0.561 | val_stone_macro_f1=0.393 | 53s
18:53:33 | INFO |   [finetune] epoch 6/25 | train_loss=1.1943 | val_loss=1.6224 | val_stone_acc=0.561 | val_stone_macro_f1=0.371 | 53s
18:54:25 | INFO |   [finetune] epoch 7/25 | train_loss=1.1619 | val_loss=1.5450 | val_stone_acc=0.591 | val_stone_macro_f1=0.425 | 53s
18:55:18 | INFO |   [finetune] epoch 8/25 | train_loss=1.1895 | val_loss=1.5176 | val_stone_acc=0.561 | val_stone_macro_f1=0.374 | 53s
18:56:11 | INFO |   [finetune] epoch 9/25 | train_loss=1.1156 | val_loss=1.5677 | val_stone_acc=0.606 | val_stone_macro_f1=0.406 | 53s
18:57:03 | INFO |   [finetune] epoch 10/25 | train_loss=1.1159 | val_loss=1.4959 | val_stone_acc=0.561 | val_stone_macro_f1=0.398 | 53s
18:57:56 | INFO |   [finetune] epoch 11/25 | train_loss=1.1115 | val_loss=1.4805 | val_stone_acc=0.545 | val_stone_macro_f1=0.393 | 53s
18:58:49 | INFO |   [finetune] epoch 12/25 | train_loss=1.0697 | val_loss=1.5101 | val_stone_acc=0.530 | val_stone_macro_f1=0.363 | 53s
18:59:42 | INFO |   [finetune] epoch 13/25 | train_loss=0.9937 | val_loss=1.5132 | val_stone_acc=0.561 | val_stone_macro_f1=0.347 | 53s
19:00:34 | INFO |   [finetune] epoch 14/25 | train_loss=1.0257 | val_loss=1.4017 | val_stone_acc=0.530 | val_stone_macro_f1=0.400 | 53s
19:01:27 | INFO |   [finetune] epoch 15/25 | train_loss=1.0027 | val_loss=1.4712 | val_stone_acc=0.561 | val_stone_macro_f1=0.403 | 52s
19:02:19 | INFO |   [finetune] epoch 16/25 | train_loss=0.9883 | val_loss=1.5057 | val_stone_acc=0.576 | val_stone_macro_f1=0.412 | 52s
19:03:12 | INFO |   [finetune] epoch 17/25 | train_loss=0.9521 | val_loss=1.4352 | val_stone_acc=0.636 | val_stone_macro_f1=0.481 | 52s
19:04:04 | INFO |   [finetune] epoch 18/25 | train_loss=0.9701 | val_loss=1.5008 | val_stone_acc=0.636 | val_stone_macro_f1=0.449 | 52s
19:04:57 | INFO |   [finetune] epoch 19/25 | train_loss=0.9310 | val_loss=1.3802 | val_stone_acc=0.606 | val_stone_macro_f1=0.475 | 53s
19:05:49 | INFO |   [finetune] epoch 20/25 | train_loss=0.8913 | val_loss=1.5032 | val_stone_acc=0.591 | val_stone_macro_f1=0.425 | 52s
19:06:41 | INFO |   [finetune] epoch 21/25 | train_loss=0.8477 | val_loss=1.5103 | val_stone_acc=0.621 | val_stone_macro_f1=0.474 | 52s
19:07:34 | INFO |   [finetune] epoch 22/25 | train_loss=0.8578 | val_loss=1.5777 | val_stone_acc=0.621 | val_stone_macro_f1=0.443 | 52s
19:08:26 | INFO |   [finetune] epoch 23/25 | train_loss=0.8302 | val_loss=1.5140 | val_stone_acc=0.591 | val_stone_macro_f1=0.434 | 52s
19:09:18 | INFO |   [finetune] epoch 24/25 | train_loss=0.8277 | val_loss=1.5836 | val_stone_acc=0.636 | val_stone_macro_f1=0.454 | 52s
19:10:11 | INFO |   [finetune] epoch 25/25 | train_loss=0.8003 | val_loss=1.5828 | val_stone_acc=0.576 | val_stone_macro_f1=0.412 | 52s
19:10:11 | INFO | Fold 1 done. best_val_loss=1.3802 | stone_acc=0.606 | stone_macro_f1=0.475
19:10:11 | INFO | === Fold 2 ===
19:10:11 | INFO | Fold 2 — Phase 1: frozen backbone, 5 epochs
19:10:11 | INFO |   Trainable params: 2,565
19:11:03 | INFO |   [frozen] epoch 1/5 | train_loss=1.8625 | val_loss=1.5836 | val_stone_acc=0.242 | val_stone_macro_f1=0.174 | 52s
19:11:54 | INFO |   [frozen] epoch 2/5 | train_loss=1.7104 | val_loss=1.3707 | val_stone_acc=0.439 | val_stone_macro_f1=0.482 | 51s
19:12:46 | INFO |   [frozen] epoch 3/5 | train_loss=1.6887 | val_loss=1.3514 | val_stone_acc=0.379 | val_stone_macro_f1=0.456 | 52s
19:13:38 | INFO |   [frozen] epoch 4/5 | train_loss=1.5375 | val_loss=1.3165 | val_stone_acc=0.561 | val_stone_macro_f1=0.581 | 51s
19:14:29 | INFO |   [frozen] epoch 5/5 | train_loss=1.6040 | val_loss=1.3098 | val_stone_acc=0.515 | val_stone_macro_f1=0.514 | 51s
19:14:29 | INFO | Fold 2 — Phase 2: fine-tune, 25 epochs
19:14:29 | INFO |   Trainable params: 11,179,077
19:15:21 | INFO |   [finetune] epoch 1/25 | train_loss=1.5415 | val_loss=1.3369 | val_stone_acc=0.500 | val_stone_macro_f1=0.355 | 52s
19:16:12 | INFO |   [finetune] epoch 2/25 | train_loss=1.4618 | val_loss=1.2429 | val_stone_acc=0.530 | val_stone_macro_f1=0.431 | 52s
19:17:04 | INFO |   [finetune] epoch 3/25 | train_loss=1.4601 | val_loss=1.3012 | val_stone_acc=0.470 | val_stone_macro_f1=0.290 | 52s
19:17:56 | INFO |   [finetune] epoch 4/25 | train_loss=1.4309 | val_loss=1.2178 | val_stone_acc=0.515 | val_stone_macro_f1=0.391 | 52s
19:18:48 | INFO |   [finetune] epoch 5/25 | train_loss=1.2860 | val_loss=1.2604 | val_stone_acc=0.470 | val_stone_macro_f1=0.293 | 52s
19:19:39 | INFO |   [finetune] epoch 6/25 | train_loss=1.3285 | val_loss=1.1799 | val_stone_acc=0.515 | val_stone_macro_f1=0.415 | 52s
19:20:31 | INFO |   [finetune] epoch 7/25 | train_loss=1.2523 | val_loss=1.1915 | val_stone_acc=0.515 | val_stone_macro_f1=0.351 | 52s
19:21:23 | INFO |   [finetune] epoch 8/25 | train_loss=1.2053 | val_loss=1.1594 | val_stone_acc=0.485 | val_stone_macro_f1=0.323 | 52s
19:22:15 | INFO |   [finetune] epoch 9/25 | train_loss=1.2036 | val_loss=1.1733 | val_stone_acc=0.530 | val_stone_macro_f1=0.339 | 52s
19:23:07 | INFO |   [finetune] epoch 10/25 | train_loss=1.1838 | val_loss=1.1753 | val_stone_acc=0.530 | val_stone_macro_f1=0.360 | 52s
19:23:58 | INFO |   [finetune] epoch 11/25 | train_loss=1.0964 | val_loss=1.1906 | val_stone_acc=0.515 | val_stone_macro_f1=0.352 | 52s
19:24:50 | INFO |   [finetune] epoch 12/25 | train_loss=1.0495 | val_loss=1.1044 | val_stone_acc=0.561 | val_stone_macro_f1=0.420 | 52s
19:25:42 | INFO |   [finetune] epoch 13/25 | train_loss=1.0491 | val_loss=1.1869 | val_stone_acc=0.576 | val_stone_macro_f1=0.424 | 52s
19:26:34 | INFO |   [finetune] epoch 14/25 | train_loss=1.0224 | val_loss=1.1155 | val_stone_acc=0.576 | val_stone_macro_f1=0.499 | 52s
19:27:26 | INFO |   [finetune] epoch 15/25 | train_loss=1.0476 | val_loss=1.0972 | val_stone_acc=0.545 | val_stone_macro_f1=0.409 | 52s
19:28:18 | INFO |   [finetune] epoch 16/25 | train_loss=0.9807 | val_loss=1.0918 | val_stone_acc=0.606 | val_stone_macro_f1=0.467 | 52s
19:29:10 | INFO |   [finetune] epoch 17/25 | train_loss=0.9940 | val_loss=1.1845 | val_stone_acc=0.561 | val_stone_macro_f1=0.401 | 52s
19:30:02 | INFO |   [finetune] epoch 18/25 | train_loss=0.9861 | val_loss=1.1659 | val_stone_acc=0.576 | val_stone_macro_f1=0.430 | 52s
19:30:54 | INFO |   [finetune] epoch 19/25 | train_loss=0.9489 | val_loss=1.1034 | val_stone_acc=0.576 | val_stone_macro_f1=0.412 | 52s
19:31:46 | INFO |   [finetune] epoch 20/25 | train_loss=0.9101 | val_loss=1.0756 | val_stone_acc=0.591 | val_stone_macro_f1=0.421 | 52s
19:32:37 | INFO |   [finetune] epoch 21/25 | train_loss=0.9232 | val_loss=1.0968 | val_stone_acc=0.606 | val_stone_macro_f1=0.463 | 52s
19:33:29 | INFO |   [finetune] epoch 22/25 | train_loss=0.8981 | val_loss=1.0588 | val_stone_acc=0.636 | val_stone_macro_f1=0.482 | 52s
19:34:21 | INFO |   [finetune] epoch 23/25 | train_loss=0.9050 | val_loss=1.0961 | val_stone_acc=0.606 | val_stone_macro_f1=0.470 | 52s
19:35:13 | INFO |   [finetune] epoch 24/25 | train_loss=1.0125 | val_loss=1.1196 | val_stone_acc=0.606 | val_stone_macro_f1=0.466 | 52s
19:36:05 | INFO |   [finetune] epoch 25/25 | train_loss=0.9030 | val_loss=1.1262 | val_stone_acc=0.636 | val_stone_macro_f1=0.476 | 52s
19:36:05 | INFO | Fold 2 done. best_val_loss=1.0588 | stone_acc=0.636 | stone_macro_f1=0.482
19:36:05 | INFO | === Fold 3 ===
19:36:05 | INFO | Fold 3 — Phase 1: frozen backbone, 5 epochs
19:36:05 | INFO |   Trainable params: 2,565
19:36:57 | INFO |   [frozen] epoch 1/5 | train_loss=1.7648 | val_loss=1.6796 | val_stone_acc=0.415 | val_stone_macro_f1=0.161 | 52s
19:37:48 | INFO |   [frozen] epoch 2/5 | train_loss=1.7248 | val_loss=1.7183 | val_stone_acc=0.154 | val_stone_macro_f1=0.136 | 51s
19:38:39 | INFO |   [frozen] epoch 3/5 | train_loss=1.6932 | val_loss=1.5876 | val_stone_acc=0.477 | val_stone_macro_f1=0.264 | 51s
19:39:30 | INFO |   [frozen] epoch 4/5 | train_loss=1.6382 | val_loss=1.6242 | val_stone_acc=0.415 | val_stone_macro_f1=0.229 | 51s
19:40:22 | INFO |   [frozen] epoch 5/5 | train_loss=1.5766 | val_loss=1.5669 | val_stone_acc=0.415 | val_stone_macro_f1=0.221 | 51s
19:40:22 | INFO | Fold 3 — Phase 2: fine-tune, 25 epochs
19:40:22 | INFO |   Trainable params: 11,179,077
19:41:13 | INFO |   [finetune] epoch 1/25 | train_loss=1.4563 | val_loss=1.6226 | val_stone_acc=0.446 | val_stone_macro_f1=0.213 | 51s
19:42:04 | INFO |   [finetune] epoch 2/25 | train_loss=1.3549 | val_loss=1.5215 | val_stone_acc=0.585 | val_stone_macro_f1=0.445 | 51s
19:42:55 | INFO |   [finetune] epoch 3/25 | train_loss=1.3419 | val_loss=1.5507 | val_stone_acc=0.569 | val_stone_macro_f1=0.304 | 51s
19:43:46 | INFO |   [finetune] epoch 4/25 | train_loss=1.2545 | val_loss=1.5242 | val_stone_acc=0.569 | val_stone_macro_f1=0.413 | 51s
19:44:37 | INFO |   [finetune] epoch 5/25 | train_loss=1.2053 | val_loss=1.5413 | val_stone_acc=0.523 | val_stone_macro_f1=0.365 | 51s
19:45:28 | INFO |   [finetune] epoch 6/25 | train_loss=1.1489 | val_loss=1.5433 | val_stone_acc=0.600 | val_stone_macro_f1=0.418 | 51s
19:46:19 | INFO |   [finetune] epoch 7/25 | train_loss=1.1596 | val_loss=1.5554 | val_stone_acc=0.600 | val_stone_macro_f1=0.430 | 51s
19:47:10 | INFO |   [finetune] epoch 8/25 | train_loss=1.1065 | val_loss=1.5948 | val_stone_acc=0.523 | val_stone_macro_f1=0.361 | 51s
19:48:01 | INFO |   [finetune] epoch 9/25 | train_loss=1.1293 | val_loss=1.6670 | val_stone_acc=0.585 | val_stone_macro_f1=0.398 | 51s
19:48:01 | INFO |   Early stopping (7 epochs without improvement)
19:48:01 | INFO | Fold 3 done. best_val_loss=1.5215 | stone_acc=0.585 | stone_macro_f1=0.445
19:48:01 | INFO | === Fold 4 ===
19:48:01 | INFO | Fold 4 — Phase 1: frozen backbone, 5 epochs
19:48:01 | INFO |   Trainable params: 2,565
19:48:53 | INFO |   [frozen] epoch 1/5 | train_loss=1.9162 | val_loss=1.6052 | val_stone_acc=0.477 | val_stone_macro_f1=0.226 | 51s
19:49:44 | INFO |   [frozen] epoch 2/5 | train_loss=1.7376 | val_loss=1.5425 | val_stone_acc=0.538 | val_stone_macro_f1=0.290 | 51s
19:50:35 | INFO |   [frozen] epoch 3/5 | train_loss=1.6150 | val_loss=1.5309 | val_stone_acc=0.477 | val_stone_macro_f1=0.276 | 51s
19:51:26 | INFO |   [frozen] epoch 4/5 | train_loss=1.5738 | val_loss=1.5020 | val_stone_acc=0.431 | val_stone_macro_f1=0.295 | 51s
19:52:17 | INFO |   [frozen] epoch 5/5 | train_loss=1.5181 | val_loss=1.5176 | val_stone_acc=0.538 | val_stone_macro_f1=0.332 | 51s
19:52:17 | INFO | Fold 4 — Phase 2: fine-tune, 25 epochs
19:52:17 | INFO |   Trainable params: 11,179,077
19:53:08 | INFO |   [finetune] epoch 1/25 | train_loss=1.4460 | val_loss=1.5135 | val_stone_acc=0.554 | val_stone_macro_f1=0.253 | 51s
19:53:59 | INFO |   [finetune] epoch 2/25 | train_loss=1.4046 | val_loss=1.4516 | val_stone_acc=0.554 | val_stone_macro_f1=0.432 | 51s
19:54:50 | INFO |   [finetune] epoch 3/25 | train_loss=1.3431 | val_loss=1.5164 | val_stone_acc=0.523 | val_stone_macro_f1=0.330 | 51s
19:55:41 | INFO |   [finetune] epoch 4/25 | train_loss=1.3443 | val_loss=1.4606 | val_stone_acc=0.538 | val_stone_macro_f1=0.356 | 51s
19:56:32 | INFO |   [finetune] epoch 5/25 | train_loss=1.2403 | val_loss=1.4746 | val_stone_acc=0.585 | val_stone_macro_f1=0.344 | 51s
19:57:23 | INFO |   [finetune] epoch 6/25 | train_loss=1.1946 | val_loss=1.4604 | val_stone_acc=0.569 | val_stone_macro_f1=0.386 | 51s
19:58:14 | INFO |   [finetune] epoch 7/25 | train_loss=1.1495 | val_loss=1.4633 | val_stone_acc=0.600 | val_stone_macro_f1=0.372 | 51s
19:59:05 | INFO |   [finetune] epoch 8/25 | train_loss=1.1264 | val_loss=1.4326 | val_stone_acc=0.569 | val_stone_macro_f1=0.344 | 51s
19:59:56 | INFO |   [finetune] epoch 9/25 | train_loss=1.1268 | val_loss=1.4701 | val_stone_acc=0.600 | val_stone_macro_f1=0.372 | 51s
20:00:46 | INFO |   [finetune] epoch 10/25 | train_loss=1.1064 | val_loss=1.4386 | val_stone_acc=0.585 | val_stone_macro_f1=0.385 | 51s
20:01:37 | INFO |   [finetune] epoch 11/25 | train_loss=1.0306 | val_loss=1.4501 | val_stone_acc=0.569 | val_stone_macro_f1=0.379 | 51s
20:02:28 | INFO |   [finetune] epoch 12/25 | train_loss=1.0815 | val_loss=1.4658 | val_stone_acc=0.600 | val_stone_macro_f1=0.414 | 51s
20:03:19 | INFO |   [finetune] epoch 13/25 | train_loss=1.0326 | val_loss=1.4245 | val_stone_acc=0.615 | val_stone_macro_f1=0.417 | 51s
20:04:10 | INFO |   [finetune] epoch 14/25 | train_loss=1.0765 | val_loss=1.3835 | val_stone_acc=0.600 | val_stone_macro_f1=0.414 | 51s
20:05:01 | INFO |   [finetune] epoch 15/25 | train_loss=0.9673 | val_loss=1.3980 | val_stone_acc=0.646 | val_stone_macro_f1=0.469 | 51s
20:05:52 | INFO |   [finetune] epoch 16/25 | train_loss=0.9368 | val_loss=1.4337 | val_stone_acc=0.631 | val_stone_macro_f1=0.449 | 51s
20:06:43 | INFO |   [finetune] epoch 17/25 | train_loss=0.9091 | val_loss=1.3828 | val_stone_acc=0.631 | val_stone_macro_f1=0.447 | 51s
20:07:34 | INFO |   [finetune] epoch 18/25 | train_loss=0.9232 | val_loss=1.4373 | val_stone_acc=0.615 | val_stone_macro_f1=0.422 | 51s
20:08:25 | INFO |   [finetune] epoch 19/25 | train_loss=0.8632 | val_loss=1.4373 | val_stone_acc=0.646 | val_stone_macro_f1=0.463 | 51s
20:09:16 | INFO |   [finetune] epoch 20/25 | train_loss=0.8107 | val_loss=1.3874 | val_stone_acc=0.631 | val_stone_macro_f1=0.459 | 51s
20:10:07 | INFO |   [finetune] epoch 21/25 | train_loss=0.8283 | val_loss=1.4087 | val_stone_acc=0.646 | val_stone_macro_f1=0.467 | 51s
20:10:58 | INFO |   [finetune] epoch 22/25 | train_loss=0.8404 | val_loss=1.4060 | val_stone_acc=0.615 | val_stone_macro_f1=0.443 | 51s
20:11:48 | INFO |   [finetune] epoch 23/25 | train_loss=0.8056 | val_loss=1.4313 | val_stone_acc=0.615 | val_stone_macro_f1=0.446 | 51s
20:12:39 | INFO |   [finetune] epoch 24/25 | train_loss=0.7972 | val_loss=1.4558 | val_stone_acc=0.615 | val_stone_macro_f1=0.442 | 51s
20:12:39 | INFO |   Early stopping (7 epochs without improvement)
20:12:39 | INFO | Fold 4 done. best_val_loss=1.3828 | stone_acc=0.631 | stone_macro_f1=0.447
20:12:39 | INFO | Cross-fold results:
20:12:39 | INFO |   best_stone_accuracy: 0.619 ± 0.023
20:12:39 | INFO |   best_stone_macro_f1: 0.486 ± 0.056
20:12:39 | INFO | === Held-out test set evaluation ===
20:12:57 | INFO |   Fold 0 test: stone_acc=0.549 | stone_macro_f1=0.478
20:13:15 | INFO |   Fold 1 test: stone_acc=0.549 | stone_macro_f1=0.430
20:13:33 | INFO |   Fold 2 test: stone_acc=0.610 | stone_macro_f1=0.484
20:13:51 | INFO |   Fold 3 test: stone_acc=0.463 | stone_macro_f1=0.332
20:14:08 | INFO |   Fold 4 test: stone_acc=0.549 | stone_macro_f1=0.463
20:14:08 | INFO | Test set summary (mean ± std across folds):
20:14:08 | INFO |   stone_accuracy: 0.544 ± 0.052
20:14:08 | INFO |   stone_macro_f1: 0.437 ± 0.063
20:14:13 | INFO | Device: cuda
20:14:13 | INFO | cuDNN benchmark enabled
20:14:15 | INFO | Skipped 21 rows with no composition data
20:14:15 | WARNING | Skipped 2 rows whose image files are missing
20:14:15 | INFO | Built 1240 multiclass samples from 414 stones. Primary component distribution: CaOx=603, CaP=356, UA=117, MAP=36, CYS=116, OTH=12
20:14:15 | INFO | Excluded classes ['OTH'] → 5 classes remaining, 410 stones
20:14:15 | INFO | Classes (5): ['CaOx', 'CaP', 'UA', 'MAP', 'CYS']
20:14:15 | INFO | Test holdout: 82 stones (40 pure / 42 mixed, 246 images). Train+val pool: 328 stones (982 images).
20:14:15 | INFO | --random-labels: stone-level labels have been shuffled (baseline mode)
20:14:15 | INFO |   Fold 0: train=262 stones (129 pure / 133 mixed, 785 images), val=66 stones (32 pure / 34 mixed, 197 images)
20:14:15 | INFO |   Fold 1: train=262 stones (128 pure / 134 mixed, 784 images), val=66 stones (33 pure / 33 mixed, 198 images)
20:14:15 | INFO |   Fold 2: train=262 stones (129 pure / 133 mixed, 785 images), val=66 stones (32 pure / 34 mixed, 197 images)
20:14:15 | INFO |   Fold 3: train=263 stones (129 pure / 134 mixed, 787 images), val=65 stones (32 pure / 33 mixed, 195 images)
20:14:15 | INFO |   Fold 4: train=263 stones (129 pure / 134 mixed, 787 images), val=65 stones (32 pure / 33 mixed, 195 images)
20:14:15 | INFO | === Fold 0 ===
20:14:16 | INFO | Fold 0 — Phase 1: frozen backbone, 5 epochs
20:14:16 | INFO |   Trainable params: 2,565
20:15:09 | INFO |   [frozen] epoch 1/5 | train_loss=1.8674 | val_loss=1.8047 | val_stone_acc=0.212 | val_stone_macro_f1=0.072 | 53s
20:16:00 | INFO |   [frozen] epoch 2/5 | train_loss=1.8146 | val_loss=1.6701 | val_stone_acc=0.288 | val_stone_macro_f1=0.160 | 51s
20:16:52 | INFO |   [frozen] epoch 3/5 | train_loss=1.8153 | val_loss=1.7030 | val_stone_acc=0.076 | val_stone_macro_f1=0.070 | 52s
20:17:43 | INFO |   [frozen] epoch 4/5 | train_loss=1.7851 | val_loss=1.6671 | val_stone_acc=0.303 | val_stone_macro_f1=0.213 | 52s
20:18:35 | INFO |   [frozen] epoch 5/5 | train_loss=1.6896 | val_loss=1.6758 | val_stone_acc=0.091 | val_stone_macro_f1=0.086 | 52s
20:18:35 | INFO | Fold 0 — Phase 2: fine-tune, 25 epochs
20:18:35 | INFO |   Trainable params: 11,179,077
20:19:27 | INFO |   [finetune] epoch 1/25 | train_loss=1.7519 | val_loss=1.6948 | val_stone_acc=0.379 | val_stone_macro_f1=0.145 | 52s
20:20:19 | INFO |   [finetune] epoch 2/25 | train_loss=1.6956 | val_loss=1.7007 | val_stone_acc=0.091 | val_stone_macro_f1=0.069 | 52s
20:21:10 | INFO |   [finetune] epoch 3/25 | train_loss=1.6046 | val_loss=1.7102 | val_stone_acc=0.273 | val_stone_macro_f1=0.207 | 52s
20:22:02 | INFO |   [finetune] epoch 4/25 | train_loss=1.6606 | val_loss=1.6678 | val_stone_acc=0.182 | val_stone_macro_f1=0.135 | 52s
20:22:53 | INFO |   [finetune] epoch 5/25 | train_loss=1.5352 | val_loss=1.6581 | val_stone_acc=0.424 | val_stone_macro_f1=0.227 | 52s
20:23:45 | INFO |   [finetune] epoch 6/25 | train_loss=1.5211 | val_loss=1.6760 | val_stone_acc=0.197 | val_stone_macro_f1=0.173 | 52s
20:24:37 | INFO |   [finetune] epoch 7/25 | train_loss=1.5319 | val_loss=1.6845 | val_stone_acc=0.197 | val_stone_macro_f1=0.184 | 52s
20:25:29 | INFO |   [finetune] epoch 8/25 | train_loss=1.4684 | val_loss=1.6685 | val_stone_acc=0.288 | val_stone_macro_f1=0.185 | 52s
20:26:20 | INFO |   [finetune] epoch 9/25 | train_loss=1.4440 | val_loss=1.7334 | val_stone_acc=0.091 | val_stone_macro_f1=0.111 | 52s
20:27:12 | INFO |   [finetune] epoch 10/25 | train_loss=1.4872 | val_loss=1.7043 | val_stone_acc=0.288 | val_stone_macro_f1=0.191 | 52s
20:28:04 | INFO |   [finetune] epoch 11/25 | train_loss=1.4159 | val_loss=1.6928 | val_stone_acc=0.167 | val_stone_macro_f1=0.170 | 52s
20:28:55 | INFO |   [finetune] epoch 12/25 | train_loss=1.3701 | val_loss=1.7004 | val_stone_acc=0.273 | val_stone_macro_f1=0.205 | 52s
20:28:55 | INFO |   Early stopping (7 epochs without improvement)
20:28:55 | INFO | Fold 0 done. best_val_loss=1.6581 | stone_acc=0.424 | stone_macro_f1=0.227
20:28:55 | INFO | === Fold 1 ===
20:28:56 | INFO | Fold 1 — Phase 1: frozen backbone, 5 epochs
20:28:56 | INFO |   Trainable params: 2,565
20:29:47 | INFO |   [frozen] epoch 1/5 | train_loss=1.7905 | val_loss=1.6576 | val_stone_acc=0.197 | val_stone_macro_f1=0.129 | 51s
20:30:38 | INFO |   [frozen] epoch 2/5 | train_loss=1.7478 | val_loss=1.6328 | val_stone_acc=0.258 | val_stone_macro_f1=0.138 | 51s
20:31:28 | INFO |   [frozen] epoch 3/5 | train_loss=1.6746 | val_loss=1.6504 | val_stone_acc=0.242 | val_stone_macro_f1=0.175 | 50s
20:32:19 | INFO |   [frozen] epoch 4/5 | train_loss=1.7825 | val_loss=1.6462 | val_stone_acc=0.227 | val_stone_macro_f1=0.175 | 51s
20:33:10 | INFO |   [frozen] epoch 5/5 | train_loss=1.6457 | val_loss=1.6579 | val_stone_acc=0.182 | val_stone_macro_f1=0.171 | 51s
20:33:10 | INFO | Fold 1 — Phase 2: fine-tune, 25 epochs
20:33:10 | INFO |   Trainable params: 11,179,077
20:34:01 | INFO |   [finetune] epoch 1/25 | train_loss=1.7014 | val_loss=1.5799 | val_stone_acc=0.318 | val_stone_macro_f1=0.257 | 51s
20:34:52 | INFO |   [finetune] epoch 2/25 | train_loss=1.6090 | val_loss=1.6027 | val_stone_acc=0.227 | val_stone_macro_f1=0.174 | 51s
20:35:43 | INFO |   [finetune] epoch 3/25 | train_loss=1.5976 | val_loss=1.5967 | val_stone_acc=0.212 | val_stone_macro_f1=0.168 | 51s
20:36:34 | INFO |   [finetune] epoch 4/25 | train_loss=1.5428 | val_loss=1.6608 | val_stone_acc=0.197 | val_stone_macro_f1=0.152 | 51s
20:37:26 | INFO |   [finetune] epoch 5/25 | train_loss=1.5113 | val_loss=1.7014 | val_stone_acc=0.197 | val_stone_macro_f1=0.115 | 51s
20:38:17 | INFO |   [finetune] epoch 6/25 | train_loss=1.5722 | val_loss=1.6924 | val_stone_acc=0.121 | val_stone_macro_f1=0.113 | 51s
20:39:08 | INFO |   [finetune] epoch 7/25 | train_loss=1.5381 | val_loss=1.6218 | val_stone_acc=0.242 | val_stone_macro_f1=0.186 | 51s
20:39:59 | INFO |   [finetune] epoch 8/25 | train_loss=1.4906 | val_loss=1.6108 | val_stone_acc=0.167 | val_stone_macro_f1=0.143 | 51s
20:39:59 | INFO |   Early stopping (7 epochs without improvement)
20:39:59 | INFO | Fold 1 done. best_val_loss=1.5799 | stone_acc=0.318 | stone_macro_f1=0.257
20:39:59 | INFO | === Fold 2 ===
20:39:59 | INFO | Fold 2 — Phase 1: frozen backbone, 5 epochs
20:39:59 | INFO |   Trainable params: 2,565
20:40:51 | INFO |   [frozen] epoch 1/5 | train_loss=1.8956 | val_loss=1.5977 | val_stone_acc=0.076 | val_stone_macro_f1=0.046 | 51s
20:41:42 | INFO |   [frozen] epoch 2/5 | train_loss=1.7561 | val_loss=1.6734 | val_stone_acc=0.333 | val_stone_macro_f1=0.210 | 51s
20:42:33 | INFO |   [frozen] epoch 3/5 | train_loss=1.6952 | val_loss=1.7042 | val_stone_acc=0.212 | val_stone_macro_f1=0.167 | 51s
20:43:24 | INFO |   [frozen] epoch 4/5 | train_loss=1.7739 | val_loss=1.6853 | val_stone_acc=0.273 | val_stone_macro_f1=0.204 | 51s
20:44:14 | INFO |   [frozen] epoch 5/5 | train_loss=1.6809 | val_loss=1.6966 | val_stone_acc=0.303 | val_stone_macro_f1=0.241 | 50s
20:44:14 | INFO | Fold 2 — Phase 2: fine-tune, 25 epochs
20:44:14 | INFO |   Trainable params: 11,179,077
20:45:05 | INFO |   [finetune] epoch 1/25 | train_loss=1.7001 | val_loss=1.6974 | val_stone_acc=0.182 | val_stone_macro_f1=0.171 | 51s
20:45:56 | INFO |   [finetune] epoch 2/25 | train_loss=1.6132 | val_loss=1.8628 | val_stone_acc=0.333 | val_stone_macro_f1=0.240 | 51s
20:46:47 | INFO |   [finetune] epoch 3/25 | train_loss=1.6121 | val_loss=1.7849 | val_stone_acc=0.182 | val_stone_macro_f1=0.178 | 51s
20:47:38 | INFO |   [finetune] epoch 4/25 | train_loss=1.5826 | val_loss=1.8148 | val_stone_acc=0.242 | val_stone_macro_f1=0.240 | 51s
20:48:30 | INFO |   [finetune] epoch 5/25 | train_loss=1.4766 | val_loss=1.8951 | val_stone_acc=0.242 | val_stone_macro_f1=0.225 | 51s
20:49:21 | INFO |   [finetune] epoch 6/25 | train_loss=1.4829 | val_loss=1.9096 | val_stone_acc=0.242 | val_stone_macro_f1=0.227 | 51s
20:50:12 | INFO |   [finetune] epoch 7/25 | train_loss=1.4654 | val_loss=1.8958 | val_stone_acc=0.258 | val_stone_macro_f1=0.242 | 51s
20:51:04 | INFO |   [finetune] epoch 8/25 | train_loss=1.4386 | val_loss=2.0100 | val_stone_acc=0.258 | val_stone_macro_f1=0.240 | 51s
20:51:04 | INFO |   Early stopping (7 epochs without improvement)
20:51:04 | INFO | Fold 2 done. best_val_loss=1.6974 | stone_acc=0.182 | stone_macro_f1=0.171
20:51:04 | INFO | === Fold 3 ===
20:51:04 | INFO | Fold 3 — Phase 1: frozen backbone, 5 epochs
20:51:04 | INFO |   Trainable params: 2,565
20:51:55 | INFO |   [frozen] epoch 1/5 | train_loss=1.7633 | val_loss=1.5863 | val_stone_acc=0.308 | val_stone_macro_f1=0.163 | 52s
20:52:46 | INFO |   [frozen] epoch 2/5 | train_loss=1.7279 | val_loss=1.6652 | val_stone_acc=0.200 | val_stone_macro_f1=0.156 | 51s
20:53:38 | INFO |   [frozen] epoch 3/5 | train_loss=1.7203 | val_loss=1.7180 | val_stone_acc=0.185 | val_stone_macro_f1=0.121 | 51s
20:54:29 | INFO |   [frozen] epoch 4/5 | train_loss=1.6962 | val_loss=1.7466 | val_stone_acc=0.154 | val_stone_macro_f1=0.112 | 51s
20:55:20 | INFO |   [frozen] epoch 5/5 | train_loss=1.6630 | val_loss=1.7418 | val_stone_acc=0.200 | val_stone_macro_f1=0.133 | 51s
20:55:20 | INFO | Fold 3 — Phase 2: fine-tune, 25 epochs
20:55:20 | INFO |   Trainable params: 11,179,077
20:56:11 | INFO |   [finetune] epoch 1/25 | train_loss=1.6396 | val_loss=1.7839 | val_stone_acc=0.231 | val_stone_macro_f1=0.143 | 51s
20:57:03 | INFO |   [finetune] epoch 2/25 | train_loss=1.5768 | val_loss=1.8234 | val_stone_acc=0.154 | val_stone_macro_f1=0.094 | 51s
20:57:54 | INFO |   [finetune] epoch 3/25 | train_loss=1.6343 | val_loss=1.8379 | val_stone_acc=0.169 | val_stone_macro_f1=0.103 | 51s
20:58:46 | INFO |   [finetune] epoch 4/25 | train_loss=1.4917 | val_loss=1.7856 | val_stone_acc=0.231 | val_stone_macro_f1=0.123 | 51s
20:59:37 | INFO |   [finetune] epoch 5/25 | train_loss=1.5147 | val_loss=1.8051 | val_stone_acc=0.385 | val_stone_macro_f1=0.145 | 51s
21:00:29 | INFO |   [finetune] epoch 6/25 | train_loss=1.4669 | val_loss=1.8549 | val_stone_acc=0.108 | val_stone_macro_f1=0.080 | 51s
21:01:20 | INFO |   [finetune] epoch 7/25 | train_loss=1.4343 | val_loss=1.8487 | val_stone_acc=0.323 | val_stone_macro_f1=0.145 | 51s
21:02:12 | INFO |   [finetune] epoch 8/25 | train_loss=1.3990 | val_loss=1.9012 | val_stone_acc=0.154 | val_stone_macro_f1=0.104 | 51s
21:02:12 | INFO |   Early stopping (7 epochs without improvement)
21:02:12 | INFO | Fold 3 done. best_val_loss=1.7839 | stone_acc=0.231 | stone_macro_f1=0.143
21:02:12 | INFO | === Fold 4 ===
21:02:12 | INFO | Fold 4 — Phase 1: frozen backbone, 5 epochs
21:02:12 | INFO |   Trainable params: 2,565
21:03:04 | INFO |   [frozen] epoch 1/5 | train_loss=1.8123 | val_loss=1.6624 | val_stone_acc=0.062 | val_stone_macro_f1=0.046 | 52s
21:03:56 | INFO |   [frozen] epoch 2/5 | train_loss=1.7874 | val_loss=1.6540 | val_stone_acc=0.308 | val_stone_macro_f1=0.115 | 52s
21:04:47 | INFO |   [frozen] epoch 3/5 | train_loss=1.7715 | val_loss=1.5678 | val_stone_acc=0.277 | val_stone_macro_f1=0.199 | 51s
21:05:38 | INFO |   [frozen] epoch 4/5 | train_loss=1.7186 | val_loss=1.5658 | val_stone_acc=0.323 | val_stone_macro_f1=0.232 | 51s
21:06:30 | INFO |   [frozen] epoch 5/5 | train_loss=1.6327 | val_loss=1.5562 | val_stone_acc=0.292 | val_stone_macro_f1=0.232 | 51s
21:06:30 | INFO | Fold 4 — Phase 2: fine-tune, 25 epochs
21:06:30 | INFO |   Trainable params: 11,179,077
21:07:21 | INFO |   [finetune] epoch 1/25 | train_loss=1.6708 | val_loss=1.5917 | val_stone_acc=0.277 | val_stone_macro_f1=0.182 | 51s
21:08:12 | INFO |   [finetune] epoch 2/25 | train_loss=1.7391 | val_loss=1.6505 | val_stone_acc=0.185 | val_stone_macro_f1=0.128 | 51s
21:09:04 | INFO |   [finetune] epoch 3/25 | train_loss=1.6704 | val_loss=1.5986 | val_stone_acc=0.262 | val_stone_macro_f1=0.162 | 51s
21:09:55 | INFO |   [finetune] epoch 4/25 | train_loss=1.6110 | val_loss=1.5968 | val_stone_acc=0.277 | val_stone_macro_f1=0.212 | 51s
21:10:46 | INFO |   [finetune] epoch 5/25 | train_loss=1.5543 | val_loss=1.5868 | val_stone_acc=0.323 | val_stone_macro_f1=0.187 | 51s
21:11:38 | INFO |   [finetune] epoch 6/25 | train_loss=1.5723 | val_loss=1.6116 | val_stone_acc=0.185 | val_stone_macro_f1=0.145 | 51s
21:12:29 | INFO |   [finetune] epoch 7/25 | train_loss=1.5352 | val_loss=1.5878 | val_stone_acc=0.415 | val_stone_macro_f1=0.233 | 51s
21:13:20 | INFO |   [finetune] epoch 8/25 | train_loss=1.5433 | val_loss=1.6254 | val_stone_acc=0.169 | val_stone_macro_f1=0.164 | 51s
21:14:11 | INFO |   [finetune] epoch 9/25 | train_loss=1.4590 | val_loss=1.6538 | val_stone_acc=0.277 | val_stone_macro_f1=0.177 | 51s
21:15:03 | INFO |   [finetune] epoch 10/25 | train_loss=1.4365 | val_loss=1.6254 | val_stone_acc=0.246 | val_stone_macro_f1=0.158 | 51s
21:15:54 | INFO |   [finetune] epoch 11/25 | train_loss=1.4968 | val_loss=1.6566 | val_stone_acc=0.277 | val_stone_macro_f1=0.213 | 51s
21:16:45 | INFO |   [finetune] epoch 12/25 | train_loss=1.4050 | val_loss=1.5990 | val_stone_acc=0.231 | val_stone_macro_f1=0.167 | 51s
21:16:45 | INFO |   Early stopping (7 epochs without improvement)
21:16:45 | INFO | Fold 4 done. best_val_loss=1.5868 | stone_acc=0.323 | stone_macro_f1=0.187
21:16:45 | INFO | Cross-fold results:
21:16:45 | INFO |   best_stone_accuracy: 0.296 ± 0.093
21:16:45 | INFO |   best_stone_macro_f1: 0.197 ± 0.045
21:16:45 | INFO | === Held-out test set evaluation ===
21:17:03 | INFO |   Fold 0 test: stone_acc=0.256 | stone_macro_f1=0.160
21:17:21 | INFO |   Fold 1 test: stone_acc=0.256 | stone_macro_f1=0.198
21:17:37 | INFO |   Fold 2 test: stone_acc=0.146 | stone_macro_f1=0.111
21:17:55 | INFO |   Fold 3 test: stone_acc=0.293 | stone_macro_f1=0.206
21:18:12 | INFO |   Fold 4 test: stone_acc=0.317 | stone_macro_f1=0.176
21:18:12 | INFO | Test set summary (mean ± std across folds):
21:18:12 | INFO |   stone_accuracy: 0.254 ± 0.065
21:18:12 | INFO |   stone_macro_f1: 0.170 ± 0.038
