16:54:15 | INFO | Device: cuda
16:54:15 | INFO | cuDNN benchmark enabled
16:54:17 | INFO | Skipped 21 rows with no composition data
16:54:17 | WARNING | Skipped 2 rows whose image files are missing
16:54:17 | INFO | Built 1240 multiclass samples from 414 stones. Primary component distribution: CaOx=603, CaP=356, UA=117, MAP=36, CYS=116, OTH=12
16:54:17 | INFO | Excluded classes ['OTH'] → 5 classes remaining, 410 stones
16:54:17 | INFO | Classes (5): ['CaOx', 'CaP', 'UA', 'MAP', 'CYS']
16:54:17 | INFO | Test holdout: 82 stones (40 pure / 42 mixed, 246 images). Train+val pool: 328 stones (982 images).
16:54:17 | INFO |   Fold 0: train=262 stones (129 pure / 133 mixed, 785 images), val=66 stones (32 pure / 34 mixed, 197 images)
16:54:17 | INFO |   Fold 1: train=262 stones (128 pure / 134 mixed, 784 images), val=66 stones (33 pure / 33 mixed, 198 images)
16:54:18 | INFO |   Fold 2: train=262 stones (129 pure / 133 mixed, 785 images), val=66 stones (32 pure / 34 mixed, 197 images)
16:54:18 | INFO |   Fold 3: train=263 stones (129 pure / 134 mixed, 787 images), val=65 stones (32 pure / 33 mixed, 195 images)
16:54:18 | INFO |   Fold 4: train=263 stones (129 pure / 134 mixed, 787 images), val=65 stones (32 pure / 33 mixed, 195 images)
16:54:18 | INFO | === Fold 0 ===
16:54:18 | INFO | Fold 0 — Phase 1: frozen backbone, 5 epochs
16:54:18 | INFO |   Trainable params: 2,565
16:55:10 | INFO |   [frozen] epoch 1/5 | train_loss=1.8423 | val_loss=1.6664 | val_stone_acc=0.197 | val_stone_macro_f1=0.071 | 51s
16:56:00 | INFO |   [frozen] epoch 2/5 | train_loss=1.7769 | val_loss=1.5153 | val_stone_acc=0.485 | val_stone_macro_f1=0.238 | 51s
16:56:52 | INFO |   [frozen] epoch 3/5 | train_loss=1.6597 | val_loss=1.4646 | val_stone_acc=0.273 | val_stone_macro_f1=0.198 | 51s
16:57:43 | INFO |   [frozen] epoch 4/5 | train_loss=1.5666 | val_loss=1.4121 | val_stone_acc=0.515 | val_stone_macro_f1=0.412 | 51s
16:58:34 | INFO |   [frozen] epoch 5/5 | train_loss=1.5786 | val_loss=1.3835 | val_stone_acc=0.394 | val_stone_macro_f1=0.268 | 51s
16:58:34 | INFO | Fold 0 — Phase 2: fine-tune, 25 epochs
16:58:34 | INFO |   Trainable params: 11,179,077
16:59:25 | INFO |   [finetune] epoch 1/25 | train_loss=1.5851 | val_loss=1.3396 | val_stone_acc=0.500 | val_stone_macro_f1=0.283 | 51s
17:00:16 | INFO |   [finetune] epoch 2/25 | train_loss=1.4930 | val_loss=1.2737 | val_stone_acc=0.545 | val_stone_macro_f1=0.320 | 51s
17:01:07 | INFO |   [finetune] epoch 3/25 | train_loss=1.3764 | val_loss=1.2244 | val_stone_acc=0.500 | val_stone_macro_f1=0.389 | 51s
17:01:58 | INFO |   [finetune] epoch 4/25 | train_loss=1.3276 | val_loss=1.2243 | val_stone_acc=0.561 | val_stone_macro_f1=0.463 | 51s
17:02:49 | INFO |   [finetune] epoch 5/25 | train_loss=1.3013 | val_loss=1.1994 | val_stone_acc=0.500 | val_stone_macro_f1=0.358 | 51s
17:03:40 | INFO |   [finetune] epoch 6/25 | train_loss=1.3272 | val_loss=1.1496 | val_stone_acc=0.636 | val_stone_macro_f1=0.561 | 51s
17:04:32 | INFO |   [finetune] epoch 7/25 | train_loss=1.2549 | val_loss=1.1469 | val_stone_acc=0.576 | val_stone_macro_f1=0.502 | 51s
17:05:23 | INFO |   [finetune] epoch 8/25 | train_loss=1.2205 | val_loss=1.1355 | val_stone_acc=0.576 | val_stone_macro_f1=0.520 | 51s
17:06:14 | INFO |   [finetune] epoch 9/25 | train_loss=1.1391 | val_loss=1.1468 | val_stone_acc=0.530 | val_stone_macro_f1=0.462 | 51s
17:07:05 | INFO |   [finetune] epoch 10/25 | train_loss=1.2000 | val_loss=1.1363 | val_stone_acc=0.591 | val_stone_macro_f1=0.525 | 51s
17:07:57 | INFO |   [finetune] epoch 11/25 | train_loss=1.1588 | val_loss=1.1103 | val_stone_acc=0.591 | val_stone_macro_f1=0.519 | 51s
17:08:48 | INFO |   [finetune] epoch 12/25 | train_loss=1.1637 | val_loss=1.0801 | val_stone_acc=0.591 | val_stone_macro_f1=0.497 | 51s
17:09:39 | INFO |   [finetune] epoch 13/25 | train_loss=1.0705 | val_loss=1.1003 | val_stone_acc=0.591 | val_stone_macro_f1=0.539 | 51s
17:10:31 | INFO |   [finetune] epoch 14/25 | train_loss=1.0424 | val_loss=1.0800 | val_stone_acc=0.606 | val_stone_macro_f1=0.536 | 51s
17:11:22 | INFO |   [finetune] epoch 15/25 | train_loss=1.1232 | val_loss=1.0450 | val_stone_acc=0.591 | val_stone_macro_f1=0.516 | 51s
17:12:13 | INFO |   [finetune] epoch 16/25 | train_loss=1.0040 | val_loss=1.0639 | val_stone_acc=0.621 | val_stone_macro_f1=0.579 | 51s
17:13:04 | INFO |   [finetune] epoch 17/25 | train_loss=1.0246 | val_loss=1.0970 | val_stone_acc=0.621 | val_stone_macro_f1=0.567 | 51s
17:13:55 | INFO |   [finetune] epoch 18/25 | train_loss=0.9710 | val_loss=1.0695 | val_stone_acc=0.606 | val_stone_macro_f1=0.523 | 51s
17:14:46 | INFO |   [finetune] epoch 19/25 | train_loss=0.9627 | val_loss=1.0527 | val_stone_acc=0.636 | val_stone_macro_f1=0.583 | 51s
17:15:37 | INFO |   [finetune] epoch 20/25 | train_loss=0.9501 | val_loss=1.0954 | val_stone_acc=0.621 | val_stone_macro_f1=0.570 | 51s
17:16:28 | INFO |   [finetune] epoch 21/25 | train_loss=0.9156 | val_loss=1.0361 | val_stone_acc=0.636 | val_stone_macro_f1=0.583 | 51s
17:17:19 | INFO |   [finetune] epoch 22/25 | train_loss=0.8660 | val_loss=1.0647 | val_stone_acc=0.652 | val_stone_macro_f1=0.564 | 51s
17:18:10 | INFO |   [finetune] epoch 23/25 | train_loss=0.8874 | val_loss=1.0505 | val_stone_acc=0.636 | val_stone_macro_f1=0.561 | 51s
17:19:02 | INFO |   [finetune] epoch 24/25 | train_loss=0.9089 | val_loss=1.0896 | val_stone_acc=0.636 | val_stone_macro_f1=0.558 | 51s
17:19:53 | INFO |   [finetune] epoch 25/25 | train_loss=0.8967 | val_loss=1.0915 | val_stone_acc=0.636 | val_stone_macro_f1=0.564 | 51s
17:19:53 | INFO | Fold 0 done. best_val_loss=1.0361 | stone_acc=0.636 | stone_macro_f1=0.583
17:19:53 | INFO | === Fold 1 ===
17:19:53 | INFO | Fold 1 — Phase 1: frozen backbone, 5 epochs
17:19:53 | INFO |   Trainable params: 2,565
17:20:45 | INFO |   [frozen] epoch 1/5 | train_loss=1.8753 | val_loss=1.6836 | val_stone_acc=0.485 | val_stone_macro_f1=0.192 | 52s
17:21:36 | INFO |   [frozen] epoch 2/5 | train_loss=1.7245 | val_loss=1.6538 | val_stone_acc=0.576 | val_stone_macro_f1=0.273 | 51s
17:22:28 | INFO |   [frozen] epoch 3/5 | train_loss=1.6553 | val_loss=1.6139 | val_stone_acc=0.485 | val_stone_macro_f1=0.273 | 52s
17:23:20 | INFO |   [frozen] epoch 4/5 | train_loss=1.5604 | val_loss=1.6444 | val_stone_acc=0.500 | val_stone_macro_f1=0.253 | 52s
17:24:12 | INFO |   [frozen] epoch 5/5 | train_loss=1.4862 | val_loss=1.6439 | val_stone_acc=0.545 | val_stone_macro_f1=0.289 | 52s
17:24:12 | INFO | Fold 1 — Phase 2: fine-tune, 25 epochs
17:24:12 | INFO |   Trainable params: 11,179,077
17:25:05 | INFO |   [finetune] epoch 1/25 | train_loss=1.4811 | val_loss=1.6270 | val_stone_acc=0.500 | val_stone_macro_f1=0.272 | 52s
17:25:57 | INFO |   [finetune] epoch 2/25 | train_loss=1.3932 | val_loss=1.6930 | val_stone_acc=0.561 | val_stone_macro_f1=0.339 | 52s
17:26:49 | INFO |   [finetune] epoch 3/25 | train_loss=1.3998 | val_loss=1.5818 | val_stone_acc=0.545 | val_stone_macro_f1=0.340 | 52s
17:27:41 | INFO |   [finetune] epoch 4/25 | train_loss=1.2649 | val_loss=1.6555 | val_stone_acc=0.530 | val_stone_macro_f1=0.311 | 52s
17:28:33 | INFO |   [finetune] epoch 5/25 | train_loss=1.1889 | val_loss=1.5552 | val_stone_acc=0.561 | val_stone_macro_f1=0.393 | 52s
17:29:25 | INFO |   [finetune] epoch 6/25 | train_loss=1.1945 | val_loss=1.6262 | val_stone_acc=0.561 | val_stone_macro_f1=0.371 | 52s
17:30:17 | INFO |   [finetune] epoch 7/25 | train_loss=1.1623 | val_loss=1.5462 | val_stone_acc=0.591 | val_stone_macro_f1=0.425 | 52s
17:31:09 | INFO |   [finetune] epoch 8/25 | train_loss=1.1907 | val_loss=1.5212 | val_stone_acc=0.545 | val_stone_macro_f1=0.368 | 52s
17:32:01 | INFO |   [finetune] epoch 9/25 | train_loss=1.1167 | val_loss=1.5676 | val_stone_acc=0.606 | val_stone_macro_f1=0.425 | 52s
17:32:53 | INFO |   [finetune] epoch 10/25 | train_loss=1.1169 | val_loss=1.4994 | val_stone_acc=0.545 | val_stone_macro_f1=0.371 | 52s
17:33:45 | INFO |   [finetune] epoch 11/25 | train_loss=1.1117 | val_loss=1.4816 | val_stone_acc=0.561 | val_stone_macro_f1=0.409 | 52s
17:34:37 | INFO |   [finetune] epoch 12/25 | train_loss=1.0698 | val_loss=1.4994 | val_stone_acc=0.530 | val_stone_macro_f1=0.352 | 52s
17:35:29 | INFO |   [finetune] epoch 13/25 | train_loss=0.9930 | val_loss=1.5046 | val_stone_acc=0.545 | val_stone_macro_f1=0.339 | 52s
17:36:21 | INFO |   [finetune] epoch 14/25 | train_loss=1.0277 | val_loss=1.3882 | val_stone_acc=0.545 | val_stone_macro_f1=0.414 | 52s
17:37:14 | INFO |   [finetune] epoch 15/25 | train_loss=1.0015 | val_loss=1.4669 | val_stone_acc=0.561 | val_stone_macro_f1=0.403 | 52s
17:38:06 | INFO |   [finetune] epoch 16/25 | train_loss=0.9871 | val_loss=1.5061 | val_stone_acc=0.591 | val_stone_macro_f1=0.422 | 52s
17:38:58 | INFO |   [finetune] epoch 17/25 | train_loss=0.9513 | val_loss=1.4375 | val_stone_acc=0.652 | val_stone_macro_f1=0.512 | 52s
17:39:50 | INFO |   [finetune] epoch 18/25 | train_loss=0.9684 | val_loss=1.5125 | val_stone_acc=0.652 | val_stone_macro_f1=0.485 | 52s
17:40:42 | INFO |   [finetune] epoch 19/25 | train_loss=0.9298 | val_loss=1.3817 | val_stone_acc=0.606 | val_stone_macro_f1=0.475 | 52s
17:41:34 | INFO |   [finetune] epoch 20/25 | train_loss=0.8876 | val_loss=1.5056 | val_stone_acc=0.606 | val_stone_macro_f1=0.437 | 52s
17:42:26 | INFO |   [finetune] epoch 21/25 | train_loss=0.8497 | val_loss=1.5030 | val_stone_acc=0.636 | val_stone_macro_f1=0.486 | 52s
17:43:18 | INFO |   [finetune] epoch 22/25 | train_loss=0.8593 | val_loss=1.5588 | val_stone_acc=0.621 | val_stone_macro_f1=0.443 | 52s
17:44:10 | INFO |   [finetune] epoch 23/25 | train_loss=0.8328 | val_loss=1.5007 | val_stone_acc=0.621 | val_stone_macro_f1=0.452 | 52s
17:45:02 | INFO |   [finetune] epoch 24/25 | train_loss=0.8291 | val_loss=1.5584 | val_stone_acc=0.621 | val_stone_macro_f1=0.436 | 52s
17:45:54 | INFO |   [finetune] epoch 25/25 | train_loss=0.8023 | val_loss=1.5587 | val_stone_acc=0.606 | val_stone_macro_f1=0.430 | 52s
17:45:54 | INFO | Fold 1 done. best_val_loss=1.3817 | stone_acc=0.606 | stone_macro_f1=0.475
17:45:54 | INFO | === Fold 2 ===
17:45:54 | INFO | Fold 2 — Phase 1: frozen backbone, 5 epochs
17:45:54 | INFO |   Trainable params: 2,565
17:46:46 | INFO |   [frozen] epoch 1/5 | train_loss=1.8625 | val_loss=1.5836 | val_stone_acc=0.242 | val_stone_macro_f1=0.174 | 51s
17:47:37 | INFO |   [frozen] epoch 2/5 | train_loss=1.7104 | val_loss=1.3707 | val_stone_acc=0.439 | val_stone_macro_f1=0.482 | 51s
17:48:27 | INFO |   [frozen] epoch 3/5 | train_loss=1.6887 | val_loss=1.3514 | val_stone_acc=0.379 | val_stone_macro_f1=0.456 | 51s
17:49:18 | INFO |   [frozen] epoch 4/5 | train_loss=1.5375 | val_loss=1.3165 | val_stone_acc=0.561 | val_stone_macro_f1=0.581 | 51s
17:50:08 | INFO |   [frozen] epoch 5/5 | train_loss=1.6040 | val_loss=1.3098 | val_stone_acc=0.515 | val_stone_macro_f1=0.514 | 51s
17:50:09 | INFO | Fold 2 — Phase 2: fine-tune, 25 epochs
17:50:09 | INFO |   Trainable params: 11,179,077
17:50:59 | INFO |   [finetune] epoch 1/25 | train_loss=1.5414 | val_loss=1.3390 | val_stone_acc=0.500 | val_stone_macro_f1=0.355 | 51s
17:51:50 | INFO |   [finetune] epoch 2/25 | train_loss=1.4618 | val_loss=1.2436 | val_stone_acc=0.530 | val_stone_macro_f1=0.431 | 51s
17:52:41 | INFO |   [finetune] epoch 3/25 | train_loss=1.4599 | val_loss=1.2999 | val_stone_acc=0.470 | val_stone_macro_f1=0.290 | 51s
17:53:31 | INFO |   [finetune] epoch 4/25 | train_loss=1.4318 | val_loss=1.2179 | val_stone_acc=0.530 | val_stone_macro_f1=0.405 | 51s
17:54:22 | INFO |   [finetune] epoch 5/25 | train_loss=1.2846 | val_loss=1.2613 | val_stone_acc=0.470 | val_stone_macro_f1=0.290 | 51s
17:55:13 | INFO |   [finetune] epoch 6/25 | train_loss=1.3286 | val_loss=1.1817 | val_stone_acc=0.515 | val_stone_macro_f1=0.415 | 51s
17:56:04 | INFO |   [finetune] epoch 7/25 | train_loss=1.2547 | val_loss=1.1905 | val_stone_acc=0.515 | val_stone_macro_f1=0.351 | 51s
17:56:54 | INFO |   [finetune] epoch 8/25 | train_loss=1.2054 | val_loss=1.1612 | val_stone_acc=0.485 | val_stone_macro_f1=0.323 | 51s
17:57:45 | INFO |   [finetune] epoch 9/25 | train_loss=1.2037 | val_loss=1.1735 | val_stone_acc=0.530 | val_stone_macro_f1=0.404 | 51s
17:58:36 | INFO |   [finetune] epoch 10/25 | train_loss=1.1874 | val_loss=1.1807 | val_stone_acc=0.545 | val_stone_macro_f1=0.390 | 51s
17:59:26 | INFO |   [finetune] epoch 11/25 | train_loss=1.0922 | val_loss=1.2031 | val_stone_acc=0.500 | val_stone_macro_f1=0.312 | 51s
18:00:17 | INFO |   [finetune] epoch 12/25 | train_loss=1.0497 | val_loss=1.1185 | val_stone_acc=0.561 | val_stone_macro_f1=0.412 | 51s
18:01:08 | INFO |   [finetune] epoch 13/25 | train_loss=1.0523 | val_loss=1.2018 | val_stone_acc=0.561 | val_stone_macro_f1=0.419 | 51s
18:01:59 | INFO |   [finetune] epoch 14/25 | train_loss=1.0194 | val_loss=1.1296 | val_stone_acc=0.561 | val_stone_macro_f1=0.491 | 51s
18:02:50 | INFO |   [finetune] epoch 15/25 | train_loss=1.0498 | val_loss=1.1107 | val_stone_acc=0.545 | val_stone_macro_f1=0.411 | 51s
18:03:40 | INFO |   [finetune] epoch 16/25 | train_loss=0.9825 | val_loss=1.1052 | val_stone_acc=0.606 | val_stone_macro_f1=0.467 | 51s
18:04:31 | INFO |   [finetune] epoch 17/25 | train_loss=0.9970 | val_loss=1.1965 | val_stone_acc=0.545 | val_stone_macro_f1=0.396 | 51s
18:05:22 | INFO |   [finetune] epoch 18/25 | train_loss=0.9883 | val_loss=1.1798 | val_stone_acc=0.576 | val_stone_macro_f1=0.430 | 51s
18:06:13 | INFO |   [finetune] epoch 19/25 | train_loss=0.9498 | val_loss=1.1153 | val_stone_acc=0.591 | val_stone_macro_f1=0.421 | 51s
18:07:03 | INFO |   [finetune] epoch 20/25 | train_loss=0.9096 | val_loss=1.0849 | val_stone_acc=0.591 | val_stone_macro_f1=0.421 | 51s
18:07:54 | INFO |   [finetune] epoch 21/25 | train_loss=0.9250 | val_loss=1.1076 | val_stone_acc=0.606 | val_stone_macro_f1=0.463 | 51s
18:08:45 | INFO |   [finetune] epoch 22/25 | train_loss=0.8978 | val_loss=1.0691 | val_stone_acc=0.621 | val_stone_macro_f1=0.476 | 51s
18:09:36 | INFO |   [finetune] epoch 23/25 | train_loss=0.9065 | val_loss=1.1076 | val_stone_acc=0.606 | val_stone_macro_f1=0.470 | 51s
18:10:27 | INFO |   [finetune] epoch 24/25 | train_loss=1.0139 | val_loss=1.1305 | val_stone_acc=0.606 | val_stone_macro_f1=0.468 | 51s
18:11:17 | INFO |   [finetune] epoch 25/25 | train_loss=0.9042 | val_loss=1.1256 | val_stone_acc=0.636 | val_stone_macro_f1=0.476 | 51s
18:11:17 | INFO | Fold 2 done. best_val_loss=1.0691 | stone_acc=0.621 | stone_macro_f1=0.476
18:11:18 | INFO | === Fold 3 ===
18:11:18 | INFO | Fold 3 — Phase 1: frozen backbone, 5 epochs
18:11:18 | INFO |   Trainable params: 2,565
18:12:09 | INFO |   [frozen] epoch 1/5 | train_loss=1.7648 | val_loss=1.6796 | val_stone_acc=0.415 | val_stone_macro_f1=0.161 | 51s
18:13:00 | INFO |   [frozen] epoch 2/5 | train_loss=1.7248 | val_loss=1.7185 | val_stone_acc=0.154 | val_stone_macro_f1=0.136 | 51s
18:13:50 | INFO |   [frozen] epoch 3/5 | train_loss=1.6932 | val_loss=1.5876 | val_stone_acc=0.477 | val_stone_macro_f1=0.264 | 51s
18:14:41 | INFO |   [frozen] epoch 4/5 | train_loss=1.6382 | val_loss=1.6243 | val_stone_acc=0.415 | val_stone_macro_f1=0.229 | 50s
18:15:31 | INFO |   [frozen] epoch 5/5 | train_loss=1.5766 | val_loss=1.5670 | val_stone_acc=0.415 | val_stone_macro_f1=0.221 | 51s
18:15:32 | INFO | Fold 3 — Phase 2: fine-tune, 25 epochs
18:15:32 | INFO |   Trainable params: 11,179,077
18:16:22 | INFO |   [finetune] epoch 1/25 | train_loss=1.4564 | val_loss=1.6225 | val_stone_acc=0.446 | val_stone_macro_f1=0.213 | 51s
18:17:13 | INFO |   [finetune] epoch 2/25 | train_loss=1.3547 | val_loss=1.5207 | val_stone_acc=0.600 | val_stone_macro_f1=0.454 | 51s
18:18:04 | INFO |   [finetune] epoch 3/25 | train_loss=1.3416 | val_loss=1.5513 | val_stone_acc=0.569 | val_stone_macro_f1=0.304 | 51s
18:18:54 | INFO |   [finetune] epoch 4/25 | train_loss=1.2548 | val_loss=1.5253 | val_stone_acc=0.585 | val_stone_macro_f1=0.417 | 50s
18:19:45 | INFO |   [finetune] epoch 5/25 | train_loss=1.2059 | val_loss=1.5424 | val_stone_acc=0.523 | val_stone_macro_f1=0.365 | 51s
18:20:35 | INFO |   [finetune] epoch 6/25 | train_loss=1.1486 | val_loss=1.5429 | val_stone_acc=0.600 | val_stone_macro_f1=0.418 | 50s
18:21:25 | INFO |   [finetune] epoch 7/25 | train_loss=1.1597 | val_loss=1.5563 | val_stone_acc=0.600 | val_stone_macro_f1=0.430 | 50s
18:22:16 | INFO |   [finetune] epoch 8/25 | train_loss=1.1071 | val_loss=1.5921 | val_stone_acc=0.523 | val_stone_macro_f1=0.360 | 50s
18:23:06 | INFO |   [finetune] epoch 9/25 | train_loss=1.1296 | val_loss=1.6640 | val_stone_acc=0.585 | val_stone_macro_f1=0.398 | 50s
18:23:06 | INFO |   Early stopping (7 epochs without improvement)
18:23:06 | INFO | Fold 3 done. best_val_loss=1.5207 | stone_acc=0.600 | stone_macro_f1=0.454
18:23:06 | INFO | === Fold 4 ===
18:23:07 | INFO | Fold 4 — Phase 1: frozen backbone, 5 epochs
18:23:07 | INFO |   Trainable params: 2,565
18:23:59 | INFO |   [frozen] epoch 1/5 | train_loss=1.9162 | val_loss=1.6052 | val_stone_acc=0.477 | val_stone_macro_f1=0.226 | 52s
18:24:50 | INFO |   [frozen] epoch 2/5 | train_loss=1.7376 | val_loss=1.5424 | val_stone_acc=0.538 | val_stone_macro_f1=0.290 | 52s
18:25:42 | INFO |   [frozen] epoch 3/5 | train_loss=1.6150 | val_loss=1.5308 | val_stone_acc=0.477 | val_stone_macro_f1=0.276 | 51s
18:26:33 | INFO |   [frozen] epoch 4/5 | train_loss=1.5738 | val_loss=1.5020 | val_stone_acc=0.431 | val_stone_macro_f1=0.295 | 51s
18:27:24 | INFO |   [frozen] epoch 5/5 | train_loss=1.5181 | val_loss=1.5177 | val_stone_acc=0.538 | val_stone_macro_f1=0.332 | 51s
18:27:24 | INFO | Fold 4 — Phase 2: fine-tune, 25 epochs
18:27:24 | INFO |   Trainable params: 11,179,077
18:28:15 | INFO |   [finetune] epoch 1/25 | train_loss=1.4459 | val_loss=1.5131 | val_stone_acc=0.554 | val_stone_macro_f1=0.253 | 51s
18:29:07 | INFO |   [finetune] epoch 2/25 | train_loss=1.4045 | val_loss=1.4499 | val_stone_acc=0.569 | val_stone_macro_f1=0.452 | 51s
18:29:58 | INFO |   [finetune] epoch 3/25 | train_loss=1.3440 | val_loss=1.5158 | val_stone_acc=0.523 | val_stone_macro_f1=0.330 | 51s
18:30:50 | INFO |   [finetune] epoch 4/25 | train_loss=1.3444 | val_loss=1.4634 | val_stone_acc=0.554 | val_stone_macro_f1=0.363 | 52s
18:31:42 | INFO |   [finetune] epoch 5/25 | train_loss=1.2393 | val_loss=1.4750 | val_stone_acc=0.585 | val_stone_macro_f1=0.344 | 52s
18:32:34 | INFO |   [finetune] epoch 6/25 | train_loss=1.1950 | val_loss=1.4598 | val_stone_acc=0.569 | val_stone_macro_f1=0.392 | 52s
18:33:25 | INFO |   [finetune] epoch 7/25 | train_loss=1.1506 | val_loss=1.4624 | val_stone_acc=0.600 | val_stone_macro_f1=0.372 | 52s
18:34:17 | INFO |   [finetune] epoch 8/25 | train_loss=1.1263 | val_loss=1.4286 | val_stone_acc=0.554 | val_stone_macro_f1=0.336 | 52s
18:35:09 | INFO |   [finetune] epoch 9/25 | train_loss=1.1253 | val_loss=1.4656 | val_stone_acc=0.600 | val_stone_macro_f1=0.372 | 52s
18:36:00 | INFO |   [finetune] epoch 10/25 | train_loss=1.1091 | val_loss=1.4343 | val_stone_acc=0.585 | val_stone_macro_f1=0.385 | 51s
18:36:52 | INFO |   [finetune] epoch 11/25 | train_loss=1.0310 | val_loss=1.4480 | val_stone_acc=0.569 | val_stone_macro_f1=0.376 | 52s
18:37:44 | INFO |   [finetune] epoch 12/25 | train_loss=1.0824 | val_loss=1.4637 | val_stone_acc=0.585 | val_stone_macro_f1=0.385 | 52s
18:38:35 | INFO |   [finetune] epoch 13/25 | train_loss=1.0328 | val_loss=1.4259 | val_stone_acc=0.615 | val_stone_macro_f1=0.417 | 52s
18:39:27 | INFO |   [finetune] epoch 14/25 | train_loss=1.0744 | val_loss=1.3823 | val_stone_acc=0.600 | val_stone_macro_f1=0.414 | 52s
18:40:19 | INFO |   [finetune] epoch 15/25 | train_loss=0.9660 | val_loss=1.3991 | val_stone_acc=0.631 | val_stone_macro_f1=0.450 | 52s
18:41:10 | INFO |   [finetune] epoch 16/25 | train_loss=0.9372 | val_loss=1.4323 | val_stone_acc=0.631 | val_stone_macro_f1=0.449 | 52s
18:42:02 | INFO |   [finetune] epoch 17/25 | train_loss=0.9090 | val_loss=1.3842 | val_stone_acc=0.615 | val_stone_macro_f1=0.415 | 52s
18:42:53 | INFO |   [finetune] epoch 18/25 | train_loss=0.9217 | val_loss=1.4432 | val_stone_acc=0.615 | val_stone_macro_f1=0.422 | 51s
18:43:45 | INFO |   [finetune] epoch 19/25 | train_loss=0.8638 | val_loss=1.4468 | val_stone_acc=0.631 | val_stone_macro_f1=0.449 | 51s
18:44:37 | INFO |   [finetune] epoch 20/25 | train_loss=0.8126 | val_loss=1.3924 | val_stone_acc=0.615 | val_stone_macro_f1=0.439 | 52s
18:45:28 | INFO |   [finetune] epoch 21/25 | train_loss=0.8290 | val_loss=1.4108 | val_stone_acc=0.646 | val_stone_macro_f1=0.467 | 52s
18:45:28 | INFO |   Early stopping (7 epochs without improvement)
18:45:28 | INFO | Fold 4 done. best_val_loss=1.3823 | stone_acc=0.600 | stone_macro_f1=0.414
18:45:29 | INFO | Cross-fold results:
18:45:29 | INFO |   best_stone_accuracy: 0.613 ± 0.016
18:45:29 | INFO |   best_stone_macro_f1: 0.480 ± 0.063
18:45:29 | INFO | === Held-out test set evaluation ===
18:45:46 | INFO |   Fold 0 test: stone_acc=0.549 | stone_macro_f1=0.481
18:46:03 | INFO |   Fold 1 test: stone_acc=0.549 | stone_macro_f1=0.433
18:46:20 | INFO |   Fold 2 test: stone_acc=0.598 | stone_macro_f1=0.478
18:46:37 | INFO |   Fold 3 test: stone_acc=0.463 | stone_macro_f1=0.332
18:46:54 | INFO |   Fold 4 test: stone_acc=0.524 | stone_macro_f1=0.435
18:46:54 | INFO | Test set summary (mean ± std across folds):
18:46:54 | INFO |   stone_accuracy: 0.537 ± 0.049
18:46:54 | INFO |   stone_macro_f1: 0.432 ± 0.060
18:46:59 | INFO | Device: cuda
18:46:59 | INFO | cuDNN benchmark enabled
18:47:01 | INFO | Skipped 21 rows with no composition data
18:47:01 | WARNING | Skipped 2 rows whose image files are missing
18:47:01 | INFO | Built 1240 multiclass samples from 414 stones. Primary component distribution: CaOx=603, CaP=356, UA=117, MAP=36, CYS=116, OTH=12
18:47:01 | INFO | Excluded classes ['OTH'] → 5 classes remaining, 410 stones
18:47:01 | INFO | Classes (5): ['CaOx', 'CaP', 'UA', 'MAP', 'CYS']
18:47:01 | INFO | Test holdout: 82 stones (40 pure / 42 mixed, 246 images). Train+val pool: 328 stones (982 images).
18:47:01 | INFO | --random-labels: stone-level labels have been shuffled (baseline mode)
18:47:01 | INFO |   Fold 0: train=262 stones (129 pure / 133 mixed, 785 images), val=66 stones (32 pure / 34 mixed, 197 images)
18:47:01 | INFO |   Fold 1: train=262 stones (128 pure / 134 mixed, 784 images), val=66 stones (33 pure / 33 mixed, 198 images)
18:47:01 | INFO |   Fold 2: train=262 stones (129 pure / 133 mixed, 785 images), val=66 stones (32 pure / 34 mixed, 197 images)
18:47:01 | INFO |   Fold 3: train=263 stones (129 pure / 134 mixed, 787 images), val=65 stones (32 pure / 33 mixed, 195 images)
18:47:01 | INFO |   Fold 4: train=263 stones (129 pure / 134 mixed, 787 images), val=65 stones (32 pure / 33 mixed, 195 images)
18:47:01 | INFO | === Fold 0 ===
18:47:02 | INFO | Fold 0 — Phase 1: frozen backbone, 5 epochs
18:47:02 | INFO |   Trainable params: 2,565
18:47:53 | INFO |   [frozen] epoch 1/5 | train_loss=1.8674 | val_loss=1.8047 | val_stone_acc=0.212 | val_stone_macro_f1=0.072 | 52s
18:48:44 | INFO |   [frozen] epoch 2/5 | train_loss=1.8146 | val_loss=1.6701 | val_stone_acc=0.288 | val_stone_macro_f1=0.160 | 51s
18:49:35 | INFO |   [frozen] epoch 3/5 | train_loss=1.8153 | val_loss=1.7030 | val_stone_acc=0.076 | val_stone_macro_f1=0.070 | 51s
18:50:26 | INFO |   [frozen] epoch 4/5 | train_loss=1.7851 | val_loss=1.6671 | val_stone_acc=0.303 | val_stone_macro_f1=0.213 | 51s
18:51:17 | INFO |   [frozen] epoch 5/5 | train_loss=1.6896 | val_loss=1.6758 | val_stone_acc=0.091 | val_stone_macro_f1=0.086 | 51s
18:51:17 | INFO | Fold 0 — Phase 2: fine-tune, 25 epochs
18:51:17 | INFO |   Trainable params: 11,179,077
18:52:08 | INFO |   [finetune] epoch 1/25 | train_loss=1.7519 | val_loss=1.6949 | val_stone_acc=0.379 | val_stone_macro_f1=0.145 | 51s
18:52:59 | INFO |   [finetune] epoch 2/25 | train_loss=1.6957 | val_loss=1.7010 | val_stone_acc=0.091 | val_stone_macro_f1=0.069 | 51s
18:53:51 | INFO |   [finetune] epoch 3/25 | train_loss=1.6051 | val_loss=1.7110 | val_stone_acc=0.273 | val_stone_macro_f1=0.207 | 51s
18:54:42 | INFO |   [finetune] epoch 4/25 | train_loss=1.6611 | val_loss=1.6693 | val_stone_acc=0.197 | val_stone_macro_f1=0.149 | 51s
18:55:33 | INFO |   [finetune] epoch 5/25 | train_loss=1.5346 | val_loss=1.6576 | val_stone_acc=0.409 | val_stone_macro_f1=0.223 | 51s
18:56:24 | INFO |   [finetune] epoch 6/25 | train_loss=1.5208 | val_loss=1.6735 | val_stone_acc=0.197 | val_stone_macro_f1=0.171 | 51s
18:57:16 | INFO |   [finetune] epoch 7/25 | train_loss=1.5321 | val_loss=1.6841 | val_stone_acc=0.197 | val_stone_macro_f1=0.183 | 51s
18:58:07 | INFO |   [finetune] epoch 8/25 | train_loss=1.4679 | val_loss=1.6684 | val_stone_acc=0.288 | val_stone_macro_f1=0.184 | 51s
18:58:58 | INFO |   [finetune] epoch 9/25 | train_loss=1.4424 | val_loss=1.7299 | val_stone_acc=0.106 | val_stone_macro_f1=0.121 | 51s
18:59:49 | INFO |   [finetune] epoch 10/25 | train_loss=1.4881 | val_loss=1.7020 | val_stone_acc=0.303 | val_stone_macro_f1=0.198 | 51s
19:00:40 | INFO |   [finetune] epoch 11/25 | train_loss=1.4158 | val_loss=1.6883 | val_stone_acc=0.167 | val_stone_macro_f1=0.170 | 51s
19:01:32 | INFO |   [finetune] epoch 12/25 | train_loss=1.3697 | val_loss=1.6957 | val_stone_acc=0.288 | val_stone_macro_f1=0.212 | 51s
19:01:32 | INFO |   Early stopping (7 epochs without improvement)
19:01:32 | INFO | Fold 0 done. best_val_loss=1.6576 | stone_acc=0.409 | stone_macro_f1=0.223
19:01:32 | INFO | === Fold 1 ===
19:01:32 | INFO | Fold 1 — Phase 1: frozen backbone, 5 epochs
19:01:32 | INFO |   Trainable params: 2,565
19:02:24 | INFO |   [frozen] epoch 1/5 | train_loss=1.7905 | val_loss=1.6576 | val_stone_acc=0.197 | val_stone_macro_f1=0.129 | 52s
19:03:16 | INFO |   [frozen] epoch 2/5 | train_loss=1.7478 | val_loss=1.6328 | val_stone_acc=0.258 | val_stone_macro_f1=0.138 | 52s
19:04:08 | INFO |   [frozen] epoch 3/5 | train_loss=1.6746 | val_loss=1.6504 | val_stone_acc=0.242 | val_stone_macro_f1=0.175 | 52s
19:05:00 | INFO |   [frozen] epoch 4/5 | train_loss=1.7825 | val_loss=1.6462 | val_stone_acc=0.227 | val_stone_macro_f1=0.175 | 52s
19:05:53 | INFO |   [frozen] epoch 5/5 | train_loss=1.6457 | val_loss=1.6579 | val_stone_acc=0.182 | val_stone_macro_f1=0.171 | 53s
19:05:53 | INFO | Fold 1 — Phase 2: fine-tune, 25 epochs
19:05:53 | INFO |   Trainable params: 11,179,077
19:06:46 | INFO |   [finetune] epoch 1/25 | train_loss=1.7013 | val_loss=1.5798 | val_stone_acc=0.318 | val_stone_macro_f1=0.257 | 53s
19:07:38 | INFO |   [finetune] epoch 2/25 | train_loss=1.6091 | val_loss=1.6032 | val_stone_acc=0.227 | val_stone_macro_f1=0.174 | 53s
19:08:31 | INFO |   [finetune] epoch 3/25 | train_loss=1.5972 | val_loss=1.5972 | val_stone_acc=0.212 | val_stone_macro_f1=0.168 | 53s
19:09:23 | INFO |   [finetune] epoch 4/25 | train_loss=1.5429 | val_loss=1.6609 | val_stone_acc=0.212 | val_stone_macro_f1=0.160 | 53s
19:10:16 | INFO |   [finetune] epoch 5/25 | train_loss=1.5114 | val_loss=1.7010 | val_stone_acc=0.197 | val_stone_macro_f1=0.115 | 52s
19:11:08 | INFO |   [finetune] epoch 6/25 | train_loss=1.5729 | val_loss=1.6923 | val_stone_acc=0.121 | val_stone_macro_f1=0.114 | 52s
19:12:01 | INFO |   [finetune] epoch 7/25 | train_loss=1.5372 | val_loss=1.6213 | val_stone_acc=0.258 | val_stone_macro_f1=0.200 | 53s
19:12:54 | INFO |   [finetune] epoch 8/25 | train_loss=1.4921 | val_loss=1.6077 | val_stone_acc=0.182 | val_stone_macro_f1=0.152 | 53s
19:12:54 | INFO |   Early stopping (7 epochs without improvement)
19:12:54 | INFO | Fold 1 done. best_val_loss=1.5798 | stone_acc=0.318 | stone_macro_f1=0.257
19:12:54 | INFO | === Fold 2 ===
19:12:54 | INFO | Fold 2 — Phase 1: frozen backbone, 5 epochs
19:12:54 | INFO |   Trainable params: 2,565
19:13:45 | INFO |   [frozen] epoch 1/5 | train_loss=1.8956 | val_loss=1.5977 | val_stone_acc=0.076 | val_stone_macro_f1=0.046 | 51s
19:14:36 | INFO |   [frozen] epoch 2/5 | train_loss=1.7561 | val_loss=1.6734 | val_stone_acc=0.333 | val_stone_macro_f1=0.210 | 51s
19:15:28 | INFO |   [frozen] epoch 3/5 | train_loss=1.6952 | val_loss=1.7042 | val_stone_acc=0.212 | val_stone_macro_f1=0.167 | 51s
19:16:19 | INFO |   [frozen] epoch 4/5 | train_loss=1.7739 | val_loss=1.6853 | val_stone_acc=0.273 | val_stone_macro_f1=0.204 | 51s
19:17:10 | INFO |   [frozen] epoch 5/5 | train_loss=1.6809 | val_loss=1.6966 | val_stone_acc=0.303 | val_stone_macro_f1=0.241 | 51s
19:17:10 | INFO | Fold 2 — Phase 2: fine-tune, 25 epochs
19:17:10 | INFO |   Trainable params: 11,179,077
19:18:02 | INFO |   [finetune] epoch 1/25 | train_loss=1.7001 | val_loss=1.6984 | val_stone_acc=0.197 | val_stone_macro_f1=0.196 | 52s
19:18:53 | INFO |   [finetune] epoch 2/25 | train_loss=1.6130 | val_loss=1.8650 | val_stone_acc=0.333 | val_stone_macro_f1=0.240 | 51s
19:19:45 | INFO |   [finetune] epoch 3/25 | train_loss=1.6120 | val_loss=1.7862 | val_stone_acc=0.182 | val_stone_macro_f1=0.178 | 51s
19:20:36 | INFO |   [finetune] epoch 4/25 | train_loss=1.5824 | val_loss=1.8154 | val_stone_acc=0.242 | val_stone_macro_f1=0.240 | 52s
19:21:27 | INFO |   [finetune] epoch 5/25 | train_loss=1.4764 | val_loss=1.8946 | val_stone_acc=0.242 | val_stone_macro_f1=0.225 | 51s
19:22:18 | INFO |   [finetune] epoch 6/25 | train_loss=1.4830 | val_loss=1.9120 | val_stone_acc=0.242 | val_stone_macro_f1=0.226 | 51s
19:23:09 | INFO |   [finetune] epoch 7/25 | train_loss=1.4651 | val_loss=1.9039 | val_stone_acc=0.258 | val_stone_macro_f1=0.242 | 51s
19:24:00 | INFO |   [finetune] epoch 8/25 | train_loss=1.4412 | val_loss=2.0167 | val_stone_acc=0.258 | val_stone_macro_f1=0.240 | 51s
19:24:00 | INFO |   Early stopping (7 epochs without improvement)
19:24:00 | INFO | Fold 2 done. best_val_loss=1.6984 | stone_acc=0.197 | stone_macro_f1=0.196
19:24:00 | INFO | === Fold 3 ===
19:24:00 | INFO | Fold 3 — Phase 1: frozen backbone, 5 epochs
19:24:00 | INFO |   Trainable params: 2,565
19:24:52 | INFO |   [frozen] epoch 1/5 | train_loss=1.7633 | val_loss=1.5863 | val_stone_acc=0.308 | val_stone_macro_f1=0.163 | 52s
19:25:44 | INFO |   [frozen] epoch 2/5 | train_loss=1.7279 | val_loss=1.6652 | val_stone_acc=0.200 | val_stone_macro_f1=0.156 | 52s
19:26:35 | INFO |   [frozen] epoch 3/5 | train_loss=1.7203 | val_loss=1.7180 | val_stone_acc=0.185 | val_stone_macro_f1=0.121 | 51s
19:27:26 | INFO |   [frozen] epoch 4/5 | train_loss=1.6962 | val_loss=1.7466 | val_stone_acc=0.154 | val_stone_macro_f1=0.112 | 52s
19:28:18 | INFO |   [frozen] epoch 5/5 | train_loss=1.6630 | val_loss=1.7418 | val_stone_acc=0.200 | val_stone_macro_f1=0.133 | 51s
19:28:18 | INFO | Fold 3 — Phase 2: fine-tune, 25 epochs
19:28:18 | INFO |   Trainable params: 11,179,077
19:29:09 | INFO |   [finetune] epoch 1/25 | train_loss=1.6396 | val_loss=1.7843 | val_stone_acc=0.231 | val_stone_macro_f1=0.143 | 52s
19:30:01 | INFO |   [finetune] epoch 2/25 | train_loss=1.5767 | val_loss=1.8239 | val_stone_acc=0.154 | val_stone_macro_f1=0.094 | 51s
19:30:52 | INFO |   [finetune] epoch 3/25 | train_loss=1.6341 | val_loss=1.8372 | val_stone_acc=0.169 | val_stone_macro_f1=0.103 | 51s
19:31:43 | INFO |   [finetune] epoch 4/25 | train_loss=1.4923 | val_loss=1.7870 | val_stone_acc=0.231 | val_stone_macro_f1=0.123 | 51s
19:32:35 | INFO |   [finetune] epoch 5/25 | train_loss=1.5138 | val_loss=1.8060 | val_stone_acc=0.385 | val_stone_macro_f1=0.145 | 51s
19:33:26 | INFO |   [finetune] epoch 6/25 | train_loss=1.4668 | val_loss=1.8565 | val_stone_acc=0.108 | val_stone_macro_f1=0.080 | 52s
19:34:18 | INFO |   [finetune] epoch 7/25 | train_loss=1.4344 | val_loss=1.8508 | val_stone_acc=0.323 | val_stone_macro_f1=0.145 | 52s
19:35:09 | INFO |   [finetune] epoch 8/25 | train_loss=1.3983 | val_loss=1.9050 | val_stone_acc=0.154 | val_stone_macro_f1=0.104 | 51s
19:35:09 | INFO |   Early stopping (7 epochs without improvement)
19:35:09 | INFO | Fold 3 done. best_val_loss=1.7843 | stone_acc=0.231 | stone_macro_f1=0.143
19:35:09 | INFO | === Fold 4 ===
19:35:09 | INFO | Fold 4 — Phase 1: frozen backbone, 5 epochs
19:35:09 | INFO |   Trainable params: 2,565
19:36:01 | INFO |   [frozen] epoch 1/5 | train_loss=1.8123 | val_loss=1.6624 | val_stone_acc=0.062 | val_stone_macro_f1=0.046 | 52s
19:36:52 | INFO |   [frozen] epoch 2/5 | train_loss=1.7874 | val_loss=1.6540 | val_stone_acc=0.308 | val_stone_macro_f1=0.115 | 51s
19:37:43 | INFO |   [frozen] epoch 3/5 | train_loss=1.7715 | val_loss=1.5678 | val_stone_acc=0.277 | val_stone_macro_f1=0.199 | 51s
19:38:34 | INFO |   [frozen] epoch 4/5 | train_loss=1.7186 | val_loss=1.5658 | val_stone_acc=0.323 | val_stone_macro_f1=0.232 | 51s
19:39:24 | INFO |   [frozen] epoch 5/5 | train_loss=1.6327 | val_loss=1.5562 | val_stone_acc=0.292 | val_stone_macro_f1=0.232 | 51s
19:39:24 | INFO | Fold 4 — Phase 2: fine-tune, 25 epochs
19:39:24 | INFO |   Trainable params: 11,179,077
19:40:15 | INFO |   [finetune] epoch 1/25 | train_loss=1.6708 | val_loss=1.5910 | val_stone_acc=0.277 | val_stone_macro_f1=0.182 | 51s
19:41:06 | INFO |   [finetune] epoch 2/25 | train_loss=1.7393 | val_loss=1.6485 | val_stone_acc=0.185 | val_stone_macro_f1=0.127 | 51s
19:41:57 | INFO |   [finetune] epoch 3/25 | train_loss=1.6708 | val_loss=1.5985 | val_stone_acc=0.262 | val_stone_macro_f1=0.162 | 51s
19:42:48 | INFO |   [finetune] epoch 4/25 | train_loss=1.6113 | val_loss=1.5976 | val_stone_acc=0.277 | val_stone_macro_f1=0.212 | 51s
19:43:39 | INFO |   [finetune] epoch 5/25 | train_loss=1.5552 | val_loss=1.5874 | val_stone_acc=0.338 | val_stone_macro_f1=0.208 | 51s
19:44:30 | INFO |   [finetune] epoch 6/25 | train_loss=1.5729 | val_loss=1.6122 | val_stone_acc=0.185 | val_stone_macro_f1=0.146 | 51s
19:45:22 | INFO |   [finetune] epoch 7/25 | train_loss=1.5342 | val_loss=1.5872 | val_stone_acc=0.415 | val_stone_macro_f1=0.214 | 51s
19:46:13 | INFO |   [finetune] epoch 8/25 | train_loss=1.5430 | val_loss=1.6276 | val_stone_acc=0.169 | val_stone_macro_f1=0.165 | 51s
19:47:04 | INFO |   [finetune] epoch 9/25 | train_loss=1.4588 | val_loss=1.6532 | val_stone_acc=0.277 | val_stone_macro_f1=0.176 | 51s
19:47:55 | INFO |   [finetune] epoch 10/25 | train_loss=1.4362 | val_loss=1.6256 | val_stone_acc=0.246 | val_stone_macro_f1=0.158 | 51s
19:48:47 | INFO |   [finetune] epoch 11/25 | train_loss=1.4986 | val_loss=1.6565 | val_stone_acc=0.292 | val_stone_macro_f1=0.222 | 51s
19:49:38 | INFO |   [finetune] epoch 12/25 | train_loss=1.4044 | val_loss=1.6002 | val_stone_acc=0.215 | val_stone_macro_f1=0.160 | 51s
19:50:29 | INFO |   [finetune] epoch 13/25 | train_loss=1.4052 | val_loss=1.5998 | val_stone_acc=0.231 | val_stone_macro_f1=0.197 | 51s
19:51:20 | INFO |   [finetune] epoch 14/25 | train_loss=1.3796 | val_loss=1.6167 | val_stone_acc=0.308 | val_stone_macro_f1=0.239 | 51s
19:51:20 | INFO |   Early stopping (7 epochs without improvement)
19:51:20 | INFO | Fold 4 done. best_val_loss=1.5872 | stone_acc=0.415 | stone_macro_f1=0.214
19:51:20 | INFO | Cross-fold results:
19:51:20 | INFO |   best_stone_accuracy: 0.314 ± 0.100
19:51:20 | INFO |   best_stone_macro_f1: 0.207 ± 0.042
19:51:20 | INFO | === Held-out test set evaluation ===
19:51:38 | INFO |   Fold 0 test: stone_acc=0.244 | stone_macro_f1=0.154
19:51:55 | INFO |   Fold 1 test: stone_acc=0.256 | stone_macro_f1=0.198
19:52:12 | INFO |   Fold 2 test: stone_acc=0.146 | stone_macro_f1=0.111
19:52:30 | INFO |   Fold 3 test: stone_acc=0.293 | stone_macro_f1=0.206
19:52:47 | INFO |   Fold 4 test: stone_acc=0.305 | stone_macro_f1=0.172
19:52:47 | INFO | Test set summary (mean ± std across folds):
19:52:47 | INFO |   stone_accuracy: 0.249 ± 0.063
19:52:47 | INFO |   stone_macro_f1: 0.168 ± 0.038
