15:46:26 | INFO | Device: cuda
15:46:26 | INFO | cuDNN benchmark enabled
15:46:28 | WARNING | Skipped 6 rows whose image files are missing
15:46:28 | INFO | Built 993 multiclass samples from 333 stones. Primary component distribution: CaOx=443, CaP=301, UA=97, MAP=36, CYS=104, OTH=12
15:46:28 | INFO | Excluded classes ['OTH'] → 5 classes remaining, 329 stones
15:46:28 | INFO | Classes (5): ['CaOx', 'CaP', 'UA', 'MAP', 'CYS']
15:46:28 | INFO | Test holdout: 66 stones (30 pure / 36 mixed, 198 images). Train+val pool: 263 stones (783 images).
15:46:29 | INFO |   Fold 0: train=210 stones (95 pure / 115 mixed, 625 images), val=53 stones (23 pure / 30 mixed, 158 images)
15:46:29 | INFO |   Fold 1: train=210 stones (94 pure / 116 mixed, 627 images), val=53 stones (24 pure / 29 mixed, 156 images)
15:46:29 | INFO |   Fold 2: train=210 stones (94 pure / 116 mixed, 625 images), val=53 stones (24 pure / 29 mixed, 158 images)
15:46:29 | INFO |   Fold 3: train=211 stones (94 pure / 117 mixed, 628 images), val=52 stones (24 pure / 28 mixed, 155 images)
15:46:29 | INFO |   Fold 4: train=211 stones (95 pure / 116 mixed, 627 images), val=52 stones (23 pure / 29 mixed, 156 images)
15:46:29 | INFO | === Fold 0 ===
15:46:29 | INFO | Fold 0 — Phase 1: frozen backbone, 5 epochs
15:46:29 | INFO |   Trainable params: 2,565
15:47:20 | INFO |   [frozen] epoch 1/5 | train_loss=1.8494 | val_loss=1.6687 | val_stone_acc=0.340 | val_stone_macro_f1=0.117 | 51s
15:48:11 | INFO |   [frozen] epoch 2/5 | train_loss=1.7527 | val_loss=1.5522 | val_stone_acc=0.321 | val_stone_macro_f1=0.257 | 51s
15:49:02 | INFO |   [frozen] epoch 3/5 | train_loss=1.5596 | val_loss=1.5227 | val_stone_acc=0.358 | val_stone_macro_f1=0.242 | 50s
15:49:52 | INFO |   [frozen] epoch 4/5 | train_loss=1.5677 | val_loss=1.5251 | val_stone_acc=0.491 | val_stone_macro_f1=0.261 | 51s
15:50:43 | INFO |   [frozen] epoch 5/5 | train_loss=1.5872 | val_loss=1.5207 | val_stone_acc=0.302 | val_stone_macro_f1=0.214 | 51s
15:50:43 | INFO | Fold 0 — Phase 2: fine-tune, 20 epochs
15:50:43 | INFO |   Trainable params: 11,179,077
15:51:34 | INFO |   [finetune] epoch 1/20 | train_loss=1.5192 | val_loss=1.4796 | val_stone_acc=0.472 | val_stone_macro_f1=0.340 | 51s
15:52:25 | INFO |   [finetune] epoch 2/20 | train_loss=1.5469 | val_loss=1.4391 | val_stone_acc=0.453 | val_stone_macro_f1=0.353 | 51s
15:53:15 | INFO |   [finetune] epoch 3/20 | train_loss=1.4012 | val_loss=1.4006 | val_stone_acc=0.472 | val_stone_macro_f1=0.327 | 51s
15:54:06 | INFO |   [finetune] epoch 4/20 | train_loss=1.3304 | val_loss=1.3839 | val_stone_acc=0.491 | val_stone_macro_f1=0.393 | 51s
15:54:57 | INFO |   [finetune] epoch 5/20 | train_loss=1.2383 | val_loss=1.4607 | val_stone_acc=0.509 | val_stone_macro_f1=0.302 | 51s
15:55:48 | INFO |   [finetune] epoch 6/20 | train_loss=1.2613 | val_loss=1.4292 | val_stone_acc=0.509 | val_stone_macro_f1=0.390 | 51s
15:56:39 | INFO |   [finetune] epoch 7/20 | train_loss=1.2018 | val_loss=1.3781 | val_stone_acc=0.623 | val_stone_macro_f1=0.518 | 51s
15:57:30 | INFO |   [finetune] epoch 8/20 | train_loss=1.1968 | val_loss=1.3752 | val_stone_acc=0.491 | val_stone_macro_f1=0.355 | 51s
15:58:21 | INFO |   [finetune] epoch 9/20 | train_loss=1.1600 | val_loss=1.3517 | val_stone_acc=0.547 | val_stone_macro_f1=0.428 | 50s
15:59:11 | INFO |   [finetune] epoch 10/20 | train_loss=1.1072 | val_loss=1.3229 | val_stone_acc=0.547 | val_stone_macro_f1=0.431 | 50s
16:00:01 | INFO |   [finetune] epoch 11/20 | train_loss=1.1009 | val_loss=1.3264 | val_stone_acc=0.585 | val_stone_macro_f1=0.458 | 50s
16:00:51 | INFO |   [finetune] epoch 12/20 | train_loss=1.0853 | val_loss=1.3070 | val_stone_acc=0.566 | val_stone_macro_f1=0.439 | 50s
16:01:42 | INFO |   [finetune] epoch 13/20 | train_loss=1.0480 | val_loss=1.3153 | val_stone_acc=0.566 | val_stone_macro_f1=0.449 | 51s
16:02:32 | INFO |   [finetune] epoch 14/20 | train_loss=1.0390 | val_loss=1.3056 | val_stone_acc=0.566 | val_stone_macro_f1=0.439 | 50s
16:03:23 | INFO |   [finetune] epoch 15/20 | train_loss=1.0958 | val_loss=1.3606 | val_stone_acc=0.528 | val_stone_macro_f1=0.384 | 51s
16:04:14 | INFO |   [finetune] epoch 16/20 | train_loss=0.9720 | val_loss=1.2805 | val_stone_acc=0.528 | val_stone_macro_f1=0.419 | 51s
16:05:05 | INFO |   [finetune] epoch 17/20 | train_loss=0.9362 | val_loss=1.2423 | val_stone_acc=0.642 | val_stone_macro_f1=0.557 | 51s
16:05:56 | INFO |   [finetune] epoch 18/20 | train_loss=0.9155 | val_loss=1.2763 | val_stone_acc=0.604 | val_stone_macro_f1=0.512 | 51s
16:06:47 | INFO |   [finetune] epoch 19/20 | train_loss=0.9480 | val_loss=1.2117 | val_stone_acc=0.623 | val_stone_macro_f1=0.534 | 51s
16:07:38 | INFO |   [finetune] epoch 20/20 | train_loss=0.9119 | val_loss=1.2650 | val_stone_acc=0.642 | val_stone_macro_f1=0.540 | 51s
16:07:38 | INFO | Fold 0 done. best_val_loss=1.2117 | stone_acc=0.623 | stone_macro_f1=0.534
16:07:38 | INFO | === Fold 1 ===
16:07:38 | INFO | Fold 1 — Phase 1: frozen backbone, 5 epochs
16:07:38 | INFO |   Trainable params: 2,565
16:08:29 | INFO |   [frozen] epoch 1/5 | train_loss=1.8056 | val_loss=1.5864 | val_stone_acc=0.208 | val_stone_macro_f1=0.150 | 51s
16:09:20 | INFO |   [frozen] epoch 2/5 | train_loss=1.7430 | val_loss=1.5789 | val_stone_acc=0.302 | val_stone_macro_f1=0.199 | 50s
16:10:09 | INFO |   [frozen] epoch 3/5 | train_loss=1.6739 | val_loss=1.5376 | val_stone_acc=0.453 | val_stone_macro_f1=0.230 | 50s
16:10:59 | INFO |   [frozen] epoch 4/5 | train_loss=1.5978 | val_loss=1.5222 | val_stone_acc=0.415 | val_stone_macro_f1=0.326 | 50s
16:11:49 | INFO |   [frozen] epoch 5/5 | train_loss=1.5529 | val_loss=1.5090 | val_stone_acc=0.528 | val_stone_macro_f1=0.391 | 50s
16:11:49 | INFO | Fold 1 — Phase 2: fine-tune, 20 epochs
16:11:49 | INFO |   Trainable params: 11,179,077
16:12:41 | INFO |   [finetune] epoch 1/20 | train_loss=1.4941 | val_loss=1.5127 | val_stone_acc=0.377 | val_stone_macro_f1=0.269 | 51s
16:13:32 | INFO |   [finetune] epoch 2/20 | train_loss=1.4595 | val_loss=1.4486 | val_stone_acc=0.585 | val_stone_macro_f1=0.424 | 51s
16:14:22 | INFO |   [finetune] epoch 3/20 | train_loss=1.3795 | val_loss=1.3970 | val_stone_acc=0.491 | val_stone_macro_f1=0.424 | 50s
16:15:12 | INFO |   [finetune] epoch 4/20 | train_loss=1.3144 | val_loss=1.3912 | val_stone_acc=0.547 | val_stone_macro_f1=0.460 | 50s
16:16:03 | INFO |   [finetune] epoch 5/20 | train_loss=1.2452 | val_loss=1.3702 | val_stone_acc=0.585 | val_stone_macro_f1=0.478 | 50s
16:16:54 | INFO |   [finetune] epoch 6/20 | train_loss=1.2383 | val_loss=1.3951 | val_stone_acc=0.547 | val_stone_macro_f1=0.436 | 51s
16:17:44 | INFO |   [finetune] epoch 7/20 | train_loss=1.1444 | val_loss=1.3909 | val_stone_acc=0.566 | val_stone_macro_f1=0.453 | 51s
16:18:35 | INFO |   [finetune] epoch 8/20 | train_loss=1.1369 | val_loss=1.3744 | val_stone_acc=0.566 | val_stone_macro_f1=0.451 | 51s
16:19:25 | INFO |   [finetune] epoch 9/20 | train_loss=1.1156 | val_loss=1.3559 | val_stone_acc=0.566 | val_stone_macro_f1=0.455 | 50s
16:20:16 | INFO |   [finetune] epoch 10/20 | train_loss=1.0893 | val_loss=1.3494 | val_stone_acc=0.566 | val_stone_macro_f1=0.471 | 50s
16:21:07 | INFO |   [finetune] epoch 11/20 | train_loss=1.0537 | val_loss=1.3794 | val_stone_acc=0.623 | val_stone_macro_f1=0.485 | 51s
16:21:57 | INFO |   [finetune] epoch 12/20 | train_loss=1.0724 | val_loss=1.3308 | val_stone_acc=0.623 | val_stone_macro_f1=0.487 | 50s
16:22:47 | INFO |   [finetune] epoch 13/20 | train_loss=1.0060 | val_loss=1.3130 | val_stone_acc=0.585 | val_stone_macro_f1=0.474 | 50s
16:23:38 | INFO |   [finetune] epoch 14/20 | train_loss=1.0840 | val_loss=1.3419 | val_stone_acc=0.604 | val_stone_macro_f1=0.466 | 50s
16:24:28 | INFO |   [finetune] epoch 15/20 | train_loss=0.9492 | val_loss=1.2525 | val_stone_acc=0.604 | val_stone_macro_f1=0.482 | 50s
16:25:18 | INFO |   [finetune] epoch 16/20 | train_loss=0.9864 | val_loss=1.2561 | val_stone_acc=0.547 | val_stone_macro_f1=0.439 | 50s
16:26:08 | INFO |   [finetune] epoch 17/20 | train_loss=0.9495 | val_loss=1.2611 | val_stone_acc=0.604 | val_stone_macro_f1=0.476 | 51s
16:26:59 | INFO |   [finetune] epoch 18/20 | train_loss=0.9081 | val_loss=1.2109 | val_stone_acc=0.528 | val_stone_macro_f1=0.425 | 50s
16:27:49 | INFO |   [finetune] epoch 19/20 | train_loss=0.9143 | val_loss=1.3228 | val_stone_acc=0.585 | val_stone_macro_f1=0.449 | 50s
16:28:39 | INFO |   [finetune] epoch 20/20 | train_loss=0.9367 | val_loss=1.2533 | val_stone_acc=0.585 | val_stone_macro_f1=0.470 | 50s
16:28:39 | INFO | Fold 1 done. best_val_loss=1.2109 | stone_acc=0.528 | stone_macro_f1=0.425
16:28:39 | INFO | === Fold 2 ===
16:28:40 | INFO | Fold 2 — Phase 1: frozen backbone, 5 epochs
16:28:40 | INFO |   Trainable params: 2,565
16:29:30 | INFO |   [frozen] epoch 1/5 | train_loss=1.7776 | val_loss=1.5448 | val_stone_acc=0.132 | val_stone_macro_f1=0.095 | 51s
16:30:21 | INFO |   [frozen] epoch 2/5 | train_loss=1.6269 | val_loss=1.5577 | val_stone_acc=0.434 | val_stone_macro_f1=0.238 | 51s
16:31:12 | INFO |   [frozen] epoch 3/5 | train_loss=1.6069 | val_loss=1.5197 | val_stone_acc=0.377 | val_stone_macro_f1=0.271 | 50s
16:32:01 | INFO |   [frozen] epoch 4/5 | train_loss=1.6259 | val_loss=1.5021 | val_stone_acc=0.491 | val_stone_macro_f1=0.326 | 50s
16:32:52 | INFO |   [frozen] epoch 5/5 | train_loss=1.5242 | val_loss=1.5548 | val_stone_acc=0.472 | val_stone_macro_f1=0.333 | 51s
16:32:52 | INFO | Fold 2 — Phase 2: fine-tune, 20 epochs
16:32:52 | INFO |   Trainable params: 11,179,077
16:33:42 | INFO |   [finetune] epoch 1/20 | train_loss=1.5880 | val_loss=1.4728 | val_stone_acc=0.585 | val_stone_macro_f1=0.454 | 50s
16:34:33 | INFO |   [finetune] epoch 2/20 | train_loss=1.4994 | val_loss=1.4563 | val_stone_acc=0.472 | val_stone_macro_f1=0.399 | 51s
16:35:23 | INFO |   [finetune] epoch 3/20 | train_loss=1.4273 | val_loss=1.4607 | val_stone_acc=0.528 | val_stone_macro_f1=0.364 | 49s
16:36:12 | INFO |   [finetune] epoch 4/20 | train_loss=1.3237 | val_loss=1.4157 | val_stone_acc=0.491 | val_stone_macro_f1=0.407 | 49s
16:37:02 | INFO |   [finetune] epoch 5/20 | train_loss=1.2686 | val_loss=1.4068 | val_stone_acc=0.509 | val_stone_macro_f1=0.457 | 50s
16:37:53 | INFO |   [finetune] epoch 6/20 | train_loss=1.2206 | val_loss=1.4293 | val_stone_acc=0.509 | val_stone_macro_f1=0.474 | 51s
16:38:44 | INFO |   [finetune] epoch 7/20 | train_loss=1.1980 | val_loss=1.3846 | val_stone_acc=0.509 | val_stone_macro_f1=0.452 | 51s
16:39:34 | INFO |   [finetune] epoch 8/20 | train_loss=1.1332 | val_loss=1.4705 | val_stone_acc=0.528 | val_stone_macro_f1=0.483 | 51s
16:40:25 | INFO |   [finetune] epoch 9/20 | train_loss=1.0856 | val_loss=1.4717 | val_stone_acc=0.509 | val_stone_macro_f1=0.463 | 51s
16:41:16 | INFO |   [finetune] epoch 10/20 | train_loss=1.0743 | val_loss=1.4492 | val_stone_acc=0.566 | val_stone_macro_f1=0.518 | 51s
16:42:07 | INFO |   [finetune] epoch 11/20 | train_loss=1.0277 | val_loss=1.4649 | val_stone_acc=0.566 | val_stone_macro_f1=0.520 | 51s
16:42:58 | INFO |   [finetune] epoch 12/20 | train_loss=1.0497 | val_loss=1.4109 | val_stone_acc=0.547 | val_stone_macro_f1=0.504 | 51s
16:42:58 | INFO |   Early stopping (5 epochs without improvement)
16:42:58 | INFO | Fold 2 done. best_val_loss=1.3846 | stone_acc=0.509 | stone_macro_f1=0.452
16:42:58 | INFO | === Fold 3 ===
16:42:58 | INFO | Fold 3 — Phase 1: frozen backbone, 5 epochs
16:42:58 | INFO |   Trainable params: 2,565
16:43:49 | INFO |   [frozen] epoch 1/5 | train_loss=1.7599 | val_loss=1.5673 | val_stone_acc=0.231 | val_stone_macro_f1=0.230 | 51s
16:44:40 | INFO |   [frozen] epoch 2/5 | train_loss=1.7335 | val_loss=1.5681 | val_stone_acc=0.115 | val_stone_macro_f1=0.133 | 51s
16:45:31 | INFO |   [frozen] epoch 3/5 | train_loss=1.6499 | val_loss=1.5187 | val_stone_acc=0.346 | val_stone_macro_f1=0.281 | 51s
16:46:23 | INFO |   [frozen] epoch 4/5 | train_loss=1.5817 | val_loss=1.5315 | val_stone_acc=0.404 | val_stone_macro_f1=0.286 | 51s
16:47:14 | INFO |   [frozen] epoch 5/5 | train_loss=1.5211 | val_loss=1.5170 | val_stone_acc=0.288 | val_stone_macro_f1=0.219 | 51s
16:47:14 | INFO | Fold 3 — Phase 2: fine-tune, 20 epochs
16:47:14 | INFO |   Trainable params: 11,179,077
16:48:05 | INFO |   [finetune] epoch 1/20 | train_loss=1.5394 | val_loss=1.5145 | val_stone_acc=0.385 | val_stone_macro_f1=0.277 | 51s
16:48:57 | INFO |   [finetune] epoch 2/20 | train_loss=1.4140 | val_loss=1.4965 | val_stone_acc=0.327 | val_stone_macro_f1=0.293 | 52s
16:49:47 | INFO |   [finetune] epoch 3/20 | train_loss=1.3078 | val_loss=1.5006 | val_stone_acc=0.346 | val_stone_macro_f1=0.258 | 51s
16:50:38 | INFO |   [finetune] epoch 4/20 | train_loss=1.3029 | val_loss=1.4669 | val_stone_acc=0.423 | val_stone_macro_f1=0.306 | 50s
16:51:29 | INFO |   [finetune] epoch 5/20 | train_loss=1.2380 | val_loss=1.5076 | val_stone_acc=0.404 | val_stone_macro_f1=0.318 | 51s
16:52:20 | INFO |   [finetune] epoch 6/20 | train_loss=1.2183 | val_loss=1.5014 | val_stone_acc=0.442 | val_stone_macro_f1=0.293 | 52s
16:53:12 | INFO |   [finetune] epoch 7/20 | train_loss=1.1966 | val_loss=1.4765 | val_stone_acc=0.442 | val_stone_macro_f1=0.363 | 51s
16:54:03 | INFO |   [finetune] epoch 8/20 | train_loss=1.1640 | val_loss=1.4905 | val_stone_acc=0.481 | val_stone_macro_f1=0.338 | 51s
16:54:54 | INFO |   [finetune] epoch 9/20 | train_loss=1.1616 | val_loss=1.4811 | val_stone_acc=0.462 | val_stone_macro_f1=0.326 | 51s
16:54:54 | INFO |   Early stopping (5 epochs without improvement)
16:54:54 | INFO | Fold 3 done. best_val_loss=1.4669 | stone_acc=0.423 | stone_macro_f1=0.306
16:54:54 | INFO | === Fold 4 ===
16:54:55 | INFO | Fold 4 — Phase 1: frozen backbone, 5 epochs
16:54:55 | INFO |   Trainable params: 2,565
16:55:46 | INFO |   [frozen] epoch 1/5 | train_loss=1.7940 | val_loss=1.6267 | val_stone_acc=0.135 | val_stone_macro_f1=0.114 | 51s
16:56:36 | INFO |   [frozen] epoch 2/5 | train_loss=1.6946 | val_loss=1.6198 | val_stone_acc=0.462 | val_stone_macro_f1=0.296 | 50s
16:57:26 | INFO |   [frozen] epoch 3/5 | train_loss=1.6475 | val_loss=1.5996 | val_stone_acc=0.288 | val_stone_macro_f1=0.219 | 50s
16:58:17 | INFO |   [frozen] epoch 4/5 | train_loss=1.6524 | val_loss=1.5535 | val_stone_acc=0.442 | val_stone_macro_f1=0.327 | 50s
16:59:07 | INFO |   [frozen] epoch 5/5 | train_loss=1.5072 | val_loss=1.5293 | val_stone_acc=0.385 | val_stone_macro_f1=0.302 | 50s
16:59:07 | INFO | Fold 4 — Phase 2: fine-tune, 20 epochs
16:59:07 | INFO |   Trainable params: 11,179,077
16:59:58 | INFO |   [finetune] epoch 1/20 | train_loss=1.5912 | val_loss=1.5243 | val_stone_acc=0.269 | val_stone_macro_f1=0.213 | 51s
17:00:48 | INFO |   [finetune] epoch 2/20 | train_loss=1.4403 | val_loss=1.4579 | val_stone_acc=0.577 | val_stone_macro_f1=0.464 | 50s
17:01:39 | INFO |   [finetune] epoch 3/20 | train_loss=1.3499 | val_loss=1.4437 | val_stone_acc=0.538 | val_stone_macro_f1=0.423 | 50s
17:02:29 | INFO |   [finetune] epoch 4/20 | train_loss=1.4080 | val_loss=1.4316 | val_stone_acc=0.519 | val_stone_macro_f1=0.403 | 50s
17:03:19 | INFO |   [finetune] epoch 5/20 | train_loss=1.2968 | val_loss=1.4326 | val_stone_acc=0.596 | val_stone_macro_f1=0.463 | 50s
17:04:10 | INFO |   [finetune] epoch 6/20 | train_loss=1.2253 | val_loss=1.4515 | val_stone_acc=0.558 | val_stone_macro_f1=0.432 | 51s
17:05:00 | INFO |   [finetune] epoch 7/20 | train_loss=1.2479 | val_loss=1.3875 | val_stone_acc=0.558 | val_stone_macro_f1=0.446 | 50s
17:05:50 | INFO |   [finetune] epoch 8/20 | train_loss=1.1558 | val_loss=1.4270 | val_stone_acc=0.596 | val_stone_macro_f1=0.442 | 50s
17:06:41 | INFO |   [finetune] epoch 9/20 | train_loss=1.1491 | val_loss=1.4256 | val_stone_acc=0.558 | val_stone_macro_f1=0.446 | 50s
17:07:31 | INFO |   [finetune] epoch 10/20 | train_loss=1.1659 | val_loss=1.4167 | val_stone_acc=0.519 | val_stone_macro_f1=0.397 | 50s
17:08:22 | INFO |   [finetune] epoch 11/20 | train_loss=1.1361 | val_loss=1.4085 | val_stone_acc=0.577 | val_stone_macro_f1=0.448 | 51s
17:09:12 | INFO |   [finetune] epoch 12/20 | train_loss=1.1424 | val_loss=1.4600 | val_stone_acc=0.500 | val_stone_macro_f1=0.399 | 50s
17:09:12 | INFO |   Early stopping (5 epochs without improvement)
17:09:12 | INFO | Fold 4 done. best_val_loss=1.3875 | stone_acc=0.558 | stone_macro_f1=0.446
17:09:12 | INFO | Cross-fold results:
17:09:12 | INFO |   best_stone_accuracy: 0.528 ± 0.073
17:09:12 | INFO |   best_stone_macro_f1: 0.433 ± 0.082
17:09:12 | INFO | === Held-out test set evaluation ===
17:09:30 | INFO |   Fold 0 test: stone_acc=0.530 | stone_macro_f1=0.462
17:09:47 | INFO |   Fold 1 test: stone_acc=0.500 | stone_macro_f1=0.422
17:10:04 | INFO |   Fold 2 test: stone_acc=0.515 | stone_macro_f1=0.462
17:10:21 | INFO |   Fold 3 test: stone_acc=0.515 | stone_macro_f1=0.443
17:10:39 | INFO |   Fold 4 test: stone_acc=0.500 | stone_macro_f1=0.468
17:10:39 | INFO | Test set summary (mean ± std across folds):
17:10:39 | INFO |   stone_accuracy: 0.512 ± 0.013
17:10:39 | INFO |   stone_macro_f1: 0.451 ± 0.019
17:10:45 | INFO | Device: cuda
17:10:45 | INFO | cuDNN benchmark enabled
17:10:47 | WARNING | Skipped 6 rows whose image files are missing
17:10:47 | INFO | Built 993 multiclass samples from 333 stones. Primary component distribution: CaOx=443, CaP=301, UA=97, MAP=36, CYS=104, OTH=12
17:10:47 | INFO | Excluded classes ['OTH'] → 5 classes remaining, 329 stones
17:10:47 | INFO | Classes (5): ['CaOx', 'CaP', 'UA', 'MAP', 'CYS']
17:10:47 | INFO | Test holdout: 66 stones (30 pure / 36 mixed, 198 images). Train+val pool: 263 stones (783 images).
17:10:47 | INFO | --random-labels: stone-level labels have been shuffled (baseline mode)
17:10:47 | INFO |   Fold 0: train=210 stones (95 pure / 115 mixed, 625 images), val=53 stones (23 pure / 30 mixed, 158 images)
17:10:48 | INFO |   Fold 1: train=210 stones (94 pure / 116 mixed, 627 images), val=53 stones (24 pure / 29 mixed, 156 images)
17:10:48 | INFO |   Fold 2: train=210 stones (94 pure / 116 mixed, 625 images), val=53 stones (24 pure / 29 mixed, 158 images)
17:10:48 | INFO |   Fold 3: train=211 stones (94 pure / 117 mixed, 628 images), val=52 stones (24 pure / 28 mixed, 155 images)
17:10:48 | INFO |   Fold 4: train=211 stones (95 pure / 116 mixed, 627 images), val=52 stones (23 pure / 29 mixed, 156 images)
17:10:48 | INFO | === Fold 0 ===
17:10:48 | INFO | Fold 0 — Phase 1: frozen backbone, 5 epochs
17:10:48 | INFO |   Trainable params: 2,565
17:11:39 | INFO |   [frozen] epoch 1/5 | train_loss=1.8506 | val_loss=1.6722 | val_stone_acc=0.377 | val_stone_macro_f1=0.128 | 51s
17:12:30 | INFO |   [frozen] epoch 2/5 | train_loss=1.7819 | val_loss=1.6893 | val_stone_acc=0.321 | val_stone_macro_f1=0.106 | 51s
17:13:21 | INFO |   [frozen] epoch 3/5 | train_loss=1.7992 | val_loss=1.6099 | val_stone_acc=0.094 | val_stone_macro_f1=0.060 | 51s
17:14:11 | INFO |   [frozen] epoch 4/5 | train_loss=1.7743 | val_loss=1.7112 | val_stone_acc=0.170 | val_stone_macro_f1=0.173 | 50s
17:15:01 | INFO |   [frozen] epoch 5/5 | train_loss=1.7852 | val_loss=1.7099 | val_stone_acc=0.170 | val_stone_macro_f1=0.080 | 50s
17:15:01 | INFO | Fold 0 — Phase 2: fine-tune, 20 epochs
17:15:01 | INFO |   Trainable params: 11,179,077
17:15:52 | INFO |   [finetune] epoch 1/20 | train_loss=1.6853 | val_loss=1.6675 | val_stone_acc=0.113 | val_stone_macro_f1=0.120 | 50s
17:16:43 | INFO |   [finetune] epoch 2/20 | train_loss=1.6257 | val_loss=1.8127 | val_stone_acc=0.321 | val_stone_macro_f1=0.223 | 51s
17:17:33 | INFO |   [finetune] epoch 3/20 | train_loss=1.5777 | val_loss=1.7062 | val_stone_acc=0.170 | val_stone_macro_f1=0.155 | 50s
17:18:23 | INFO |   [finetune] epoch 4/20 | train_loss=1.5920 | val_loss=1.7911 | val_stone_acc=0.208 | val_stone_macro_f1=0.181 | 50s
17:19:14 | INFO |   [finetune] epoch 5/20 | train_loss=1.5994 | val_loss=1.8965 | val_stone_acc=0.302 | val_stone_macro_f1=0.203 | 50s
17:20:04 | INFO |   [finetune] epoch 6/20 | train_loss=1.5230 | val_loss=1.9629 | val_stone_acc=0.170 | val_stone_macro_f1=0.122 | 50s
17:20:04 | INFO |   Early stopping (5 epochs without improvement)
17:20:04 | INFO | Fold 0 done. best_val_loss=1.6675 | stone_acc=0.113 | stone_macro_f1=0.120
17:20:04 | INFO | === Fold 1 ===
17:20:05 | INFO | Fold 1 — Phase 1: frozen backbone, 5 epochs
17:20:05 | INFO |   Trainable params: 2,565
17:20:56 | INFO |   [frozen] epoch 1/5 | train_loss=1.8788 | val_loss=1.6362 | val_stone_acc=0.113 | val_stone_macro_f1=0.107 | 51s
17:21:47 | INFO |   [frozen] epoch 2/5 | train_loss=1.7880 | val_loss=1.5053 | val_stone_acc=0.358 | val_stone_macro_f1=0.235 | 51s
17:22:37 | INFO |   [frozen] epoch 3/5 | train_loss=1.7684 | val_loss=1.5698 | val_stone_acc=0.245 | val_stone_macro_f1=0.193 | 50s
17:23:27 | INFO |   [frozen] epoch 4/5 | train_loss=1.7233 | val_loss=1.5888 | val_stone_acc=0.208 | val_stone_macro_f1=0.188 | 50s
17:24:18 | INFO |   [frozen] epoch 5/5 | train_loss=1.6576 | val_loss=1.5640 | val_stone_acc=0.245 | val_stone_macro_f1=0.190 | 50s
17:24:18 | INFO | Fold 1 — Phase 2: fine-tune, 20 epochs
17:24:18 | INFO |   Trainable params: 11,179,077
17:25:08 | INFO |   [finetune] epoch 1/20 | train_loss=1.6785 | val_loss=1.5197 | val_stone_acc=0.170 | val_stone_macro_f1=0.110 | 51s
17:25:58 | INFO |   [finetune] epoch 2/20 | train_loss=1.6152 | val_loss=1.5689 | val_stone_acc=0.358 | val_stone_macro_f1=0.205 | 50s
17:26:48 | INFO |   [finetune] epoch 3/20 | train_loss=1.6242 | val_loss=1.5855 | val_stone_acc=0.245 | val_stone_macro_f1=0.176 | 50s
17:27:38 | INFO |   [finetune] epoch 4/20 | train_loss=1.5554 | val_loss=1.5225 | val_stone_acc=0.245 | val_stone_macro_f1=0.180 | 50s
17:28:28 | INFO |   [finetune] epoch 5/20 | train_loss=1.5789 | val_loss=1.6007 | val_stone_acc=0.396 | val_stone_macro_f1=0.249 | 50s
17:29:18 | INFO |   [finetune] epoch 6/20 | train_loss=1.5464 | val_loss=1.5577 | val_stone_acc=0.189 | val_stone_macro_f1=0.128 | 50s
17:29:18 | INFO |   Early stopping (5 epochs without improvement)
17:29:18 | INFO | Fold 1 done. best_val_loss=1.5197 | stone_acc=0.170 | stone_macro_f1=0.110
17:29:18 | INFO | === Fold 2 ===
17:29:19 | INFO | Fold 2 — Phase 1: frozen backbone, 5 epochs
17:29:19 | INFO |   Trainable params: 2,565
17:30:10 | INFO |   [frozen] epoch 1/5 | train_loss=1.8642 | val_loss=1.6611 | val_stone_acc=0.094 | val_stone_macro_f1=0.035 | 51s
17:31:01 | INFO |   [frozen] epoch 2/5 | train_loss=1.7851 | val_loss=1.6626 | val_stone_acc=0.151 | val_stone_macro_f1=0.106 | 51s
17:31:51 | INFO |   [frozen] epoch 3/5 | train_loss=1.7482 | val_loss=1.6622 | val_stone_acc=0.151 | val_stone_macro_f1=0.132 | 51s
17:32:42 | INFO |   [frozen] epoch 4/5 | train_loss=1.6844 | val_loss=1.6901 | val_stone_acc=0.094 | val_stone_macro_f1=0.092 | 51s
17:33:33 | INFO |   [frozen] epoch 5/5 | train_loss=1.7324 | val_loss=1.6724 | val_stone_acc=0.302 | val_stone_macro_f1=0.182 | 51s
17:33:33 | INFO | Fold 2 — Phase 2: fine-tune, 20 epochs
17:33:33 | INFO |   Trainable params: 11,179,077
17:34:24 | INFO |   [finetune] epoch 1/20 | train_loss=1.7314 | val_loss=1.7374 | val_stone_acc=0.075 | val_stone_macro_f1=0.070 | 51s
17:35:15 | INFO |   [finetune] epoch 2/20 | train_loss=1.6244 | val_loss=1.7392 | val_stone_acc=0.170 | val_stone_macro_f1=0.111 | 51s
17:36:06 | INFO |   [finetune] epoch 3/20 | train_loss=1.5968 | val_loss=1.7526 | val_stone_acc=0.264 | val_stone_macro_f1=0.176 | 51s
17:36:57 | INFO |   [finetune] epoch 4/20 | train_loss=1.5511 | val_loss=1.7561 | val_stone_acc=0.358 | val_stone_macro_f1=0.251 | 51s
17:37:48 | INFO |   [finetune] epoch 5/20 | train_loss=1.5368 | val_loss=1.7424 | val_stone_acc=0.283 | val_stone_macro_f1=0.207 | 51s
17:38:40 | INFO |   [finetune] epoch 6/20 | train_loss=1.4931 | val_loss=1.7719 | val_stone_acc=0.283 | val_stone_macro_f1=0.190 | 51s
17:38:40 | INFO |   Early stopping (5 epochs without improvement)
17:38:40 | INFO | Fold 2 done. best_val_loss=1.7374 | stone_acc=0.075 | stone_macro_f1=0.070
17:38:40 | INFO | === Fold 3 ===
17:38:40 | INFO | Fold 3 — Phase 1: frozen backbone, 5 epochs
17:38:40 | INFO |   Trainable params: 2,565
17:39:31 | INFO |   [frozen] epoch 1/5 | train_loss=1.8878 | val_loss=1.6126 | val_stone_acc=0.135 | val_stone_macro_f1=0.135 | 51s
17:40:21 | INFO |   [frozen] epoch 2/5 | train_loss=1.7101 | val_loss=1.7001 | val_stone_acc=0.154 | val_stone_macro_f1=0.084 | 50s
17:41:12 | INFO |   [frozen] epoch 3/5 | train_loss=1.7142 | val_loss=1.8185 | val_stone_acc=0.135 | val_stone_macro_f1=0.092 | 50s
17:42:03 | INFO |   [frozen] epoch 4/5 | train_loss=1.6435 | val_loss=1.7220 | val_stone_acc=0.115 | val_stone_macro_f1=0.084 | 51s
17:42:53 | INFO |   [frozen] epoch 5/5 | train_loss=1.7519 | val_loss=1.7266 | val_stone_acc=0.173 | val_stone_macro_f1=0.110 | 50s
17:42:53 | INFO | Fold 3 — Phase 2: fine-tune, 20 epochs
17:42:53 | INFO |   Trainable params: 11,179,077
17:43:43 | INFO |   [finetune] epoch 1/20 | train_loss=1.6508 | val_loss=1.7397 | val_stone_acc=0.154 | val_stone_macro_f1=0.107 | 50s
17:44:33 | INFO |   [finetune] epoch 2/20 | train_loss=1.6467 | val_loss=1.7774 | val_stone_acc=0.192 | val_stone_macro_f1=0.123 | 50s
17:45:24 | INFO |   [finetune] epoch 3/20 | train_loss=1.5783 | val_loss=1.7451 | val_stone_acc=0.231 | val_stone_macro_f1=0.180 | 51s
17:46:14 | INFO |   [finetune] epoch 4/20 | train_loss=1.5595 | val_loss=1.7440 | val_stone_acc=0.135 | val_stone_macro_f1=0.117 | 50s
17:47:04 | INFO |   [finetune] epoch 5/20 | train_loss=1.5077 | val_loss=1.7880 | val_stone_acc=0.212 | val_stone_macro_f1=0.170 | 50s
17:47:54 | INFO |   [finetune] epoch 6/20 | train_loss=1.5963 | val_loss=1.7974 | val_stone_acc=0.212 | val_stone_macro_f1=0.181 | 50s
17:47:54 | INFO |   Early stopping (5 epochs without improvement)
17:47:54 | INFO | Fold 3 done. best_val_loss=1.7397 | stone_acc=0.154 | stone_macro_f1=0.107
17:47:54 | INFO | === Fold 4 ===
17:47:54 | INFO | Fold 4 — Phase 1: frozen backbone, 5 epochs
17:47:54 | INFO |   Trainable params: 2,565
17:48:45 | INFO |   [frozen] epoch 1/5 | train_loss=1.8002 | val_loss=1.6028 | val_stone_acc=0.500 | val_stone_macro_f1=0.192 | 51s
17:49:34 | INFO |   [frozen] epoch 2/5 | train_loss=1.7194 | val_loss=1.6772 | val_stone_acc=0.308 | val_stone_macro_f1=0.164 | 50s
17:50:24 | INFO |   [frozen] epoch 3/5 | train_loss=1.6984 | val_loss=1.6546 | val_stone_acc=0.308 | val_stone_macro_f1=0.186 | 49s
17:51:13 | INFO |   [frozen] epoch 4/5 | train_loss=1.6708 | val_loss=1.6469 | val_stone_acc=0.288 | val_stone_macro_f1=0.200 | 49s
17:52:02 | INFO |   [frozen] epoch 5/5 | train_loss=1.6639 | val_loss=1.6276 | val_stone_acc=0.308 | val_stone_macro_f1=0.175 | 49s
17:52:02 | INFO | Fold 4 — Phase 2: fine-tune, 20 epochs
17:52:02 | INFO |   Trainable params: 11,179,077
17:52:51 | INFO |   [finetune] epoch 1/20 | train_loss=1.6647 | val_loss=1.7000 | val_stone_acc=0.135 | val_stone_macro_f1=0.133 | 49s
17:53:40 | INFO |   [finetune] epoch 2/20 | train_loss=1.6255 | val_loss=1.6359 | val_stone_acc=0.308 | val_stone_macro_f1=0.188 | 49s
17:54:29 | INFO |   [finetune] epoch 3/20 | train_loss=1.6339 | val_loss=1.7009 | val_stone_acc=0.173 | val_stone_macro_f1=0.179 | 49s
17:55:18 | INFO |   [finetune] epoch 4/20 | train_loss=1.5281 | val_loss=1.6591 | val_stone_acc=0.288 | val_stone_macro_f1=0.184 | 49s
17:56:07 | INFO |   [finetune] epoch 5/20 | train_loss=1.5368 | val_loss=1.6851 | val_stone_acc=0.288 | val_stone_macro_f1=0.183 | 49s
17:56:56 | INFO |   [finetune] epoch 6/20 | train_loss=1.4654 | val_loss=1.7328 | val_stone_acc=0.173 | val_stone_macro_f1=0.160 | 49s
17:57:46 | INFO |   [finetune] epoch 7/20 | train_loss=1.5011 | val_loss=1.6820 | val_stone_acc=0.327 | val_stone_macro_f1=0.191 | 50s
17:57:46 | INFO |   Early stopping (5 epochs without improvement)
17:57:46 | INFO | Fold 4 done. best_val_loss=1.6359 | stone_acc=0.308 | stone_macro_f1=0.188
17:57:47 | INFO | Cross-fold results:
17:57:47 | INFO |   best_stone_accuracy: 0.164 ± 0.088
17:57:47 | INFO |   best_stone_macro_f1: 0.119 ± 0.043
17:57:47 | INFO | === Held-out test set evaluation ===
17:58:04 | INFO |   Fold 0 test: stone_acc=0.152 | stone_macro_f1=0.159
17:58:21 | INFO |   Fold 1 test: stone_acc=0.121 | stone_macro_f1=0.109
17:58:39 | INFO |   Fold 2 test: stone_acc=0.106 | stone_macro_f1=0.100
17:58:56 | INFO |   Fold 3 test: stone_acc=0.227 | stone_macro_f1=0.132
17:59:13 | INFO |   Fold 4 test: stone_acc=0.303 | stone_macro_f1=0.234
17:59:13 | INFO | Test set summary (mean ± std across folds):
17:59:13 | INFO |   stone_accuracy: 0.182 ± 0.082
17:59:13 | INFO |   stone_macro_f1: 0.147 ± 0.054
