21:37:12 | INFO | Device: cuda
21:37:12 | INFO | cuDNN benchmark enabled
21:37:14 | INFO | Skipped 21 rows with no composition data
21:37:14 | WARNING | Skipped 2 rows whose image files are missing
21:37:14 | INFO | Built 1240 multiclass samples from 414 stones. Primary component distribution: CaOx=603, CaP=356, UA=117, MAP=36, CYS=116, OTH=12
21:37:14 | INFO | Excluded classes ['OTH'] → 5 classes remaining, 410 stones
21:37:14 | INFO | Classes (5): ['CaOx', 'CaP', 'UA', 'MAP', 'CYS']
21:37:14 | INFO | Test holdout: 82 stones (40 pure / 42 mixed, 246 images). Train+val pool: 328 stones (982 images).
21:37:14 | INFO |   Fold 0: train=262 stones (129 pure / 133 mixed, 785 images), val=66 stones (32 pure / 34 mixed, 197 images)
21:37:14 | INFO |   Fold 1: train=262 stones (128 pure / 134 mixed, 784 images), val=66 stones (33 pure / 33 mixed, 198 images)
21:37:15 | INFO |   Fold 2: train=262 stones (129 pure / 133 mixed, 785 images), val=66 stones (32 pure / 34 mixed, 197 images)
21:37:15 | INFO |   Fold 3: train=263 stones (129 pure / 134 mixed, 787 images), val=65 stones (32 pure / 33 mixed, 195 images)
21:37:15 | INFO |   Fold 4: train=263 stones (129 pure / 134 mixed, 787 images), val=65 stones (32 pure / 33 mixed, 195 images)
21:37:15 | INFO | === Fold 0 ===
21:37:15 | INFO | Fold 0 — Phase 1: frozen backbone, 5 epochs
21:37:15 | INFO |   Trainable params: 2,565
21:38:06 | INFO |   [frozen] epoch 1/5 | train_loss=1.8423 | val_loss=1.6664 | val_stone_acc=0.197 | val_stone_macro_f1=0.071 | 51s
21:38:56 | INFO |   [frozen] epoch 2/5 | train_loss=1.7769 | val_loss=1.5153 | val_stone_acc=0.485 | val_stone_macro_f1=0.238 | 50s
21:39:46 | INFO |   [frozen] epoch 3/5 | train_loss=1.6597 | val_loss=1.4646 | val_stone_acc=0.273 | val_stone_macro_f1=0.198 | 50s
21:40:37 | INFO |   [frozen] epoch 4/5 | train_loss=1.5666 | val_loss=1.4121 | val_stone_acc=0.515 | val_stone_macro_f1=0.412 | 50s
21:41:27 | INFO |   [frozen] epoch 5/5 | train_loss=1.5786 | val_loss=1.3835 | val_stone_acc=0.394 | val_stone_macro_f1=0.268 | 50s
21:41:27 | INFO | Fold 0 — Phase 2: fine-tune, 25 epochs
21:41:27 | INFO |   Trainable params: 11,179,077
21:42:17 | INFO |   [finetune] epoch 1/25 | train_loss=1.5851 | val_loss=1.3389 | val_stone_acc=0.500 | val_stone_macro_f1=0.283 | 50s
21:43:08 | INFO |   [finetune] epoch 2/25 | train_loss=1.4928 | val_loss=1.2731 | val_stone_acc=0.545 | val_stone_macro_f1=0.320 | 50s
21:43:58 | INFO |   [finetune] epoch 3/25 | train_loss=1.3764 | val_loss=1.2237 | val_stone_acc=0.485 | val_stone_macro_f1=0.373 | 50s
21:44:48 | INFO |   [finetune] epoch 4/25 | train_loss=1.3284 | val_loss=1.2255 | val_stone_acc=0.561 | val_stone_macro_f1=0.463 | 50s
21:45:39 | INFO |   [finetune] epoch 5/25 | train_loss=1.3010 | val_loss=1.1999 | val_stone_acc=0.500 | val_stone_macro_f1=0.355 | 50s
21:46:29 | INFO |   [finetune] epoch 6/25 | train_loss=1.3272 | val_loss=1.1463 | val_stone_acc=0.636 | val_stone_macro_f1=0.561 | 50s
21:47:19 | INFO |   [finetune] epoch 7/25 | train_loss=1.2563 | val_loss=1.1418 | val_stone_acc=0.576 | val_stone_macro_f1=0.502 | 50s
21:48:10 | INFO |   [finetune] epoch 8/25 | train_loss=1.2202 | val_loss=1.1346 | val_stone_acc=0.576 | val_stone_macro_f1=0.520 | 51s
21:49:00 | INFO |   [finetune] epoch 9/25 | train_loss=1.1401 | val_loss=1.1430 | val_stone_acc=0.530 | val_stone_macro_f1=0.462 | 50s
21:49:51 | INFO |   [finetune] epoch 10/25 | train_loss=1.1999 | val_loss=1.1312 | val_stone_acc=0.591 | val_stone_macro_f1=0.525 | 50s
21:50:41 | INFO |   [finetune] epoch 11/25 | train_loss=1.1589 | val_loss=1.1096 | val_stone_acc=0.591 | val_stone_macro_f1=0.519 | 50s
21:51:32 | INFO |   [finetune] epoch 12/25 | train_loss=1.1637 | val_loss=1.0802 | val_stone_acc=0.591 | val_stone_macro_f1=0.497 | 51s
21:52:23 | INFO |   [finetune] epoch 13/25 | train_loss=1.0729 | val_loss=1.0982 | val_stone_acc=0.606 | val_stone_macro_f1=0.563 | 51s
21:53:14 | INFO |   [finetune] epoch 14/25 | train_loss=1.0422 | val_loss=1.0749 | val_stone_acc=0.591 | val_stone_macro_f1=0.509 | 51s
21:54:04 | INFO |   [finetune] epoch 15/25 | train_loss=1.1222 | val_loss=1.0412 | val_stone_acc=0.591 | val_stone_macro_f1=0.516 | 51s
21:54:55 | INFO |   [finetune] epoch 16/25 | train_loss=1.0072 | val_loss=1.0582 | val_stone_acc=0.621 | val_stone_macro_f1=0.579 | 51s
21:55:46 | INFO |   [finetune] epoch 17/25 | train_loss=1.0245 | val_loss=1.0896 | val_stone_acc=0.621 | val_stone_macro_f1=0.567 | 51s
21:56:37 | INFO |   [finetune] epoch 18/25 | train_loss=0.9728 | val_loss=1.0639 | val_stone_acc=0.606 | val_stone_macro_f1=0.520 | 51s
21:57:27 | INFO |   [finetune] epoch 19/25 | train_loss=0.9602 | val_loss=1.0346 | val_stone_acc=0.636 | val_stone_macro_f1=0.583 | 50s
21:58:17 | INFO |   [finetune] epoch 20/25 | train_loss=0.9503 | val_loss=1.0852 | val_stone_acc=0.636 | val_stone_macro_f1=0.604 | 50s
21:59:08 | INFO |   [finetune] epoch 21/25 | train_loss=0.9165 | val_loss=1.0298 | val_stone_acc=0.636 | val_stone_macro_f1=0.583 | 50s
21:59:58 | INFO |   [finetune] epoch 22/25 | train_loss=0.8657 | val_loss=1.0561 | val_stone_acc=0.636 | val_stone_macro_f1=0.545 | 51s
22:00:49 | INFO |   [finetune] epoch 23/25 | train_loss=0.8848 | val_loss=1.0417 | val_stone_acc=0.621 | val_stone_macro_f1=0.554 | 50s
22:01:39 | INFO |   [finetune] epoch 24/25 | train_loss=0.9097 | val_loss=1.0789 | val_stone_acc=0.636 | val_stone_macro_f1=0.558 | 50s
22:02:30 | INFO |   [finetune] epoch 25/25 | train_loss=0.8963 | val_loss=1.0833 | val_stone_acc=0.636 | val_stone_macro_f1=0.564 | 50s
22:02:30 | INFO | Fold 0 done. best_val_loss=1.0298 | stone_acc=0.636 | stone_macro_f1=0.583
22:02:30 | INFO | === Fold 1 ===
22:02:30 | INFO | Fold 1 — Phase 1: frozen backbone, 5 epochs
22:02:30 | INFO |   Trainable params: 2,565
22:03:21 | INFO |   [frozen] epoch 1/5 | train_loss=1.8753 | val_loss=1.6836 | val_stone_acc=0.485 | val_stone_macro_f1=0.192 | 51s
22:04:11 | INFO |   [frozen] epoch 2/5 | train_loss=1.7245 | val_loss=1.6539 | val_stone_acc=0.576 | val_stone_macro_f1=0.273 | 50s
22:05:01 | INFO |   [frozen] epoch 3/5 | train_loss=1.6553 | val_loss=1.6139 | val_stone_acc=0.485 | val_stone_macro_f1=0.273 | 50s
22:05:51 | INFO |   [frozen] epoch 4/5 | train_loss=1.5604 | val_loss=1.6444 | val_stone_acc=0.500 | val_stone_macro_f1=0.253 | 50s
22:06:41 | INFO |   [frozen] epoch 5/5 | train_loss=1.4862 | val_loss=1.6439 | val_stone_acc=0.545 | val_stone_macro_f1=0.289 | 50s
22:06:41 | INFO | Fold 1 — Phase 2: fine-tune, 25 epochs
22:06:41 | INFO |   Trainable params: 11,179,077
22:07:32 | INFO |   [finetune] epoch 1/25 | train_loss=1.4809 | val_loss=1.6267 | val_stone_acc=0.485 | val_stone_macro_f1=0.268 | 50s
22:08:22 | INFO |   [finetune] epoch 2/25 | train_loss=1.3934 | val_loss=1.6944 | val_stone_acc=0.561 | val_stone_macro_f1=0.339 | 50s
22:09:13 | INFO |   [finetune] epoch 3/25 | train_loss=1.3999 | val_loss=1.5816 | val_stone_acc=0.545 | val_stone_macro_f1=0.340 | 50s
22:10:03 | INFO |   [finetune] epoch 4/25 | train_loss=1.2647 | val_loss=1.6554 | val_stone_acc=0.530 | val_stone_macro_f1=0.311 | 50s
22:10:53 | INFO |   [finetune] epoch 5/25 | train_loss=1.1894 | val_loss=1.5545 | val_stone_acc=0.545 | val_stone_macro_f1=0.389 | 50s
22:11:44 | INFO |   [finetune] epoch 6/25 | train_loss=1.1943 | val_loss=1.6291 | val_stone_acc=0.561 | val_stone_macro_f1=0.371 | 50s
22:12:34 | INFO |   [finetune] epoch 7/25 | train_loss=1.1632 | val_loss=1.5500 | val_stone_acc=0.591 | val_stone_macro_f1=0.425 | 50s
22:13:25 | INFO |   [finetune] epoch 8/25 | train_loss=1.1906 | val_loss=1.5198 | val_stone_acc=0.545 | val_stone_macro_f1=0.368 | 50s
22:14:15 | INFO |   [finetune] epoch 9/25 | train_loss=1.1163 | val_loss=1.5661 | val_stone_acc=0.606 | val_stone_macro_f1=0.425 | 51s
22:15:06 | INFO |   [finetune] epoch 10/25 | train_loss=1.1165 | val_loss=1.4947 | val_stone_acc=0.545 | val_stone_macro_f1=0.371 | 50s
22:15:56 | INFO |   [finetune] epoch 11/25 | train_loss=1.1093 | val_loss=1.4752 | val_stone_acc=0.545 | val_stone_macro_f1=0.399 | 50s
22:16:47 | INFO |   [finetune] epoch 12/25 | train_loss=1.0710 | val_loss=1.4929 | val_stone_acc=0.530 | val_stone_macro_f1=0.363 | 50s
22:17:37 | INFO |   [finetune] epoch 13/25 | train_loss=0.9931 | val_loss=1.4981 | val_stone_acc=0.561 | val_stone_macro_f1=0.347 | 50s
22:18:28 | INFO |   [finetune] epoch 14/25 | train_loss=1.0276 | val_loss=1.3874 | val_stone_acc=0.530 | val_stone_macro_f1=0.400 | 51s
22:19:18 | INFO |   [finetune] epoch 15/25 | train_loss=0.9999 | val_loss=1.4673 | val_stone_acc=0.561 | val_stone_macro_f1=0.408 | 50s
22:20:09 | INFO |   [finetune] epoch 16/25 | train_loss=0.9844 | val_loss=1.5028 | val_stone_acc=0.591 | val_stone_macro_f1=0.431 | 51s
22:20:59 | INFO |   [finetune] epoch 17/25 | train_loss=0.9520 | val_loss=1.4329 | val_stone_acc=0.621 | val_stone_macro_f1=0.470 | 51s
22:21:50 | INFO |   [finetune] epoch 18/25 | train_loss=0.9671 | val_loss=1.5031 | val_stone_acc=0.636 | val_stone_macro_f1=0.455 | 51s
22:22:41 | INFO |   [finetune] epoch 19/25 | train_loss=0.9327 | val_loss=1.3731 | val_stone_acc=0.591 | val_stone_macro_f1=0.464 | 51s
22:23:32 | INFO |   [finetune] epoch 20/25 | train_loss=0.8896 | val_loss=1.4938 | val_stone_acc=0.591 | val_stone_macro_f1=0.425 | 51s
22:24:23 | INFO |   [finetune] epoch 21/25 | train_loss=0.8478 | val_loss=1.5024 | val_stone_acc=0.636 | val_stone_macro_f1=0.486 | 51s
22:25:13 | INFO |   [finetune] epoch 22/25 | train_loss=0.8594 | val_loss=1.5589 | val_stone_acc=0.621 | val_stone_macro_f1=0.443 | 51s
22:26:04 | INFO |   [finetune] epoch 23/25 | train_loss=0.8308 | val_loss=1.4996 | val_stone_acc=0.621 | val_stone_macro_f1=0.452 | 51s
22:26:55 | INFO |   [finetune] epoch 24/25 | train_loss=0.8296 | val_loss=1.5569 | val_stone_acc=0.606 | val_stone_macro_f1=0.429 | 51s
22:27:46 | INFO |   [finetune] epoch 25/25 | train_loss=0.8016 | val_loss=1.5600 | val_stone_acc=0.591 | val_stone_macro_f1=0.418 | 51s
22:27:46 | INFO | Fold 1 done. best_val_loss=1.3731 | stone_acc=0.591 | stone_macro_f1=0.464
22:27:46 | INFO | === Fold 2 ===
22:27:46 | INFO | Fold 2 — Phase 1: frozen backbone, 5 epochs
22:27:46 | INFO |   Trainable params: 2,565
22:28:37 | INFO |   [frozen] epoch 1/5 | train_loss=1.8625 | val_loss=1.5836 | val_stone_acc=0.242 | val_stone_macro_f1=0.174 | 50s
22:29:26 | INFO |   [frozen] epoch 2/5 | train_loss=1.7104 | val_loss=1.3707 | val_stone_acc=0.439 | val_stone_macro_f1=0.482 | 50s
22:30:16 | INFO |   [frozen] epoch 3/5 | train_loss=1.6887 | val_loss=1.3514 | val_stone_acc=0.379 | val_stone_macro_f1=0.456 | 50s
22:31:06 | INFO |   [frozen] epoch 4/5 | train_loss=1.5375 | val_loss=1.3165 | val_stone_acc=0.561 | val_stone_macro_f1=0.581 | 50s
22:31:56 | INFO |   [frozen] epoch 5/5 | train_loss=1.6040 | val_loss=1.3098 | val_stone_acc=0.515 | val_stone_macro_f1=0.514 | 50s
22:31:56 | INFO | Fold 2 — Phase 2: fine-tune, 25 epochs
22:31:56 | INFO |   Trainable params: 11,179,077
22:32:47 | INFO |   [finetune] epoch 1/25 | train_loss=1.5414 | val_loss=1.3379 | val_stone_acc=0.500 | val_stone_macro_f1=0.355 | 50s
22:33:37 | INFO |   [finetune] epoch 2/25 | train_loss=1.4617 | val_loss=1.2433 | val_stone_acc=0.530 | val_stone_macro_f1=0.431 | 50s
22:34:27 | INFO |   [finetune] epoch 3/25 | train_loss=1.4594 | val_loss=1.3015 | val_stone_acc=0.485 | val_stone_macro_f1=0.305 | 50s
22:35:17 | INFO |   [finetune] epoch 4/25 | train_loss=1.4311 | val_loss=1.2184 | val_stone_acc=0.530 | val_stone_macro_f1=0.405 | 50s
22:36:07 | INFO |   [finetune] epoch 5/25 | train_loss=1.2844 | val_loss=1.2584 | val_stone_acc=0.470 | val_stone_macro_f1=0.290 | 50s
22:36:57 | INFO |   [finetune] epoch 6/25 | train_loss=1.3287 | val_loss=1.1809 | val_stone_acc=0.515 | val_stone_macro_f1=0.415 | 50s
22:37:47 | INFO |   [finetune] epoch 7/25 | train_loss=1.2530 | val_loss=1.1899 | val_stone_acc=0.515 | val_stone_macro_f1=0.351 | 50s
22:38:37 | INFO |   [finetune] epoch 8/25 | train_loss=1.2061 | val_loss=1.1595 | val_stone_acc=0.485 | val_stone_macro_f1=0.323 | 50s
22:39:26 | INFO |   [finetune] epoch 9/25 | train_loss=1.2037 | val_loss=1.1751 | val_stone_acc=0.545 | val_stone_macro_f1=0.422 | 50s
22:40:16 | INFO |   [finetune] epoch 10/25 | train_loss=1.1879 | val_loss=1.1813 | val_stone_acc=0.530 | val_stone_macro_f1=0.360 | 50s
22:41:06 | INFO |   [finetune] epoch 11/25 | train_loss=1.0920 | val_loss=1.2016 | val_stone_acc=0.515 | val_stone_macro_f1=0.351 | 50s
22:41:55 | INFO |   [finetune] epoch 12/25 | train_loss=1.0492 | val_loss=1.1182 | val_stone_acc=0.561 | val_stone_macro_f1=0.420 | 50s
22:42:45 | INFO |   [finetune] epoch 13/25 | train_loss=1.0513 | val_loss=1.1962 | val_stone_acc=0.561 | val_stone_macro_f1=0.419 | 50s
22:43:34 | INFO |   [finetune] epoch 14/25 | train_loss=1.0220 | val_loss=1.1299 | val_stone_acc=0.561 | val_stone_macro_f1=0.491 | 50s
22:44:24 | INFO |   [finetune] epoch 15/25 | train_loss=1.0480 | val_loss=1.1083 | val_stone_acc=0.545 | val_stone_macro_f1=0.411 | 50s
22:45:14 | INFO |   [finetune] epoch 16/25 | train_loss=0.9831 | val_loss=1.1044 | val_stone_acc=0.606 | val_stone_macro_f1=0.540 | 50s
22:46:03 | INFO |   [finetune] epoch 17/25 | train_loss=0.9987 | val_loss=1.1917 | val_stone_acc=0.545 | val_stone_macro_f1=0.396 | 50s
22:46:53 | INFO |   [finetune] epoch 18/25 | train_loss=0.9870 | val_loss=1.1704 | val_stone_acc=0.576 | val_stone_macro_f1=0.430 | 50s
22:47:43 | INFO |   [finetune] epoch 19/25 | train_loss=0.9501 | val_loss=1.1103 | val_stone_acc=0.576 | val_stone_macro_f1=0.412 | 50s
22:48:32 | INFO |   [finetune] epoch 20/25 | train_loss=0.9095 | val_loss=1.0840 | val_stone_acc=0.606 | val_stone_macro_f1=0.506 | 50s
22:49:22 | INFO |   [finetune] epoch 21/25 | train_loss=0.9243 | val_loss=1.1086 | val_stone_acc=0.606 | val_stone_macro_f1=0.463 | 50s
22:50:12 | INFO |   [finetune] epoch 22/25 | train_loss=0.9002 | val_loss=1.0691 | val_stone_acc=0.606 | val_stone_macro_f1=0.466 | 50s
22:51:01 | INFO |   [finetune] epoch 23/25 | train_loss=0.9024 | val_loss=1.1037 | val_stone_acc=0.606 | val_stone_macro_f1=0.470 | 50s
22:51:51 | INFO |   [finetune] epoch 24/25 | train_loss=1.0150 | val_loss=1.1204 | val_stone_acc=0.606 | val_stone_macro_f1=0.466 | 50s
22:52:41 | INFO |   [finetune] epoch 25/25 | train_loss=0.9024 | val_loss=1.1262 | val_stone_acc=0.636 | val_stone_macro_f1=0.476 | 50s
22:52:41 | INFO | Fold 2 done. best_val_loss=1.0691 | stone_acc=0.606 | stone_macro_f1=0.466
22:52:41 | INFO | === Fold 3 ===
22:52:41 | INFO | Fold 3 — Phase 1: frozen backbone, 5 epochs
22:52:41 | INFO |   Trainable params: 2,565
22:53:31 | INFO |   [frozen] epoch 1/5 | train_loss=1.7648 | val_loss=1.6796 | val_stone_acc=0.415 | val_stone_macro_f1=0.161 | 50s
22:54:21 | INFO |   [frozen] epoch 2/5 | train_loss=1.7248 | val_loss=1.7183 | val_stone_acc=0.154 | val_stone_macro_f1=0.136 | 50s
22:55:10 | INFO |   [frozen] epoch 3/5 | train_loss=1.6932 | val_loss=1.5876 | val_stone_acc=0.477 | val_stone_macro_f1=0.264 | 49s
22:56:00 | INFO |   [frozen] epoch 4/5 | train_loss=1.6382 | val_loss=1.6242 | val_stone_acc=0.415 | val_stone_macro_f1=0.229 | 49s
22:56:49 | INFO |   [frozen] epoch 5/5 | train_loss=1.5766 | val_loss=1.5669 | val_stone_acc=0.415 | val_stone_macro_f1=0.221 | 49s
22:56:49 | INFO | Fold 3 — Phase 2: fine-tune, 25 epochs
22:56:49 | INFO |   Trainable params: 11,179,077
22:57:39 | INFO |   [finetune] epoch 1/25 | train_loss=1.4564 | val_loss=1.6226 | val_stone_acc=0.446 | val_stone_macro_f1=0.213 | 49s
22:58:28 | INFO |   [finetune] epoch 2/25 | train_loss=1.3547 | val_loss=1.5223 | val_stone_acc=0.585 | val_stone_macro_f1=0.445 | 49s
22:59:17 | INFO |   [finetune] epoch 3/25 | train_loss=1.3417 | val_loss=1.5538 | val_stone_acc=0.585 | val_stone_macro_f1=0.310 | 49s
23:00:07 | INFO |   [finetune] epoch 4/25 | train_loss=1.2551 | val_loss=1.5263 | val_stone_acc=0.585 | val_stone_macro_f1=0.417 | 49s
23:00:56 | INFO |   [finetune] epoch 5/25 | train_loss=1.2063 | val_loss=1.5413 | val_stone_acc=0.523 | val_stone_macro_f1=0.365 | 49s
23:01:45 | INFO |   [finetune] epoch 6/25 | train_loss=1.1487 | val_loss=1.5411 | val_stone_acc=0.600 | val_stone_macro_f1=0.418 | 49s
23:02:35 | INFO |   [finetune] epoch 7/25 | train_loss=1.1600 | val_loss=1.5552 | val_stone_acc=0.600 | val_stone_macro_f1=0.430 | 49s
23:03:24 | INFO |   [finetune] epoch 8/25 | train_loss=1.1064 | val_loss=1.5923 | val_stone_acc=0.523 | val_stone_macro_f1=0.361 | 49s
23:04:14 | INFO |   [finetune] epoch 9/25 | train_loss=1.1305 | val_loss=1.6708 | val_stone_acc=0.585 | val_stone_macro_f1=0.398 | 49s
23:04:14 | INFO |   Early stopping (7 epochs without improvement)
23:04:14 | INFO | Fold 3 done. best_val_loss=1.5223 | stone_acc=0.585 | stone_macro_f1=0.445
23:04:14 | INFO | === Fold 4 ===
23:04:14 | INFO | Fold 4 — Phase 1: frozen backbone, 5 epochs
23:04:14 | INFO |   Trainable params: 2,565
23:05:03 | INFO |   [frozen] epoch 1/5 | train_loss=1.9162 | val_loss=1.6052 | val_stone_acc=0.477 | val_stone_macro_f1=0.226 | 49s
23:05:53 | INFO |   [frozen] epoch 2/5 | train_loss=1.7376 | val_loss=1.5425 | val_stone_acc=0.538 | val_stone_macro_f1=0.290 | 49s
23:06:42 | INFO |   [frozen] epoch 3/5 | train_loss=1.6150 | val_loss=1.5309 | val_stone_acc=0.477 | val_stone_macro_f1=0.276 | 49s
23:07:31 | INFO |   [frozen] epoch 4/5 | train_loss=1.5738 | val_loss=1.5020 | val_stone_acc=0.431 | val_stone_macro_f1=0.295 | 49s
23:08:20 | INFO |   [frozen] epoch 5/5 | train_loss=1.5181 | val_loss=1.5176 | val_stone_acc=0.538 | val_stone_macro_f1=0.332 | 49s
23:08:20 | INFO | Fold 4 — Phase 2: fine-tune, 25 epochs
23:08:20 | INFO |   Trainable params: 11,179,077
23:09:09 | INFO |   [finetune] epoch 1/25 | train_loss=1.4459 | val_loss=1.5128 | val_stone_acc=0.554 | val_stone_macro_f1=0.253 | 49s
23:09:59 | INFO |   [finetune] epoch 2/25 | train_loss=1.4045 | val_loss=1.4496 | val_stone_acc=0.569 | val_stone_macro_f1=0.452 | 49s
23:10:48 | INFO |   [finetune] epoch 3/25 | train_loss=1.3431 | val_loss=1.5145 | val_stone_acc=0.523 | val_stone_macro_f1=0.330 | 49s
23:11:37 | INFO |   [finetune] epoch 4/25 | train_loss=1.3448 | val_loss=1.4602 | val_stone_acc=0.523 | val_stone_macro_f1=0.348 | 49s
23:12:26 | INFO |   [finetune] epoch 5/25 | train_loss=1.2404 | val_loss=1.4737 | val_stone_acc=0.585 | val_stone_macro_f1=0.344 | 49s
23:13:14 | INFO |   [finetune] epoch 6/25 | train_loss=1.1952 | val_loss=1.4603 | val_stone_acc=0.569 | val_stone_macro_f1=0.382 | 49s
23:14:04 | INFO |   [finetune] epoch 7/25 | train_loss=1.1500 | val_loss=1.4631 | val_stone_acc=0.600 | val_stone_macro_f1=0.372 | 49s
23:14:53 | INFO |   [finetune] epoch 8/25 | train_loss=1.1282 | val_loss=1.4310 | val_stone_acc=0.554 | val_stone_macro_f1=0.336 | 50s
23:15:43 | INFO |   [finetune] epoch 9/25 | train_loss=1.1235 | val_loss=1.4677 | val_stone_acc=0.600 | val_stone_macro_f1=0.375 | 50s
23:16:32 | INFO |   [finetune] epoch 10/25 | train_loss=1.1094 | val_loss=1.4360 | val_stone_acc=0.600 | val_stone_macro_f1=0.402 | 50s
23:17:22 | INFO |   [finetune] epoch 11/25 | train_loss=1.0327 | val_loss=1.4514 | val_stone_acc=0.569 | val_stone_macro_f1=0.376 | 50s
23:18:12 | INFO |   [finetune] epoch 12/25 | train_loss=1.0804 | val_loss=1.4712 | val_stone_acc=0.600 | val_stone_macro_f1=0.414 | 50s
23:19:02 | INFO |   [finetune] epoch 13/25 | train_loss=1.0327 | val_loss=1.4357 | val_stone_acc=0.615 | val_stone_macro_f1=0.421 | 50s
23:19:52 | INFO |   [finetune] epoch 14/25 | train_loss=1.0736 | val_loss=1.3905 | val_stone_acc=0.600 | val_stone_macro_f1=0.414 | 50s
23:20:42 | INFO |   [finetune] epoch 15/25 | train_loss=0.9653 | val_loss=1.4051 | val_stone_acc=0.631 | val_stone_macro_f1=0.450 | 50s
23:21:32 | INFO |   [finetune] epoch 16/25 | train_loss=0.9357 | val_loss=1.4388 | val_stone_acc=0.631 | val_stone_macro_f1=0.449 | 50s
23:22:21 | INFO |   [finetune] epoch 17/25 | train_loss=0.9085 | val_loss=1.3916 | val_stone_acc=0.615 | val_stone_macro_f1=0.415 | 50s
23:23:11 | INFO |   [finetune] epoch 18/25 | train_loss=0.9221 | val_loss=1.4520 | val_stone_acc=0.615 | val_stone_macro_f1=0.422 | 50s
23:24:00 | INFO |   [finetune] epoch 19/25 | train_loss=0.8656 | val_loss=1.4574 | val_stone_acc=0.646 | val_stone_macro_f1=0.460 | 50s
23:24:50 | INFO |   [finetune] epoch 20/25 | train_loss=0.8111 | val_loss=1.3986 | val_stone_acc=0.615 | val_stone_macro_f1=0.443 | 50s
23:25:40 | INFO |   [finetune] epoch 21/25 | train_loss=0.8266 | val_loss=1.4261 | val_stone_acc=0.631 | val_stone_macro_f1=0.449 | 50s
23:25:40 | INFO |   Early stopping (7 epochs without improvement)
23:25:40 | INFO | Fold 4 done. best_val_loss=1.3905 | stone_acc=0.600 | stone_macro_f1=0.414
23:25:40 | INFO | Cross-fold results:
23:25:40 | INFO |   best_stone_accuracy: 0.604 ± 0.020
23:25:40 | INFO |   best_stone_macro_f1: 0.474 ± 0.064
23:25:40 | INFO | === Held-out test set evaluation ===
23:25:57 | INFO |   Fold 0 test: stone_acc=0.537 | stone_macro_f1=0.472
23:26:15 | INFO |   Fold 1 test: stone_acc=0.549 | stone_macro_f1=0.433
23:26:32 | INFO |   Fold 2 test: stone_acc=0.610 | stone_macro_f1=0.484
23:26:49 | INFO |   Fold 3 test: stone_acc=0.451 | stone_macro_f1=0.327
23:27:06 | INFO |   Fold 4 test: stone_acc=0.524 | stone_macro_f1=0.431
23:27:06 | INFO | Test set summary (mean ± std across folds):
23:27:06 | INFO |   stone_accuracy: 0.534 ± 0.057
23:27:06 | INFO |   stone_macro_f1: 0.429 ± 0.062
23:27:12 | INFO | Device: cuda
23:27:12 | INFO | cuDNN benchmark enabled
23:27:14 | INFO | Skipped 21 rows with no composition data
23:27:14 | WARNING | Skipped 2 rows whose image files are missing
23:27:14 | INFO | Built 1240 multiclass samples from 414 stones. Primary component distribution: CaOx=603, CaP=356, UA=117, MAP=36, CYS=116, OTH=12
23:27:14 | INFO | Excluded classes ['OTH'] → 5 classes remaining, 410 stones
23:27:14 | INFO | Classes (5): ['CaOx', 'CaP', 'UA', 'MAP', 'CYS']
23:27:14 | INFO | Test holdout: 82 stones (40 pure / 42 mixed, 246 images). Train+val pool: 328 stones (982 images).
23:27:14 | INFO | --random-labels: stone-level labels have been shuffled (baseline mode)
23:27:14 | INFO |   Fold 0: train=262 stones (129 pure / 133 mixed, 785 images), val=66 stones (32 pure / 34 mixed, 197 images)
23:27:14 | INFO |   Fold 1: train=262 stones (128 pure / 134 mixed, 784 images), val=66 stones (33 pure / 33 mixed, 198 images)
23:27:14 | INFO |   Fold 2: train=262 stones (129 pure / 133 mixed, 785 images), val=66 stones (32 pure / 34 mixed, 197 images)
23:27:14 | INFO |   Fold 3: train=263 stones (129 pure / 134 mixed, 787 images), val=65 stones (32 pure / 33 mixed, 195 images)
23:27:14 | INFO |   Fold 4: train=263 stones (129 pure / 134 mixed, 787 images), val=65 stones (32 pure / 33 mixed, 195 images)
23:27:14 | INFO | === Fold 0 ===
23:27:15 | INFO | Fold 0 — Phase 1: frozen backbone, 5 epochs
23:27:15 | INFO |   Trainable params: 2,565
23:28:05 | INFO |   [frozen] epoch 1/5 | train_loss=1.8674 | val_loss=1.8047 | val_stone_acc=0.212 | val_stone_macro_f1=0.072 | 51s
23:28:56 | INFO |   [frozen] epoch 2/5 | train_loss=1.8146 | val_loss=1.6701 | val_stone_acc=0.288 | val_stone_macro_f1=0.160 | 50s
23:29:47 | INFO |   [frozen] epoch 3/5 | train_loss=1.8153 | val_loss=1.7030 | val_stone_acc=0.076 | val_stone_macro_f1=0.070 | 51s
23:30:37 | INFO |   [frozen] epoch 4/5 | train_loss=1.7851 | val_loss=1.6671 | val_stone_acc=0.303 | val_stone_macro_f1=0.213 | 51s
23:31:28 | INFO |   [frozen] epoch 5/5 | train_loss=1.6896 | val_loss=1.6758 | val_stone_acc=0.091 | val_stone_macro_f1=0.086 | 51s
23:31:28 | INFO | Fold 0 — Phase 2: fine-tune, 25 epochs
23:31:28 | INFO |   Trainable params: 11,179,077
23:32:18 | INFO |   [finetune] epoch 1/25 | train_loss=1.7519 | val_loss=1.6951 | val_stone_acc=0.379 | val_stone_macro_f1=0.145 | 50s
23:33:09 | INFO |   [finetune] epoch 2/25 | train_loss=1.6957 | val_loss=1.7023 | val_stone_acc=0.091 | val_stone_macro_f1=0.069 | 50s
23:33:59 | INFO |   [finetune] epoch 3/25 | train_loss=1.6041 | val_loss=1.7120 | val_stone_acc=0.273 | val_stone_macro_f1=0.207 | 50s
23:34:49 | INFO |   [finetune] epoch 4/25 | train_loss=1.6604 | val_loss=1.6707 | val_stone_acc=0.197 | val_stone_macro_f1=0.149 | 50s
23:35:40 | INFO |   [finetune] epoch 5/25 | train_loss=1.5359 | val_loss=1.6570 | val_stone_acc=0.424 | val_stone_macro_f1=0.235 | 51s
23:36:31 | INFO |   [finetune] epoch 6/25 | train_loss=1.5221 | val_loss=1.6721 | val_stone_acc=0.212 | val_stone_macro_f1=0.195 | 51s
23:37:21 | INFO |   [finetune] epoch 7/25 | train_loss=1.5310 | val_loss=1.6812 | val_stone_acc=0.197 | val_stone_macro_f1=0.184 | 51s
23:38:12 | INFO |   [finetune] epoch 8/25 | train_loss=1.4684 | val_loss=1.6655 | val_stone_acc=0.273 | val_stone_macro_f1=0.180 | 51s
23:39:03 | INFO |   [finetune] epoch 9/25 | train_loss=1.4420 | val_loss=1.7325 | val_stone_acc=0.091 | val_stone_macro_f1=0.110 | 51s
23:39:53 | INFO |   [finetune] epoch 10/25 | train_loss=1.4882 | val_loss=1.7034 | val_stone_acc=0.303 | val_stone_macro_f1=0.219 | 51s
23:40:44 | INFO |   [finetune] epoch 11/25 | train_loss=1.4177 | val_loss=1.6913 | val_stone_acc=0.167 | val_stone_macro_f1=0.170 | 51s
23:41:35 | INFO |   [finetune] epoch 12/25 | train_loss=1.3694 | val_loss=1.6994 | val_stone_acc=0.318 | val_stone_macro_f1=0.227 | 51s
23:41:35 | INFO |   Early stopping (7 epochs without improvement)
23:41:35 | INFO | Fold 0 done. best_val_loss=1.6570 | stone_acc=0.424 | stone_macro_f1=0.235
23:41:35 | INFO | === Fold 1 ===
23:41:35 | INFO | Fold 1 — Phase 1: frozen backbone, 5 epochs
23:41:35 | INFO |   Trainable params: 2,565
23:42:25 | INFO |   [frozen] epoch 1/5 | train_loss=1.7905 | val_loss=1.6576 | val_stone_acc=0.197 | val_stone_macro_f1=0.129 | 50s
23:43:15 | INFO |   [frozen] epoch 2/5 | train_loss=1.7478 | val_loss=1.6328 | val_stone_acc=0.258 | val_stone_macro_f1=0.138 | 50s
23:44:05 | INFO |   [frozen] epoch 3/5 | train_loss=1.6746 | val_loss=1.6504 | val_stone_acc=0.242 | val_stone_macro_f1=0.175 | 50s
23:44:55 | INFO |   [frozen] epoch 4/5 | train_loss=1.7825 | val_loss=1.6462 | val_stone_acc=0.227 | val_stone_macro_f1=0.175 | 50s
23:45:45 | INFO |   [frozen] epoch 5/5 | train_loss=1.6457 | val_loss=1.6579 | val_stone_acc=0.182 | val_stone_macro_f1=0.171 | 50s
23:45:45 | INFO | Fold 1 — Phase 2: fine-tune, 25 epochs
23:45:45 | INFO |   Trainable params: 11,179,077
23:46:35 | INFO |   [finetune] epoch 1/25 | train_loss=1.7014 | val_loss=1.5805 | val_stone_acc=0.318 | val_stone_macro_f1=0.257 | 50s
23:47:26 | INFO |   [finetune] epoch 2/25 | train_loss=1.6092 | val_loss=1.6037 | val_stone_acc=0.227 | val_stone_macro_f1=0.174 | 50s
23:48:16 | INFO |   [finetune] epoch 3/25 | train_loss=1.5974 | val_loss=1.5976 | val_stone_acc=0.212 | val_stone_macro_f1=0.168 | 50s
23:49:05 | INFO |   [finetune] epoch 4/25 | train_loss=1.5433 | val_loss=1.6602 | val_stone_acc=0.197 | val_stone_macro_f1=0.152 | 50s
23:49:55 | INFO |   [finetune] epoch 5/25 | train_loss=1.5111 | val_loss=1.7021 | val_stone_acc=0.197 | val_stone_macro_f1=0.115 | 50s
23:50:45 | INFO |   [finetune] epoch 6/25 | train_loss=1.5722 | val_loss=1.6913 | val_stone_acc=0.121 | val_stone_macro_f1=0.113 | 50s
23:51:35 | INFO |   [finetune] epoch 7/25 | train_loss=1.5368 | val_loss=1.6228 | val_stone_acc=0.258 | val_stone_macro_f1=0.200 | 50s
23:52:25 | INFO |   [finetune] epoch 8/25 | train_loss=1.4917 | val_loss=1.6128 | val_stone_acc=0.182 | val_stone_macro_f1=0.152 | 50s
23:52:25 | INFO |   Early stopping (7 epochs without improvement)
23:52:25 | INFO | Fold 1 done. best_val_loss=1.5805 | stone_acc=0.318 | stone_macro_f1=0.257
23:52:25 | INFO | === Fold 2 ===
23:52:26 | INFO | Fold 2 — Phase 1: frozen backbone, 5 epochs
23:52:26 | INFO |   Trainable params: 2,565
23:53:16 | INFO |   [frozen] epoch 1/5 | train_loss=1.8956 | val_loss=1.5977 | val_stone_acc=0.076 | val_stone_macro_f1=0.046 | 50s
23:54:06 | INFO |   [frozen] epoch 2/5 | train_loss=1.7561 | val_loss=1.6734 | val_stone_acc=0.333 | val_stone_macro_f1=0.210 | 50s
23:54:56 | INFO |   [frozen] epoch 3/5 | train_loss=1.6952 | val_loss=1.7042 | val_stone_acc=0.212 | val_stone_macro_f1=0.167 | 50s
23:55:46 | INFO |   [frozen] epoch 4/5 | train_loss=1.7739 | val_loss=1.6853 | val_stone_acc=0.273 | val_stone_macro_f1=0.204 | 50s
23:56:35 | INFO |   [frozen] epoch 5/5 | train_loss=1.6809 | val_loss=1.6966 | val_stone_acc=0.303 | val_stone_macro_f1=0.241 | 50s
23:56:35 | INFO | Fold 2 — Phase 2: fine-tune, 25 epochs
23:56:35 | INFO |   Trainable params: 11,179,077
23:57:25 | INFO |   [finetune] epoch 1/25 | train_loss=1.7001 | val_loss=1.6966 | val_stone_acc=0.182 | val_stone_macro_f1=0.171 | 50s
23:58:15 | INFO |   [finetune] epoch 2/25 | train_loss=1.6129 | val_loss=1.8609 | val_stone_acc=0.318 | val_stone_macro_f1=0.211 | 50s
23:59:05 | INFO |   [finetune] epoch 3/25 | train_loss=1.6116 | val_loss=1.7863 | val_stone_acc=0.182 | val_stone_macro_f1=0.178 | 50s
23:59:55 | INFO |   [finetune] epoch 4/25 | train_loss=1.5824 | val_loss=1.8170 | val_stone_acc=0.242 | val_stone_macro_f1=0.240 | 50s
00:00:45 | INFO |   [finetune] epoch 5/25 | train_loss=1.4761 | val_loss=1.8957 | val_stone_acc=0.242 | val_stone_macro_f1=0.225 | 50s
00:01:35 | INFO |   [finetune] epoch 6/25 | train_loss=1.4827 | val_loss=1.9082 | val_stone_acc=0.242 | val_stone_macro_f1=0.226 | 50s
00:02:25 | INFO |   [finetune] epoch 7/25 | train_loss=1.4656 | val_loss=1.9016 | val_stone_acc=0.258 | val_stone_macro_f1=0.242 | 50s
00:03:14 | INFO |   [finetune] epoch 8/25 | train_loss=1.4401 | val_loss=2.0111 | val_stone_acc=0.258 | val_stone_macro_f1=0.240 | 50s
00:03:14 | INFO |   Early stopping (7 epochs without improvement)
00:03:14 | INFO | Fold 2 done. best_val_loss=1.6966 | stone_acc=0.182 | stone_macro_f1=0.171
00:03:14 | INFO | === Fold 3 ===
00:03:15 | INFO | Fold 3 — Phase 1: frozen backbone, 5 epochs
00:03:15 | INFO |   Trainable params: 2,565
00:04:05 | INFO |   [frozen] epoch 1/5 | train_loss=1.7633 | val_loss=1.5863 | val_stone_acc=0.308 | val_stone_macro_f1=0.163 | 50s
00:04:55 | INFO |   [frozen] epoch 2/5 | train_loss=1.7279 | val_loss=1.6652 | val_stone_acc=0.200 | val_stone_macro_f1=0.156 | 50s
00:05:45 | INFO |   [frozen] epoch 3/5 | train_loss=1.7203 | val_loss=1.7180 | val_stone_acc=0.185 | val_stone_macro_f1=0.121 | 50s
00:06:34 | INFO |   [frozen] epoch 4/5 | train_loss=1.6962 | val_loss=1.7466 | val_stone_acc=0.154 | val_stone_macro_f1=0.112 | 50s
00:07:24 | INFO |   [frozen] epoch 5/5 | train_loss=1.6630 | val_loss=1.7418 | val_stone_acc=0.200 | val_stone_macro_f1=0.133 | 50s
00:07:24 | INFO | Fold 3 — Phase 2: fine-tune, 25 epochs
00:07:24 | INFO |   Trainable params: 11,179,077
00:08:13 | INFO |   [finetune] epoch 1/25 | train_loss=1.6397 | val_loss=1.7849 | val_stone_acc=0.231 | val_stone_macro_f1=0.143 | 50s
00:09:03 | INFO |   [finetune] epoch 2/25 | train_loss=1.5769 | val_loss=1.8249 | val_stone_acc=0.138 | val_stone_macro_f1=0.087 | 50s
00:09:53 | INFO |   [finetune] epoch 3/25 | train_loss=1.6343 | val_loss=1.8385 | val_stone_acc=0.169 | val_stone_macro_f1=0.103 | 50s
00:10:42 | INFO |   [finetune] epoch 4/25 | train_loss=1.4924 | val_loss=1.7872 | val_stone_acc=0.231 | val_stone_macro_f1=0.123 | 49s
00:11:31 | INFO |   [finetune] epoch 5/25 | train_loss=1.5141 | val_loss=1.8055 | val_stone_acc=0.385 | val_stone_macro_f1=0.145 | 50s
00:12:21 | INFO |   [finetune] epoch 6/25 | train_loss=1.4671 | val_loss=1.8541 | val_stone_acc=0.108 | val_stone_macro_f1=0.080 | 50s
00:13:11 | INFO |   [finetune] epoch 7/25 | train_loss=1.4356 | val_loss=1.8477 | val_stone_acc=0.323 | val_stone_macro_f1=0.145 | 50s
00:14:01 | INFO |   [finetune] epoch 8/25 | train_loss=1.3996 | val_loss=1.8999 | val_stone_acc=0.154 | val_stone_macro_f1=0.102 | 50s
00:14:01 | INFO |   Early stopping (7 epochs without improvement)
00:14:01 | INFO | Fold 3 done. best_val_loss=1.7849 | stone_acc=0.231 | stone_macro_f1=0.143
00:14:01 | INFO | === Fold 4 ===
00:14:01 | INFO | Fold 4 — Phase 1: frozen backbone, 5 epochs
00:14:01 | INFO |   Trainable params: 2,565
00:14:51 | INFO |   [frozen] epoch 1/5 | train_loss=1.8123 | val_loss=1.6624 | val_stone_acc=0.062 | val_stone_macro_f1=0.046 | 50s
00:15:41 | INFO |   [frozen] epoch 2/5 | train_loss=1.7874 | val_loss=1.6540 | val_stone_acc=0.308 | val_stone_macro_f1=0.115 | 50s
00:16:30 | INFO |   [frozen] epoch 3/5 | train_loss=1.7715 | val_loss=1.5678 | val_stone_acc=0.277 | val_stone_macro_f1=0.199 | 50s
00:17:20 | INFO |   [frozen] epoch 4/5 | train_loss=1.7186 | val_loss=1.5658 | val_stone_acc=0.323 | val_stone_macro_f1=0.232 | 49s
00:18:09 | INFO |   [frozen] epoch 5/5 | train_loss=1.6327 | val_loss=1.5562 | val_stone_acc=0.292 | val_stone_macro_f1=0.232 | 49s
00:18:09 | INFO | Fold 4 — Phase 2: fine-tune, 25 epochs
00:18:09 | INFO |   Trainable params: 11,179,077
00:18:59 | INFO |   [finetune] epoch 1/25 | train_loss=1.6708 | val_loss=1.5919 | val_stone_acc=0.277 | val_stone_macro_f1=0.182 | 50s
00:19:49 | INFO |   [finetune] epoch 2/25 | train_loss=1.7393 | val_loss=1.6486 | val_stone_acc=0.185 | val_stone_macro_f1=0.127 | 50s
00:20:38 | INFO |   [finetune] epoch 3/25 | train_loss=1.6706 | val_loss=1.5994 | val_stone_acc=0.292 | val_stone_macro_f1=0.186 | 50s
00:21:28 | INFO |   [finetune] epoch 4/25 | train_loss=1.6113 | val_loss=1.5984 | val_stone_acc=0.262 | val_stone_macro_f1=0.177 | 50s
00:22:17 | INFO |   [finetune] epoch 5/25 | train_loss=1.5545 | val_loss=1.5875 | val_stone_acc=0.323 | val_stone_macro_f1=0.187 | 50s
00:23:07 | INFO |   [finetune] epoch 6/25 | train_loss=1.5727 | val_loss=1.6133 | val_stone_acc=0.185 | val_stone_macro_f1=0.145 | 49s
00:23:57 | INFO |   [finetune] epoch 7/25 | train_loss=1.5339 | val_loss=1.5888 | val_stone_acc=0.400 | val_stone_macro_f1=0.208 | 50s
00:24:46 | INFO |   [finetune] epoch 8/25 | train_loss=1.5426 | val_loss=1.6270 | val_stone_acc=0.169 | val_stone_macro_f1=0.165 | 49s
00:25:36 | INFO |   [finetune] epoch 9/25 | train_loss=1.4572 | val_loss=1.6539 | val_stone_acc=0.277 | val_stone_macro_f1=0.179 | 50s
00:26:25 | INFO |   [finetune] epoch 10/25 | train_loss=1.4366 | val_loss=1.6247 | val_stone_acc=0.246 | val_stone_macro_f1=0.158 | 49s
00:27:15 | INFO |   [finetune] epoch 11/25 | train_loss=1.4998 | val_loss=1.6558 | val_stone_acc=0.292 | val_stone_macro_f1=0.222 | 50s
00:28:04 | INFO |   [finetune] epoch 12/25 | train_loss=1.4043 | val_loss=1.5997 | val_stone_acc=0.231 | val_stone_macro_f1=0.161 | 49s
00:28:04 | INFO |   Early stopping (7 epochs without improvement)
00:28:04 | INFO | Fold 4 done. best_val_loss=1.5875 | stone_acc=0.323 | stone_macro_f1=0.187
00:28:04 | INFO | Cross-fold results:
00:28:04 | INFO |   best_stone_accuracy: 0.296 ± 0.093
00:28:04 | INFO |   best_stone_macro_f1: 0.198 ± 0.047
00:28:04 | INFO | === Held-out test set evaluation ===
00:28:21 | INFO |   Fold 0 test: stone_acc=0.256 | stone_macro_f1=0.162
00:28:38 | INFO |   Fold 1 test: stone_acc=0.244 | stone_macro_f1=0.187
00:28:55 | INFO |   Fold 2 test: stone_acc=0.146 | stone_macro_f1=0.111
00:29:12 | INFO |   Fold 3 test: stone_acc=0.293 | stone_macro_f1=0.206
00:29:28 | INFO |   Fold 4 test: stone_acc=0.305 | stone_macro_f1=0.169
00:29:28 | INFO | Test set summary (mean ± std across folds):
00:29:28 | INFO |   stone_accuracy: 0.249 ± 0.063
00:29:28 | INFO |   stone_macro_f1: 0.167 ± 0.035
